#
# There is insufficient memory for the Java Runtime Environment to continue.
# Native memory allocation (malloc) failed to allocate 1048576 bytes. Error detail: AllocateHeap
# Possible reasons:
#   The system is out of physical RAM or swap space
#   This process is running with CompressedOops enabled, and the Java Heap may be blocking the growth of the native heap
# Possible solutions:
#   Reduce memory load on the system
#   Increase physical memory or swap space
#   Check if swap backing store is full
#   Decrease Java heap size (-Xmx/-Xms)
#   Decrease number of Java threads
#   Decrease Java thread stack sizes (-Xss)
#   Set larger code cache with -XX:ReservedCodeCacheSize=
#   JVM is running with Zero Based Compressed Oops mode in which the Java heap is
#     placed in the first 32GB address space. The Java Heap base address is the
#     maximum limit for the native heap growth. Please use -XX:HeapBaseMinAddress
#     to set the Java Heap base and to place the Java Heap above 32GB virtual address.
# This output file may be truncated or incomplete.
#
#  Out of Memory Error (allocation.cpp:44), pid=26196, tid=13684
#
# JRE version: OpenJDK Runtime Environment Temurin-21.0.12.1+1 (21.0.12.1+1) (build 21.0.12.1+1-LTS)
# Java VM: OpenJDK 64-Bit Server VM Temurin-21.0.12.1+1 (21.0.12.1+1-LTS, mixed mode, sharing, tiered, compressed oops, compressed class ptrs, parallel gc, windows-amd64)
# No core dump will be written. Minidumps are not enabled by default on client versions of Windows
#

---------------  S U M M A R Y ------------

Command Line: --add-modules=ALL-SYSTEM --add-opens=java.base/java.util=ALL-UNNAMED --add-opens=java.base/java.lang=ALL-UNNAMED --add-opens=java.base/sun.nio.fs=ALL-UNNAMED -Declipse.application=org.eclipse.jdt.ls.core.id1 -Dosgi.bundles.defaultStartLevel=4 -Declipse.product=org.eclipse.jdt.ls.core.product -Djava.import.generatesMetadataFilesAtProjectRoot=false -Dm2e.project.cache.size=50 -DDetectVMInstallationsJob.disabled=true -Dfile.encoding=utf8 -XX:+UseParallelGC -XX:GCTimeRatio=4 -XX:AdaptiveSizePolicyWeight=90 -Dsun.zip.disableMemoryMapping=true -Xmx8G -Xms100m -Xlog:disable -javaagent:c:\Users\YUSHAN\.vscode\extensions\redhat.java-1.56.0-win32-x64\lombok\lombok-1.18.39-4050.jar -XX:+HeapDumpOnOutOfMemoryError -XX:HeapDumpPath=c:\Users\YUSHAN\AppData\Roaming\Code\User\workspaceStorage\fa44f8be53a956b010306273356c24f5\redhat.java -Daether.dependencyCollector.impl=bf c:\Users\YUSHAN\.vscode\extensions\redhat.java-1.56.0-win32-x64\server\plugins\org.eclipse.equinox.launcher_1.8.0.v20260804-1928.jar -configuration c:\Users\YUSHAN\AppData\Roaming\Code\User\globalStorage\redhat.java\1.56.0\config_win -data c:\Users\YUSHAN\AppData\Roaming\Code\User\workspaceStorage\fa44f8be53a956b010306273356c24f5\redhat.java\jdt_ws --pipe=\\.\pipe\lsp-e7fefcf59b50ef7eeb1bebc8407d2539-sock

Host: Intel(R) Core(TM) i5-8265U CPU @ 1.60GHz, 8 cores, 3G,  Windows 11 , 64 bit Build 26100 (10.0.26100.8875)
Time: Thu Sep 10 10:45:44 2026 elapsed time: 455.654065 seconds (0d 0h 7m 35s)

---------------  T H R E A D  ---------------

Current thread (0x0000019e767323c0):  JavaThread "Attach Listener" daemon [_thread_in_vm, id=13684, stack(0x00000083eb800000,0x00000083eb900000) (1024K)]

Stack: [0x00000083eb800000,0x00000083eb900000]
Native frames: (J=compiled Java code, j=interpreted, Vv=VM code, C=native code)
V  [jvm.dll+0x6d83e9]
V  [jvm.dll+0x8b5736]
V  [jvm.dll+0x8b7cee]
V  [jvm.dll+0x8b83d3]
V  [jvm.dll+0x284596]
V  [jvm.dll+0xc13c7]
V  [jvm.dll+0x6d8c99]
V  [jvm.dll+0x133616]
V  [jvm.dll+0x3f8aae]
V  [jvm.dll+0x8600cd]
V  [jvm.dll+0x6d6c1d]
C  [ucrtbase.dll+0x2cd30]
C  [KERNEL32.DLL+0x2e957]
C  [ntdll.dll+0xaad6c]


---------------  P R O C E S S  ---------------

Threads class SMR info:
_java_thread_list=0x0000019e646084f0, length=41, elements={
0x0000019e74776be0, 0x0000019e76c7e520, 0x0000019e7672ea60, 0x0000019e76731960,
0x0000019e767323c0, 0x0000019e76732e20, 0x0000019e76733880, 0x0000019e767386f0,
0x0000019e7673fe20, 0x0000019e7e0bad40, 0x0000019e7e1eb640, 0x0000019e7e3fec10,
0x0000019e7e5b6c60, 0x0000019e7e5b72f0, 0x0000019e7e5b5f40, 0x0000019e7e5b8010,
0x0000019e7e5b86a0, 0x0000019e7e5b8d30, 0x0000019e7eeeedc0, 0x0000019e7eeeda10,
0x0000019e7eeee730, 0x0000019e7eeebfd0, 0x0000019e7eeeccf0, 0x0000019e7eeefae0,
0x0000019e7eeec660, 0x0000019e7eef1520, 0x0000019e7eef2240, 0x0000019e7eef2f60,
0x0000019e7eef1bb0, 0x0000019e7eef35f0, 0x0000019e7eef0170, 0x0000019e7eef28d0,
0x0000019e7eef0800, 0x0000019e7e5b7980, 0x0000019e7eeee0a0, 0x0000019e64b2b810,
0x0000019e64b29740, 0x0000019e64b29dd0, 0x0000019e64b2a460, 0x0000019e64b2aaf0,
0x0000019e64b2b180
}

Java Threads: ( => current thread )
  0x0000019e74776be0 JavaThread "main"                              [_thread_blocked, id=25584, stack(0x00000083eb100000,0x00000083eb200000) (1024K)]
  0x0000019e76c7e520 JavaThread "Reference Handler"          daemon [_thread_blocked, id=11676, stack(0x00000083eb500000,0x00000083eb600000) (1024K)]
  0x0000019e7672ea60 JavaThread "Finalizer"                  daemon [_thread_blocked, id=25680, stack(0x00000083eb600000,0x00000083eb700000) (1024K)]
  0x0000019e76731960 JavaThread "Signal Dispatcher"          daemon [_thread_blocked, id=24628, stack(0x00000083eb700000,0x00000083eb800000) (1024K)]
=>0x0000019e767323c0 JavaThread "Attach Listener"            daemon [_thread_in_vm, id=13684, stack(0x00000083eb800000,0x00000083eb900000) (1024K)]
  0x0000019e76732e20 JavaThread "Service Thread"             daemon [_thread_blocked, id=27620, stack(0x00000083eb900000,0x00000083eba00000) (1024K)]
  0x0000019e76733880 JavaThread "Monitor Deflation Thread"   daemon [_thread_blocked, id=17288, stack(0x00000083eba00000,0x00000083ebb00000) (1024K)]
  0x0000019e767386f0 JavaThread "C2 CompilerThread0"         daemon [_thread_blocked, id=26012, stack(0x00000083ebb00000,0x00000083ebc00000) (1024K)]
  0x0000019e7673fe20 JavaThread "C1 CompilerThread0"         daemon [_thread_blocked, id=24268, stack(0x00000083ebc00000,0x00000083ebd00000) (1024K)]
  0x0000019e7e0bad40 JavaThread "Common-Cleaner"             daemon [_thread_blocked, id=24820, stack(0x00000083ebd00000,0x00000083ebe00000) (1024K)]
  0x0000019e7e1eb640 JavaThread "Notification Thread"        daemon [_thread_blocked, id=6320, stack(0x00000083ebe00000,0x00000083ebf00000) (1024K)]
  0x0000019e7e3fec10 JavaThread "Active Thread: Equinox Container: 8b427b94-c0c3-4661-82a1-a50f79a4f869"        [_thread_blocked, id=13544, stack(0x00000083ecb00000,0x00000083ecc00000) (1024K)]
  0x0000019e7e5b6c60 JavaThread "Framework Event Dispatcher: Equinox Container: 8b427b94-c0c3-4661-82a1-a50f79a4f869" daemon [_thread_blocked, id=17784, stack(0x00000083ec500000,0x00000083ec600000) (1024K)]
  0x0000019e7e5b72f0 JavaThread "Start Level: Equinox Container: 8b427b94-c0c3-4661-82a1-a50f79a4f869" daemon [_thread_blocked, id=1204, stack(0x00000083ec600000,0x00000083ec700000) (1024K)]
  0x0000019e7e5b5f40 JavaThread "Bundle File Closer"         daemon [_thread_blocked, id=27824, stack(0x00000083ec700000,0x00000083ec800000) (1024K)]
  0x0000019e7e5b8010 JavaThread "Refresh Thread: Equinox Container: 8b427b94-c0c3-4661-82a1-a50f79a4f869" daemon [_thread_blocked, id=26968, stack(0x00000083ec800000,0x00000083ec900000) (1024K)]
  0x0000019e7e5b86a0 JavaThread "SCR Component Actor"        daemon [_thread_blocked, id=10068, stack(0x00000083ec900000,0x00000083eca00000) (1024K)]
  0x0000019e7e5b8d30 JavaThread "Worker-JM"                         [_thread_blocked, id=22996, stack(0x00000083eca00000,0x00000083ecb00000) (1024K)]
  0x0000019e7eeeedc0 JavaThread "Worker-3"                          [_thread_blocked, id=5888, stack(0x00000083ed000000,0x00000083ed100000) (1024K)]
  0x0000019e7eeeda10 JavaThread "Java indexing"              daemon [_thread_blocked, id=23116, stack(0x00000083ed100000,0x00000083ed200000) (1024K)]
  0x0000019e7eeee730 JavaThread "JNA Cleaner"                daemon [_thread_blocked, id=12860, stack(0x00000083ed200000,0x00000083ed300000) (1024K)]
  0x0000019e7eeebfd0 JavaThread "Thread-1"                   daemon [_thread_in_native, id=14176, stack(0x00000083ed700000,0x00000083ed800000) (1024K)]
  0x0000019e7eeeccf0 JavaThread "Thread-2"                   daemon [_thread_in_native, id=20192, stack(0x00000083ed800000,0x00000083ed900000) (1024K)]
  0x0000019e7eeefae0 JavaThread "Thread-3"                   daemon [_thread_in_native, id=15420, stack(0x00000083ed900000,0x00000083eda00000) (1024K)]
  0x0000019e7eeec660 JavaThread "Thread-4"                   daemon [_thread_in_native, id=16100, stack(0x00000083eda00000,0x00000083edb00000) (1024K)]
  0x0000019e7eef1520 JavaThread "Thread-5"                   daemon [_thread_in_native, id=3628, stack(0x00000083edb00000,0x00000083edc00000) (1024K)]
  0x0000019e7eef2240 JavaThread "Thread-6"                   daemon [_thread_in_native, id=11708, stack(0x00000083edc00000,0x00000083edd00000) (1024K)]
  0x0000019e7eef2f60 JavaThread "Thread-7"                   daemon [_thread_in_native, id=26440, stack(0x00000083edd00000,0x00000083ede00000) (1024K)]
  0x0000019e7eef1bb0 JavaThread "Thread-8"                   daemon [_thread_in_native, id=21104, stack(0x00000083ede00000,0x00000083edf00000) (1024K)]
  0x0000019e7eef35f0 JavaThread "Thread-9"                   daemon [_thread_in_native, id=7208, stack(0x00000083edf00000,0x00000083ee000000) (1024K)]
  0x0000019e7eef0170 JavaThread "pool-2-thread-1"                   [_thread_blocked, id=10384, stack(0x00000083ee000000,0x00000083ee100000) (1024K)]
  0x0000019e7eef28d0 JavaThread "WorkspaceEventsHandler"            [_thread_blocked, id=25592, stack(0x00000083ee100000,0x00000083ee200000) (1024K)]
  0x0000019e7eef0800 JavaThread "pool-1-thread-1"                   [_thread_blocked, id=3492, stack(0x00000083ee200000,0x00000083ee300000) (1024K)]
  0x0000019e7e5b7980 JavaThread "Worker-7"                          [_thread_blocked, id=21196, stack(0x00000083eaf00000,0x00000083eb000000) (1024K)]
  0x0000019e7eeee0a0 JavaThread "ForkJoinPool.commonPool-worker-2" daemon [_thread_blocked, id=19936, stack(0x00000083ecd00000,0x00000083ece00000) (1024K)]
  0x0000019e64b2b810 JavaThread "ForkJoinPool.commonPool-worker-4" daemon [_thread_blocked, id=8708, stack(0x00000083ecf00000,0x00000083ed000000) (1024K)]
  0x0000019e64b29740 JavaThread "Compiler Source File Reader" daemon [_thread_blocked, id=27996, stack(0x00000083ed300000,0x00000083ed400000) (1024K)]
  0x0000019e64b29dd0 JavaThread "Compiler Class File Writer" daemon [_thread_blocked, id=27180, stack(0x00000083ed600000,0x00000083ed700000) (1024K)]
  0x0000019e64b2a460 JavaThread "Compiler Source File Reader" daemon [_thread_blocked, id=17856, stack(0x00000083ee400000,0x00000083ee500000) (1024K)]
  0x0000019e64b2aaf0 JavaThread "Compiler Source File Reader" daemon [_thread_blocked, id=19008, stack(0x00000083ee500000,0x00000083ee600000) (1024K)]
  0x0000019e64b2b180 JavaThread "Compiler Source File Reader" daemon [_thread_blocked, id=20652, stack(0x00000083ee600000,0x00000083ee700000) (1024K)]
Total: 41

Other Threads:
  0x0000019e76c65480 VMThread "VM Thread"                           [id=25448, stack(0x00000083eb400000,0x00000083eb500000) (1024K)]
  0x0000019e7663ca00 WatcherThread "VM Periodic Task Thread"        [id=11216, stack(0x00000083eb300000,0x00000083eb400000) (1024K)]
  0x0000019e76be8c90 WorkerThread "GC Thread#0"                     [id=27992, stack(0x00000083eb200000,0x00000083eb300000) (1024K)]
  0x0000019e7e67d180 WorkerThread "GC Thread#1"                     [id=10004, stack(0x00000083ebf00000,0x00000083ec000000) (1024K)]
  0x0000019e7e236890 WorkerThread "GC Thread#2"                     [id=11396, stack(0x00000083ec000000,0x00000083ec100000) (1024K)]
  0x0000019e7e672bb0 WorkerThread "GC Thread#3"                     [id=2244, stack(0x00000083ec100000,0x00000083ec200000) (1024K)]
  0x0000019e7e672f60 WorkerThread "GC Thread#4"                     [id=18972, stack(0x00000083ec200000,0x00000083ec300000) (1024K)]
  0x0000019e7e669140 WorkerThread "GC Thread#5"                     [id=4372, stack(0x00000083ec300000,0x00000083ec400000) (1024K)]
  0x0000019e7e6694f0 WorkerThread "GC Thread#6"                     [id=12152, stack(0x00000083ec400000,0x00000083ec500000) (1024K)]
  0x0000019e7e982810 WorkerThread "GC Thread#7"                     [id=18096, stack(0x00000083ecc00000,0x00000083ecd00000) (1024K)]
Total: 10

Threads with active compile tasks:
Total: 0

VM state: not at safepoint (normal execution)

VM Mutex/Monitor currently owned by a thread: None

Heap address: 0x0000000600000000, size: 8192 MB, Compressed Oops mode: Zero based, Oop shift amount: 3

CDS archive(s) mapped at: [0x0000019e1f000000-0x0000019e1fba0000-0x0000019e1fba0000), size 12189696, SharedBaseAddress: 0x0000019e1f000000, ArchiveRelocationMode: 1.
Compressed class space mapped at: 0x0000019e20000000-0x0000019e60000000, reserved size: 1073741824
Narrow klass base: 0x0000019e1f000000, Narrow klass shift: 0, Narrow klass range: 0x100000000

GC Precious Log:
 CardTable entry size: 512
 CPUs: 8 total, 8 available
 Memory: 3982M
 Large Page Support: Disabled
 NUMA Support: Disabled
 Compressed Oops: Enabled (Zero based)
 Alignments: Space 512K, Generation 512K, Heap 2M
 Heap Min Capacity: 100M
 Heap Initial Capacity: 100M
 Heap Max Capacity: 8G
 Pre-touch: Disabled
 Parallel Workers: 8

Heap:
 PSYoungGen      total 9728K, used 6752K [0x0000000755580000, 0x0000000756280000, 0x0000000800000000)
  eden space 5120K, 78% used [0x0000000755580000,0x00000007559684e8,0x0000000755a80000)
  from space 4608K, 59% used [0x0000000755a80000,0x0000000755d2fe70,0x0000000755f00000)
  to   space 3584K, 0% used [0x0000000755f00000,0x0000000755f00000,0x0000000756280000)
 ParOldGen       total 448512K, used 448087K [0x0000000600000000, 0x000000061b600000, 0x0000000755580000)
  object space 448512K, 99% used [0x0000000600000000,0x000000061b595ff0,0x000000061b600000)
 Metaspace       used 68105K, committed 69440K, reserved 1114112K
  class space    used 7213K, committed 7808K, reserved 1048576K

Card table byte_map: [0x0000019e79dc0000,0x0000019e7add0000] _byte_map_base: 0x0000019e76dc0000

Marking Bits: (ParMarkBitMap*) 0x00007ffa5e4944a0
 Begin Bits: [0x0000019e0f000000, 0x0000019e17000000)
 End Bits:   [0x0000019e17000000, 0x0000019e1f000000)

Polling page: 0x0000019e74a60000

Metaspace:

Usage:
  Non-class:     59.47 MB used.
      Class:      7.04 MB used.
       Both:     66.51 MB used.

Virtual space:
  Non-class space:       64.00 MB reserved,      60.19 MB ( 94%) committed,  1 nodes.
      Class space:        1.00 GB reserved,       7.62 MB ( <1%) committed,  1 nodes.
             Both:        1.06 GB reserved,      67.81 MB (  6%) committed. 

Chunk freelists:
   Non-Class:  3.39 MB
       Class:  8.22 MB
        Both:  11.62 MB

MaxMetaspaceSize: unlimited
CompressedClassSpaceSize: 1.00 GB
Initial GC threshold: 21.00 MB
Current GC threshold: 97.31 MB
CDS: on
 - commit_granule_bytes: 65536.
 - commit_granule_words: 8192.
 - virtual_space_node_default_size: 8388608.
 - enlarge_chunks_in_place: 1.
 - use_allocation_guard: 0.


Internal statistics:

num_allocs_failed_limit: 9.
num_arena_births: 1056.
num_arena_deaths: 14.
num_vsnodes_births: 2.
num_vsnodes_deaths: 0.
num_space_committed: 1085.
num_space_uncommitted: 0.
num_chunks_returned_to_freelist: 23.
num_chunks_taken_from_freelist: 4010.
num_chunk_merges: 15.
num_chunk_splits: 2489.
num_chunks_enlarged: 1447.
num_inconsistent_stats: 0.

CodeHeap 'non-profiled nmethods': size=120000Kb used=8382Kb max_used=8382Kb free=111617Kb
 bounds [0x0000019e07ad0000, 0x0000019e08300000, 0x0000019e0f000000]
CodeHeap 'profiled nmethods': size=120000Kb used=26042Kb max_used=26042Kb free=93957Kb
 bounds [0x0000019e00000000, 0x0000019e01970000, 0x0000019e07530000]
CodeHeap 'non-nmethods': size=5760Kb used=1485Kb max_used=1581Kb free=4274Kb
 bounds [0x0000019e07530000, 0x0000019e077a0000, 0x0000019e07ad0000]
CodeCache: size=245760Kb, used=35909Kb, max_used=36005Kb, free=209848Kb
 total_blobs=12291, nmethods=11486, adapters=709, full_count=0
Compilation: enabled, stopped_count=0, restarted_count=0

Compilation events (20 events):
Event: 303.585 Thread 0x0000019e7673fe20 12388       3       org.eclipse.jdt.internal.core.CompilationUnit::resource (37 bytes)
Event: 303.587 Thread 0x0000019e767386f0 12390       4       org.eclipse.jdt.core.dom.SimpleName::accept0 (12 bytes)
Event: 303.588 Thread 0x0000019e7673fe20 nmethod 12388 0x0000019e0196b390 code [0x0000019e0196b5c0, 0x0000019e0196c008]
Event: 303.588 Thread 0x0000019e7673fe20 12389       3       org.eclipse.jdt.core.dom.ASTVisitor::endVisit (1 bytes)
Event: 303.588 Thread 0x0000019e767386f0 nmethod 12390 0x0000019e082fde10 code [0x0000019e082fdfa0, 0x0000019e082fe080]
Event: 303.589 Thread 0x0000019e7673fe20 nmethod 12389 0x0000019e0196c310 code [0x0000019e0196c4a0, 0x0000019e0196c5a8]
Event: 333.836 Thread 0x0000019e767386f0 12391       4       sun.security.provider.DigestBase::engineUpdate (176 bytes)
Event: 333.875 Thread 0x0000019e767386f0 nmethod 12391 0x0000019e082fe190 code [0x0000019e082fe3c0, 0x0000019e082fee88]
Event: 333.932 Thread 0x0000019e7673fe20 12392       3       org.eclipse.core.internal.utils.StringPool::add (50 bytes)
Event: 333.932 Thread 0x0000019e767386f0 12393       4       java.util.HashMap::putIfAbsent (13 bytes)
Event: 333.941 Thread 0x0000019e7673fe20 nmethod 12392 0x0000019e0196c610 code [0x0000019e0196c800, 0x0000019e0196ccd0]
Event: 333.941 Thread 0x0000019e7673fe20 12394       3       org.eclipse.core.internal.resources.MarkerAttributeMap::getMap (11 bytes)
Event: 333.945 Thread 0x0000019e7673fe20 nmethod 12394 0x0000019e0196ce90 code [0x0000019e0196d040, 0x0000019e0196d288]
Event: 333.946 Thread 0x0000019e767386f0 nmethod 12393 0x0000019e082ff610 code [0x0000019e082ff7a0, 0x0000019e082ff900]
Event: 333.950 Thread 0x0000019e7673fe20 12395       3       org.eclipse.core.internal.jobs.JobListeners::queueEvent (15 bytes)
Event: 333.953 Thread 0x0000019e7673fe20 nmethod 12395 0x0000019e0196d390 code [0x0000019e0196d540, 0x0000019e0196d730]
Event: 443.376 Thread 0x0000019e7673fe20 12396       3       java.util.concurrent.locks.AbstractQueuedSynchronizer$ConditionObject::canReacquire (38 bytes)
Event: 443.397 Thread 0x0000019e7673fe20 nmethod 12396 0x0000019e0196d810 code [0x0000019e0196d9e0, 0x0000019e0196dd40]
Event: 443.398 Thread 0x0000019e7673fe20 12397       3       java.util.concurrent.ScheduledThreadPoolExecutor::canRunInCurrentRunState (61 bytes)
Event: 443.425 Thread 0x0000019e7673fe20 nmethod 12397 0x0000019e0196de90 code [0x0000019e0196e0a0, 0x0000019e0196e858]

GC Heap History (20 events):
Event: 302.589 GC heap before
{Heap before GC invocations=393 (full 3):
 PSYoungGen      total 2560K, used 2349K [0x0000000755580000, 0x0000000755900000, 0x0000000800000000)
  eden space 1536K, 100% used [0x0000000755580000,0x0000000755700000,0x0000000755700000)
  from space 1024K, 79% used [0x0000000755700000,0x00000007557cb7f0,0x0000000755800000)
  to   space 1024K, 0% used [0x0000000755800000,0x0000000755800000,0x0000000755900000)
 ParOldGen       total 435200K, used 434949K [0x0000000600000000, 0x000000061a900000, 0x0000000755580000)
  object space 435200K, 99% used [0x0000000600000000,0x000000061a8c1608,0x000000061a900000)
 Metaspace       used 68052K, committed 69376K, reserved 1114112K
  class space    used 7212K, committed 7808K, reserved 1048576K
}
Event: 302.592 GC heap after
{Heap after GC invocations=393 (full 3):
 PSYoungGen      total 2560K, used 576K [0x0000000755580000, 0x0000000755900000, 0x0000000800000000)
  eden space 1536K, 0% used [0x0000000755580000,0x0000000755580000,0x0000000755700000)
  from space 1024K, 56% used [0x0000000755800000,0x0000000755890000,0x0000000755900000)
  to   space 1024K, 0% used [0x0000000755700000,0x0000000755700000,0x0000000755800000)
 ParOldGen       total 435712K, used 435540K [0x0000000600000000, 0x000000061a980000, 0x0000000755580000)
  object space 435712K, 99% used [0x0000000600000000,0x000000061a955148,0x000000061a980000)
 Metaspace       used 68052K, committed 69376K, reserved 1114112K
  class space    used 7212K, committed 7808K, reserved 1048576K
}
Event: 302.599 GC heap before
{Heap before GC invocations=394 (full 3):
 PSYoungGen      total 2560K, used 2112K [0x0000000755580000, 0x0000000755900000, 0x0000000800000000)
  eden space 1536K, 100% used [0x0000000755580000,0x0000000755700000,0x0000000755700000)
  from space 1024K, 56% used [0x0000000755800000,0x0000000755890000,0x0000000755900000)
  to   space 1024K, 0% used [0x0000000755700000,0x0000000755700000,0x0000000755800000)
 ParOldGen       total 435712K, used 435540K [0x0000000600000000, 0x000000061a980000, 0x0000000755580000)
  object space 435712K, 99% used [0x0000000600000000,0x000000061a955148,0x000000061a980000)
 Metaspace       used 68052K, committed 69376K, reserved 1114112K
  class space    used 7212K, committed 7808K, reserved 1048576K
}
Event: 302.602 GC heap after
{Heap after GC invocations=394 (full 3):
 PSYoungGen      total 2560K, used 608K [0x0000000755580000, 0x0000000755980000, 0x0000000800000000)
  eden space 1536K, 0% used [0x0000000755580000,0x0000000755580000,0x0000000755700000)
  from space 1024K, 59% used [0x0000000755700000,0x0000000755798000,0x0000000755800000)
  to   space 1024K, 0% used [0x0000000755880000,0x0000000755880000,0x0000000755980000)
 ParOldGen       total 436224K, used 436052K [0x0000000600000000, 0x000000061aa00000, 0x0000000755580000)
  object space 436224K, 99% used [0x0000000600000000,0x000000061a9d5148,0x000000061aa00000)
 Metaspace       used 68052K, committed 69376K, reserved 1114112K
  class space    used 7212K, committed 7808K, reserved 1048576K
}
Event: 302.607 GC heap before
{Heap before GC invocations=395 (full 3):
 PSYoungGen      total 2560K, used 2143K [0x0000000755580000, 0x0000000755980000, 0x0000000800000000)
  eden space 1536K, 99% used [0x0000000755580000,0x00000007556fffb8,0x0000000755700000)
  from space 1024K, 59% used [0x0000000755700000,0x0000000755798000,0x0000000755800000)
  to   space 1024K, 0% used [0x0000000755880000,0x0000000755880000,0x0000000755980000)
 ParOldGen       total 436224K, used 436052K [0x0000000600000000, 0x000000061aa00000, 0x0000000755580000)
  object space 436224K, 99% used [0x0000000600000000,0x000000061a9d5148,0x000000061aa00000)
 Metaspace       used 68052K, committed 69376K, reserved 1114112K
  class space    used 7212K, committed 7808K, reserved 1048576K
}
Event: 302.611 GC heap after
{Heap after GC invocations=395 (full 3):
 PSYoungGen      total 3072K, used 576K [0x0000000755580000, 0x0000000755980000, 0x0000000800000000)
  eden space 2048K, 0% used [0x0000000755580000,0x0000000755580000,0x0000000755780000)
  from space 1024K, 56% used [0x0000000755880000,0x0000000755910000,0x0000000755980000)
  to   space 1024K, 0% used [0x0000000755780000,0x0000000755780000,0x0000000755880000)
 ParOldGen       total 436736K, used 436556K [0x0000000600000000, 0x000000061aa80000, 0x0000000755580000)
  object space 436736K, 99% used [0x0000000600000000,0x000000061aa53148,0x000000061aa80000)
 Metaspace       used 68052K, committed 69376K, reserved 1114112K
  class space    used 7212K, committed 7808K, reserved 1048576K
}
Event: 302.617 GC heap before
{Heap before GC invocations=396 (full 3):
 PSYoungGen      total 3072K, used 2623K [0x0000000755580000, 0x0000000755980000, 0x0000000800000000)
  eden space 2048K, 99% used [0x0000000755580000,0x000000075577ffe8,0x0000000755780000)
  from space 1024K, 56% used [0x0000000755880000,0x0000000755910000,0x0000000755980000)
  to   space 1024K, 0% used [0x0000000755780000,0x0000000755780000,0x0000000755880000)
 ParOldGen       total 436736K, used 436556K [0x0000000600000000, 0x000000061aa80000, 0x0000000755580000)
  object space 436736K, 99% used [0x0000000600000000,0x000000061aa53148,0x000000061aa80000)
 Metaspace       used 68052K, committed 69376K, reserved 1114112K
  class space    used 7212K, committed 7808K, reserved 1048576K
}
Event: 302.619 GC heap after
{Heap after GC invocations=396 (full 3):
 PSYoungGen      total 3072K, used 768K [0x0000000755580000, 0x0000000755a00000, 0x0000000800000000)
  eden space 2048K, 0% used [0x0000000755580000,0x0000000755580000,0x0000000755780000)
  from space 1024K, 75% used [0x0000000755780000,0x0000000755840000,0x0000000755880000)
  to   space 1024K, 0% used [0x0000000755900000,0x0000000755900000,0x0000000755a00000)
 ParOldGen       total 437248K, used 437084K [0x0000000600000000, 0x000000061ab00000, 0x0000000755580000)
  object space 437248K, 99% used [0x0000000600000000,0x000000061aad7148,0x000000061ab00000)
 Metaspace       used 68052K, committed 69376K, reserved 1114112K
  class space    used 7212K, committed 7808K, reserved 1048576K
}
Event: 302.625 GC heap before
{Heap before GC invocations=397 (full 3):
 PSYoungGen      total 3072K, used 2816K [0x0000000755580000, 0x0000000755a00000, 0x0000000800000000)
  eden space 2048K, 100% used [0x0000000755580000,0x0000000755780000,0x0000000755780000)
  from space 1024K, 75% used [0x0000000755780000,0x0000000755840000,0x0000000755880000)
  to   space 1024K, 0% used [0x0000000755900000,0x0000000755900000,0x0000000755a00000)
 ParOldGen       total 437248K, used 437084K [0x0000000600000000, 0x000000061ab00000, 0x0000000755580000)
  object space 437248K, 99% used [0x0000000600000000,0x000000061aad7148,0x000000061ab00000)
 Metaspace       used 68052K, committed 69376K, reserved 1114112K
  class space    used 7212K, committed 7808K, reserved 1048576K
}
Event: 302.628 GC heap after
{Heap after GC invocations=397 (full 3):
 PSYoungGen      total 3584K, used 768K [0x0000000755580000, 0x0000000755a00000, 0x0000000800000000)
  eden space 2560K, 0% used [0x0000000755580000,0x0000000755580000,0x0000000755800000)
  from space 1024K, 75% used [0x0000000755900000,0x00000007559c0000,0x0000000755a00000)
  to   space 1024K, 0% used [0x0000000755800000,0x0000000755800000,0x0000000755900000)
 ParOldGen       total 438272K, used 437780K [0x0000000600000000, 0x000000061ac00000, 0x0000000755580000)
  object space 438272K, 99% used [0x0000000600000000,0x000000061ab85148,0x000000061ac00000)
 Metaspace       used 68052K, committed 69376K, reserved 1114112K
  class space    used 7212K, committed 7808K, reserved 1048576K
}
Event: 302.636 GC heap before
{Heap before GC invocations=398 (full 3):
 PSYoungGen      total 3584K, used 3328K [0x0000000755580000, 0x0000000755a00000, 0x0000000800000000)
  eden space 2560K, 100% used [0x0000000755580000,0x0000000755800000,0x0000000755800000)
  from space 1024K, 75% used [0x0000000755900000,0x00000007559c0000,0x0000000755a00000)
  to   space 1024K, 0% used [0x0000000755800000,0x0000000755800000,0x0000000755900000)
 ParOldGen       total 438272K, used 437780K [0x0000000600000000, 0x000000061ac00000, 0x0000000755580000)
  object space 438272K, 99% used [0x0000000600000000,0x000000061ab85148,0x000000061ac00000)
 Metaspace       used 68053K, committed 69376K, reserved 1114112K
  class space    used 7212K, committed 7808K, reserved 1048576K
}
Event: 302.639 GC heap after
{Heap after GC invocations=398 (full 3):
 PSYoungGen      total 3584K, used 1014K [0x0000000755580000, 0x0000000756080000, 0x0000000800000000)
  eden space 2560K, 0% used [0x0000000755580000,0x0000000755580000,0x0000000755800000)
  from space 1024K, 99% used [0x0000000755800000,0x00000007558fdb90,0x0000000755900000)
  to   space 4096K, 0% used [0x0000000755c80000,0x0000000755c80000,0x0000000756080000)
 ParOldGen       total 440320K, used 439948K [0x0000000600000000, 0x000000061ae00000, 0x0000000755580000)
  object space 440320K, 99% used [0x0000000600000000,0x000000061ada3148,0x000000061ae00000)
 Metaspace       used 68053K, committed 69376K, reserved 1114112K
  class space    used 7212K, committed 7808K, reserved 1048576K
}
Event: 302.649 GC heap before
{Heap before GC invocations=399 (full 3):
 PSYoungGen      total 3584K, used 3574K [0x0000000755580000, 0x0000000756080000, 0x0000000800000000)
  eden space 2560K, 100% used [0x0000000755580000,0x0000000755800000,0x0000000755800000)
  from space 1024K, 99% used [0x0000000755800000,0x00000007558fdb90,0x0000000755900000)
  to   space 4096K, 0% used [0x0000000755c80000,0x0000000755c80000,0x0000000756080000)
 ParOldGen       total 440320K, used 439948K [0x0000000600000000, 0x000000061ae00000, 0x0000000755580000)
  object space 440320K, 99% used [0x0000000600000000,0x000000061ada3148,0x000000061ae00000)
 Metaspace       used 68053K, committed 69376K, reserved 1114112K
  class space    used 7212K, committed 7808K, reserved 1048576K
}
Event: 302.653 GC heap after
{Heap after GC invocations=399 (full 3):
 PSYoungGen      total 6144K, used 2688K [0x0000000755580000, 0x0000000755f80000, 0x0000000800000000)
  eden space 3072K, 0% used [0x0000000755580000,0x0000000755580000,0x0000000755880000)
  from space 3072K, 87% used [0x0000000755c80000,0x0000000755f20000,0x0000000755f80000)
  to   space 3072K, 0% used [0x0000000755980000,0x0000000755980000,0x0000000755c80000)
 ParOldGen       total 441344K, used 440979K [0x0000000600000000, 0x000000061af00000, 0x0000000755580000)
  object space 441344K, 99% used [0x0000000600000000,0x000000061aea4cd8,0x000000061af00000)
 Metaspace       used 68053K, committed 69376K, reserved 1114112K
  class space    used 7212K, committed 7808K, reserved 1048576K
}
Event: 302.665 GC heap before
{Heap before GC invocations=400 (full 3):
 PSYoungGen      total 6144K, used 5760K [0x0000000755580000, 0x0000000755f80000, 0x0000000800000000)
  eden space 3072K, 100% used [0x0000000755580000,0x0000000755880000,0x0000000755880000)
  from space 3072K, 87% used [0x0000000755c80000,0x0000000755f20000,0x0000000755f80000)
  to   space 3072K, 0% used [0x0000000755980000,0x0000000755980000,0x0000000755c80000)
 ParOldGen       total 441344K, used 440979K [0x0000000600000000, 0x000000061af00000, 0x0000000755580000)
  object space 441344K, 99% used [0x0000000600000000,0x000000061aea4cd8,0x000000061af00000)
 Metaspace       used 68059K, committed 69376K, reserved 1114112K
  class space    used 7212K, committed 7808K, reserved 1048576K
}
Event: 302.670 GC heap after
{Heap after GC invocations=400 (full 3):
 PSYoungGen      total 7168K, used 3068K [0x0000000755580000, 0x0000000756680000, 0x0000000800000000)
  eden space 4096K, 0% used [0x0000000755580000,0x0000000755580000,0x0000000755980000)
  from space 3072K, 99% used [0x0000000755980000,0x0000000755c7f150,0x0000000755c80000)
  to   space 6656K, 0% used [0x0000000756000000,0x0000000756000000,0x0000000756680000)
 ParOldGen       total 443904K, used 443611K [0x0000000600000000, 0x000000061b180000, 0x0000000755580000)
  object space 443904K, 99% used [0x0000000600000000,0x000000061b136cd8,0x000000061b180000)
 Metaspace       used 68059K, committed 69376K, reserved 1114112K
  class space    used 7212K, committed 7808K, reserved 1048576K
}
Event: 302.699 GC heap before
{Heap before GC invocations=401 (full 3):
 PSYoungGen      total 7168K, used 7164K [0x0000000755580000, 0x0000000756680000, 0x0000000800000000)
  eden space 4096K, 100% used [0x0000000755580000,0x0000000755980000,0x0000000755980000)
  from space 3072K, 99% used [0x0000000755980000,0x0000000755c7f150,0x0000000755c80000)
  to   space 6656K, 0% used [0x0000000756000000,0x0000000756000000,0x0000000756680000)
 ParOldGen       total 443904K, used 443611K [0x0000000600000000, 0x000000061b180000, 0x0000000755580000)
  object space 443904K, 99% used [0x0000000600000000,0x000000061b136cd8,0x000000061b180000)
 Metaspace       used 68077K, committed 69440K, reserved 1114112K
  class space    used 7212K, committed 7808K, reserved 1048576K
}
Event: 302.704 GC heap after
{Heap after GC invocations=401 (full 3):
 PSYoungGen      total 8704K, used 3277K [0x0000000755580000, 0x0000000756380000, 0x0000000800000000)
  eden space 5120K, 0% used [0x0000000755580000,0x0000000755580000,0x0000000755a80000)
  from space 3584K, 91% used [0x0000000756000000,0x00000007563335a0,0x0000000756380000)
  to   space 4608K, 0% used [0x0000000755a80000,0x0000000755a80000,0x0000000755f00000)
 ParOldGen       total 445440K, used 445225K [0x0000000600000000, 0x000000061b300000, 0x0000000755580000)
  object space 445440K, 99% used [0x0000000600000000,0x000000061b2ca480,0x000000061b300000)
 Metaspace       used 68077K, committed 69440K, reserved 1114112K
  class space    used 7212K, committed 7808K, reserved 1048576K
}
Event: 302.759 GC heap before
{Heap before GC invocations=402 (full 3):
 PSYoungGen      total 8704K, used 8030K [0x0000000755580000, 0x0000000756380000, 0x0000000800000000)
  eden space 5120K, 92% used [0x0000000755580000,0x0000000755a24290,0x0000000755a80000)
  from space 3584K, 91% used [0x0000000756000000,0x00000007563335a0,0x0000000756380000)
  to   space 4608K, 0% used [0x0000000755a80000,0x0000000755a80000,0x0000000755f00000)
 ParOldGen       total 445440K, used 445225K [0x0000000600000000, 0x000000061b300000, 0x0000000755580000)
  object space 445440K, 99% used [0x0000000600000000,0x000000061b2ca480,0x000000061b300000)
 Metaspace       used 68078K, committed 69440K, reserved 1114112K
  class space    used 7212K, committed 7808K, reserved 1048576K
}
Event: 302.764 GC heap after
{Heap after GC invocations=402 (full 3):
 PSYoungGen      total 9728K, used 2751K [0x0000000755580000, 0x0000000756280000, 0x0000000800000000)
  eden space 5120K, 0% used [0x0000000755580000,0x0000000755580000,0x0000000755a80000)
  from space 4608K, 59% used [0x0000000755a80000,0x0000000755d2fe70,0x0000000755f00000)
  to   space 3584K, 0% used [0x0000000755f00000,0x0000000755f00000,0x0000000756280000)
 ParOldGen       total 448512K, used 448087K [0x0000000600000000, 0x000000061b600000, 0x0000000755580000)
  object space 448512K, 99% used [0x0000000600000000,0x000000061b595ff0,0x000000061b600000)
 Metaspace       used 68078K, committed 69440K, reserved 1114112K
  class space    used 7212K, committed 7808K, reserved 1048576K
}

Dll operation events (20 events):
Event: 0.353 Attempting to load shared library C:\Users\YUSHAN\.vscode\extensions\redhat.java-1.56.0-win32-x64\jre\21.0.12.1-win32-x86_64\bin\nio.dll
Event: 0.354 Loaded shared library C:\Users\YUSHAN\.vscode\extensions\redhat.java-1.56.0-win32-x64\jre\21.0.12.1-win32-x86_64\bin\nio.dll
Event: 0.364 Attempting to load shared library C:\Users\YUSHAN\.vscode\extensions\redhat.java-1.56.0-win32-x64\jre\21.0.12.1-win32-x86_64\bin\zip.dll
Event: 0.364 Loaded shared library C:\Users\YUSHAN\.vscode\extensions\redhat.java-1.56.0-win32-x64\jre\21.0.12.1-win32-x86_64\bin\zip.dll
Event: 0.455 Attempting to load shared library C:\Users\YUSHAN\.vscode\extensions\redhat.java-1.56.0-win32-x64\jre\21.0.12.1-win32-x86_64\bin\jimage.dll
Event: 0.455 Loaded shared library C:\Users\YUSHAN\.vscode\extensions\redhat.java-1.56.0-win32-x64\jre\21.0.12.1-win32-x86_64\bin\jimage.dll
Event: 0.864 Attempting to load shared library c:\Users\YUSHAN\.vscode\extensions\redhat.java-1.56.0-win32-x64\jre\21.0.12.1-win32-x86_64\bin\verify.dll
Event: 0.866 Loaded shared library c:\Users\YUSHAN\.vscode\extensions\redhat.java-1.56.0-win32-x64\jre\21.0.12.1-win32-x86_64\bin\verify.dll
Event: 17.813 Attempting to load shared library C:\Users\YUSHAN\AppData\Roaming\Code\User\globalStorage\redhat.java\1.56.0\config_win\org.eclipse.equinox.launcher\org.eclipse.equinox.launcher.win32.win32.x86_64_1.3.100.v20260804-1928\eclipse_11924.dll
Event: 18.149 Loaded shared library C:\Users\YUSHAN\AppData\Roaming\Code\User\globalStorage\redhat.java\1.56.0\config_win\org.eclipse.equinox.launcher\org.eclipse.equinox.launcher.win32.win32.x86_64_1.3.100.v20260804-1928\eclipse_11924.dll
Event: 33.411 Attempting to load shared library C:\Users\YUSHAN\.vscode\extensions\redhat.java-1.56.0-win32-x64\jre\21.0.12.1-win32-x86_64\bin\management.dll
Event: 33.414 Loaded shared library C:\Users\YUSHAN\.vscode\extensions\redhat.java-1.56.0-win32-x64\jre\21.0.12.1-win32-x86_64\bin\management.dll
Event: 33.428 Attempting to load shared library C:\Users\YUSHAN\.vscode\extensions\redhat.java-1.56.0-win32-x64\jre\21.0.12.1-win32-x86_64\bin\management_ext.dll
Event: 33.433 Loaded shared library C:\Users\YUSHAN\.vscode\extensions\redhat.java-1.56.0-win32-x64\jre\21.0.12.1-win32-x86_64\bin\management_ext.dll
Event: 40.907 Attempting to load shared library C:\Users\YUSHAN\AppData\Local\Temp\jna--1665929634\jna9365337687208247404.dll
Event: 41.598 Loaded shared library C:\Users\YUSHAN\AppData\Local\Temp\jna--1665929634\jna9365337687208247404.dll
Event: 42.170 Attempting to load shared library C:\Users\YUSHAN\.vscode\extensions\redhat.java-1.56.0-win32-x64\jre\21.0.12.1-win32-x86_64\bin\sunmscapi.dll
Event: 42.208 Loaded shared library C:\Users\YUSHAN\.vscode\extensions\redhat.java-1.56.0-win32-x64\jre\21.0.12.1-win32-x86_64\bin\sunmscapi.dll
Event: 43.556 Attempting to load shared library C:\Users\YUSHAN\.vscode\extensions\redhat.java-1.56.0-win32-x64\jre\21.0.12.1-win32-x86_64\bin\extnet.dll
Event: 43.575 Loaded shared library C:\Users\YUSHAN\.vscode\extensions\redhat.java-1.56.0-win32-x64\jre\21.0.12.1-win32-x86_64\bin\extnet.dll

Deoptimization events (20 events):
Event: 302.780 Thread 0x0000019e7eeeda10 DEOPT PACKING pc=0x0000019e082cf8dc sp=0x00000083ed1fef80
Event: 302.780 Thread 0x0000019e7eeeda10 DEOPT UNPACKING pc=0x0000019e07583aa2 sp=0x00000083ed1fef20 mode 2
Event: 302.780 Thread 0x0000019e7eeeda10 Uncommon trap: trap_request=0xffffff45 fr.pc=0x0000019e082c6554 relative=0x0000000000000574
Event: 302.780 Thread 0x0000019e7eeeda10 Uncommon trap: reason=unstable_if action=reinterpret pc=0x0000019e082c6554 method=org.eclipse.jdt.internal.core.index.DiskIndex.readStreamChars(Ljava/io/InputStream;)[C @ 1 c2
Event: 302.780 Thread 0x0000019e7eeeda10 DEOPT PACKING pc=0x0000019e082c6554 sp=0x00000083ed1fec50
Event: 302.780 Thread 0x0000019e7eeeda10 DEOPT UNPACKING pc=0x0000019e07583aa2 sp=0x00000083ed1febb8 mode 2
Event: 302.790 Thread 0x0000019e7eeeda10 DEOPT PACKING pc=0x0000019e0189ccd2 sp=0x00000083ed1fe930
Event: 302.790 Thread 0x0000019e7eeeda10 DEOPT UNPACKING pc=0x0000019e07584242 sp=0x00000083ed1fdea8 mode 0
Event: 302.806 Thread 0x0000019e7eeeda10 DEOPT PACKING pc=0x0000019e0189ccd2 sp=0x00000083ed1fdb60
Event: 302.806 Thread 0x0000019e7eeeda10 DEOPT UNPACKING pc=0x0000019e07584242 sp=0x00000083ed1fd0d8 mode 0
Event: 302.834 Thread 0x0000019e7eeeda10 Uncommon trap: trap_request=0xffffff45 fr.pc=0x0000019e08284288 relative=0x0000000000001508
Event: 302.834 Thread 0x0000019e7eeeda10 Uncommon trap: reason=unstable_if action=reinterpret pc=0x0000019e08284288 method=org.eclipse.jdt.internal.core.index.DiskIndex.writeDocumentNumbers([ILjava/io/OutputStream;)V @ 20 c2
Event: 302.834 Thread 0x0000019e7eeeda10 DEOPT PACKING pc=0x0000019e08284288 sp=0x00000083ed1fef10
Event: 302.834 Thread 0x0000019e7eeeda10 DEOPT UNPACKING pc=0x0000019e07583aa2 sp=0x00000083ed1fef58 mode 2
Event: 303.070 Thread 0x0000019e7eeef450 DEOPT PACKING pc=0x0000019e00daa8fe sp=0x00000083ed5fec10
Event: 303.070 Thread 0x0000019e7eeef450 DEOPT UNPACKING pc=0x0000019e07584242 sp=0x00000083ed5fe080 mode 0
Event: 303.074 Thread 0x0000019e7eeeda10 Uncommon trap: trap_request=0xffffff45 fr.pc=0x0000019e082cda10 relative=0x00000000000004d0
Event: 303.074 Thread 0x0000019e7eeeda10 Uncommon trap: reason=unstable_if action=reinterpret pc=0x0000019e082cda10 method=org.eclipse.jdt.internal.core.index.DiskIndex.readStreamDocumentArray(Ljava/io/InputStream;I)[I @ 17 c2
Event: 303.074 Thread 0x0000019e7eeeda10 DEOPT PACKING pc=0x0000019e082cda10 sp=0x00000083ed1fef20
Event: 303.075 Thread 0x0000019e7eeeda10 DEOPT UNPACKING pc=0x0000019e07583aa2 sp=0x00000083ed1feed0 mode 2

Classes loaded (20 events):
Event: 250.663 Loading class java/io/ObjectStreamClass$ClassDataSlot
Event: 250.663 Loading class java/io/ObjectStreamClass$ClassDataSlot done
Event: 250.665 Loading class java/io/SerialCallbackContext
Event: 250.665 Loading class java/io/SerialCallbackContext done
Event: 250.895 Loading class java/util/concurrent/ArrayBlockingQueue
Event: 250.896 Loading class java/util/concurrent/ArrayBlockingQueue done
Event: 250.951 Loading class java/util/concurrent/ConcurrentHashMap$KeySpliterator
Event: 250.952 Loading class java/util/concurrent/ConcurrentHashMap$KeySpliterator done
Event: 261.266 Loading class java/util/stream/DistinctOps
Event: 261.266 Loading class java/util/stream/ReduceOps$5
Event: 261.274 Loading class java/util/stream/DistinctOps done
Event: 261.274 Loading class java/util/stream/DistinctOps$1
Event: 261.278 Loading class java/util/stream/ReduceOps$5 done
Event: 261.278 Loading class java/util/stream/ReduceOps$CountingSink$OfRef
Event: 261.280 Loading class java/util/stream/ReduceOps$CountingSink
Event: 261.284 Loading class java/util/stream/ReduceOps$CountingSink done
Event: 261.284 Loading class java/util/stream/ReduceOps$CountingSink$OfRef done
Event: 261.284 Loading class java/util/stream/DistinctOps$1 done
Event: 261.294 Loading class java/util/stream/DistinctOps$1$2
Event: 261.295 Loading class java/util/stream/DistinctOps$1$2 done

Classes unloaded (7 events):
Event: 36.707 Thread 0x0000019e76c65480 Unloading class 0x0000019e201b8c00 'java/lang/invoke/LambdaForm$MH+0x0000019e201b8c00'
Event: 36.707 Thread 0x0000019e76c65480 Unloading class 0x0000019e201b8800 'java/lang/invoke/LambdaForm$MH+0x0000019e201b8800'
Event: 36.707 Thread 0x0000019e76c65480 Unloading class 0x0000019e201b8400 'java/lang/invoke/LambdaForm$MH+0x0000019e201b8400'
Event: 36.707 Thread 0x0000019e76c65480 Unloading class 0x0000019e201b8000 'java/lang/invoke/LambdaForm$MH+0x0000019e201b8000'
Event: 36.707 Thread 0x0000019e76c65480 Unloading class 0x0000019e201b7c00 'java/lang/invoke/LambdaForm$BMH+0x0000019e201b7c00'
Event: 36.707 Thread 0x0000019e76c65480 Unloading class 0x0000019e201b7800 'java/lang/invoke/LambdaForm$DMH+0x0000019e201b7800'
Event: 36.707 Thread 0x0000019e76c65480 Unloading class 0x0000019e201b6800 'java/lang/invoke/LambdaForm$DMH+0x0000019e201b6800'

Classes redefined (0 events):
No events

Internal exceptions (20 events):
Event: 250.610 Thread 0x0000019e7eef0800 Exception <a 'java/lang/IncompatibleClassChangeError'{0x00000007565970d0}: Found class java.lang.Object, but interface was expected> (0x00000007565970d0) 
thrown [s\src\hotspot\share\interpreter\linkResolver.cpp, line 840]
Event: 250.613 Thread 0x0000019e7eef0800 Exception <a 'java/lang/IncompatibleClassChangeError'{0x00000007565a12a0}: Found class java.lang.Object, but interface was expected> (0x00000007565a12a0) 
thrown [s\src\hotspot\share\interpreter\linkResolver.cpp, line 840]
Event: 250.653 Thread 0x0000019e7e5b65d0 Exception <a 'java/lang/NoSuchMethodError'{0x0000000755823c58}: 'long java.lang.invoke.Invokers$Holder.invokeExact_MT(java.lang.Object, java.lang.Object)'> (0x0000000755823c58) 
thrown [s\src\hotspot\share\interpreter\linkResolver.cpp, line 773]
Event: 250.701 Thread 0x0000019e7e5b65d0 Exception <a 'java/lang/NoSuchMethodError'{0x0000000755c85a70}: 'java.lang.Object java.lang.invoke.DirectMethodHandle$Holder.newInvokeSpecial(java.lang.Object, java.lang.Object, java.lang.Object, java.lang.Object, java.lang.Object, java.lang.Object, java.lang.Object, java.lang.Object)'> (0x0000000755c85a70) 
thrown [s\src\hotspot\share\interpreter\linkResolver.cpp, line 773]
Event: 250.713 Thread 0x0000019e7e5b65d0 Exception <a 'sun/nio/fs/WindowsException'{0x0000000755c993c8}> (0x0000000755c993c8) 
thrown [s\src\hotspot\share\prims\jni.cpp, line 520]
Event: 250.771 Thread 0x0000019e7eeef450 Exception <a 'java/lang/NoSuchMethodError'{0x00000007561a3f78}: 'int java.lang.invoke.DirectMethodHandle$Holder.invokeStatic(java.lang.Object)'> (0x00000007561a3f78) 
thrown [s\src\hotspot\share\interpreter\linkResolver.cpp, line 773]
Event: 250.955 Thread 0x0000019e7eeef450 Exception <a 'java/lang/NoSuchMethodError'{0x0000000756036390}: 'java.lang.Object java.lang.invoke.DirectMethodHandle$Holder.newInvokeSpecial(java.lang.Object, java.lang.Object, int, int, java.lang.Object)'> (0x0000000756036390) 
thrown [s\src\hotspot\share\interpreter\linkResolver.cpp, line 773]
Event: 250.965 Thread 0x0000019e7eeef450 Exception <a 'sun/nio/fs/WindowsException'{0x000000075606ce90}> (0x000000075606ce90) 
thrown [s\src\hotspot\share\prims\jni.cpp, line 520]
Event: 250.966 Thread 0x0000019e7eeef450 Exception <a 'sun/nio/fs/WindowsException'{0x000000075606d5a8}> (0x000000075606d5a8) 
thrown [s\src\hotspot\share\prims\jni.cpp, line 520]
Event: 252.668 Thread 0x0000019e7eeeda10 Implicit null exception at 0x0000019e07fe18e9 to 0x0000019e07fe1b08
Event: 256.456 Thread 0x0000019e7eef0800 Exception <a 'java/lang/IncompatibleClassChangeError'{0x0000000755c053c0}: Found class java.lang.Object, but interface was expected> (0x0000000755c053c0) 
thrown [s\src\hotspot\share\interpreter\linkResolver.cpp, line 840]
Event: 257.260 Thread 0x0000019e7eef0800 Exception <a 'java/lang/IncompatibleClassChangeError'{0x0000000755a431c8}: Found class java.lang.Object, but interface was expected> (0x0000000755a431c8) 
thrown [s\src\hotspot\share\interpreter\linkResolver.cpp, line 840]
Event: 257.261 Thread 0x0000019e7eef0800 Exception <a 'java/lang/IncompatibleClassChangeError'{0x0000000755a6ad90}: Found class java.lang.Object, but interface was expected> (0x0000000755a6ad90) 
thrown [s\src\hotspot\share\interpreter\linkResolver.cpp, line 840]
Event: 259.918 Thread 0x0000019e7eeeda10 Implicit null exception at 0x0000019e0807bce0 to 0x0000019e08080f94
Event: 262.021 Thread 0x0000019e7eef0800 Exception <a 'sun/nio/fs/WindowsException'{0x0000000755a02e30}> (0x0000000755a02e30) 
thrown [s\src\hotspot\share\prims\jni.cpp, line 520]
Event: 268.002 Thread 0x0000019e64b2c530 Implicit null exception at 0x0000019e08112f63 to 0x0000019e08113644
Event: 301.693 Thread 0x0000019e7eeeda10 Exception <a 'sun/nio/fs/WindowsException'{0x00000007556200f0}> (0x00000007556200f0) 
thrown [s\src\hotspot\share\prims\jni.cpp, line 520]
Event: 301.952 Thread 0x0000019e7eeeda10 Implicit null exception at 0x0000019e0812a065 to 0x0000019e0812c27c
Event: 301.953 Thread 0x0000019e7eeeda10 Implicit null exception at 0x0000019e081427c2 to 0x0000019e08145be4
Event: 303.062 Thread 0x0000019e7eeeda10 Exception <a 'sun/nio/fs/WindowsException'{0x00000007558fe138}> (0x00000007558fe138) 
thrown [s\src\hotspot\share\prims\jni.cpp, line 520]

ZGC Phase Switch (0 events):
No events

VM Operations (20 events):
Event: 302.625 Executing safepoint VM operation: ParallelGCFailedAllocation (Allocation Failure)
Event: 302.628 Executing safepoint VM operation: ParallelGCFailedAllocation (Allocation Failure) done
Event: 302.636 Executing safepoint VM operation: ParallelGCFailedAllocation (Allocation Failure)
Event: 302.639 Executing safepoint VM operation: ParallelGCFailedAllocation (Allocation Failure) done
Event: 302.649 Executing safepoint VM operation: ParallelGCFailedAllocation (Allocation Failure)
Event: 302.653 Executing safepoint VM operation: ParallelGCFailedAllocation (Allocation Failure) done
Event: 302.665 Executing safepoint VM operation: ParallelGCFailedAllocation (Allocation Failure)
Event: 302.670 Executing safepoint VM operation: ParallelGCFailedAllocation (Allocation Failure) done
Event: 302.699 Executing safepoint VM operation: ParallelGCFailedAllocation (Allocation Failure)
Event: 302.704 Executing safepoint VM operation: ParallelGCFailedAllocation (Allocation Failure) done
Event: 302.759 Executing safepoint VM operation: ParallelGCFailedAllocation (Allocation Failure)
Event: 302.764 Executing safepoint VM operation: ParallelGCFailedAllocation (Allocation Failure) done
Event: 303.765 Executing safepoint VM operation: Cleanup
Event: 303.765 Executing safepoint VM operation: Cleanup done
Event: 334.781 Executing safepoint VM operation: Cleanup
Event: 334.783 Executing safepoint VM operation: Cleanup done
Event: 360.715 Executing non-safepoint VM operation: HandshakeAllThreads (HandshakeForDeflation)
Event: 360.724 Executing non-safepoint VM operation: HandshakeAllThreads (HandshakeForDeflation) done
Event: 360.724 Executing non-safepoint VM operation: RendezvousGCThreads
Event: 360.724 Executing non-safepoint VM operation: RendezvousGCThreads done

Memory protections (0 events):
No events

Nmethod flushes (20 events):
Event: 247.478 Thread 0x0000019e76c65480 flushing  nmethod 0x0000019e00a22790
Event: 247.478 Thread 0x0000019e76c65480 flushing  nmethod 0x0000019e00a22a90
Event: 247.478 Thread 0x0000019e76c65480 flushing  nmethod 0x0000019e00a25a90
Event: 247.478 Thread 0x0000019e76c65480 flushing  nmethod 0x0000019e00a3b810
Event: 247.478 Thread 0x0000019e76c65480 flushing  nmethod 0x0000019e00a3fd90
Event: 247.478 Thread 0x0000019e76c65480 flushing  nmethod 0x0000019e00a40190
Event: 247.478 Thread 0x0000019e76c65480 flushing  nmethod 0x0000019e00a41390
Event: 247.478 Thread 0x0000019e76c65480 flushing  nmethod 0x0000019e00a41a10
Event: 247.478 Thread 0x0000019e76c65480 flushing  nmethod 0x0000019e00a42690
Event: 247.478 Thread 0x0000019e76c65480 flushing  nmethod 0x0000019e00a46d10
Event: 247.478 Thread 0x0000019e76c65480 flushing  nmethod 0x0000019e00a4cd10
Event: 247.478 Thread 0x0000019e76c65480 flushing  nmethod 0x0000019e00a4d090
Event: 247.478 Thread 0x0000019e76c65480 flushing  nmethod 0x0000019e00a4dc90
Event: 247.478 Thread 0x0000019e76c65480 flushing  nmethod 0x0000019e00a51810
Event: 247.478 Thread 0x0000019e76c65480 flushing  nmethod 0x0000019e00a55390
Event: 247.478 Thread 0x0000019e76c65480 flushing  nmethod 0x0000019e00a59810
Event: 247.478 Thread 0x0000019e76c65480 flushing  nmethod 0x0000019e00a75890
Event: 247.478 Thread 0x0000019e76c65480 flushing  nmethod 0x0000019e00a79110
Event: 247.478 Thread 0x0000019e76c65480 flushing  nmethod 0x0000019e00a9a490
Event: 247.478 Thread 0x0000019e76c65480 flushing  nmethod 0x0000019e00aaac90

Events (20 events):
Event: 250.414 Thread 0x0000019e7e5b65d0 Thread added: 0x0000019e7e5b7980
Event: 250.603 Thread 0x0000019e7eef0800 Thread added: 0x0000019e7eeed380
Event: 250.612 Thread 0x0000019e7eef0800 Thread added: 0x0000019e7eeee0a0
Event: 250.614 Thread 0x0000019e7eef0800 Thread added: 0x0000019e64b2c530
Event: 250.620 Thread 0x0000019e7eef0800 Thread added: 0x0000019e64b2b810
Event: 250.631 Thread 0x0000019e7e5b65d0 Thread added: 0x0000019e64b290b0
Event: 250.638 Thread 0x0000019e64b290b0 Thread exited: 0x0000019e64b290b0
Event: 250.862 Thread 0x0000019e7eeef450 Thread added: 0x0000019e64b29740
Event: 250.897 Thread 0x0000019e7eeef450 Thread added: 0x0000019e64b290b0
Event: 250.957 Thread 0x0000019e7eeef450 Thread added: 0x0000019e64b29dd0
Event: 262.270 Thread 0x0000019e7eeeedc0 Thread added: 0x0000019e64b2a460
Event: 262.271 Thread 0x0000019e7eeeedc0 Thread added: 0x0000019e64b2aaf0
Event: 285.017 Thread 0x0000019e7e5b7980 Thread added: 0x0000019e64b2b180
Event: 302.143 Thread 0x0000019e7673fe20 Thread added: 0x0000019e7f702ce0
Event: 303.577 Thread 0x0000019e7f702ce0 Thread exited: 0x0000019e7f702ce0
Event: 347.084 Thread 0x0000019e64b290b0 Thread exited: 0x0000019e64b290b0
Event: 363.627 Thread 0x0000019e64b2c530 Thread exited: 0x0000019e64b2c530
Event: 393.844 Thread 0x0000019e7eeef450 Thread exited: 0x0000019e7eeef450
Event: 393.853 Thread 0x0000019e7e5b65d0 Thread exited: 0x0000019e7e5b65d0
Event: 423.654 Thread 0x0000019e7eeed380 Thread exited: 0x0000019e7eeed380


Dynamic libraries:
0x00007ff68c750000 - 0x00007ff68c75e000 	c:\Users\YUSHAN\.vscode\extensions\redhat.java-1.56.0-win32-x64\jre\21.0.12.1-win32-x86_64\bin\java.exe
0x00007ffb0d380000 - 0x00007ffb0d5e6000 	C:\WINDOWS\SYSTEM32\ntdll.dll
0x00007ffb0c3f0000 - 0x00007ffb0c4b9000 	C:\WINDOWS\System32\KERNEL32.DLL
0x00007ffb0a630000 - 0x00007ffb0aa2e000 	C:\WINDOWS\System32\KERNELBASE.dll
0x00007ffb069b0000 - 0x00007ffb06a50000 	C:\WINDOWS\SYSTEM32\apphelp.dll
0x00007ffb0ad10000 - 0x00007ffb0ae5c000 	C:\WINDOWS\System32\ucrtbase.dll
0x00007ffacae70000 - 0x00007ffacae88000 	c:\Users\YUSHAN\.vscode\extensions\redhat.java-1.56.0-win32-x64\jre\21.0.12.1-win32-x86_64\bin\jli.dll
0x00007ffb0ceb0000 - 0x00007ffb0d077000 	C:\WINDOWS\System32\USER32.dll
0x00007ffb0ac30000 - 0x00007ffb0ac57000 	C:\WINDOWS\System32\win32u.dll
0x00007ffb0ba30000 - 0x00007ffb0ba5b000 	C:\WINDOWS\System32\GDI32.dll
0x00007ffb0ab00000 - 0x00007ffb0ac2a000 	C:\WINDOWS\System32\gdi32full.dll
0x00007ffb0ac60000 - 0x00007ffb0ad03000 	C:\WINDOWS\System32\msvcp_win.dll
0x00007ffacd1a0000 - 0x00007ffacd1be000 	c:\Users\YUSHAN\.vscode\extensions\redhat.java-1.56.0-win32-x64\jre\21.0.12.1-win32-x86_64\bin\VCRUNTIME140.dll
0x00007ffaebfa0000 - 0x00007ffaec232000 	C:\WINDOWS\WinSxS\amd64_microsoft.windows.common-controls_6595b64144ccf1df_6.0.26100.8875_none_3e0d5d42e32fe9dd\COMCTL32.dll
0x00007ffb0c0a0000 - 0x00007ffb0c149000 	C:\WINDOWS\System32\msvcrt.dll
0x00007ffb0c4f0000 - 0x00007ffb0c522000 	C:\WINDOWS\System32\IMM32.DLL
0x00007ffb04830000 - 0x00007ffb0483c000 	c:\Users\YUSHAN\.vscode\extensions\redhat.java-1.56.0-win32-x64\jre\21.0.12.1-win32-x86_64\bin\vcruntime140_1.dll
0x00007ffa92b60000 - 0x00007ffa92bed000 	c:\Users\YUSHAN\.vscode\extensions\redhat.java-1.56.0-win32-x64\jre\21.0.12.1-win32-x86_64\bin\msvcp140.dll
0x00007ffa5d7d0000 - 0x00007ffa5e572000 	c:\Users\YUSHAN\.vscode\extensions\redhat.java-1.56.0-win32-x64\jre\21.0.12.1-win32-x86_64\bin\server\jvm.dll
0x00007ffb0b900000 - 0x00007ffb0b9b7000 	C:\WINDOWS\System32\ADVAPI32.dll
0x00007ffb0c8c0000 - 0x00007ffb0c96a000 	C:\WINDOWS\System32\sechost.dll
0x00007ffb0c150000 - 0x00007ffb0c268000 	C:\WINDOWS\System32\RPCRT4.dll
0x00007ffb0bf50000 - 0x00007ffb0bfd0000 	C:\WINDOWS\System32\WS2_32.dll
0x00007ffb0a400000 - 0x00007ffb0a45e000 	C:\WINDOWS\SYSTEM32\POWRPROF.dll
0x00007ffaf2f20000 - 0x00007ffaf2f56000 	C:\WINDOWS\SYSTEM32\WINMM.dll
0x00007ffb02f80000 - 0x00007ffb02f8b000 	C:\WINDOWS\SYSTEM32\VERSION.dll
0x00007ffb0a3e0000 - 0x00007ffb0a3f4000 	C:\WINDOWS\SYSTEM32\UMPDC.dll
0x00007ffb09280000 - 0x00007ffb0929b000 	C:\WINDOWS\SYSTEM32\kernel.appcore.dll
0x00007ffb03390000 - 0x00007ffb0339a000 	c:\Users\YUSHAN\.vscode\extensions\redhat.java-1.56.0-win32-x64\jre\21.0.12.1-win32-x86_64\bin\jimage.dll
0x00007ffb07d40000 - 0x00007ffb07f82000 	C:\WINDOWS\SYSTEM32\DBGHELP.DLL
0x00007ffb0c530000 - 0x00007ffb0c8b3000 	C:\WINDOWS\System32\combase.dll
0x00007ffb0c310000 - 0x00007ffb0c3e9000 	C:\WINDOWS\System32\OLEAUT32.dll
0x00007ffaf1b50000 - 0x00007ffaf1b8b000 	C:\WINDOWS\SYSTEM32\dbgcore.DLL
0x00007ffb0ae70000 - 0x00007ffb0af1c000 	C:\WINDOWS\System32\bcryptPrimitives.dll
0x00007ffb01a90000 - 0x00007ffb01a9f000 	c:\Users\YUSHAN\.vscode\extensions\redhat.java-1.56.0-win32-x64\jre\21.0.12.1-win32-x86_64\bin\instrument.dll
0x00007ffaa8ce0000 - 0x00007ffaa8d00000 	c:\Users\YUSHAN\.vscode\extensions\redhat.java-1.56.0-win32-x64\jre\21.0.12.1-win32-x86_64\bin\java.dll
0x00007ffb0b140000 - 0x00007ffb0b8d2000 	C:\WINDOWS\System32\SHELL32.dll
0x00007ffb08080000 - 0x00007ffb08912000 	C:\WINDOWS\SYSTEM32\windows.storage.dll
0x00007ffb0d240000 - 0x00007ffb0d337000 	C:\WINDOWS\System32\SHCORE.dll
0x00007ffb0b9c0000 - 0x00007ffb0ba27000 	C:\WINDOWS\System32\shlwapi.dll
0x00007ffb0a4c0000 - 0x00007ffb0a4e9000 	C:\WINDOWS\SYSTEM32\profapi.dll
0x00007ffaa7380000 - 0x00007ffaa7398000 	c:\Users\YUSHAN\.vscode\extensions\redhat.java-1.56.0-win32-x64\jre\21.0.12.1-win32-x86_64\bin\zip.dll
0x00007ffb01cf0000 - 0x00007ffb01d00000 	C:\Users\YUSHAN\.vscode\extensions\redhat.java-1.56.0-win32-x64\jre\21.0.12.1-win32-x86_64\bin\net.dll
0x00007ffb00840000 - 0x00007ffb00967000 	C:\WINDOWS\SYSTEM32\WINHTTP.dll
0x00007ffb09830000 - 0x00007ffb0989c000 	C:\WINDOWS\system32\mswsock.dll
0x00007ffaa8e20000 - 0x00007ffaa8e36000 	C:\Users\YUSHAN\.vscode\extensions\redhat.java-1.56.0-win32-x64\jre\21.0.12.1-win32-x86_64\bin\nio.dll
0x00007ffb034b0000 - 0x00007ffb034c0000 	c:\Users\YUSHAN\.vscode\extensions\redhat.java-1.56.0-win32-x64\jre\21.0.12.1-win32-x86_64\bin\verify.dll
0x00007ffade9a0000 - 0x00007ffade9e5000 	C:\Users\YUSHAN\AppData\Roaming\Code\User\globalStorage\redhat.java\1.56.0\config_win\org.eclipse.equinox.launcher\org.eclipse.equinox.launcher.win32.win32.x86_64_1.3.100.v20260804-1928\eclipse_11924.dll
0x00007ffb0c970000 - 0x00007ffb0cb09000 	C:\WINDOWS\System32\ole32.dll
0x00007ffaf89c0000 - 0x00007ffaf89ca000 	C:\Users\YUSHAN\.vscode\extensions\redhat.java-1.56.0-win32-x64\jre\21.0.12.1-win32-x86_64\bin\management.dll
0x00007ffaf8920000 - 0x00007ffaf892c000 	C:\Users\YUSHAN\.vscode\extensions\redhat.java-1.56.0-win32-x64\jre\21.0.12.1-win32-x86_64\bin\management_ext.dll
0x00007ffb0cb10000 - 0x00007ffb0cb18000 	C:\WINDOWS\System32\PSAPI.DLL
0x00007ffb09b30000 - 0x00007ffb09b4b000 	C:\WINDOWS\SYSTEM32\CRYPTSP.dll
0x00007ffb091e0000 - 0x00007ffb09219000 	C:\WINDOWS\system32\rsaenh.dll
0x00007ffb098f0000 - 0x00007ffb09922000 	C:\WINDOWS\SYSTEM32\USERENV.dll
0x00007ffb0a490000 - 0x00007ffb0a4ba000 	C:\WINDOWS\SYSTEM32\bcrypt.dll
0x00007ffb09b50000 - 0x00007ffb09b5c000 	C:\WINDOWS\SYSTEM32\CRYPTBASE.dll
0x00007ffb08c50000 - 0x00007ffb08c83000 	C:\WINDOWS\SYSTEM32\IPHLPAPI.DLL
0x00007ffb0cda0000 - 0x00007ffb0cdaa000 	C:\WINDOWS\System32\NSI.dll
0x00007ffade7c0000 - 0x00007ffade809000 	C:\Users\YUSHAN\AppData\Local\Temp\jna--1665929634\jna9365337687208247404.dll
0x00007ffb019a0000 - 0x00007ffb019bd000 	C:\WINDOWS\SYSTEM32\dhcpcsvc6.DLL
0x00007ffb01970000 - 0x00007ffb01995000 	C:\WINDOWS\SYSTEM32\dhcpcsvc.DLL
0x00007ffaf8900000 - 0x00007ffaf890e000 	C:\Users\YUSHAN\.vscode\extensions\redhat.java-1.56.0-win32-x64\jre\21.0.12.1-win32-x86_64\bin\sunmscapi.dll
0x00007ffb0af30000 - 0x00007ffb0b0a8000 	C:\WINDOWS\System32\CRYPT32.dll
0x00007ffb09d70000 - 0x00007ffb09da0000 	C:\WINDOWS\SYSTEM32\ncrypt.dll
0x00007ffb09d20000 - 0x00007ffb09d5f000 	C:\WINDOWS\SYSTEM32\NTASN1.dll
0x00007ffb08ce0000 - 0x00007ffb08e36000 	C:\WINDOWS\SYSTEM32\DNSAPI.dll
0x00007ffb09610000 - 0x00007ffb0961d000 	C:\WINDOWS\SYSTEM32\DSPARSE.dll
0x00007ffaf4eb0000 - 0x00007ffaf4ebb000 	C:\Windows\System32\rasadhlp.dll
0x00007ffafb830000 - 0x00007ffafb8b6000 	C:\WINDOWS\System32\fwpuclnt.dll
0x00007ffaf8910000 - 0x00007ffaf8919000 	C:\Users\YUSHAN\.vscode\extensions\redhat.java-1.56.0-win32-x64\jre\21.0.12.1-win32-x86_64\bin\extnet.dll

JVMTI agents:
c:\Users\YUSHAN\.vscode\extensions\redhat.java-1.56.0-win32-x64\lombok\lombok-1.18.39-4050.jar path:c:\Users\YUSHAN\.vscode\extensions\redhat.java-1.56.0-win32-x64\jre\21.0.12.1-win32-x86_64\bin\instrument.dll, loaded, initialized, instrumentlib options:none

dbghelp: loaded successfully - version: 4.0.5 - missing functions: none
symbol engine: initialized successfully - sym options: 0x614 - pdb path: .;c:\Users\YUSHAN\.vscode\extensions\redhat.java-1.56.0-win32-x64\jre\21.0.12.1-win32-x86_64\bin;C:\WINDOWS\SYSTEM32;C:\WINDOWS\WinSxS\amd64_microsoft.windows.common-controls_6595b64144ccf1df_6.0.26100.8875_none_3e0d5d42e32fe9dd;c:\Users\YUSHAN\.vscode\extensions\redhat.java-1.56.0-win32-x64\jre\21.0.12.1-win32-x86_64\bin\server;C:\Users\YUSHAN\AppData\Roaming\Code\User\globalStorage\redhat.java\1.56.0\config_win\org.eclipse.equinox.launcher\org.eclipse.equinox.launcher.win32.win32.x86_64_1.3.100.v20260804-1928;C:\Users\YUSHAN\AppData\Local\Temp\jna--1665929634

VM Arguments:
jvm_args: --add-modules=ALL-SYSTEM --add-opens=java.base/java.util=ALL-UNNAMED --add-opens=java.base/java.lang=ALL-UNNAMED --add-opens=java.base/sun.nio.fs=ALL-UNNAMED -Declipse.application=org.eclipse.jdt.ls.core.id1 -Dosgi.bundles.defaultStartLevel=4 -Declipse.product=org.eclipse.jdt.ls.core.product -Djava.import.generatesMetadataFilesAtProjectRoot=false -Dm2e.project.cache.size=50 -DDetectVMInstallationsJob.disabled=true -Dfile.encoding=utf8 -XX:+UseParallelGC -XX:GCTimeRatio=4 -XX:AdaptiveSizePolicyWeight=90 -Dsun.zip.disableMemoryMapping=true -Xmx8G -Xms100m -Xlog:disable -javaagent:c:\Users\YUSHAN\.vscode\extensions\redhat.java-1.56.0-win32-x64\lombok\lombok-1.18.39-4050.jar -XX:+HeapDumpOnOutOfMemoryError -XX:HeapDumpPath=c:\Users\YUSHAN\AppData\Roaming\Code\User\workspaceStorage\fa44f8be53a956b010306273356c24f5\redhat.java -Daether.dependencyCollector.impl=bf 
java_command: c:\Users\YUSHAN\.vscode\extensions\redhat.java-1.56.0-win32-x64\server\plugins\org.eclipse.equinox.launcher_1.8.0.v20260804-1928.jar -configuration c:\Users\YUSHAN\AppData\Roaming\Code\User\globalStorage\redhat.java\1.56.0\config_win -data c:\Users\YUSHAN\AppData\Roaming\Code\User\workspaceStorage\fa44f8be53a956b010306273356c24f5\redhat.java\jdt_ws --pipe=\\.\pipe\lsp-e7fefcf59b50ef7eeb1bebc8407d2539-sock
java_class_path (initial): c:\Users\YUSHAN\.vscode\extensions\redhat.java-1.56.0-win32-x64\server\plugins\org.eclipse.equinox.launcher_1.8.0.v20260804-1928.jar
Launcher Type: SUN_STANDARD

[Global flags]
    uintx AdaptiveSizePolicyWeight                 = 90                                        {product} {command line}
     intx CICompilerCount                          = 4                                         {product} {ergonomic}
    uintx GCTimeRatio                              = 4                                         {product} {command line}
     bool HeapDumpOnOutOfMemoryError               = true                                   {manageable} {command line}
    ccstr HeapDumpPath                             = c:\Users\YUSHAN\AppData\Roaming\Code\User\workspaceStorage\fa44f8be53a956b010306273356c24f5\redhat.java         {manageable} {command line}
   size_t InitialHeapSize                          = 104857600                                 {product} {command line}
   size_t MaxHeapSize                              = 8589934592                                {product} {command line}
   size_t MaxNewSize                               = 2863136768                                {product} {ergonomic}
   size_t MinHeapDeltaBytes                        = 524288                                    {product} {ergonomic}
   size_t MinHeapSize                              = 104857600                                 {product} {command line}
   size_t NewSize                                  = 34603008                                  {product} {ergonomic}
    uintx NonNMethodCodeHeapSize                   = 5839372                                {pd product} {ergonomic}
    uintx NonProfiledCodeHeapSize                  = 122909434                              {pd product} {ergonomic}
   size_t OldSize                                  = 70254592                                  {product} {ergonomic}
    uintx ProfiledCodeHeapSize                     = 122909434                              {pd product} {ergonomic}
    uintx ReservedCodeCacheSize                    = 251658240                              {pd product} {ergonomic}
     bool SegmentedCodeCache                       = true                                      {product} {ergonomic}
   size_t SoftMaxHeapSize                          = 8589934592                             {manageable} {ergonomic}
     bool UseCompressedOops                        = true                           {product lp64_product} {ergonomic}
     bool UseLargePagesIndividualAllocation        = false                                  {pd product} {ergonomic}
     bool UseParallelGC                            = true                                      {product} {command line}

Logging:
Log output configuration:
 #0: stdout all=off uptime,level,tags foldmultilines=false
 #1: stderr all=off uptime,level,tags foldmultilines=false

Release file:
JAVA_VERSION="21.0.12.1" 
MODULES="java.base java.compiler java.datatransfer java.xml java.prefs java.desktop java.instrument java.logging java.management java.security.sasl java.naming java.rmi java.management.rmi java.net.http java.scripting java.security.jgss java.transaction.xa java.sql java.sql.rowset java.xml.crypto java.se java.smartcardio jdk.accessibility jdk.internal.jvmstat jdk.attach jdk.charsets jdk.internal.opt jdk.zipfs jdk.compiler jdk.crypto.ec jdk.crypto.cryptoki jdk.crypto.mscapi jdk.dynalink jdk.internal.ed jdk.editpad jdk.hotspot.agent jdk.httpserver jdk.internal.le jdk.internal.vm.ci jdk.internal.vm.compiler jdk.internal.vm.compiler.management jdk.jartool jdk.javadoc jdk.jcmd jdk.management jdk.management.agent jdk.jconsole jdk.jdeps jdk.jdwp.agent jdk.jdi jdk.jfr jdk.jshell jdk.jsobject jdk.jstatd jdk.localedata jdk.management.jfr jdk.naming.dns jdk.naming.rmi jdk.net jdk.nio.mapmode jdk.random jdk.sctp jdk.security.auth jdk.security.jgss jdk.unsupported jdk.unsupported.desktop jdk.xml.dom" 

Environment Variables:
PATH=C:\Program Files\Eclipse Adoptium\jdk-21.0.12.8-hotspot\bin;C:\Program Files\OpenLogic\jdk-17.0.17.10-hotspot\bin;C:\Users\YUSHAN\Desktop\ªF\bin;;:\Program Files (x86)\Common Files\Oracle\Java\javapath;C:\windows\system32;C:\windows;C:\windows\System32\Wbem;C:\windows\System32\WindowsPowerShell\v1.0\;C:\windows\System32\OpenSSH\;C:\Program Files (x86)\NVIDIA Corporation\PhysX\Common;C:\Program Files\NVIDIA Corporation\NVIDIA NvDLISR;C:\WINDOWS\system32;C:\WINDOWS;C:\WINDOWS\System32\Wbem;C:\WINDOWS\System32\WindowsPowerShell\v1.0\;C:\WINDOWS\System32\OpenSSH\;C:\WINDOWS\system32;C:\WINDOWS;C:\WINDOWS\System32\Wbem;C:\WINDOWS\System32\WindowsPowerShell\v1.0\;C:\WINDOWS\System32\OpenSSH\;%NVM_HOME%;%NVM_SYMLINK%;C:\Users\YUSHAN\Desktop\dong\;C:\dong\Git\cmd;C:\Program Files\MySQL\MySQL Shell 8.0\bin\;C:\Users\YUSHAN\AppData\Local\Microsoft\WindowsApps;C:\Users\YUSHAN\Desktop\dong\nvm;C:\nvm4w\nodejs;C:\Users\YUSHAN\AppData\Roaming\npm;C:\Users\YUSHAN\AppData\Local\Programs\Microsoft VS Code\bin;C:\Users\YUSHAN\AppData\Local\GitHubDesktop\bin
USERNAME=YUSHAN
OS=Windows_NT
PROCESSOR_IDENTIFIER=Intel64 Family 6 Model 142 Stepping 12, GenuineIntel
TMP=C:\Users\YUSHAN\AppData\Local\Temp
TEMP=C:\Users\YUSHAN\AppData\Local\Temp




Periodic native trim disabled

---------------  S Y S T E M  ---------------

OS:
 Windows 11 , 64 bit Build 26100 (10.0.26100.8875)
OS uptime: 16 days 1:04 hours

CPU: total 8 (initial active 8) (4 cores per cpu, 2 threads per core) family 6 model 142 stepping 12 microcode 0xde, cx8, cmov, fxsr, ht, mmx, 3dnowpref, sse, sse2, sse3, ssse3, sse4.1, sse4.2, popcnt, lzcnt, tsc, tscinvbit, avx, avx2, aes, erms, clmul, bmi1, bmi2, adx, fma, vzeroupper, clflush, clflushopt, rdtscp, f16c
Processor Information for the first 8 processors :
  Max Mhz: 1800, Current Mhz: 1600, Mhz Limit: 1584

Memory: 4k page, system-wide physical 3982M (140M free)
TotalPageFile size 16270M (AvailPageFile size 0M)
current process WorkingSet (physical memory assigned to process): 10M, peak: 360M
current process commit charge ("private bytes"): 927M, peak: 948M

vm_info: OpenJDK 64-Bit Server VM (21.0.12.1+1-LTS) for windows-amd64 JRE (21.0.12.1+1-LTS), built on 2026-08-18T00:00:00Z by "admin" with MS VC++ 17.12 (VS2022)

END.
