#
# There is insufficient memory for the Java Runtime Environment to continue.
# Native memory allocation (malloc) failed to allocate 1048576 bytes. Error detail: AllocateHeap
# Possible reasons:
#   The system is out of physical RAM or swap space
#   This process is running with CompressedOops enabled, and the Java Heap may be blocking the growth of the native heap
# Possible solutions:
#   Reduce memory load on the system
#   Increase physical memory or swap space
#   Check if swap backing store is full
#   Decrease Java heap size (-Xmx/-Xms)
#   Decrease number of Java threads
#   Decrease Java thread stack sizes (-Xss)
#   Set larger code cache with -XX:ReservedCodeCacheSize=
#   JVM is running with Zero Based Compressed Oops mode in which the Java heap is
#     placed in the first 32GB address space. The Java Heap base address is the
#     maximum limit for the native heap growth. Please use -XX:HeapBaseMinAddress
#     to set the Java Heap base and to place the Java Heap above 32GB virtual address.
# This output file may be truncated or incomplete.
#
#  Out of Memory Error (allocation.cpp:44), pid=28064, tid=26572
#
# JRE version: OpenJDK Runtime Environment Temurin-21.0.12.1+1 (21.0.12.1+1) (build 21.0.12.1+1-LTS)
# Java VM: OpenJDK 64-Bit Server VM Temurin-21.0.12.1+1 (21.0.12.1+1-LTS, mixed mode, sharing, tiered, compressed oops, compressed class ptrs, parallel gc, windows-amd64)
# No core dump will be written. Minidumps are not enabled by default on client versions of Windows
#

---------------  S U M M A R Y ------------

Command Line: --add-modules=ALL-SYSTEM --add-opens=java.base/java.util=ALL-UNNAMED --add-opens=java.base/java.lang=ALL-UNNAMED --add-opens=java.base/sun.nio.fs=ALL-UNNAMED -Declipse.application=org.eclipse.jdt.ls.core.id1 -Dosgi.bundles.defaultStartLevel=4 -Declipse.product=org.eclipse.jdt.ls.core.product -Djava.import.generatesMetadataFilesAtProjectRoot=false -Dm2e.project.cache.size=50 -DDetectVMInstallationsJob.disabled=true -Dfile.encoding=utf8 -XX:+UseParallelGC -XX:GCTimeRatio=4 -XX:AdaptiveSizePolicyWeight=90 -Dsun.zip.disableMemoryMapping=true -Xmx8G -Xms100m -Xlog:disable -javaagent:c:\Users\YUSHAN\.vscode\extensions\redhat.java-1.56.0-win32-x64\lombok\lombok-1.18.39-4050.jar -XX:+HeapDumpOnOutOfMemoryError -XX:HeapDumpPath=c:\Users\YUSHAN\AppData\Roaming\Code\User\workspaceStorage\fa44f8be53a956b010306273356c24f5\redhat.java -Daether.dependencyCollector.impl=bf c:\Users\YUSHAN\.vscode\extensions\redhat.java-1.56.0-win32-x64\server\plugins\org.eclipse.equinox.launcher_1.8.0.v20260804-1928.jar -configuration c:\Users\YUSHAN\AppData\Roaming\Code\User\globalStorage\redhat.java\1.56.0\config_win -data c:\Users\YUSHAN\AppData\Roaming\Code\User\workspaceStorage\fa44f8be53a956b010306273356c24f5\redhat.java\jdt_ws --stdio

Host: Intel(R) Core(TM) i5-8265U CPU @ 1.60GHz, 8 cores, 3G,  Windows 11 , 64 bit Build 26100 (10.0.26100.8875)
Time: Mon Sep  7 14:54:13 2026 elapsed time: 292.802789 seconds (0d 0h 4m 52s)

---------------  T H R E A D  ---------------

Current thread (0x000001e6183014e0):  JavaThread "Attach Listener" daemon [_thread_in_vm, id=26572, stack(0x000000829aa00000,0x000000829ab00000) (1024K)]

Stack: [0x000000829aa00000,0x000000829ab00000]
Native frames: (J=compiled Java code, j=interpreted, Vv=VM code, C=native code)
V  [jvm.dll+0x6d83e9]
V  [jvm.dll+0x8b5736]
V  [jvm.dll+0x8b7cee]
V  [jvm.dll+0x8b83d3]
V  [jvm.dll+0x284596]
V  [jvm.dll+0xc13c7]
V  [jvm.dll+0x6d8c99]
V  [jvm.dll+0x133616]
V  [jvm.dll+0x3f8aae]
V  [jvm.dll+0x8600cd]
V  [jvm.dll+0x6d6c1d]
C  [ucrtbase.dll+0x2cd30]
C  [KERNEL32.DLL+0x2e957]
C  [ntdll.dll+0xaad6c]


---------------  P R O C E S S  ---------------

Threads class SMR info:
_java_thread_list=0x000001e6111a08b0, length=63, elements={
0x000001e6186f3720, 0x000001e6182faad0, 0x000001e6182fd620, 0x000001e6183004d0,
0x000001e6183014e0, 0x000001e618305410, 0x000001e6183090d0, 0x000001e61830cfa0,
0x000001e6183184f0, 0x000001e67fc3f870, 0x000001e67fcf9370, 0x000001e60489f080,
0x000001e60478ae90, 0x000001e60436bc40, 0x000001e604888d60, 0x000001e6048ac600,
0x000001e60520c0a0, 0x000001e604a0a2f0, 0x000001e605148410, 0x000001e605149130,
0x000001e6051497c0, 0x000001e60514a4e0, 0x000001e6068eddd0, 0x000001e6068ed0b0,
0x000001e6068ee460, 0x000001e6068eca20, 0x000001e6068f39b0, 0x000001e6068f0bc0,
0x000001e6068f1250, 0x000001e6068f4040, 0x000001e6068f18e0, 0x000001e6068f2c90,
0x000001e6046e6200, 0x000001e6046e6f20, 0x000001e6046e4130, 0x000001e6046e5b70,
0x000001e6046e6890, 0x000001e6046e3aa0, 0x000001e6046e9d10, 0x000001e6046ea3a0,
0x000001e6046eaa30, 0x000001e607308be0, 0x000001e60730b340, 0x000001e607307ec0,
0x000001e60730b9d0, 0x000001e607308550, 0x000001e60801f650, 0x000001e608020370,
0x000001e608020a00, 0x000001e608023160, 0x000001e608021db0, 0x000001e608023e80,
0x000001e6080237f0, 0x000001e608022440, 0x000001e608022ad0, 0x000001e60730c060,
0x000001e60730c6f0, 0x000001e607309900, 0x000001e60730d410, 0x000001e60730daa0,
0x000001e60730e7c0, 0x000001e60730ee50, 0x000001e60514b200
}

Java Threads: ( => current thread )
  0x000001e6186f3720 JavaThread "main"                              [_thread_blocked, id=13308, stack(0x000000829a300000,0x000000829a400000) (1024K)]
  0x000001e6182faad0 JavaThread "Reference Handler"          daemon [_thread_blocked, id=27436, stack(0x000000829a700000,0x000000829a800000) (1024K)]
  0x000001e6182fd620 JavaThread "Finalizer"                  daemon [_thread_blocked, id=10916, stack(0x000000829a800000,0x000000829a900000) (1024K)]
  0x000001e6183004d0 JavaThread "Signal Dispatcher"          daemon [_thread_blocked, id=25896, stack(0x000000829a900000,0x000000829aa00000) (1024K)]
=>0x000001e6183014e0 JavaThread "Attach Listener"            daemon [_thread_in_vm, id=26572, stack(0x000000829aa00000,0x000000829ab00000) (1024K)]
  0x000001e618305410 JavaThread "Service Thread"             daemon [_thread_blocked, id=24212, stack(0x000000829ab00000,0x000000829ac00000) (1024K)]
  0x000001e6183090d0 JavaThread "Monitor Deflation Thread"   daemon [_thread_blocked, id=26844, stack(0x000000829ac00000,0x000000829ad00000) (1024K)]
  0x000001e61830cfa0 JavaThread "C2 CompilerThread0"         daemon [_thread_blocked, id=14856, stack(0x000000829ad00000,0x000000829ae00000) (1024K)]
  0x000001e6183184f0 JavaThread "C1 CompilerThread0"         daemon [_thread_blocked, id=20512, stack(0x000000829ae00000,0x000000829af00000) (1024K)]
  0x000001e67fc3f870 JavaThread "Common-Cleaner"             daemon [_thread_blocked, id=13076, stack(0x000000829af00000,0x000000829b000000) (1024K)]
  0x000001e67fcf9370 JavaThread "Notification Thread"        daemon [_thread_blocked, id=22400, stack(0x000000829b100000,0x000000829b200000) (1024K)]
  0x000001e60489f080 JavaThread "Active Thread: Equinox Container: fe879659-9d5c-4832-ab18-76d68141eb7b"        [_thread_blocked, id=14384, stack(0x000000829b800000,0x000000829b900000) (1024K)]
  0x000001e60478ae90 JavaThread "Refresh Thread: Equinox Container: fe879659-9d5c-4832-ab18-76d68141eb7b" daemon [_thread_blocked, id=8604, stack(0x000000829ba00000,0x000000829bb00000) (1024K)]
  0x000001e60436bc40 JavaThread "Framework Event Dispatcher: Equinox Container: fe879659-9d5c-4832-ab18-76d68141eb7b" daemon [_thread_blocked, id=2900, stack(0x000000829bb00000,0x000000829bc00000) (1024K)]
  0x000001e604888d60 JavaThread "Start Level: Equinox Container: fe879659-9d5c-4832-ab18-76d68141eb7b" daemon [_thread_blocked, id=25480, stack(0x000000829bc00000,0x000000829bd00000) (1024K)]
  0x000001e6048ac600 JavaThread "Bundle File Closer"         daemon [_thread_blocked, id=23804, stack(0x000000829bd00000,0x000000829be00000) (1024K)]
  0x000001e60520c0a0 JavaThread "SCR Component Actor"        daemon [_thread_blocked, id=3680, stack(0x000000829b000000,0x000000829b100000) (1024K)]
  0x000001e604a0a2f0 JavaThread "Worker-JM"                         [_thread_blocked, id=28600, stack(0x000000829bf00000,0x000000829c000000) (1024K)]
  0x000001e605148410 JavaThread "JNA Cleaner"                daemon [_thread_blocked, id=13520, stack(0x000000829be00000,0x000000829bf00000) (1024K)]
  0x000001e605149130 JavaThread "Worker-2"                          [_thread_blocked, id=27696, stack(0x000000829c200000,0x000000829c300000) (1024K)]
  0x000001e6051497c0 JavaThread "Java indexing"              daemon [_thread_blocked, id=21216, stack(0x000000829c300000,0x000000829c400000) (1024K)]
  0x000001e60514a4e0 JavaThread "Worker-4"                          [_thread_blocked, id=25716, stack(0x000000829c700000,0x000000829c800000) (1024K)]
  0x000001e6068eddd0 JavaThread "pool-2-thread-1"                   [_thread_blocked, id=11164, stack(0x000000829ca00000,0x000000829cb00000) (1024K)]
  0x000001e6068ed0b0 JavaThread "WorkspaceEventsHandler"            [_thread_blocked, id=26888, stack(0x000000829cb00000,0x000000829cc00000) (1024K)]
  0x000001e6068ee460 JavaThread "pool-1-thread-1"                   [_thread_in_native, id=25088, stack(0x000000829cc00000,0x000000829cd00000) (1024K)]
  0x000001e6068eca20 JavaThread "LocalFile Deleter"          daemon [_thread_blocked, id=4372, stack(0x000000829ce00000,0x000000829cf00000) (1024K)]
  0x000001e6068f39b0 JavaThread "LocalFile Deleter"          daemon [_thread_blocked, id=11028, stack(0x000000829cf00000,0x000000829d000000) (1024K)]
  0x000001e6068f0bc0 JavaThread "LocalFile Deleter"          daemon [_thread_blocked, id=15968, stack(0x000000829d000000,0x000000829d100000) (1024K)]
  0x000001e6068f1250 JavaThread "LocalFile Deleter"          daemon [_thread_blocked, id=25732, stack(0x000000829d100000,0x000000829d200000) (1024K)]
  0x000001e6068f4040 JavaThread "Compiler Source File Reader" daemon [_thread_blocked, id=5912, stack(0x000000829d500000,0x000000829d600000) (1024K)]
  0x000001e6068f18e0 JavaThread "Compiler Source File Reader" daemon [_thread_blocked, id=21076, stack(0x000000829d600000,0x000000829d700000) (1024K)]
  0x000001e6068f2c90 JavaThread "Compiler Source File Reader" daemon [_thread_blocked, id=16336, stack(0x000000829d700000,0x000000829d800000) (1024K)]
  0x000001e6046e6200 JavaThread "Compiler Source File Reader" daemon [_thread_blocked, id=7180, stack(0x000000829d800000,0x000000829d900000) (1024K)]
  0x000001e6046e6f20 JavaThread "Compiler Source File Reader" daemon [_thread_blocked, id=7668, stack(0x000000829d900000,0x000000829da00000) (1024K)]
  0x000001e6046e4130 JavaThread "Compiler Source File Reader" daemon [_thread_blocked, id=7996, stack(0x000000829da00000,0x000000829db00000) (1024K)]
  0x000001e6046e5b70 JavaThread "Compiler Class File Writer" daemon [_thread_blocked, id=4256, stack(0x000000829dc00000,0x000000829dd00000) (1024K)]
  0x000001e6046e6890 JavaThread "Compiler Class File Writer" daemon [_thread_blocked, id=10196, stack(0x000000829dd00000,0x000000829de00000) (1024K)]
  0x000001e6046e3aa0 JavaThread "Compiler Class File Writer" daemon [_thread_blocked, id=16624, stack(0x000000829de00000,0x000000829df00000) (1024K)]
  0x000001e6046e9d10 JavaThread "Compiler Class File Writer" daemon [_thread_blocked, id=17748, stack(0x000000829df00000,0x000000829e000000) (1024K)]
  0x000001e6046ea3a0 JavaThread "Compiler Class File Writer" daemon [_thread_blocked, id=3548, stack(0x000000829e000000,0x000000829e100000) (1024K)]
  0x000001e6046eaa30 JavaThread "Compiler Class File Writer" daemon [_thread_blocked, id=26408, stack(0x000000829e100000,0x000000829e200000) (1024K)]
  0x000001e607308be0 JavaThread "Timer-0"                           [_thread_blocked, id=6196, stack(0x000000829e200000,0x000000829e300000) (1024K)]
  0x000001e60730b340 JavaThread "Timer-1"                           [_thread_blocked, id=19144, stack(0x000000829e300000,0x000000829e400000) (1024K)]
  0x000001e607307ec0 JavaThread "Timer-2"                           [_thread_blocked, id=26012, stack(0x000000829e400000,0x000000829e500000) (1024K)]
  0x000001e60730b9d0 JavaThread "Timer-3"                           [_thread_blocked, id=27084, stack(0x000000829e500000,0x000000829e600000) (1024K)]
  0x000001e607308550 JavaThread "Timer-4"                           [_thread_blocked, id=20192, stack(0x000000829e600000,0x000000829e700000) (1024K)]
  0x000001e60801f650 JavaThread "PatternSearchJob-worker-1"  daemon [_thread_blocked, id=14740, stack(0x000000829d400000,0x000000829d500000) (1024K)]
  0x000001e608020370 JavaThread "PatternSearchJob-worker-2"  daemon [_thread_blocked, id=22176, stack(0x000000829db00000,0x000000829dc00000) (1024K)]
  0x000001e608020a00 JavaThread "PatternSearchJob-worker-3"  daemon [_thread_blocked, id=14056, stack(0x000000829ee00000,0x000000829ef00000) (1024K)]
  0x000001e608023160 JavaThread "Timer-5"                           [_thread_blocked, id=22472, stack(0x000000829a000000,0x000000829a100000) (1024K)]
  0x000001e608021db0 JavaThread "Timer-6"                           [_thread_blocked, id=9680, stack(0x000000829a200000,0x000000829a300000) (1024K)]
  0x000001e608023e80 JavaThread "Timer-7"                           [_thread_blocked, id=23012, stack(0x000000829c000000,0x000000829c100000) (1024K)]
  0x000001e6080237f0 JavaThread "Timer-8"                           [_thread_blocked, id=20252, stack(0x000000829c500000,0x000000829c600000) (1024K)]
  0x000001e608022440 JavaThread "ForkJoinPool.commonPool-worker-1" daemon [_thread_blocked, id=9928, stack(0x000000829a100000,0x000000829a200000) (1024K)]
  0x000001e608022ad0 JavaThread "ForkJoinPool.commonPool-worker-2" daemon [_thread_blocked, id=12876, stack(0x000000829c100000,0x000000829c200000) (1024K)]
  0x000001e60730c060 JavaThread "ForkJoinPool.commonPool-worker-3" daemon [_thread_blocked, id=26584, stack(0x000000829c600000,0x000000829c700000) (1024K)]
  0x000001e60730c6f0 JavaThread "ForkJoinPool.commonPool-worker-4" daemon [_thread_blocked, id=22856, stack(0x000000829d200000,0x000000829d300000) (1024K)]
  0x000001e607309900 JavaThread "ForkJoinPool.commonPool-worker-5" daemon [_thread_blocked, id=18576, stack(0x000000829e700000,0x000000829e800000) (1024K)]
  0x000001e60730d410 JavaThread "ForkJoinPool.commonPool-worker-6" daemon [_thread_blocked, id=21248, stack(0x000000829e800000,0x000000829e900000) (1024K)]
  0x000001e60730daa0 JavaThread "PatternSearchJob-worker-4"  daemon [_thread_blocked, id=27096, stack(0x000000829ea00000,0x000000829eb00000) (1024K)]
  0x000001e60730e7c0 JavaThread "PatternSearchJob-worker-5"  daemon [_thread_blocked, id=26352, stack(0x000000829eb00000,0x000000829ec00000) (1024K)]
  0x000001e60730ee50 JavaThread "PatternSearchJob-worker-6"  daemon [_thread_blocked, id=21348, stack(0x000000829ed00000,0x000000829ee00000) (1024K)]
  0x000001e60514b200 JavaThread "PatternSearchJob-worker-7"  daemon [_thread_blocked, id=27788, stack(0x000000829ef00000,0x000000829f000000) (1024K)]
Total: 63

Other Threads:
  0x000001e6182f1450 VMThread "VM Thread"                           [id=24872, stack(0x000000829a600000,0x000000829a700000) (1024K)]
  0x000001e61820ca00 WatcherThread "VM Periodic Task Thread"        [id=26420, stack(0x000000829a500000,0x000000829a600000) (1024K)]
  0x000001e618713ae0 WorkerThread "GC Thread#0"                     [id=23976, stack(0x000000829a400000,0x000000829a500000) (1024K)]
  0x000001e60429b7a0 WorkerThread "GC Thread#1"                     [id=3492, stack(0x000000829b200000,0x000000829b300000) (1024K)]
  0x000001e604718950 WorkerThread "GC Thread#2"                     [id=15492, stack(0x000000829b300000,0x000000829b400000) (1024K)]
  0x000001e60429bb50 WorkerThread "GC Thread#3"                     [id=1652, stack(0x000000829b400000,0x000000829b500000) (1024K)]
  0x000001e60429bf00 WorkerThread "GC Thread#4"                     [id=22792, stack(0x000000829b500000,0x000000829b600000) (1024K)]
  0x000001e60429cab0 WorkerThread "GC Thread#5"                     [id=21456, stack(0x000000829b600000,0x000000829b700000) (1024K)]
  0x000001e60429ce60 WorkerThread "GC Thread#6"                     [id=28108, stack(0x000000829b700000,0x000000829b800000) (1024K)]
  0x000001e6043f7760 WorkerThread "GC Thread#7"                     [id=9540, stack(0x000000829b900000,0x000000829ba00000) (1024K)]
Total: 10

Threads with active compile tasks:
Total: 0

VM state: not at safepoint (normal execution)

VM Mutex/Monitor currently owned by a thread: None

Heap address: 0x0000000600000000, size: 8192 MB, Compressed Oops mode: Zero based, Oop shift amount: 3

CDS archive(s) mapped at: [0x000001e63e000000-0x000001e63eba0000-0x000001e63eba0000), size 12189696, SharedBaseAddress: 0x000001e63e000000, ArchiveRelocationMode: 1.
Compressed class space mapped at: 0x000001e63f000000-0x000001e67f000000, reserved size: 1073741824
Narrow klass base: 0x000001e63e000000, Narrow klass shift: 0, Narrow klass range: 0x100000000

GC Precious Log:
 CardTable entry size: 512
 CPUs: 8 total, 8 available
 Memory: 3982M
 Large Page Support: Disabled
 NUMA Support: Disabled
 Compressed Oops: Enabled (Zero based)
 Alignments: Space 512K, Generation 512K, Heap 2M
 Heap Min Capacity: 100M
 Heap Initial Capacity: 100M
 Heap Max Capacity: 8G
 Pre-touch: Disabled
 Parallel Workers: 8

Heap:
 PSYoungGen      total 4096K, used 569K [0x0000000755580000, 0x0000000755a80000, 0x0000000800000000)
  eden space 3584K, 9% used [0x0000000755580000,0x00000007555d6510,0x0000000755900000)
  from space 512K, 43% used [0x0000000755980000,0x00000007559b8000,0x0000000755a00000)
  to   space 512K, 0% used [0x0000000755a00000,0x0000000755a00000,0x0000000755a80000)
 ParOldGen       total 680960K, used 101428K [0x0000000600000000, 0x0000000629900000, 0x0000000755580000)
  object space 680960K, 14% used [0x0000000600000000,0x000000060630d190,0x0000000629900000)
 Metaspace       used 87813K, committed 89536K, reserved 1179648K
  class space    used 10095K, committed 10880K, reserved 1048576K

Card table byte_map: [0x000001e62a8f0000,0x000001e62b900000] _byte_map_base: 0x000001e6278f0000

Marking Bits: (ParMarkBitMap*) 0x00007ffa9dec44a0
 Begin Bits: [0x000001e62c3b0000, 0x000001e6343b0000)
 End Bits:   [0x000001e6343b0000, 0x000001e63c3b0000)

Polling page: 0x000001e616850000

Metaspace:

Usage:
  Non-class:     75.90 MB used.
      Class:      9.86 MB used.
       Both:     85.76 MB used.

Virtual space:
  Non-class space:      128.00 MB reserved,      76.81 MB ( 60%) committed,  2 nodes.
      Class space:        1.00 GB reserved,      10.62 MB (  1%) committed,  1 nodes.
             Both:        1.12 GB reserved,      87.44 MB (  8%) committed. 

Chunk freelists:
   Non-Class:  3.02 MB
       Class:  5.41 MB
        Both:  8.42 MB

MaxMetaspaceSize: unlimited
CompressedClassSpaceSize: 1.00 GB
Initial GC threshold: 21.00 MB
Current GC threshold: 144.00 MB
CDS: on
 - commit_granule_bytes: 65536.
 - commit_granule_words: 8192.
 - virtual_space_node_default_size: 8388608.
 - enlarge_chunks_in_place: 1.
 - use_allocation_guard: 0.


Internal statistics:

num_allocs_failed_limit: 9.
num_arena_births: 1588.
num_arena_deaths: 24.
num_vsnodes_births: 3.
num_vsnodes_deaths: 0.
num_space_committed: 1399.
num_space_uncommitted: 0.
num_chunks_returned_to_freelist: 37.
num_chunks_taken_from_freelist: 5680.
num_chunk_merges: 10.
num_chunk_splits: 3564.
num_chunks_enlarged: 2145.
num_inconsistent_stats: 0.

CodeHeap 'non-profiled nmethods': size=120000Kb used=14264Kb max_used=14264Kb free=105736Kb
 bounds [0x000001e6233c0000, 0x000001e6241e0000, 0x000001e62a8f0000]
CodeHeap 'profiled nmethods': size=120000Kb used=36564Kb max_used=41548Kb free=83435Kb
 bounds [0x000001e61b8f0000, 0x000001e61e190000, 0x000001e622e20000]
CodeHeap 'non-nmethods': size=5760Kb used=1479Kb max_used=1557Kb free=4280Kb
 bounds [0x000001e622e20000, 0x000001e623090000, 0x000001e6233c0000]
CodeCache: size=245760Kb, used=52307Kb, max_used=57369Kb, free=193451Kb
 total_blobs=16444, nmethods=15651, adapters=694, full_count=0
Compilation: enabled, stopped_count=0, restarted_count=0

Compilation events (20 events):
Event: 231.318 Thread 0x000001e61830cfa0 18153       4       org.eclipse.jdt.internal.core.ClasspathEntry::isModular (67 bytes)
Event: 231.320 Thread 0x000001e61830cfa0 nmethod 18153 0x000001e6236bca10 code [0x000001e6236bcbc0, 0x000001e6236bce98]
Event: 231.320 Thread 0x000001e61830cfa0 18156       4       org.eclipse.jdt.internal.core.NameLookup$$Lambda/0x000001e63fa32da0::matches (7 bytes)
Event: 231.324 Thread 0x000001e61830cfa0 nmethod 18156 0x000001e62347e390 code [0x000001e62347e560, 0x000001e62347eaf0]
Event: 231.324 Thread 0x000001e61830cfa0 18163       4       org.eclipse.jdt.internal.core.JavaElement::getChildren (26 bytes)
Event: 231.325 Thread 0x000001e61830cfa0 nmethod 18163 0x000001e62356cf10 code [0x000001e62356d0a0, 0x000001e62356d1d8]
Event: 231.433 Thread 0x000001e6183184f0 18164       1       org.eclipse.core.internal.localstore.FileSystemResourceManager::getWorkspace (5 bytes)
Event: 231.433 Thread 0x000001e6183184f0 nmethod 18164 0x000001e6236a4e90 code [0x000001e6236a5020, 0x000001e6236a50f0]
Event: 231.433 Thread 0x000001e6183184f0 18165       3       org.eclipse.jdt.core.dom.SimpleName::accept0 (12 bytes)
Event: 231.434 Thread 0x000001e6183184f0 nmethod 18165 0x000001e61bc84490 code [0x000001e61bc84660, 0x000001e61bc84910]
Event: 231.434 Thread 0x000001e6183184f0 18166       3       org.eclipse.jdt.internal.core.util.MementoTokenizer::nextToken (647 bytes)
Event: 231.438 Thread 0x000001e6183184f0 nmethod 18166 0x000001e61bea8410 code [0x000001e61bea87a0, 0x000001e61bea9af0]
Event: 232.576 Thread 0x000001e61830cfa0 18167       4       jdk.internal.reflect.MethodHandleFieldAccessorImpl::ensureObj (30 bytes)
Event: 232.577 Thread 0x000001e61830cfa0 nmethod 18167 0x000001e6236c6f90 code [0x000001e6236c7120, 0x000001e6236c7290]
Event: 232.579 Thread 0x000001e6183184f0 18168       3       org.eclipse.jdt.internal.core.util.WeakHashSet::cleanupGarbageCollectedValues (144 bytes)
Event: 232.579 Thread 0x000001e61830cfa0 18169       4       java.lang.invoke.LambdaForm$MH/0x000001e63f014c00::invoke (35 bytes)
Event: 232.579 Thread 0x000001e6183184f0 nmethod 18168 0x000001e61bc57a10 code [0x000001e61bc57c20, 0x000001e61bc58528]
Event: 232.579 Thread 0x000001e6183184f0 18170       3       java.util.concurrent.ForkJoinPool::awaitWork (321 bytes)
Event: 232.580 Thread 0x000001e61830cfa0 nmethod 18169 0x000001e623667790 code [0x000001e623667940, 0x000001e623667af0]
Event: 232.582 Thread 0x000001e6183184f0 nmethod 18170 0x000001e61b97d710 code [0x000001e61b97da60, 0x000001e61b97eea0]

GC Heap History (20 events):
Event: 200.369 GC heap before
{Heap before GC invocations=1554 (full 3):
 PSYoungGen      total 4096K, used 3808K [0x0000000755580000, 0x0000000755a80000, 0x0000000800000000)
  eden space 3584K, 100% used [0x0000000755580000,0x0000000755900000,0x0000000755900000)
  from space 512K, 43% used [0x0000000755a00000,0x0000000755a38000,0x0000000755a80000)
  to   space 512K, 0% used [0x0000000755980000,0x0000000755980000,0x0000000755a00000)
 ParOldGen       total 680960K, used 680472K [0x0000000600000000, 0x0000000629900000, 0x0000000755580000)
  object space 680960K, 99% used [0x0000000600000000,0x0000000629886190,0x0000000629900000)
 Metaspace       used 86676K, committed 88448K, reserved 1179648K
  class space    used 9935K, committed 10752K, reserved 1048576K
}
Event: 200.375 GC heap after
{Heap after GC invocations=1554 (full 3):
 PSYoungGen      total 4096K, used 256K [0x0000000755580000, 0x0000000755a80000, 0x0000000800000000)
  eden space 3584K, 0% used [0x0000000755580000,0x0000000755580000,0x0000000755900000)
  from space 512K, 50% used [0x0000000755980000,0x00000007559c0000,0x0000000755a00000)
  to   space 512K, 0% used [0x0000000755a00000,0x0000000755a00000,0x0000000755a80000)
 ParOldGen       total 680960K, used 680496K [0x0000000600000000, 0x0000000629900000, 0x0000000755580000)
  object space 680960K, 99% used [0x0000000600000000,0x000000062988c190,0x0000000629900000)
 Metaspace       used 86676K, committed 88448K, reserved 1179648K
  class space    used 9935K, committed 10752K, reserved 1048576K
}
Event: 200.837 GC heap before
{Heap before GC invocations=1555 (full 3):
 PSYoungGen      total 4096K, used 1617K [0x0000000755580000, 0x0000000755a80000, 0x0000000800000000)
  eden space 3584K, 37% used [0x0000000755580000,0x00000007556d46b0,0x0000000755900000)
  from space 512K, 50% used [0x0000000755980000,0x00000007559c0000,0x0000000755a00000)
  to   space 512K, 0% used [0x0000000755a00000,0x0000000755a00000,0x0000000755a80000)
 ParOldGen       total 680960K, used 680496K [0x0000000600000000, 0x0000000629900000, 0x0000000755580000)
  object space 680960K, 99% used [0x0000000600000000,0x000000062988c190,0x0000000629900000)
 Metaspace       used 86694K, committed 88448K, reserved 1179648K
  class space    used 9935K, committed 10752K, reserved 1048576K
}
Event: 200.844 GC heap after
{Heap after GC invocations=1555 (full 3):
 PSYoungGen      total 4096K, used 192K [0x0000000755580000, 0x0000000755a80000, 0x0000000800000000)
  eden space 3584K, 0% used [0x0000000755580000,0x0000000755580000,0x0000000755900000)
  from space 512K, 37% used [0x0000000755a00000,0x0000000755a30000,0x0000000755a80000)
  to   space 512K, 0% used [0x0000000755980000,0x0000000755980000,0x0000000755a00000)
 ParOldGen       total 680960K, used 680536K [0x0000000600000000, 0x0000000629900000, 0x0000000755580000)
  object space 680960K, 99% used [0x0000000600000000,0x0000000629896190,0x0000000629900000)
 Metaspace       used 86694K, committed 88448K, reserved 1179648K
  class space    used 9935K, committed 10752K, reserved 1048576K
}
Event: 200.845 GC heap before
{Heap before GC invocations=1556 (full 4):
 PSYoungGen      total 4096K, used 192K [0x0000000755580000, 0x0000000755a80000, 0x0000000800000000)
  eden space 3584K, 0% used [0x0000000755580000,0x0000000755580000,0x0000000755900000)
  from space 512K, 37% used [0x0000000755a00000,0x0000000755a30000,0x0000000755a80000)
  to   space 512K, 0% used [0x0000000755980000,0x0000000755980000,0x0000000755a00000)
 ParOldGen       total 680960K, used 680536K [0x0000000600000000, 0x0000000629900000, 0x0000000755580000)
  object space 680960K, 99% used [0x0000000600000000,0x0000000629896190,0x0000000629900000)
 Metaspace       used 86694K, committed 88448K, reserved 1179648K
  class space    used 9935K, committed 10752K, reserved 1048576K
}
Event: 204.994 GC heap after
{Heap after GC invocations=1556 (full 4):
 PSYoungGen      total 4096K, used 0K [0x0000000755580000, 0x0000000755a80000, 0x0000000800000000)
  eden space 3584K, 0% used [0x0000000755580000,0x0000000755580000,0x0000000755900000)
  from space 512K, 0% used [0x0000000755a00000,0x0000000755a00000,0x0000000755a80000)
  to   space 512K, 0% used [0x0000000755980000,0x0000000755980000,0x0000000755a00000)
 ParOldGen       total 680960K, used 99738K [0x0000000600000000, 0x0000000629900000, 0x0000000755580000)
  object space 680960K, 14% used [0x0000000600000000,0x0000000606166a60,0x0000000629900000)
 Metaspace       used 86694K, committed 88448K, reserved 1179648K
  class space    used 9935K, committed 10752K, reserved 1048576K
}
Event: 207.647 GC heap before
{Heap before GC invocations=1557 (full 4):
 PSYoungGen      total 4096K, used 3584K [0x0000000755580000, 0x0000000755a80000, 0x0000000800000000)
  eden space 3584K, 100% used [0x0000000755580000,0x0000000755900000,0x0000000755900000)
  from space 512K, 0% used [0x0000000755a00000,0x0000000755a00000,0x0000000755a80000)
  to   space 512K, 0% used [0x0000000755980000,0x0000000755980000,0x0000000755a00000)
 ParOldGen       total 680960K, used 99738K [0x0000000600000000, 0x0000000629900000, 0x0000000755580000)
  object space 680960K, 14% used [0x0000000600000000,0x0000000606166a60,0x0000000629900000)
 Metaspace       used 86698K, committed 88448K, reserved 1179648K
  class space    used 9939K, committed 10752K, reserved 1048576K
}
Event: 207.655 GC heap after
{Heap after GC invocations=1557 (full 4):
 PSYoungGen      total 4096K, used 512K [0x0000000755580000, 0x0000000755b00000, 0x0000000800000000)
  eden space 3584K, 0% used [0x0000000755580000,0x0000000755580000,0x0000000755900000)
  from space 512K, 100% used [0x0000000755980000,0x0000000755a00000,0x0000000755a00000)
  to   space 1024K, 0% used [0x0000000755a00000,0x0000000755a00000,0x0000000755b00000)
 ParOldGen       total 680960K, used 99801K [0x0000000600000000, 0x0000000629900000, 0x0000000755580000)
  object space 680960K, 14% used [0x0000000600000000,0x0000000606176758,0x0000000629900000)
 Metaspace       used 86698K, committed 88448K, reserved 1179648K
  class space    used 9939K, committed 10752K, reserved 1048576K
}
Event: 207.735 GC heap before
{Heap before GC invocations=1558 (full 4):
 PSYoungGen      total 4096K, used 4096K [0x0000000755580000, 0x0000000755b00000, 0x0000000800000000)
  eden space 3584K, 100% used [0x0000000755580000,0x0000000755900000,0x0000000755900000)
  from space 512K, 100% used [0x0000000755980000,0x0000000755a00000,0x0000000755a00000)
  to   space 1024K, 0% used [0x0000000755a00000,0x0000000755a00000,0x0000000755b00000)
 ParOldGen       total 680960K, used 99801K [0x0000000600000000, 0x0000000629900000, 0x0000000755580000)
  object space 680960K, 14% used [0x0000000600000000,0x0000000606176758,0x0000000629900000)
 Metaspace       used 86698K, committed 88448K, reserved 1179648K
  class space    used 9939K, committed 10752K, reserved 1048576K
}
Event: 207.738 GC heap after
{Heap after GC invocations=1558 (full 4):
 PSYoungGen      total 4096K, used 416K [0x0000000755580000, 0x0000000755a80000, 0x0000000800000000)
  eden space 3584K, 0% used [0x0000000755580000,0x0000000755580000,0x0000000755900000)
  from space 512K, 81% used [0x0000000755a00000,0x0000000755a68000,0x0000000755a80000)
  to   space 512K, 0% used [0x0000000755980000,0x0000000755980000,0x0000000755a00000)
 ParOldGen       total 680960K, used 100253K [0x0000000600000000, 0x0000000629900000, 0x0000000755580000)
  object space 680960K, 14% used [0x0000000600000000,0x00000006061e7788,0x0000000629900000)
 Metaspace       used 86698K, committed 88448K, reserved 1179648K
  class space    used 9939K, committed 10752K, reserved 1048576K
}
Event: 208.053 GC heap before
{Heap before GC invocations=1559 (full 4):
 PSYoungGen      total 4096K, used 4000K [0x0000000755580000, 0x0000000755a80000, 0x0000000800000000)
  eden space 3584K, 100% used [0x0000000755580000,0x0000000755900000,0x0000000755900000)
  from space 512K, 81% used [0x0000000755a00000,0x0000000755a68000,0x0000000755a80000)
  to   space 512K, 0% used [0x0000000755980000,0x0000000755980000,0x0000000755a00000)
 ParOldGen       total 680960K, used 100253K [0x0000000600000000, 0x0000000629900000, 0x0000000755580000)
  object space 680960K, 14% used [0x0000000600000000,0x00000006061e7788,0x0000000629900000)
 Metaspace       used 86913K, committed 88704K, reserved 1179648K
  class space    used 9975K, committed 10816K, reserved 1048576K
}
Event: 208.055 GC heap after
{Heap after GC invocations=1559 (full 4):
 PSYoungGen      total 4096K, used 384K [0x0000000755580000, 0x0000000755a80000, 0x0000000800000000)
  eden space 3584K, 0% used [0x0000000755580000,0x0000000755580000,0x0000000755900000)
  from space 512K, 75% used [0x0000000755980000,0x00000007559e0000,0x0000000755a00000)
  to   space 512K, 0% used [0x0000000755a00000,0x0000000755a00000,0x0000000755a80000)
 ParOldGen       total 680960K, used 100509K [0x0000000600000000, 0x0000000629900000, 0x0000000755580000)
  object space 680960K, 14% used [0x0000000600000000,0x0000000606227788,0x0000000629900000)
 Metaspace       used 86913K, committed 88704K, reserved 1179648K
  class space    used 9975K, committed 10816K, reserved 1048576K
}
Event: 208.320 GC heap before
{Heap before GC invocations=1560 (full 4):
 PSYoungGen      total 4096K, used 3968K [0x0000000755580000, 0x0000000755a80000, 0x0000000800000000)
  eden space 3584K, 100% used [0x0000000755580000,0x0000000755900000,0x0000000755900000)
  from space 512K, 75% used [0x0000000755980000,0x00000007559e0000,0x0000000755a00000)
  to   space 512K, 0% used [0x0000000755a00000,0x0000000755a00000,0x0000000755a80000)
 ParOldGen       total 680960K, used 100509K [0x0000000600000000, 0x0000000629900000, 0x0000000755580000)
  object space 680960K, 14% used [0x0000000600000000,0x0000000606227788,0x0000000629900000)
 Metaspace       used 87028K, committed 88768K, reserved 1179648K
  class space    used 9996K, committed 10816K, reserved 1048576K
}
Event: 208.322 GC heap after
{Heap after GC invocations=1560 (full 4):
 PSYoungGen      total 4096K, used 480K [0x0000000755580000, 0x0000000755b00000, 0x0000000800000000)
  eden space 3584K, 0% used [0x0000000755580000,0x0000000755580000,0x0000000755900000)
  from space 512K, 93% used [0x0000000755a00000,0x0000000755a78158,0x0000000755a80000)
  to   space 1024K, 0% used [0x0000000755900000,0x0000000755900000,0x0000000755a00000)
 ParOldGen       total 680960K, used 100789K [0x0000000600000000, 0x0000000629900000, 0x0000000755580000)
  object space 680960K, 14% used [0x0000000600000000,0x000000060626d648,0x0000000629900000)
 Metaspace       used 87028K, committed 88768K, reserved 1179648K
  class space    used 9996K, committed 10816K, reserved 1048576K
}
Event: 230.476 GC heap before
{Heap before GC invocations=1561 (full 4):
 PSYoungGen      total 4096K, used 4064K [0x0000000755580000, 0x0000000755b00000, 0x0000000800000000)
  eden space 3584K, 100% used [0x0000000755580000,0x0000000755900000,0x0000000755900000)
  from space 512K, 93% used [0x0000000755a00000,0x0000000755a78158,0x0000000755a80000)
  to   space 1024K, 0% used [0x0000000755900000,0x0000000755900000,0x0000000755a00000)
 ParOldGen       total 680960K, used 100789K [0x0000000600000000, 0x0000000629900000, 0x0000000755580000)
  object space 680960K, 14% used [0x0000000600000000,0x000000060626d648,0x0000000629900000)
 Metaspace       used 87103K, committed 88832K, reserved 1179648K
  class space    used 10003K, committed 10816K, reserved 1048576K
}
Event: 230.521 GC heap after
{Heap after GC invocations=1561 (full 4):
 PSYoungGen      total 4608K, used 452K [0x0000000755580000, 0x0000000755b00000, 0x0000000800000000)
  eden space 3584K, 0% used [0x0000000755580000,0x0000000755580000,0x0000000755900000)
  from space 1024K, 44% used [0x0000000755900000,0x00000007559710b8,0x0000000755a00000)
  to   space 1024K, 0% used [0x0000000755a00000,0x0000000755a00000,0x0000000755b00000)
 ParOldGen       total 680960K, used 101178K [0x0000000600000000, 0x0000000629900000, 0x0000000755580000)
  object space 680960K, 14% used [0x0000000600000000,0x00000006062cea68,0x0000000629900000)
 Metaspace       used 87103K, committed 88832K, reserved 1179648K
  class space    used 10003K, committed 10816K, reserved 1048576K
}
Event: 230.785 GC heap before
{Heap before GC invocations=1562 (full 4):
 PSYoungGen      total 4608K, used 4025K [0x0000000755580000, 0x0000000755b00000, 0x0000000800000000)
  eden space 3584K, 99% used [0x0000000755580000,0x00000007558fd578,0x0000000755900000)
  from space 1024K, 44% used [0x0000000755900000,0x00000007559710b8,0x0000000755a00000)
  to   space 1024K, 0% used [0x0000000755a00000,0x0000000755a00000,0x0000000755b00000)
 ParOldGen       total 680960K, used 101178K [0x0000000600000000, 0x0000000629900000, 0x0000000755580000)
  object space 680960K, 14% used [0x0000000600000000,0x00000006062cea68,0x0000000629900000)
 Metaspace       used 87511K, committed 89216K, reserved 1179648K
  class space    used 10045K, committed 10816K, reserved 1048576K
}
Event: 230.788 GC heap after
{Heap after GC invocations=1562 (full 4):
 PSYoungGen      total 4096K, used 352K [0x0000000755580000, 0x0000000755a80000, 0x0000000800000000)
  eden space 3584K, 0% used [0x0000000755580000,0x0000000755580000,0x0000000755900000)
  from space 512K, 68% used [0x0000000755a00000,0x0000000755a580a0,0x0000000755a80000)
  to   space 512K, 0% used [0x0000000755980000,0x0000000755980000,0x0000000755a00000)
 ParOldGen       total 680960K, used 101380K [0x0000000600000000, 0x0000000629900000, 0x0000000755580000)
  object space 680960K, 14% used [0x0000000600000000,0x0000000606301190,0x0000000629900000)
 Metaspace       used 87511K, committed 89216K, reserved 1179648K
  class space    used 10045K, committed 10816K, reserved 1048576K
}
Event: 231.434 GC heap before
{Heap before GC invocations=1563 (full 4):
 PSYoungGen      total 4096K, used 3936K [0x0000000755580000, 0x0000000755a80000, 0x0000000800000000)
  eden space 3584K, 100% used [0x0000000755580000,0x0000000755900000,0x0000000755900000)
  from space 512K, 68% used [0x0000000755a00000,0x0000000755a580a0,0x0000000755a80000)
  to   space 512K, 0% used [0x0000000755980000,0x0000000755980000,0x0000000755a00000)
 ParOldGen       total 680960K, used 101380K [0x0000000600000000, 0x0000000629900000, 0x0000000755580000)
  object space 680960K, 14% used [0x0000000600000000,0x0000000606301190,0x0000000629900000)
 Metaspace       used 87805K, committed 89536K, reserved 1179648K
  class space    used 10095K, committed 10880K, reserved 1048576K
}
Event: 231.436 GC heap after
{Heap after GC invocations=1563 (full 4):
 PSYoungGen      total 4096K, used 224K [0x0000000755580000, 0x0000000755a80000, 0x0000000800000000)
  eden space 3584K, 0% used [0x0000000755580000,0x0000000755580000,0x0000000755900000)
  from space 512K, 43% used [0x0000000755980000,0x00000007559b8000,0x0000000755a00000)
  to   space 512K, 0% used [0x0000000755a00000,0x0000000755a00000,0x0000000755a80000)
 ParOldGen       total 680960K, used 101428K [0x0000000600000000, 0x0000000629900000, 0x0000000755580000)
  object space 680960K, 14% used [0x0000000600000000,0x000000060630d190,0x0000000629900000)
 Metaspace       used 87805K, committed 89536K, reserved 1179648K
  class space    used 10095K, committed 10880K, reserved 1048576K
}

Dll operation events (20 events):
Event: 0.123 Attempting to load shared library C:\Users\YUSHAN\.vscode\extensions\redhat.java-1.56.0-win32-x64\jre\21.0.12.1-win32-x86_64\bin\zip.dll
Event: 0.123 Loaded shared library C:\Users\YUSHAN\.vscode\extensions\redhat.java-1.56.0-win32-x64\jre\21.0.12.1-win32-x86_64\bin\zip.dll
Event: 0.142 Attempting to load shared library C:\Users\YUSHAN\.vscode\extensions\redhat.java-1.56.0-win32-x64\jre\21.0.12.1-win32-x86_64\bin\jimage.dll
Event: 0.142 Loaded shared library C:\Users\YUSHAN\.vscode\extensions\redhat.java-1.56.0-win32-x64\jre\21.0.12.1-win32-x86_64\bin\jimage.dll
Event: 0.240 Attempting to load shared library c:\Users\YUSHAN\.vscode\extensions\redhat.java-1.56.0-win32-x64\jre\21.0.12.1-win32-x86_64\bin\verify.dll
Event: 0.240 Loaded shared library c:\Users\YUSHAN\.vscode\extensions\redhat.java-1.56.0-win32-x64\jre\21.0.12.1-win32-x86_64\bin\verify.dll
Event: 1.828 Attempting to load shared library C:\Users\YUSHAN\AppData\Roaming\Code\User\globalStorage\redhat.java\1.56.0\config_win\org.eclipse.equinox.launcher\org.eclipse.equinox.launcher.win32.win32.x86_64_1.3.100.v20260804-1928\eclipse_11924.dll
Event: 1.833 Loaded shared library C:\Users\YUSHAN\AppData\Roaming\Code\User\globalStorage\redhat.java\1.56.0\config_win\org.eclipse.equinox.launcher\org.eclipse.equinox.launcher.win32.win32.x86_64_1.3.100.v20260804-1928\eclipse_11924.dll
Event: 5.759 Attempting to load shared library C:\Users\YUSHAN\AppData\Local\Temp\jna--1665929634\jna4915748629348792117.dll
Event: 7.212 Loaded shared library C:\Users\YUSHAN\AppData\Local\Temp\jna--1665929634\jna4915748629348792117.dll
Event: 41.810 Attempting to load shared library C:\Users\YUSHAN\.gradle\native\660c5614fbf4a5f2a75b1949f50a0caf5cd603558e7d8a26e50b933a0cfb79d1\windows-amd64\native-platform.dll
Event: 41.816 Loaded shared library C:\Users\YUSHAN\.gradle\native\660c5614fbf4a5f2a75b1949f50a0caf5cd603558e7d8a26e50b933a0cfb79d1\windows-amd64\native-platform.dll
Event: 42.946 Attempting to load shared library C:\Users\YUSHAN\.vscode\extensions\redhat.java-1.56.0-win32-x64\jre\21.0.12.1-win32-x86_64\bin\management.dll
Event: 42.949 Loaded shared library C:\Users\YUSHAN\.vscode\extensions\redhat.java-1.56.0-win32-x64\jre\21.0.12.1-win32-x86_64\bin\management.dll
Event: 42.962 Attempting to load shared library C:\Users\YUSHAN\.vscode\extensions\redhat.java-1.56.0-win32-x64\jre\21.0.12.1-win32-x86_64\bin\management_ext.dll
Event: 42.965 Loaded shared library C:\Users\YUSHAN\.vscode\extensions\redhat.java-1.56.0-win32-x64\jre\21.0.12.1-win32-x86_64\bin\management_ext.dll
Event: 51.179 Attempting to load shared library C:\Users\YUSHAN\.vscode\extensions\redhat.java-1.56.0-win32-x64\jre\21.0.12.1-win32-x86_64\bin\extnet.dll
Event: 51.190 Loaded shared library C:\Users\YUSHAN\.vscode\extensions\redhat.java-1.56.0-win32-x64\jre\21.0.12.1-win32-x86_64\bin\extnet.dll
Event: 60.196 Attempting to load shared library C:\Users\YUSHAN\.vscode\extensions\redhat.java-1.56.0-win32-x64\jre\21.0.12.1-win32-x86_64\bin\sunmscapi.dll
Event: 60.212 Loaded shared library C:\Users\YUSHAN\.vscode\extensions\redhat.java-1.56.0-win32-x64\jre\21.0.12.1-win32-x86_64\bin\sunmscapi.dll

Deoptimization events (20 events):
Event: 230.920 Thread 0x000001e60730e130 Uncommon trap: trap_request=0xffffffde fr.pc=0x000001e623918470 relative=0x00000000000005d0
Event: 230.920 Thread 0x000001e60730e130 Uncommon trap: reason=class_check action=maybe_recompile pc=0x000001e623918470 method=org.eclipse.jdt.internal.compiler.parser.Parser.pushIdentifier()V @ 5 c2
Event: 230.920 Thread 0x000001e60730e130 DEOPT PACKING pc=0x000001e623918470 sp=0x000000829e9fe620
Event: 230.920 Thread 0x000001e60730e130 DEOPT UNPACKING pc=0x000001e622e73aa2 sp=0x000000829e9fe5d8 mode 2
Event: 230.930 Thread 0x000001e60730e130 Uncommon trap: trap_request=0xffffffc6 fr.pc=0x000001e623cb42c4 relative=0x00000000000003c4
Event: 230.931 Thread 0x000001e60730e130 Uncommon trap: reason=bimorphic_or_optimized_type_check action=maybe_recompile pc=0x000001e623cb42c4 method=lombok.eclipse.HandlerLibrary.handleAnnotation(Lorg/eclipse/jdt/internal/compiler/ast/CompilationUnitDeclaration;Llombok/eclipse/EclipseNode;Lorg/e
Event: 230.931 Thread 0x000001e60730e130 DEOPT PACKING pc=0x000001e623cb42c4 sp=0x000000829e9fdf30
Event: 230.931 Thread 0x000001e60730e130 DEOPT UNPACKING pc=0x000001e622e73aa2 sp=0x000000829e9fde90 mode 2
Event: 230.931 Thread 0x000001e60730e130 Uncommon trap: trap_request=0xffffffc6 fr.pc=0x000001e623cb42c4 relative=0x00000000000003c4
Event: 230.931 Thread 0x000001e60730e130 Uncommon trap: reason=bimorphic_or_optimized_type_check action=maybe_recompile pc=0x000001e623cb42c4 method=lombok.eclipse.HandlerLibrary.handleAnnotation(Lorg/eclipse/jdt/internal/compiler/ast/CompilationUnitDeclaration;Llombok/eclipse/EclipseNode;Lorg/e
Event: 230.931 Thread 0x000001e60730e130 DEOPT PACKING pc=0x000001e623cb42c4 sp=0x000000829e9fdf30
Event: 230.931 Thread 0x000001e60730e130 DEOPT UNPACKING pc=0x000001e622e73aa2 sp=0x000000829e9fde90 mode 2
Event: 230.932 Thread 0x000001e60730e130 Uncommon trap: trap_request=0xffffffc6 fr.pc=0x000001e623cb42c4 relative=0x00000000000003c4
Event: 230.932 Thread 0x000001e60730e130 Uncommon trap: reason=bimorphic_or_optimized_type_check action=maybe_recompile pc=0x000001e623cb42c4 method=lombok.eclipse.HandlerLibrary.handleAnnotation(Lorg/eclipse/jdt/internal/compiler/ast/CompilationUnitDeclaration;Llombok/eclipse/EclipseNode;Lorg/e
Event: 230.932 Thread 0x000001e60730e130 DEOPT PACKING pc=0x000001e623cb42c4 sp=0x000000829e9fdf30
Event: 230.932 Thread 0x000001e60730e130 DEOPT UNPACKING pc=0x000001e622e73aa2 sp=0x000000829e9fde90 mode 2
Event: 230.958 Thread 0x000001e60730e130 Uncommon trap: trap_request=0xffffff45 fr.pc=0x000001e62365d818 relative=0x0000000000000198
Event: 230.958 Thread 0x000001e60730e130 Uncommon trap: reason=unstable_if action=reinterpret pc=0x000001e62365d818 method=org.eclipse.jdt.internal.core.util.WeakHashSet.cleanupGarbageCollectedValues()V @ 140 c2
Event: 230.958 Thread 0x000001e60730e130 DEOPT PACKING pc=0x000001e62365d818 sp=0x000000829e9fe5d0
Event: 230.958 Thread 0x000001e60730e130 DEOPT UNPACKING pc=0x000001e622e73aa2 sp=0x000000829e9fe550 mode 2

Classes loaded (20 events):
Event: 160.414 Loading class java/util/concurrent/CompletableFuture$Signaller
Event: 160.419 Loading class java/util/concurrent/CompletableFuture$Signaller done
Event: 161.876 Loading class java/io/SequenceInputStream
Event: 161.878 Loading class java/io/SequenceInputStream done
Event: 162.162 Loading class java/util/concurrent/CompletableFuture$UniApply
Event: 162.165 Loading class java/util/concurrent/CompletableFuture$UniCompletion
Event: 162.166 Loading class java/util/concurrent/CompletableFuture$UniCompletion done
Event: 162.166 Loading class java/util/concurrent/CompletableFuture$UniApply done
Event: 162.172 Loading class java/util/concurrent/CompletableFuture$UniAccept
Event: 162.173 Loading class java/util/concurrent/CompletableFuture$UniAccept done
Event: 162.173 Loading class java/util/concurrent/CompletableFuture$UniExceptionally
Event: 162.174 Loading class java/util/concurrent/CompletableFuture$UniExceptionally done
Event: 162.355 Loading class java/util/Hashtable$KeySet
Event: 162.357 Loading class java/util/Hashtable$KeySet done
Event: 165.888 Loading class java/util/HashMap$EntrySpliterator
Event: 165.892 Loading class java/util/HashMap$EntrySpliterator done
Event: 176.551 Loading class sun/net/util/SocketExceptions
Event: 176.553 Loading class sun/net/util/SocketExceptions done
Event: 196.068 Loading class java/util/LinkedList$LLSpliterator
Event: 196.111 Loading class java/util/LinkedList$LLSpliterator done

Classes unloaded (12 events):
Event: 7.760 Thread 0x000001e6182f1450 Unloading class 0x000001e63f1b0800 'java/lang/invoke/LambdaForm$MH+0x000001e63f1b0800'
Event: 7.760 Thread 0x000001e6182f1450 Unloading class 0x000001e63f1b0400 'java/lang/invoke/LambdaForm$MH+0x000001e63f1b0400'
Event: 7.760 Thread 0x000001e6182f1450 Unloading class 0x000001e63f1b0000 'java/lang/invoke/LambdaForm$MH+0x000001e63f1b0000'
Event: 7.760 Thread 0x000001e6182f1450 Unloading class 0x000001e63f1afc00 'java/lang/invoke/LambdaForm$MH+0x000001e63f1afc00'
Event: 7.760 Thread 0x000001e6182f1450 Unloading class 0x000001e63f1af800 'java/lang/invoke/LambdaForm$BMH+0x000001e63f1af800'
Event: 7.760 Thread 0x000001e6182f1450 Unloading class 0x000001e63f1af400 'java/lang/invoke/LambdaForm$DMH+0x000001e63f1af400'
Event: 7.760 Thread 0x000001e6182f1450 Unloading class 0x000001e63f1ae400 'java/lang/invoke/LambdaForm$DMH+0x000001e63f1ae400'
Event: 9.142 Thread 0x000001e6182f1450 Unloading class 0x000001e63f3a3000 'java/lang/invoke/LambdaForm$MH+0x000001e63f3a3000'
Event: 9.142 Thread 0x000001e6182f1450 Unloading class 0x000001e63f3a2400 'java/lang/invoke/LambdaForm$MH+0x000001e63f3a2400'
Event: 9.142 Thread 0x000001e6182f1450 Unloading class 0x000001e63f3a1800 'java/lang/invoke/LambdaForm$MH+0x000001e63f3a1800'
Event: 9.142 Thread 0x000001e6182f1450 Unloading class 0x000001e63f3a1400 'java/lang/invoke/LambdaForm$DMH+0x000001e63f3a1400'
Event: 9.142 Thread 0x000001e6182f1450 Unloading class 0x000001e63f3a0800 'java/lang/invoke/LambdaForm$MH+0x000001e63f3a0800'

Classes redefined (0 events):
No events

Internal exceptions (20 events):
Event: 208.330 Thread 0x000001e60514a4e0 Exception <a 'java/lang/NullPointerException'{0x00000007555f7380}> (0x00000007555f7380) 
thrown [s\src\hotspot\share\runtime\sharedRuntime.cpp, line 625]
Event: 208.330 Thread 0x000001e60514a4e0 Implicit null exception at 0x000001e61da7aa9f to 0x000001e61da7b065
Event: 208.330 Thread 0x000001e60514a4e0 Exception <a 'java/lang/NullPointerException'{0x00000007555f77d8}> (0x00000007555f77d8) 
thrown [s\src\hotspot\share\runtime\sharedRuntime.cpp, line 625]
Event: 208.330 Thread 0x000001e60514a4e0 Implicit null exception at 0x000001e61da7aa9f to 0x000001e61da7b065
Event: 208.330 Thread 0x000001e60514a4e0 Exception <a 'java/lang/NullPointerException'{0x00000007555f83d8}> (0x00000007555f83d8) 
thrown [s\src\hotspot\share\runtime\sharedRuntime.cpp, line 625]
Event: 208.330 Thread 0x000001e60514a4e0 Implicit null exception at 0x000001e61da7aa9f to 0x000001e61da7b065
Event: 208.330 Thread 0x000001e60514a4e0 Exception <a 'java/lang/NullPointerException'{0x00000007555f8c08}> (0x00000007555f8c08) 
thrown [s\src\hotspot\share\runtime\sharedRuntime.cpp, line 625]
Event: 208.330 Thread 0x000001e60514a4e0 Implicit null exception at 0x000001e61da7aa9f to 0x000001e61da7b065
Event: 208.330 Thread 0x000001e60514a4e0 Exception <a 'java/lang/NullPointerException'{0x00000007555f96b0}> (0x00000007555f96b0) 
thrown [s\src\hotspot\share\runtime\sharedRuntime.cpp, line 625]
Event: 208.331 Thread 0x000001e60514a4e0 Implicit null exception at 0x000001e61da7aa9f to 0x000001e61da7b065
Event: 208.331 Thread 0x000001e60514a4e0 Exception <a 'java/lang/NullPointerException'{0x00000007555fa7a0}> (0x00000007555fa7a0) 
thrown [s\src\hotspot\share\runtime\sharedRuntime.cpp, line 625]
Event: 208.339 Thread 0x000001e60514a4e0 Implicit null exception at 0x000001e61da7aa9f to 0x000001e61da7b065
Event: 208.339 Thread 0x000001e60514a4e0 Exception <a 'java/lang/NullPointerException'{0x0000000755689f30}> (0x0000000755689f30) 
thrown [s\src\hotspot\share\runtime\sharedRuntime.cpp, line 625]
Event: 208.340 Thread 0x000001e60514a4e0 Implicit null exception at 0x000001e61da7aa9f to 0x000001e61da7b065
Event: 208.340 Thread 0x000001e60514a4e0 Exception <a 'java/lang/NullPointerException'{0x0000000755690418}> (0x0000000755690418) 
thrown [s\src\hotspot\share\runtime\sharedRuntime.cpp, line 625]
Event: 208.341 Thread 0x000001e60514a4e0 Exception <a 'java/lang/NullPointerException'{0x0000000755690850}> (0x0000000755690850) 
thrown [s\src\hotspot\share\interpreter\linkResolver.cpp, line 1372]
Event: 208.341 Thread 0x000001e60514a4e0 Implicit null exception at 0x000001e61da7aa9f to 0x000001e61da7b065
Event: 208.341 Thread 0x000001e60514a4e0 Exception <a 'java/lang/NullPointerException'{0x0000000755690d60}> (0x0000000755690d60) 
thrown [s\src\hotspot\share\runtime\sharedRuntime.cpp, line 625]
Event: 229.543 Thread 0x000001e6068ee460 Exception <a 'java/lang/IncompatibleClassChangeError'{0x0000000755836e38}: Found class java.lang.Object, but interface was expected> (0x0000000755836e38) 
thrown [s\src\hotspot\share\interpreter\linkResolver.cpp, line 840]
Event: 230.374 Thread 0x000001e6068ee460 Exception <a 'java/lang/IncompatibleClassChangeError'{0x00000007558adf88}: Found class java.lang.Object, but interface was expected> (0x00000007558adf88) 
thrown [s\src\hotspot\share\interpreter\linkResolver.cpp, line 840]

ZGC Phase Switch (0 events):
No events

VM Operations (20 events):
Event: 230.882 Executing non-safepoint VM operation: HandshakeAllThreads (Deoptimize)
Event: 230.882 Executing non-safepoint VM operation: HandshakeAllThreads (Deoptimize) done
Event: 230.885 Executing non-safepoint VM operation: HandshakeAllThreads (Deoptimize)
Event: 230.886 Executing non-safepoint VM operation: HandshakeAllThreads (Deoptimize) done
Event: 230.898 Executing non-safepoint VM operation: HandshakeAllThreads (Deoptimize)
Event: 230.898 Executing non-safepoint VM operation: HandshakeAllThreads (Deoptimize) done
Event: 230.904 Executing non-safepoint VM operation: HandshakeAllThreads (Deoptimize)
Event: 230.904 Executing non-safepoint VM operation: HandshakeAllThreads (Deoptimize) done
Event: 230.909 Executing non-safepoint VM operation: HandshakeAllThreads (Deoptimize)
Event: 230.909 Executing non-safepoint VM operation: HandshakeAllThreads (Deoptimize) done
Event: 230.913 Executing non-safepoint VM operation: HandshakeAllThreads (Deoptimize)
Event: 230.913 Executing non-safepoint VM operation: HandshakeAllThreads (Deoptimize) done
Event: 231.434 Executing safepoint VM operation: ParallelGCFailedAllocation (Allocation Failure)
Event: 231.437 Executing safepoint VM operation: ParallelGCFailedAllocation (Allocation Failure) done
Event: 233.437 Executing safepoint VM operation: Cleanup
Event: 233.437 Executing safepoint VM operation: Cleanup done
Event: 240.344 Executing non-safepoint VM operation: HandshakeAllThreads (HandshakeForDeflation)
Event: 240.345 Executing non-safepoint VM operation: HandshakeAllThreads (HandshakeForDeflation) done
Event: 240.345 Executing non-safepoint VM operation: RendezvousGCThreads
Event: 240.345 Executing non-safepoint VM operation: RendezvousGCThreads done

Memory protections (0 events):
No events

Nmethod flushes (20 events):
Event: 204.685 Thread 0x000001e6182f1450 flushing  nmethod 0x000001e61cf07290
Event: 204.685 Thread 0x000001e6182f1450 flushing  nmethod 0x000001e61cf07990
Event: 204.685 Thread 0x000001e6182f1450 flushing  nmethod 0x000001e61cf08590
Event: 204.685 Thread 0x000001e6182f1450 flushing  nmethod 0x000001e61cf12c90
Event: 204.685 Thread 0x000001e6182f1450 flushing  nmethod 0x000001e61cf13110
Event: 204.685 Thread 0x000001e6182f1450 flushing  nmethod 0x000001e61cf13690
Event: 204.685 Thread 0x000001e6182f1450 flushing  nmethod 0x000001e61cf16b90
Event: 204.685 Thread 0x000001e6182f1450 flushing  nmethod 0x000001e61cf1c690
Event: 204.685 Thread 0x000001e6182f1450 flushing  nmethod 0x000001e61cf24a90
Event: 204.685 Thread 0x000001e6182f1450 flushing  nmethod 0x000001e61cf26210
Event: 204.685 Thread 0x000001e6182f1450 flushing  nmethod 0x000001e61cf26e10
Event: 204.685 Thread 0x000001e6182f1450 flushing  nmethod 0x000001e61cf27210
Event: 204.685 Thread 0x000001e6182f1450 flushing  nmethod 0x000001e61cf27c10
Event: 204.685 Thread 0x000001e6182f1450 flushing  nmethod 0x000001e61cf28510
Event: 204.686 Thread 0x000001e6182f1450 flushing  nmethod 0x000001e61cf29090
Event: 204.686 Thread 0x000001e6182f1450 flushing  nmethod 0x000001e61d02c910
Event: 204.686 Thread 0x000001e6182f1450 flushing  nmethod 0x000001e61d02e490
Event: 204.686 Thread 0x000001e6182f1450 flushing  nmethod 0x000001e61d038710
Event: 204.686 Thread 0x000001e6182f1450 flushing  nmethod 0x000001e61d03a190
Event: 204.686 Thread 0x000001e6182f1450 flushing  nmethod 0x000001e61d03ee90

Events (20 events):
Event: 199.190 Thread 0x000001e6068f3320 Thread exited: 0x000001e6068f3320
Event: 199.190 Thread 0x000001e6046e54e0 Thread exited: 0x000001e6046e54e0
Event: 199.252 Thread 0x000001e60514a4e0 Thread added: 0x000001e6068f3320
Event: 199.404 Thread 0x000001e6068f3320 Thread added: 0x000001e6046e54e0
Event: 200.348 Thread 0x000001e6046e54e0 Thread exited: 0x000001e6046e54e0
Event: 200.350 Thread 0x000001e6068f3320 Thread exited: 0x000001e6068f3320
Event: 200.357 Thread 0x000001e60514a4e0 Thread added: 0x000001e6046e54e0
Event: 200.369 Thread 0x000001e6046e54e0 Thread added: 0x000001e6068f3320
Event: 200.687 Thread 0x000001e6068f3320 Thread exited: 0x000001e6068f3320
Event: 200.688 Thread 0x000001e6046e54e0 Thread exited: 0x000001e6046e54e0
Event: 200.804 Thread 0x000001e60514a4e0 Thread added: 0x000001e6068f3320
Event: 207.938 Thread 0x000001e6068f3320 Thread exited: 0x000001e6068f3320
Event: 216.980 Thread 0x000001e6068f1f70 Thread exited: 0x000001e6068f1f70
Event: 227.343 Thread 0x000001e605148aa0 Thread exited: 0x000001e605148aa0
Event: 227.356 Thread 0x000001e6068ef180 Thread exited: 0x000001e6068ef180
Event: 228.554 Thread 0x000001e605149e50 Thread exited: 0x000001e605149e50
Event: 230.526 Thread 0x000001e61830cfa0 Thread added: 0x000001e606724380
Event: 230.723 Thread 0x000001e606724380 Thread exited: 0x000001e606724380
Event: 277.187 Thread 0x000001e6068ed740 Thread exited: 0x000001e6068ed740
Event: 292.587 Thread 0x000001e60730e130 Thread exited: 0x000001e60730e130


Dynamic libraries:
0x00007ff697c30000 - 0x00007ff697c3e000 	c:\Users\YUSHAN\.vscode\extensions\redhat.java-1.56.0-win32-x64\jre\21.0.12.1-win32-x86_64\bin\java.exe
0x00007ffb0d380000 - 0x00007ffb0d5e6000 	C:\WINDOWS\SYSTEM32\ntdll.dll
0x00007ffb0c3f0000 - 0x00007ffb0c4b9000 	C:\WINDOWS\System32\KERNEL32.DLL
0x00007ffb0a630000 - 0x00007ffb0aa2e000 	C:\WINDOWS\System32\KERNELBASE.dll
0x00007ffb0ad10000 - 0x00007ffb0ae5c000 	C:\WINDOWS\System32\ucrtbase.dll
0x00007ffb03450000 - 0x00007ffb03468000 	c:\Users\YUSHAN\.vscode\extensions\redhat.java-1.56.0-win32-x64\jre\21.0.12.1-win32-x86_64\bin\jli.dll
0x00007ffb034f0000 - 0x00007ffb0350e000 	c:\Users\YUSHAN\.vscode\extensions\redhat.java-1.56.0-win32-x64\jre\21.0.12.1-win32-x86_64\bin\VCRUNTIME140.dll
0x00007ffb0ceb0000 - 0x00007ffb0d077000 	C:\WINDOWS\System32\USER32.dll
0x00007ffb0ac30000 - 0x00007ffb0ac57000 	C:\WINDOWS\System32\win32u.dll
0x00007ffaebfa0000 - 0x00007ffaec232000 	C:\WINDOWS\WinSxS\amd64_microsoft.windows.common-controls_6595b64144ccf1df_6.0.26100.8875_none_3e0d5d42e32fe9dd\COMCTL32.dll
0x00007ffb0ba30000 - 0x00007ffb0ba5b000 	C:\WINDOWS\System32\GDI32.dll
0x00007ffb0c0a0000 - 0x00007ffb0c149000 	C:\WINDOWS\System32\msvcrt.dll
0x00007ffb0ab00000 - 0x00007ffb0ac2a000 	C:\WINDOWS\System32\gdi32full.dll
0x00007ffb0ac60000 - 0x00007ffb0ad03000 	C:\WINDOWS\System32\msvcp_win.dll
0x00007ffb0c4f0000 - 0x00007ffb0c522000 	C:\WINDOWS\System32\IMM32.DLL
0x00007ffb03650000 - 0x00007ffb0365c000 	c:\Users\YUSHAN\.vscode\extensions\redhat.java-1.56.0-win32-x64\jre\21.0.12.1-win32-x86_64\bin\vcruntime140_1.dll
0x00007ffad3e90000 - 0x00007ffad3f1d000 	c:\Users\YUSHAN\.vscode\extensions\redhat.java-1.56.0-win32-x64\jre\21.0.12.1-win32-x86_64\bin\msvcp140.dll
0x00007ffa9d200000 - 0x00007ffa9dfa2000 	c:\Users\YUSHAN\.vscode\extensions\redhat.java-1.56.0-win32-x64\jre\21.0.12.1-win32-x86_64\bin\server\jvm.dll
0x00007ffb0b900000 - 0x00007ffb0b9b7000 	C:\WINDOWS\System32\ADVAPI32.dll
0x00007ffb0c8c0000 - 0x00007ffb0c96a000 	C:\WINDOWS\System32\sechost.dll
0x00007ffb0c150000 - 0x00007ffb0c268000 	C:\WINDOWS\System32\RPCRT4.dll
0x00007ffb0bf50000 - 0x00007ffb0bfd0000 	C:\WINDOWS\System32\WS2_32.dll
0x00007ffb0a400000 - 0x00007ffb0a45e000 	C:\WINDOWS\SYSTEM32\POWRPROF.dll
0x00007ffaf2f20000 - 0x00007ffaf2f56000 	C:\WINDOWS\SYSTEM32\WINMM.dll
0x00007ffb02f80000 - 0x00007ffb02f8b000 	C:\WINDOWS\SYSTEM32\VERSION.dll
0x00007ffb0a3e0000 - 0x00007ffb0a3f4000 	C:\WINDOWS\SYSTEM32\UMPDC.dll
0x00007ffb09280000 - 0x00007ffb0929b000 	C:\WINDOWS\SYSTEM32\kernel.appcore.dll
0x00007ffb03630000 - 0x00007ffb0363a000 	c:\Users\YUSHAN\.vscode\extensions\redhat.java-1.56.0-win32-x64\jre\21.0.12.1-win32-x86_64\bin\jimage.dll
0x00007ffb07d40000 - 0x00007ffb07f82000 	C:\WINDOWS\SYSTEM32\DBGHELP.DLL
0x00007ffb0c530000 - 0x00007ffb0c8b3000 	C:\WINDOWS\System32\combase.dll
0x00007ffb0c310000 - 0x00007ffb0c3e9000 	C:\WINDOWS\System32\OLEAUT32.dll
0x00007ffaf1b50000 - 0x00007ffaf1b8b000 	C:\WINDOWS\SYSTEM32\dbgcore.DLL
0x00007ffb0ae70000 - 0x00007ffb0af1c000 	C:\WINDOWS\System32\bcryptPrimitives.dll
0x00007ffb03560000 - 0x00007ffb0356f000 	c:\Users\YUSHAN\.vscode\extensions\redhat.java-1.56.0-win32-x64\jre\21.0.12.1-win32-x86_64\bin\instrument.dll
0x00007ffaf7fa0000 - 0x00007ffaf7fc0000 	c:\Users\YUSHAN\.vscode\extensions\redhat.java-1.56.0-win32-x64\jre\21.0.12.1-win32-x86_64\bin\java.dll
0x00007ffb0b140000 - 0x00007ffb0b8d2000 	C:\WINDOWS\System32\SHELL32.dll
0x00007ffb08080000 - 0x00007ffb08912000 	C:\WINDOWS\SYSTEM32\windows.storage.dll
0x00007ffb0d240000 - 0x00007ffb0d337000 	C:\WINDOWS\System32\SHCORE.dll
0x00007ffb0b9c0000 - 0x00007ffb0ba27000 	C:\WINDOWS\System32\shlwapi.dll
0x00007ffb0a4c0000 - 0x00007ffb0a4e9000 	C:\WINDOWS\SYSTEM32\profapi.dll
0x00007ffaf2230000 - 0x00007ffaf2248000 	c:\Users\YUSHAN\.vscode\extensions\redhat.java-1.56.0-win32-x64\jre\21.0.12.1-win32-x86_64\bin\zip.dll
0x00007ffb035e0000 - 0x00007ffb035f0000 	C:\Users\YUSHAN\.vscode\extensions\redhat.java-1.56.0-win32-x64\jre\21.0.12.1-win32-x86_64\bin\net.dll
0x00007ffb00840000 - 0x00007ffb00967000 	C:\WINDOWS\SYSTEM32\WINHTTP.dll
0x00007ffb09830000 - 0x00007ffb0989c000 	C:\WINDOWS\system32\mswsock.dll
0x00007ffaf1f50000 - 0x00007ffaf1f66000 	C:\Users\YUSHAN\.vscode\extensions\redhat.java-1.56.0-win32-x64\jre\21.0.12.1-win32-x86_64\bin\nio.dll
0x00007ffb03440000 - 0x00007ffb03450000 	c:\Users\YUSHAN\.vscode\extensions\redhat.java-1.56.0-win32-x64\jre\21.0.12.1-win32-x86_64\bin\verify.dll
0x00007ffaed9d0000 - 0x00007ffaeda15000 	C:\Users\YUSHAN\AppData\Roaming\Code\User\globalStorage\redhat.java\1.56.0\config_win\org.eclipse.equinox.launcher\org.eclipse.equinox.launcher.win32.win32.x86_64_1.3.100.v20260804-1928\eclipse_11924.dll
0x00007ffb0c970000 - 0x00007ffb0cb09000 	C:\WINDOWS\System32\ole32.dll
0x00007ffb09b30000 - 0x00007ffb09b4b000 	C:\WINDOWS\SYSTEM32\CRYPTSP.dll
0x00007ffb091e0000 - 0x00007ffb09219000 	C:\WINDOWS\system32\rsaenh.dll
0x00007ffb098f0000 - 0x00007ffb09922000 	C:\WINDOWS\SYSTEM32\USERENV.dll
0x00007ffb0a490000 - 0x00007ffb0a4ba000 	C:\WINDOWS\SYSTEM32\bcrypt.dll
0x00007ffb09b50000 - 0x00007ffb09b5c000 	C:\WINDOWS\SYSTEM32\CRYPTBASE.dll
0x00007ffb08c50000 - 0x00007ffb08c83000 	C:\WINDOWS\SYSTEM32\IPHLPAPI.DLL
0x00007ffb0cda0000 - 0x00007ffb0cdaa000 	C:\WINDOWS\System32\NSI.dll
0x00007ffad4850000 - 0x00007ffad4899000 	C:\Users\YUSHAN\AppData\Local\Temp\jna--1665929634\jna4915748629348792117.dll
0x00007ffb0cb10000 - 0x00007ffb0cb18000 	C:\WINDOWS\System32\PSAPI.DLL
0x00007ffb019a0000 - 0x00007ffb019bd000 	C:\WINDOWS\SYSTEM32\dhcpcsvc6.DLL
0x00007ffb01970000 - 0x00007ffb01995000 	C:\WINDOWS\SYSTEM32\dhcpcsvc.DLL
0x00007ffaeda70000 - 0x00007ffaeda97000 	C:\Users\YUSHAN\.gradle\native\660c5614fbf4a5f2a75b1949f50a0caf5cd603558e7d8a26e50b933a0cfb79d1\windows-amd64\native-platform.dll
0x00007ffb02d50000 - 0x00007ffb02d5a000 	C:\Users\YUSHAN\.vscode\extensions\redhat.java-1.56.0-win32-x64\jre\21.0.12.1-win32-x86_64\bin\management.dll
0x00007ffb02d20000 - 0x00007ffb02d2c000 	C:\Users\YUSHAN\.vscode\extensions\redhat.java-1.56.0-win32-x64\jre\21.0.12.1-win32-x86_64\bin\management_ext.dll
0x00007ffafb730000 - 0x00007ffafb739000 	C:\Users\YUSHAN\.vscode\extensions\redhat.java-1.56.0-win32-x64\jre\21.0.12.1-win32-x86_64\bin\extnet.dll
0x00007ffafa560000 - 0x00007ffafa56e000 	C:\Users\YUSHAN\.vscode\extensions\redhat.java-1.56.0-win32-x64\jre\21.0.12.1-win32-x86_64\bin\sunmscapi.dll
0x00007ffb0af30000 - 0x00007ffb0b0a8000 	C:\WINDOWS\System32\CRYPT32.dll
0x00007ffb09d70000 - 0x00007ffb09da0000 	C:\WINDOWS\SYSTEM32\ncrypt.dll
0x00007ffb09d20000 - 0x00007ffb09d5f000 	C:\WINDOWS\SYSTEM32\NTASN1.dll
0x00007ffae22a0000 - 0x00007ffae22a8000 	C:\WINDOWS\system32\wshunix.dll

JVMTI agents:
c:\Users\YUSHAN\.vscode\extensions\redhat.java-1.56.0-win32-x64\lombok\lombok-1.18.39-4050.jar path:c:\Users\YUSHAN\.vscode\extensions\redhat.java-1.56.0-win32-x64\jre\21.0.12.1-win32-x86_64\bin\instrument.dll, loaded, initialized, instrumentlib options:none

dbghelp: loaded successfully - version: 4.0.5 - missing functions: none
symbol engine: initialized successfully - sym options: 0x614 - pdb path: .;c:\Users\YUSHAN\.vscode\extensions\redhat.java-1.56.0-win32-x64\jre\21.0.12.1-win32-x86_64\bin;C:\WINDOWS\SYSTEM32;C:\WINDOWS\WinSxS\amd64_microsoft.windows.common-controls_6595b64144ccf1df_6.0.26100.8875_none_3e0d5d42e32fe9dd;c:\Users\YUSHAN\.vscode\extensions\redhat.java-1.56.0-win32-x64\jre\21.0.12.1-win32-x86_64\bin\server;C:\Users\YUSHAN\AppData\Roaming\Code\User\globalStorage\redhat.java\1.56.0\config_win\org.eclipse.equinox.launcher\org.eclipse.equinox.launcher.win32.win32.x86_64_1.3.100.v20260804-1928;C:\Users\YUSHAN\AppData\Local\Temp\jna--1665929634;C:\Users\YUSHAN\.gradle\native\660c5614fbf4a5f2a75b1949f50a0caf5cd603558e7d8a26e50b933a0cfb79d1\windows-amd64

VM Arguments:
jvm_args: --add-modules=ALL-SYSTEM --add-opens=java.base/java.util=ALL-UNNAMED --add-opens=java.base/java.lang=ALL-UNNAMED --add-opens=java.base/sun.nio.fs=ALL-UNNAMED -Declipse.application=org.eclipse.jdt.ls.core.id1 -Dosgi.bundles.defaultStartLevel=4 -Declipse.product=org.eclipse.jdt.ls.core.product -Djava.import.generatesMetadataFilesAtProjectRoot=false -Dm2e.project.cache.size=50 -DDetectVMInstallationsJob.disabled=true -Dfile.encoding=utf8 -XX:+UseParallelGC -XX:GCTimeRatio=4 -XX:AdaptiveSizePolicyWeight=90 -Dsun.zip.disableMemoryMapping=true -Xmx8G -Xms100m -Xlog:disable -javaagent:c:\Users\YUSHAN\.vscode\extensions\redhat.java-1.56.0-win32-x64\lombok\lombok-1.18.39-4050.jar -XX:+HeapDumpOnOutOfMemoryError -XX:HeapDumpPath=c:\Users\YUSHAN\AppData\Roaming\Code\User\workspaceStorage\fa44f8be53a956b010306273356c24f5\redhat.java -Daether.dependencyCollector.impl=bf 
java_command: c:\Users\YUSHAN\.vscode\extensions\redhat.java-1.56.0-win32-x64\server\plugins\org.eclipse.equinox.launcher_1.8.0.v20260804-1928.jar -configuration c:\Users\YUSHAN\AppData\Roaming\Code\User\globalStorage\redhat.java\1.56.0\config_win -data c:\Users\YUSHAN\AppData\Roaming\Code\User\workspaceStorage\fa44f8be53a956b010306273356c24f5\redhat.java\jdt_ws --stdio
java_class_path (initial): c:\Users\YUSHAN\.vscode\extensions\redhat.java-1.56.0-win32-x64\server\plugins\org.eclipse.equinox.launcher_1.8.0.v20260804-1928.jar
Launcher Type: SUN_STANDARD

[Global flags]
    uintx AdaptiveSizePolicyWeight                 = 90                                        {product} {command line}
     intx CICompilerCount                          = 4                                         {product} {ergonomic}
    uintx GCTimeRatio                              = 4                                         {product} {command line}
     bool HeapDumpOnOutOfMemoryError               = true                                   {manageable} {command line}
    ccstr HeapDumpPath                             = c:\Users\YUSHAN\AppData\Roaming\Code\User\workspaceStorage\fa44f8be53a956b010306273356c24f5\redhat.java         {manageable} {command line}
   size_t InitialHeapSize                          = 104857600                                 {product} {command line}
   size_t MaxHeapSize                              = 8589934592                                {product} {command line}
   size_t MaxNewSize                               = 2863136768                                {product} {ergonomic}
   size_t MinHeapDeltaBytes                        = 524288                                    {product} {ergonomic}
   size_t MinHeapSize                              = 104857600                                 {product} {command line}
   size_t NewSize                                  = 34603008                                  {product} {ergonomic}
    uintx NonNMethodCodeHeapSize                   = 5839372                                {pd product} {ergonomic}
    uintx NonProfiledCodeHeapSize                  = 122909434                              {pd product} {ergonomic}
   size_t OldSize                                  = 70254592                                  {product} {ergonomic}
    uintx ProfiledCodeHeapSize                     = 122909434                              {pd product} {ergonomic}
    uintx ReservedCodeCacheSize                    = 251658240                              {pd product} {ergonomic}
     bool SegmentedCodeCache                       = true                                      {product} {ergonomic}
   size_t SoftMaxHeapSize                          = 8589934592                             {manageable} {ergonomic}
     bool UseCompressedOops                        = true                           {product lp64_product} {ergonomic}
     bool UseLargePagesIndividualAllocation        = false                                  {pd product} {ergonomic}
     bool UseParallelGC                            = true                                      {product} {command line}

Logging:
Log output configuration:
 #0: stdout all=off uptime,level,tags foldmultilines=false
 #1: stderr all=off uptime,level,tags foldmultilines=false

Release file:
JAVA_VERSION="21.0.12.1" 
MODULES="java.base java.compiler java.datatransfer java.xml java.prefs java.desktop java.instrument java.logging java.management java.security.sasl java.naming java.rmi java.management.rmi java.net.http java.scripting java.security.jgss java.transaction.xa java.sql java.sql.rowset java.xml.crypto java.se java.smartcardio jdk.accessibility jdk.internal.jvmstat jdk.attach jdk.charsets jdk.internal.opt jdk.zipfs jdk.compiler jdk.crypto.ec jdk.crypto.cryptoki jdk.crypto.mscapi jdk.dynalink jdk.internal.ed jdk.editpad jdk.hotspot.agent jdk.httpserver jdk.internal.le jdk.internal.vm.ci jdk.internal.vm.compiler jdk.internal.vm.compiler.management jdk.jartool jdk.javadoc jdk.jcmd jdk.management jdk.management.agent jdk.jconsole jdk.jdeps jdk.jdwp.agent jdk.jdi jdk.jfr jdk.jshell jdk.jsobject jdk.jstatd jdk.localedata jdk.management.jfr jdk.naming.dns jdk.naming.rmi jdk.net jdk.nio.mapmode jdk.random jdk.sctp jdk.security.auth jdk.security.jgss jdk.unsupported jdk.unsupported.desktop jdk.xml.dom" 

Environment Variables:
PATH=C:\Program Files\Eclipse Adoptium\jdk-21.0.12.8-hotspot\bin;C:\Program Files\OpenLogic\jdk-17.0.17.10-hotspot\bin;C:\Users\YUSHAN\Desktop\ªF\bin;;:\Program Files (x86)\Common Files\Oracle\Java\javapath;C:\windows\system32;C:\windows;C:\windows\System32\Wbem;C:\windows\System32\WindowsPowerShell\v1.0\;C:\windows\System32\OpenSSH\;C:\Program Files (x86)\NVIDIA Corporation\PhysX\Common;C:\Program Files\NVIDIA Corporation\NVIDIA NvDLISR;C:\WINDOWS\system32;C:\WINDOWS;C:\WINDOWS\System32\Wbem;C:\WINDOWS\System32\WindowsPowerShell\v1.0\;C:\WINDOWS\System32\OpenSSH\;C:\WINDOWS\system32;C:\WINDOWS;C:\WINDOWS\System32\Wbem;C:\WINDOWS\System32\WindowsPowerShell\v1.0\;C:\WINDOWS\System32\OpenSSH\;%NVM_HOME%;%NVM_SYMLINK%;C:\Users\YUSHAN\Desktop\dong\;C:\dong\Git\cmd;C:\Program Files\MySQL\MySQL Shell 8.0\bin\;C:\Users\YUSHAN\AppData\Local\Microsoft\WindowsApps;C:\Users\YUSHAN\Desktop\dong\nvm;C:\nvm4w\nodejs;C:\Users\YUSHAN\AppData\Roaming\npm;C:\Users\YUSHAN\AppData\Local\Programs\Microsoft VS Code\bin;C:\Users\YUSHAN\AppData\Local\GitHubDesktop\bin
USERNAME=YUSHAN
OS=Windows_NT
PROCESSOR_IDENTIFIER=Intel64 Family 6 Model 142 Stepping 12, GenuineIntel
TMP=C:\Users\YUSHAN\AppData\Local\Temp
TEMP=C:\Users\YUSHAN\AppData\Local\Temp




Periodic native trim disabled

---------------  S Y S T E M  ---------------

OS:
 Windows 11 , 64 bit Build 26100 (10.0.26100.8875)
OS uptime: 13 days 5:12 hours

CPU: total 8 (initial active 8) (4 cores per cpu, 2 threads per core) family 6 model 142 stepping 12 microcode 0xde, cx8, cmov, fxsr, ht, mmx, 3dnowpref, sse, sse2, sse3, ssse3, sse4.1, sse4.2, popcnt, lzcnt, tsc, tscinvbit, avx, avx2, aes, erms, clmul, bmi1, bmi2, adx, fma, vzeroupper, clflush, clflushopt, rdtscp, f16c
Processor Information for the first 8 processors :
  Max Mhz: 1800, Current Mhz: 1600, Mhz Limit: 1584

Memory: 4k page, system-wide physical 3982M (234M free)
TotalPageFile size 16270M (AvailPageFile size 2M)
current process WorkingSet (physical memory assigned to process): 10M, peak: 384M
current process commit charge ("private bytes"): 1240M, peak: 1255M

vm_info: OpenJDK 64-Bit Server VM (21.0.12.1+1-LTS) for windows-amd64 JRE (21.0.12.1+1-LTS), built on 2026-08-18T00:00:00Z by "admin" with MS VC++ 17.12 (VS2022)

END.
