#
# There is insufficient memory for the Java Runtime Environment to continue.
# Native memory allocation (mmap) failed to map 82837504 bytes. Error detail: G1 virtual space
# Possible reasons:
#   The system is out of physical RAM or swap space
#   This process is running with CompressedOops enabled, and the Java Heap may be blocking the growth of the native heap
# Possible solutions:
#   Reduce memory load on the system
#   Increase physical memory or swap space
#   Check if swap backing store is full
#   Decrease Java heap size (-Xmx/-Xms)
#   Decrease number of Java threads
#   Decrease Java thread stack sizes (-Xss)
#   Set larger code cache with -XX:ReservedCodeCacheSize=
#   JVM is running with Unscaled Compressed Oops mode in which the Java heap is
#     placed in the first 4GB address space. The Java Heap base address is the
#     maximum limit for the native heap growth. Please use -XX:HeapBaseMinAddress
#     to set the Java Heap base and to place the Java Heap above 4GB virtual address.
# This output file may be truncated or incomplete.
#
#  Out of Memory Error (os_windows.cpp:3732), pid=21688, tid=16212
#
# JRE version: OpenJDK Runtime Environment Temurin-21.0.12+8 (21.0.12+8) (build 21.0.12+8-LTS)
# Java VM: OpenJDK 64-Bit Server VM Temurin-21.0.12+8 (21.0.12+8-LTS, mixed mode, emulated-client, sharing, tiered, compressed oops, compressed class ptrs, g1 gc, windows-amd64)
# No core dump will be written. Minidumps are not enabled by default on client versions of Windows
#

---------------  S U M M A R Y ------------

Command Line: -XX:TieredStopAtLevel=1 -Dfile.encoding=UTF-8 -Duser.country=TW -Duser.language=zh -Duser.variant com.example.ssds.SsdsApplication

Host: Intel(R) Core(TM) i5-8265U CPU @ 1.60GHz, 8 cores, 3G,  Windows 11 , 64 bit Build 26100 (10.0.26100.8875)
Time: Thu Sep 10 10:34:02 2026 elapsed time: 22.086677 seconds (0d 0h 0m 22s)

---------------  T H R E A D  ---------------

Current thread (0x0000013c26012c80):  VMThread "VM Thread"          [id=16212, stack(0x0000001adb300000,0x0000001adb400000) (1024K)]

Stack: [0x0000001adb300000,0x0000001adb400000]
Native frames: (J=compiled Java code, j=interpreted, Vv=VM code, C=native code)
V  [jvm.dll+0x6d83e9]
V  [jvm.dll+0x8b5736]
V  [jvm.dll+0x8b7cee]
V  [jvm.dll+0x8b83d3]
V  [jvm.dll+0x284596]
V  [jvm.dll+0x6d4d05]
V  [jvm.dll+0x6c898a]
V  [jvm.dll+0x35f2f8]
V  [jvm.dll+0x366f36]
V  [jvm.dll+0x3b804e]
V  [jvm.dll+0x3b82f8]
V  [jvm.dll+0x33320c]
V  [jvm.dll+0x33329a]
V  [jvm.dll+0x377382]
V  [jvm.dll+0x375b1a]
V  [jvm.dll+0x332951]
V  [jvm.dll+0x37517a]
V  [jvm.dll+0x8be0c0]
V  [jvm.dll+0x8bf434]
V  [jvm.dll+0x8bf960]
V  [jvm.dll+0x8bfc03]
V  [jvm.dll+0x8600cd]
V  [jvm.dll+0x6d6c1d]
C  [ucrtbase.dll+0x2cd30]
C  [KERNEL32.DLL+0x2e957]
C  [ntdll.dll+0xaad6c]

VM_Operation (0x0000001adc4f79f0): G1CollectForAllocation, mode: safepoint, requested by thread 0x0000013c2603b050


---------------  P R O C E S S  ---------------

Threads class SMR info:
_java_thread_list=0x0000013c6e470390, length=20, elements={
0x0000013c14750f10, 0x0000013c26032780, 0x0000013c260331e0, 0x0000013c260368f0,
0x0000013c2603c400, 0x0000013c2603ca90, 0x0000013c26039610, 0x0000013c2604cd30,
0x0000013c26039ca0, 0x0000013c2603a330, 0x0000013c2603a9c0, 0x0000013c2603b050,
0x0000013c2603b6e0, 0x0000013c2603bd70, 0x0000013c6d420eb0, 0x0000013c6d41e750,
0x0000013c6d41ede0, 0x0000013c6de19c10, 0x0000013c6ddcdc60, 0x0000013c6ddfafb0
}

Java Threads: ( => current thread )
  0x0000013c14750f10 JavaThread "main"                              [_thread_blocked, id=11832, stack(0x0000001adac00000,0x0000001adad00000) (1024K)]
  0x0000013c26032780 JavaThread "Reference Handler"          daemon [_thread_blocked, id=16740, stack(0x0000001adb400000,0x0000001adb500000) (1024K)]
  0x0000013c260331e0 JavaThread "Finalizer"                  daemon [_thread_blocked, id=24944, stack(0x0000001adb500000,0x0000001adb600000) (1024K)]
  0x0000013c260368f0 JavaThread "Signal Dispatcher"          daemon [_thread_blocked, id=10196, stack(0x0000001adb600000,0x0000001adb700000) (1024K)]
  0x0000013c2603c400 JavaThread "Attach Listener"            daemon [_thread_blocked, id=27220, stack(0x0000001adb700000,0x0000001adb800000) (1024K)]
  0x0000013c2603ca90 JavaThread "Service Thread"             daemon [_thread_blocked, id=1844, stack(0x0000001adb800000,0x0000001adb900000) (1024K)]
  0x0000013c26039610 JavaThread "Monitor Deflation Thread"   daemon [_thread_blocked, id=11868, stack(0x0000001adb900000,0x0000001adba00000) (1024K)]
  0x0000013c2604cd30 JavaThread "C1 CompilerThread0"         daemon [_thread_blocked, id=13108, stack(0x0000001adba00000,0x0000001adbb00000) (1024K)]
  0x0000013c26039ca0 JavaThread "Notification Thread"        daemon [_thread_blocked, id=6888, stack(0x0000001adbb00000,0x0000001adbc00000) (1024K)]
  0x0000013c2603a330 JavaThread "Common-Cleaner"             daemon [_thread_blocked, id=26572, stack(0x0000001adbc00000,0x0000001adbd00000) (1024K)]
  0x0000013c2603a9c0 JavaThread "Thread-0"                          [_thread_blocked, id=16908, stack(0x0000001adc300000,0x0000001adc400000) (1024K)]
  0x0000013c2603b050 JavaThread "restartedMain"                     [_thread_blocked, id=9648, stack(0x0000001adc400000,0x0000001adc500000) (1024K)]
  0x0000013c2603b6e0 JavaThread "Catalina-utility-1"                [_thread_blocked, id=7192, stack(0x0000001adbd00000,0x0000001adbe00000) (1024K)]
  0x0000013c2603bd70 JavaThread "Catalina-utility-2"                [_thread_blocked, id=18428, stack(0x0000001adc500000,0x0000001adc600000) (1024K)]
  0x0000013c6d420eb0 JavaThread "container-0"                       [_thread_blocked, id=5912, stack(0x0000001adc800000,0x0000001adc900000) (1024K)]
  0x0000013c6d41e750 JavaThread "Cleaner-0"                  daemon [_thread_blocked, id=3572, stack(0x0000001adcc00000,0x0000001adcd00000) (1024K)]
  0x0000013c6d41ede0 JavaThread "HikariPool-1:housekeeper"   daemon [_thread_blocked, id=17856, stack(0x0000001adcd00000,0x0000001adce00000) (1024K)]
  0x0000013c6de19c10 JavaThread "C1 CompilerThread1"         daemon [_thread_blocked, id=27072, stack(0x0000001adcb00000,0x0000001adcc00000) (1024K)]
  0x0000013c6ddcdc60 JavaThread "C1 CompilerThread2"         daemon [_thread_blocked, id=26076, stack(0x0000001adcf00000,0x0000001add000000) (1024K)]
  0x0000013c6ddfafb0 JavaThread "C1 CompilerThread3"         daemon [_thread_blocked, id=9396, stack(0x0000001add000000,0x0000001add100000) (1024K)]
Total: 20

Other Threads:
=>0x0000013c26012c80 VMThread "VM Thread"                           [id=16212, stack(0x0000001adb300000,0x0000001adb400000) (1024K)]
  0x0000013c25ffefd0 WatcherThread "VM Periodic Task Thread"        [id=3640, stack(0x0000001adb200000,0x0000001adb300000) (1024K)]
  0x0000013c16ad36b0 WorkerThread "GC Thread#0"                     [id=19680, stack(0x0000001adad00000,0x0000001adae00000) (1024K)]
  0x0000013c26b83cf0 WorkerThread "GC Thread#1"                     [id=26904, stack(0x0000001adbe00000,0x0000001adbf00000) (1024K)]
  0x0000013c26b2e590 WorkerThread "GC Thread#2"                     [id=4412, stack(0x0000001adbf00000,0x0000001adc000000) (1024K)]
  0x0000013c26a15240 WorkerThread "GC Thread#3"                     [id=28332, stack(0x0000001adc000000,0x0000001adc100000) (1024K)]
  0x0000013c26a155f0 WorkerThread "GC Thread#4"                     [id=12876, stack(0x0000001adc100000,0x0000001adc200000) (1024K)]
  0x0000013c26a159a0 WorkerThread "GC Thread#5"                     [id=25892, stack(0x0000001adc200000,0x0000001adc300000) (1024K)]
  0x0000013c6c130630 WorkerThread "GC Thread#6"                     [id=21940, stack(0x0000001adc600000,0x0000001adc700000) (1024K)]
  0x0000013c6c136890 WorkerThread "GC Thread#7"                     [id=11568, stack(0x0000001adc700000,0x0000001adc800000) (1024K)]
  0x0000013c16adc220 ConcurrentGCThread "G1 Main Marker"            [id=28104, stack(0x0000001adae00000,0x0000001adaf00000) (1024K)]
  0x0000013c16addab0 WorkerThread "G1 Conc#0"                       [id=25508, stack(0x0000001adaf00000,0x0000001adb000000) (1024K)]
  0x0000013c6c8849c0 WorkerThread "G1 Conc#1"                       [id=25084, stack(0x0000001adc900000,0x0000001adca00000) (1024K)]
  0x0000013c25ed10a0 ConcurrentGCThread "G1 Refine#0"               [id=11956, stack(0x0000001adb000000,0x0000001adb100000) (1024K)]
  0x0000013c25ed1b20 ConcurrentGCThread "G1 Service"                [id=11328, stack(0x0000001adb100000,0x0000001adb200000) (1024K)]
Total: 15

Threads with active compile tasks:
Total: 0

VM state: at safepoint (normal execution)

VM Mutex/Monitor currently owned by a thread:  ([mutex/lock_event])
[0x00007ffa66f4f570] Threads_lock - owner thread: 0x0000013c26012c80
[0x00007ffa66f4f670] Heap_lock - owner thread: 0x0000013c2603b050

Heap address: 0x00000000c1c00000, size: 996 MB, Compressed Oops mode: 32-bit

CDS archive(s) mapped at: [0x0000013c27000000-0x0000013c27c80000-0x0000013c27c80000), size 13107200, SharedBaseAddress: 0x0000013c27000000, ArchiveRelocationMode: 1.
Compressed class space mapped at: 0x0000013c28000000-0x0000013c68000000, reserved size: 1073741824
Narrow klass base: 0x0000013c27000000, Narrow klass shift: 0, Narrow klass range: 0x100000000

GC Precious Log:
 CardTable entry size: 512
 Card Set container configuration: InlinePtr #cards 5 size 8 Array Of Cards #cards 12 size 40 Howl #buckets 4 coarsen threshold 1843 Howl Bitmap #cards 512 size 80 coarsen threshold 460 Card regions per heap region 1 cards per card region 2048
 CPUs: 8 total, 8 available
 Memory: 3982M
 Large Page Support: Disabled
 NUMA Support: Disabled
 Compressed Oops: Enabled (32-bit)
 Heap Region Size: 1M
 Heap Min Capacity: 8M
 Heap Initial Capacity: 64M
 Heap Max Capacity: 996M
 Pre-touch: Disabled
 Parallel Workers: 8
 Concurrent Workers: 2
 Concurrent Refinement Workers: 8
 Periodic GC: Disabled

Heap:
 garbage-first heap   total 77824K, used 55112K [0x00000000c1c00000, 0x0000000100000000)
  region size 1024K, 3 young (3072K), 3 survivors (3072K)
 Metaspace       used 81083K, committed 81856K, reserved 1179648K
  class space    used 11930K, committed 12288K, reserved 1048576K

Heap Regions: E=young(eden), S=young(survivor), O=old, HS=humongous(starts), HC=humongous(continues), CS=collection set, F=free, TAMS=top-at-mark-start, PB=parsable bottom
|   0|0x00000000c1c00000, 0x00000000c1d00000, 0x00000000c1d00000|100%|HS|  |TAMS 0x00000000c1d00000| PB 0x00000000c1c00000| Complete 
|   1|0x00000000c1d00000, 0x00000000c1e00000, 0x00000000c1e00000|100%| O|  |TAMS 0x00000000c1e00000| PB 0x00000000c1d00000| Untracked 
|   2|0x00000000c1e00000, 0x00000000c1f00000, 0x00000000c1f00000|100%| O|  |TAMS 0x00000000c1f00000| PB 0x00000000c1e00000| Untracked 
|   3|0x00000000c1f00000, 0x00000000c2000000, 0x00000000c2000000|100%| O|  |TAMS 0x00000000c2000000| PB 0x00000000c1f00000| Untracked 
|   4|0x00000000c2000000, 0x00000000c2100000, 0x00000000c2100000|100%| O|  |TAMS 0x00000000c2100000| PB 0x00000000c2000000| Untracked 
|   5|0x00000000c2100000, 0x00000000c2200000, 0x00000000c2200000|100%| O|  |TAMS 0x00000000c2200000| PB 0x00000000c2100000| Untracked 
|   6|0x00000000c2200000, 0x00000000c2300000, 0x00000000c2300000|100%| O|  |TAMS 0x00000000c2300000| PB 0x00000000c2200000| Untracked 
|   7|0x00000000c2300000, 0x00000000c2400000, 0x00000000c2400000|100%| O|  |TAMS 0x00000000c2400000| PB 0x00000000c2300000| Untracked 
|   8|0x00000000c2400000, 0x00000000c2500000, 0x00000000c2500000|100%| O|  |TAMS 0x00000000c2500000| PB 0x00000000c2400000| Untracked 
|   9|0x00000000c2500000, 0x00000000c2600000, 0x00000000c2600000|100%| O|  |TAMS 0x00000000c2600000| PB 0x00000000c2500000| Untracked 
|  10|0x00000000c2600000, 0x00000000c2700000, 0x00000000c2700000|100%| O|  |TAMS 0x00000000c2700000| PB 0x00000000c2600000| Untracked 
|  11|0x00000000c2700000, 0x00000000c2800000, 0x00000000c2800000|100%| O|  |TAMS 0x00000000c2800000| PB 0x00000000c2700000| Untracked 
|  12|0x00000000c2800000, 0x00000000c2900000, 0x00000000c2900000|100%| O|  |TAMS 0x00000000c2900000| PB 0x00000000c2800000| Untracked 
|  13|0x00000000c2900000, 0x00000000c2a00000, 0x00000000c2a00000|100%| O|  |TAMS 0x00000000c2a00000| PB 0x00000000c2900000| Untracked 
|  14|0x00000000c2a00000, 0x00000000c2b00000, 0x00000000c2b00000|100%| O|  |TAMS 0x00000000c2b00000| PB 0x00000000c2a00000| Untracked 
|  15|0x00000000c2b00000, 0x00000000c2c00000, 0x00000000c2c00000|100%| O|  |TAMS 0x00000000c2c00000| PB 0x00000000c2b00000| Untracked 
|  16|0x00000000c2c00000, 0x00000000c2d00000, 0x00000000c2d00000|100%| O|  |TAMS 0x00000000c2d00000| PB 0x00000000c2c00000| Untracked 
|  17|0x00000000c2d00000, 0x00000000c2e00000, 0x00000000c2e00000|100%| O|  |TAMS 0x00000000c2e00000| PB 0x00000000c2d00000| Untracked 
|  18|0x00000000c2e00000, 0x00000000c2f00000, 0x00000000c2f00000|100%| O|  |TAMS 0x00000000c2f00000| PB 0x00000000c2e00000| Untracked 
|  19|0x00000000c2f00000, 0x00000000c3000000, 0x00000000c3000000|100%| O|  |TAMS 0x00000000c3000000| PB 0x00000000c2f00000| Untracked 
|  20|0x00000000c3000000, 0x00000000c3100000, 0x00000000c3100000|100%| O|  |TAMS 0x00000000c3100000| PB 0x00000000c3000000| Untracked 
|  21|0x00000000c3100000, 0x00000000c3200000, 0x00000000c3200000|100%| O|  |TAMS 0x00000000c3200000| PB 0x00000000c3100000| Untracked 
|  22|0x00000000c3200000, 0x00000000c3300000, 0x00000000c3300000|100%| O|  |TAMS 0x00000000c3300000| PB 0x00000000c3200000| Untracked 
|  23|0x00000000c3300000, 0x00000000c3400000, 0x00000000c3400000|100%| O|  |TAMS 0x00000000c3400000| PB 0x00000000c3300000| Untracked 
|  24|0x00000000c3400000, 0x00000000c3500000, 0x00000000c3500000|100%| O|  |TAMS 0x00000000c3500000| PB 0x00000000c3400000| Untracked 
|  25|0x00000000c3500000, 0x00000000c3600000, 0x00000000c3600000|100%| O|  |TAMS 0x00000000c3600000| PB 0x00000000c3500000| Untracked 
|  26|0x00000000c3600000, 0x00000000c3700000, 0x00000000c3700000|100%| O|  |TAMS 0x00000000c3700000| PB 0x00000000c3600000| Untracked 
|  27|0x00000000c3700000, 0x00000000c3800000, 0x00000000c3800000|100%| O|  |TAMS 0x00000000c3800000| PB 0x00000000c3700000| Untracked 
|  28|0x00000000c3800000, 0x00000000c3900000, 0x00000000c3900000|100%| O|  |TAMS 0x00000000c3900000| PB 0x00000000c3800000| Untracked 
|  29|0x00000000c3900000, 0x00000000c3a00000, 0x00000000c3a00000|100%| O|  |TAMS 0x00000000c3a00000| PB 0x00000000c3900000| Untracked 
|  30|0x00000000c3a00000, 0x00000000c3b00000, 0x00000000c3b00000|100%| O|  |TAMS 0x00000000c3b00000| PB 0x00000000c3a00000| Untracked 
|  31|0x00000000c3b00000, 0x00000000c3c00000, 0x00000000c3c00000|100%| O|  |TAMS 0x00000000c3c00000| PB 0x00000000c3b00000| Untracked 
|  32|0x00000000c3c00000, 0x00000000c3d00000, 0x00000000c3d00000|100%| O|  |TAMS 0x00000000c3d00000| PB 0x00000000c3c00000| Untracked 
|  33|0x00000000c3d00000, 0x00000000c3e00000, 0x00000000c3e00000|100%| O|  |TAMS 0x00000000c3d00000| PB 0x00000000c3d00000| Untracked 
|  34|0x00000000c3e00000, 0x00000000c3f00000, 0x00000000c3f00000|100%| O|  |TAMS 0x00000000c3f00000| PB 0x00000000c3e00000| Untracked 
|  35|0x00000000c3f00000, 0x00000000c4000000, 0x00000000c4000000|100%| O|  |TAMS 0x00000000c4000000| PB 0x00000000c3f00000| Untracked 
|  36|0x00000000c4000000, 0x00000000c4100000, 0x00000000c4100000|100%| O|  |TAMS 0x00000000c4100000| PB 0x00000000c4000000| Untracked 
|  37|0x00000000c4100000, 0x00000000c4200000, 0x00000000c4200000|100%| O|  |TAMS 0x00000000c4200000| PB 0x00000000c4100000| Untracked 
|  38|0x00000000c4200000, 0x00000000c4300000, 0x00000000c4300000|100%| O|  |TAMS 0x00000000c4300000| PB 0x00000000c4200000| Untracked 
|  39|0x00000000c4300000, 0x00000000c4400000, 0x00000000c4400000|100%| O|  |TAMS 0x00000000c4400000| PB 0x00000000c4300000| Untracked 
|  40|0x00000000c4400000, 0x00000000c4500000, 0x00000000c4500000|100%| O|  |TAMS 0x00000000c4500000| PB 0x00000000c4400000| Untracked 
|  41|0x00000000c4500000, 0x00000000c45d2268, 0x00000000c4600000| 82%| O|  |TAMS 0x00000000c4500000| PB 0x00000000c4500000| Untracked 
|  42|0x00000000c4600000, 0x00000000c4600000, 0x00000000c4700000|  0%| F|  |TAMS 0x00000000c4600000| PB 0x00000000c4600000| Untracked 
|  43|0x00000000c4700000, 0x00000000c4700000, 0x00000000c4800000|  0%| F|  |TAMS 0x00000000c4700000| PB 0x00000000c4700000| Untracked 
|  44|0x00000000c4800000, 0x00000000c4800000, 0x00000000c4900000|  0%| F|  |TAMS 0x00000000c4800000| PB 0x00000000c4800000| Untracked 
|  45|0x00000000c4900000, 0x00000000c4a00000, 0x00000000c4a00000|100%| O|  |TAMS 0x00000000c4a00000| PB 0x00000000c4900000| Untracked 
|  46|0x00000000c4a00000, 0x00000000c4b00000, 0x00000000c4b00000|100%| O|  |TAMS 0x00000000c4a959e8| PB 0x00000000c4a00000| Untracked 
|  47|0x00000000c4b00000, 0x00000000c4b00000, 0x00000000c4c00000|  0%| F|  |TAMS 0x00000000c4b00000| PB 0x00000000c4b00000| Untracked 
|  48|0x00000000c4c00000, 0x00000000c4d00000, 0x00000000c4d00000|100%| S|CS|TAMS 0x00000000c4c00000| PB 0x00000000c4c00000| Complete 
|  49|0x00000000c4d00000, 0x00000000c4e00000, 0x00000000c4e00000|100%| S|CS|TAMS 0x00000000c4d00000| PB 0x00000000c4d00000| Complete 
|  50|0x00000000c4e00000, 0x00000000c4e00000, 0x00000000c4f00000|  0%| F|  |TAMS 0x00000000c4e00000| PB 0x00000000c4e00000| Untracked 
|  51|0x00000000c4f00000, 0x00000000c4f00000, 0x00000000c5000000|  0%| F|  |TAMS 0x00000000c4f00000| PB 0x00000000c4f00000| Untracked 
|  52|0x00000000c5000000, 0x00000000c5100000, 0x00000000c5100000|100%| S|CS|TAMS 0x00000000c5000000| PB 0x00000000c5000000| Complete 
|  53|0x00000000c5100000, 0x00000000c5100000, 0x00000000c5200000|  0%| F|  |TAMS 0x00000000c5100000| PB 0x00000000c5100000| Untracked 
|  54|0x00000000c5200000, 0x00000000c5200000, 0x00000000c5300000|  0%| F|  |TAMS 0x00000000c5200000| PB 0x00000000c5200000| Untracked 
|  55|0x00000000c5300000, 0x00000000c5300000, 0x00000000c5400000|  0%| F|  |TAMS 0x00000000c5300000| PB 0x00000000c5300000| Untracked 
|  56|0x00000000c5400000, 0x00000000c5400000, 0x00000000c5500000|  0%| F|  |TAMS 0x00000000c5400000| PB 0x00000000c5400000| Untracked 
|  57|0x00000000c5500000, 0x00000000c5500000, 0x00000000c5600000|  0%| F|  |TAMS 0x00000000c5500000| PB 0x00000000c5500000| Untracked 
|  58|0x00000000c5600000, 0x00000000c5600000, 0x00000000c5700000|  0%| F|  |TAMS 0x00000000c5600000| PB 0x00000000c5600000| Untracked 
|  59|0x00000000c5700000, 0x00000000c5700000, 0x00000000c5800000|  0%| F|  |TAMS 0x00000000c5700000| PB 0x00000000c5700000| Untracked 
|  60|0x00000000c5800000, 0x00000000c5800000, 0x00000000c5900000|  0%| F|  |TAMS 0x00000000c5800000| PB 0x00000000c5800000| Untracked 
|  61|0x00000000c5900000, 0x00000000c5900000, 0x00000000c5a00000|  0%| F|  |TAMS 0x00000000c5900000| PB 0x00000000c5900000| Untracked 
|  62|0x00000000c5a00000, 0x00000000c5a00000, 0x00000000c5b00000|  0%| F|  |TAMS 0x00000000c5a00000| PB 0x00000000c5a00000| Untracked 
|  63|0x00000000c5b00000, 0x00000000c5b00000, 0x00000000c5c00000|  0%| F|  |TAMS 0x00000000c5b00000| PB 0x00000000c5b00000| Untracked 
|  64|0x00000000c5c00000, 0x00000000c5c00000, 0x00000000c5d00000|  0%| F|  |TAMS 0x00000000c5c00000| PB 0x00000000c5c00000| Untracked 
|  65|0x00000000c5d00000, 0x00000000c5d00000, 0x00000000c5e00000|  0%| F|  |TAMS 0x00000000c5d00000| PB 0x00000000c5d00000| Untracked 
|  66|0x00000000c5e00000, 0x00000000c5e00000, 0x00000000c5f00000|  0%| F|  |TAMS 0x00000000c5e00000| PB 0x00000000c5e00000| Untracked 
|  67|0x00000000c5f00000, 0x00000000c5f00000, 0x00000000c6000000|  0%| F|  |TAMS 0x00000000c5f00000| PB 0x00000000c5f00000| Untracked 
|  68|0x00000000c6000000, 0x00000000c6000000, 0x00000000c6100000|  0%| F|  |TAMS 0x00000000c6000000| PB 0x00000000c6000000| Untracked 
| 989|0x00000000ff900000, 0x00000000ffa00000, 0x00000000ffa00000|100%| O|  |TAMS 0x00000000ffa00000| PB 0x00000000ff900000| Untracked 
| 990|0x00000000ffa00000, 0x00000000ffb00000, 0x00000000ffb00000|100%| O|  |TAMS 0x00000000ffb00000| PB 0x00000000ffa00000| Untracked 
| 991|0x00000000ffb00000, 0x00000000ffc00000, 0x00000000ffc00000|100%| O|  |TAMS 0x00000000ffc00000| PB 0x00000000ffb00000| Untracked 
| 992|0x00000000ffc00000, 0x00000000ffd00000, 0x00000000ffd00000|100%| O|  |TAMS 0x00000000ffd00000| PB 0x00000000ffc00000| Untracked 
| 993|0x00000000ffd00000, 0x00000000ffe00000, 0x00000000ffe00000|100%| O|  |TAMS 0x00000000ffe00000| PB 0x00000000ffd00000| Untracked 
| 994|0x00000000ffe00000, 0x00000000fff00000, 0x00000000fff00000|100%| O|  |TAMS 0x00000000fff00000| PB 0x00000000ffe00000| Untracked 
| 995|0x00000000fff00000, 0x0000000100000000, 0x0000000100000000|100%| O|  |TAMS 0x0000000100000000| PB 0x00000000fff00000| Untracked 

Card table byte_map: [0x0000013c224b0000,0x0000013c226b0000] _byte_map_base: 0x0000013c21ea2000

Marking Bits: (CMBitMap*) 0x0000013c16ad3cc0
 Bits: [0x0000013c226b0000, 0x0000013c23640000)

Polling page: 0x0000013c14990000

Metaspace:

Usage:
  Non-class:     67.53 MB used.
      Class:     11.65 MB used.
       Both:     79.18 MB used.

Virtual space:
  Non-class space:      128.00 MB reserved,      67.94 MB ( 53%) committed,  2 nodes.
      Class space:        1.00 GB reserved,      12.00 MB (  1%) committed,  1 nodes.
             Both:        1.12 GB reserved,      79.94 MB (  7%) committed. 

Chunk freelists:
   Non-Class:  11.97 MB
       Class:  3.89 MB
        Both:  15.86 MB

MaxMetaspaceSize: unlimited
CompressedClassSpaceSize: 1.00 GB
Initial GC threshold: 21.00 MB
Current GC threshold: 130.25 MB
CDS: on
 - commit_granule_bytes: 65536.
 - commit_granule_words: 8192.
 - virtual_space_node_default_size: 8388608.
 - enlarge_chunks_in_place: 1.
 - use_allocation_guard: 0.


Internal statistics:

num_allocs_failed_limit: 9.
num_arena_births: 1038.
num_arena_deaths: 0.
num_vsnodes_births: 3.
num_vsnodes_deaths: 0.
num_space_committed: 1279.
num_space_uncommitted: 0.
num_chunks_returned_to_freelist: 9.
num_chunks_taken_from_freelist: 3966.
num_chunk_merges: 9.
num_chunk_splits: 2904.
num_chunks_enlarged: 2313.
num_inconsistent_stats: 0.

CodeCache: size=49152Kb used=13838Kb max_used=14873Kb free=35313Kb
 bounds [0x0000013c1f1a0000, 0x0000013c20030000, 0x0000013c221a0000]
 total_blobs=7701, nmethods=6935, adapters=686, full_count=0
Compilation: enabled, stopped_count=0, restarted_count=0

Compilation events (20 events):
Event: 20.018 Thread 0x0000013c6ddfafb0 nmethod 8259 0x0000013c1f69c590 code [0x0000013c1f69c740, 0x0000013c1f69c8f8]
Event: 20.018 Thread 0x0000013c6ddcdc60 nmethod 8260 0x0000013c1f5afb90 code [0x0000013c1f5afd20, 0x0000013c1f5afe20]
Event: 20.018 Thread 0x0000013c6ddfafb0 8262       1       org.antlr.v4.runtime.misc.Interval::startsAfterDisjoint (17 bytes)
Event: 20.018 Thread 0x0000013c6de19c10 nmethod 8261 0x0000013c1f5b0290 code [0x0000013c1f5b0420, 0x0000013c1f5b0550]
Event: 20.018 Thread 0x0000013c6ddfafb0 nmethod 8262 0x0000013c1f5c4410 code [0x0000013c1f5c45a0, 0x0000013c1f5c4680]
Event: 20.018 Thread 0x0000013c2604cd30 nmethod 8257 0x0000013c1f904790 code [0x0000013c1f904a60, 0x0000013c1f905238]
Event: 20.019 Thread 0x0000013c2604cd30 8263 %     1       org.antlr.v4.runtime.atn.ATNDeserializer::deserialize @ 927 (2092 bytes)
Event: 20.024 Thread 0x0000013c2604cd30 nmethod 8263% 0x0000013c1f965490 code [0x0000013c1f965fc0, 0x0000013c1f96b8c0]
Event: 20.027 Thread 0x0000013c2604cd30 8264       1       org.antlr.v4.runtime.atn.LexerATNConfig::<init> (21 bytes)
Event: 20.027 Thread 0x0000013c2604cd30 nmethod 8264 0x0000013c1f5fe410 code [0x0000013c1f5fe5c0, 0x0000013c1f5fe7e0]
Event: 20.027 Thread 0x0000013c6de19c10 8265       1       org.antlr.v4.runtime.CodePointCharStream$CodePoint8BitCharStream::LA (98 bytes)
Event: 20.027 Thread 0x0000013c6de19c10 nmethod 8265 0x0000013c1f83bb10 code [0x0000013c1f83bce0, 0x0000013c1f83bfc0]
Event: 20.028 Thread 0x0000013c2604cd30 8266       1       org.antlr.v4.runtime.CommonTokenStream::LT (75 bytes)
Event: 20.028 Thread 0x0000013c2604cd30 nmethod 8266 0x0000013c1f4c3590 code [0x0000013c1f4c37a0, 0x0000013c1f4c3af0]
Event: 20.029 Thread 0x0000013c6de19c10 8267       1       org.antlr.v4.runtime.atn.LexerATNSimulator::getReachableConfigSet (210 bytes)
Event: 20.029 Thread 0x0000013c6ddfafb0 8268       1       org.antlr.v4.runtime.atn.ATNConfigSet::<init> (6 bytes)
Event: 20.029 Thread 0x0000013c6ddfafb0 nmethod 8268 0x0000013c1f5c7a90 code [0x0000013c1f5c7c40, 0x0000013c1f5c7d28]
Event: 20.030 Thread 0x0000013c6de19c10 nmethod 8267 0x0000013c1f8abb90 code [0x0000013c1f8abde0, 0x0000013c1f8ac660]
Event: 20.031 Thread 0x0000013c2604cd30 8269       1       org.antlr.v4.runtime.atn.PlusBlockStartState::getStateType (2 bytes)
Event: 20.031 Thread 0x0000013c2604cd30 nmethod 8269 0x0000013c1f5f6310 code [0x0000013c1f5f64a0, 0x0000013c1f5f6568]

GC Heap History (20 events):
Event: 13.680 GC heap after
{Heap after GC invocations=13 (full 0):
 garbage-first heap   total 69632K, used 29835K [0x00000000c1c00000, 0x0000000100000000)
  region size 1024K, 5 young (5120K), 5 survivors (5120K)
 Metaspace       used 57588K, committed 58304K, reserved 1114112K
  class space    used 8074K, committed 8384K, reserved 1048576K
}
Event: 14.808 GC heap before
{Heap before GC invocations=13 (full 0):
 garbage-first heap   total 69632K, used 51339K [0x00000000c1c00000, 0x0000000100000000)
  region size 1024K, 27 young (27648K), 5 survivors (5120K)
 Metaspace       used 59831K, committed 60480K, reserved 1114112K
  class space    used 8345K, committed 8640K, reserved 1048576K
}
Event: 14.813 GC heap after
{Heap after GC invocations=14 (full 0):
 garbage-first heap   total 69632K, used 32260K [0x00000000c1c00000, 0x0000000100000000)
  region size 1024K, 5 young (5120K), 5 survivors (5120K)
 Metaspace       used 59831K, committed 60480K, reserved 1114112K
  class space    used 8345K, committed 8640K, reserved 1048576K
}
Event: 17.300 GC heap before
{Heap before GC invocations=15 (full 0):
 garbage-first heap   total 69632K, used 61956K [0x00000000c1c00000, 0x0000000100000000)
  region size 1024K, 34 young (34816K), 5 survivors (5120K)
 Metaspace       used 63475K, committed 64192K, reserved 1114112K
  class space    used 8905K, committed 9216K, reserved 1048576K
}
Event: 17.304 GC heap after
{Heap after GC invocations=16 (full 0):
 garbage-first heap   total 69632K, used 33228K [0x00000000c1c00000, 0x0000000100000000)
  region size 1024K, 4 young (4096K), 4 survivors (4096K)
 Metaspace       used 63475K, committed 64192K, reserved 1114112K
  class space    used 8905K, committed 9216K, reserved 1048576K
}
Event: 17.727 GC heap before
{Heap before GC invocations=16 (full 0):
 garbage-first heap   total 69632K, used 60876K [0x00000000c1c00000, 0x0000000100000000)
  region size 1024K, 32 young (32768K), 4 survivors (4096K)
 Metaspace       used 68712K, committed 69440K, reserved 1114112K
  class space    used 9797K, committed 10112K, reserved 1048576K
}
Event: 17.732 GC heap after
{Heap after GC invocations=17 (full 0):
 garbage-first heap   total 69632K, used 33871K [0x00000000c1c00000, 0x0000000100000000)
  region size 1024K, 2 young (2048K), 2 survivors (2048K)
 Metaspace       used 68712K, committed 69440K, reserved 1114112K
  class space    used 9797K, committed 10112K, reserved 1048576K
}
Event: 17.895 GC heap before
{Heap before GC invocations=17 (full 0):
 garbage-first heap   total 69632K, used 63567K [0x00000000c1c00000, 0x0000000100000000)
  region size 1024K, 31 young (31744K), 2 survivors (2048K)
 Metaspace       used 69071K, committed 69760K, reserved 1114112K
  class space    used 9847K, committed 10112K, reserved 1048576K
}
Event: 17.898 GC heap after
{Heap after GC invocations=18 (full 0):
 garbage-first heap   total 69632K, used 34078K [0x00000000c1c00000, 0x0000000100000000)
  region size 1024K, 3 young (3072K), 3 survivors (3072K)
 Metaspace       used 69071K, committed 69760K, reserved 1114112K
  class space    used 9847K, committed 10112K, reserved 1048576K
}
Event: 18.213 GC heap before
{Heap before GC invocations=19 (full 0):
 garbage-first heap   total 69632K, used 62750K [0x00000000c1c00000, 0x0000000100000000)
  region size 1024K, 31 young (31744K), 3 survivors (3072K)
 Metaspace       used 72011K, committed 72768K, reserved 1114112K
  class space    used 10306K, committed 10624K, reserved 1048576K
}
Event: 18.216 GC heap after
{Heap after GC invocations=20 (full 0):
 garbage-first heap   total 69632K, used 35346K [0x00000000c1c00000, 0x0000000100000000)
  region size 1024K, 4 young (4096K), 4 survivors (4096K)
 Metaspace       used 72011K, committed 72768K, reserved 1114112K
  class space    used 10306K, committed 10624K, reserved 1048576K
}
Event: 19.447 GC heap before
{Heap before GC invocations=20 (full 0):
 garbage-first heap   total 69632K, used 64018K [0x00000000c1c00000, 0x0000000100000000)
  region size 1024K, 32 young (32768K), 4 survivors (4096K)
 Metaspace       used 75764K, committed 76480K, reserved 1114112K
  class space    used 10904K, committed 11200K, reserved 1048576K
}
Event: 19.453 GC heap after
{Heap after GC invocations=21 (full 0):
 garbage-first heap   total 71680K, used 37543K [0x00000000c1c00000, 0x0000000100000000)
  region size 1024K, 4 young (4096K), 4 survivors (4096K)
 Metaspace       used 75764K, committed 76480K, reserved 1114112K
  class space    used 10904K, committed 11200K, reserved 1048576K
}
Event: 19.751 GC heap before
{Heap before GC invocations=21 (full 0):
 garbage-first heap   total 71680K, used 66215K [0x00000000c1c00000, 0x0000000100000000)
  region size 1024K, 32 young (32768K), 4 survivors (4096K)
 Metaspace       used 79269K, committed 80000K, reserved 1179648K
  class space    used 11499K, committed 11840K, reserved 1048576K
}
Event: 19.761 GC heap after
{Heap after GC invocations=22 (full 0):
 garbage-first heap   total 77824K, used 44377K [0x00000000c1c00000, 0x0000000100000000)
  region size 1024K, 4 young (4096K), 4 survivors (4096K)
 Metaspace       used 79269K, committed 80000K, reserved 1179648K
  class space    used 11499K, committed 11840K, reserved 1048576K
}
Event: 19.819 GC heap before
{Heap before GC invocations=23 (full 0):
 garbage-first heap   total 77824K, used 66905K [0x00000000c1c00000, 0x0000000100000000)
  region size 1024K, 26 young (26624K), 4 survivors (4096K)
 Metaspace       used 79270K, committed 80000K, reserved 1179648K
  class space    used 11499K, committed 11840K, reserved 1048576K
}
Event: 19.826 GC heap after
{Heap after GC invocations=24 (full 0):
 garbage-first heap   total 77824K, used 49543K [0x00000000c1c00000, 0x0000000100000000)
  region size 1024K, 4 young (4096K), 4 survivors (4096K)
 Metaspace       used 79270K, committed 80000K, reserved 1179648K
  class space    used 11499K, committed 11840K, reserved 1048576K
}
Event: 19.886 GC heap before
{Heap before GC invocations=24 (full 0):
 garbage-first heap   total 77824K, used 66951K [0x00000000c1c00000, 0x0000000100000000)
  region size 1024K, 21 young (21504K), 4 survivors (4096K)
 Metaspace       used 79528K, committed 80320K, reserved 1179648K
  class space    used 11539K, committed 11904K, reserved 1048576K
}
Event: 19.890 GC heap after
{Heap after GC invocations=25 (full 0):
 garbage-first heap   total 77824K, used 51569K [0x00000000c1c00000, 0x0000000100000000)
  region size 1024K, 2 young (2048K), 2 survivors (2048K)
 Metaspace       used 79528K, committed 80320K, reserved 1179648K
  class space    used 11539K, committed 11904K, reserved 1048576K
}
Event: 20.046 GC heap before
{Heap before GC invocations=25 (full 0):
 garbage-first heap   total 77824K, used 67953K [0x00000000c1c00000, 0x0000000100000000)
  region size 1024K, 18 young (18432K), 2 survivors (2048K)
 Metaspace       used 81083K, committed 81856K, reserved 1179648K
  class space    used 11930K, committed 12288K, reserved 1048576K
}

Dll operation events (18 events):
Event: 0.009 Attempting to load shared library C:\Program Files\Eclipse Adoptium\jdk-21.0.12.8-hotspot\bin\java.dll
Event: 0.009 Loaded shared library C:\Program Files\Eclipse Adoptium\jdk-21.0.12.8-hotspot\bin\java.dll
Event: 0.180 Attempting to load shared library C:\Program Files\Eclipse Adoptium\jdk-21.0.12.8-hotspot\bin\net.dll
Event: 0.186 Loaded shared library C:\Program Files\Eclipse Adoptium\jdk-21.0.12.8-hotspot\bin\net.dll
Event: 0.189 Attempting to load shared library C:\Program Files\Eclipse Adoptium\jdk-21.0.12.8-hotspot\bin\nio.dll
Event: 0.190 Loaded shared library C:\Program Files\Eclipse Adoptium\jdk-21.0.12.8-hotspot\bin\nio.dll
Event: 0.192 Attempting to load shared library C:\Program Files\Eclipse Adoptium\jdk-21.0.12.8-hotspot\bin\zip.dll
Event: 0.194 Loaded shared library C:\Program Files\Eclipse Adoptium\jdk-21.0.12.8-hotspot\bin\zip.dll
Event: 0.273 Attempting to load shared library C:\Program Files\Eclipse Adoptium\jdk-21.0.12.8-hotspot\bin\jimage.dll
Event: 0.273 Loaded shared library C:\Program Files\Eclipse Adoptium\jdk-21.0.12.8-hotspot\bin\jimage.dll
Event: 0.970 Attempting to load shared library C:\Program Files\Eclipse Adoptium\jdk-21.0.12.8-hotspot\bin\management.dll
Event: 0.972 Loaded shared library C:\Program Files\Eclipse Adoptium\jdk-21.0.12.8-hotspot\bin\management.dll
Event: 0.985 Attempting to load shared library C:\Program Files\Eclipse Adoptium\jdk-21.0.12.8-hotspot\bin\management_ext.dll
Event: 0.988 Loaded shared library C:\Program Files\Eclipse Adoptium\jdk-21.0.12.8-hotspot\bin\management_ext.dll
Event: 2.702 Attempting to load shared library C:\Program Files\Eclipse Adoptium\jdk-21.0.12.8-hotspot\bin\sunmscapi.dll
Event: 2.719 Loaded shared library C:\Program Files\Eclipse Adoptium\jdk-21.0.12.8-hotspot\bin\sunmscapi.dll
Event: 9.509 Attempting to load shared library C:\Program Files\Eclipse Adoptium\jdk-21.0.12.8-hotspot\bin\extnet.dll
Event: 9.511 Loaded shared library C:\Program Files\Eclipse Adoptium\jdk-21.0.12.8-hotspot\bin\extnet.dll

Deoptimization events (0 events):
No events

Classes loaded (20 events):
Event: 19.230 Loading class java/lang/SafeVarargs
Event: 19.239 Loading class java/lang/SafeVarargs done
Event: 19.244 Loading class sun/reflect/generics/reflectiveObjects/GenericArrayTypeImpl
Event: 19.245 Loading class sun/reflect/generics/reflectiveObjects/GenericArrayTypeImpl done
Event: 19.358 Loading class java/util/WeakHashMap$KeyIterator
Event: 19.359 Loading class java/util/WeakHashMap$KeyIterator done
Event: 19.396 Loading class java/lang/Package$1PackageInfoProxy
Event: 19.396 Loading class java/lang/Package$1PackageInfoProxy done
Event: 19.506 Loading class java/lang/invoke/WrongMethodTypeException
Event: 19.506 Loading class java/lang/invoke/WrongMethodTypeException done
Event: 19.518 Loading class java/util/regex/Pattern$Neg
Event: 19.518 Loading class java/util/regex/Pattern$Neg done
Event: 19.520 Loading class java/util/regex/Pattern$Bound
Event: 19.520 Loading class java/util/regex/Pattern$Bound done
Event: 19.521 Loading class java/util/regex/Pattern$Behind
Event: 19.521 Loading class java/util/regex/Pattern$Behind done
Event: 19.539 Loading class java/util/EmptyStackException
Event: 19.539 Loading class java/util/EmptyStackException done
Event: 19.657 Loading class java/io/InvalidClassException
Event: 19.658 Loading class java/io/InvalidClassException done

Classes unloaded (0 events):
No events

Classes redefined (0 events):
No events

Internal exceptions (20 events):
Event: 17.208 Thread 0x0000013c2603b050 Exception <a 'java/lang/NoSuchMethodError'{0x00000000c4083980}: 'void java.lang.invoke.DirectMethodHandle$Holder.invokeStaticInit(java.lang.Object, java.lang.Object, java.lang.Object, java.lang.Object, java.lang.Object)'> (0x00000000c4083980) 
thrown [s\src\hotspot\share\interpreter\linkResolver.cpp, line 773]
Event: 18.009 Thread 0x0000013c2603b050 Exception <a 'java/lang/NoSuchMethodError'{0x00000000c4ebc038}: 'void java.lang.invoke.DirectMethodHandle$Holder.invokeStaticInit(java.lang.Object, int, java.lang.Object, java.lang.Object, java.lang.Object, java.lang.Object)'> (0x00000000c4ebc038) 
thrown [s\src\hotspot\share\interpreter\linkResolver.cpp, line 773]
Event: 18.015 Thread 0x0000013c2603b050 Exception <a 'java/lang/NoSuchMethodError'{0x00000000c4d22d70}: 'void java.lang.invoke.DirectMethodHandle$Holder.invokeSpecial(java.lang.Object, java.lang.Object, java.lang.Object, java.lang.Object, java.lang.Object, int, java.lang.Object, java.lang.Object)'> (0x00000000c4d22d70) 
thrown [s\src\hotspot\share\interpreter\linkResolver.cpp, line 773]
Event: 18.042 Thread 0x0000013c2603b050 Exception <a 'java/lang/NoSuchMethodError'{0x00000000c4c78f78}: 'int java.lang.invoke.DirectMethodHandle$Holder.invokeStatic(java.lang.Object, java.lang.Object, java.lang.Object, java.lang.Object, java.lang.Object, java.lang.Object)'> (0x00000000c4c78f78) 
thrown [s\src\hotspot\share\interpreter\linkResolver.cpp, line 773]
Event: 18.044 Thread 0x0000013c2603b050 Exception <a 'java/lang/NoSuchMethodError'{0x00000000c4c97488}: 'int java.lang.invoke.DirectMethodHandle$Holder.invokeStatic(java.lang.Object, java.lang.Object, java.lang.Object, java.lang.Object, java.lang.Object)'> (0x00000000c4c97488) 
thrown [s\src\hotspot\share\interpreter\linkResolver.cpp, line 773]
Event: 18.057 Thread 0x0000013c2603b050 Exception <a 'java/lang/NoSuchMethodError'{0x00000000c4b62b58}: 'int java.lang.invoke.DirectMethodHandle$Holder.invokeSpecial(java.lang.Object, java.lang.Object, java.lang.Object, java.lang.Object, java.lang.Object, java.lang.Object, java.lang.Object)'> (0x00000000c4b62b58) 
thrown [s\src\hotspot\share\interpreter\linkResolver.cpp, line 773]
Event: 18.091 Thread 0x0000013c2603b050 Exception <a 'java/lang/NoSuchMethodError'{0x00000000c4950200}: 'void java.lang.invoke.DirectMethodHandle$Holder.invokeInterface(java.lang.Object, java.lang.Object, int, java.lang.Object)'> (0x00000000c4950200) 
thrown [s\src\hotspot\share\interpreter\linkResolver.cpp, line 773]
Event: 18.094 Thread 0x0000013c2603b050 Exception <a 'java/lang/NoSuchMethodError'{0x00000000c4987230}: 'java.lang.Object java.lang.invoke.DirectMethodHandle$Holder.newInvokeSpecial(java.lang.Object, java.lang.Object, int, java.lang.Object)'> (0x00000000c4987230) 
thrown [s\src\hotspot\share\interpreter\linkResolver.cpp, line 773]
Event: 18.110 Thread 0x0000013c2603b050 Exception <a 'java/lang/NoSuchMethodError'{0x00000000c48863b0}: 'void java.lang.invoke.DirectMethodHandle$Holder.invokeSpecial(java.lang.Object, java.lang.Object, java.lang.Object, java.lang.Object, java.lang.Object, java.lang.Object, java.lang.Object, java.lang.Object)'> (0x00000000c48863b0) 
thrown [s\src\hotspot\share\interpreter\linkResolver.cpp, line 773]
Event: 18.142 Thread 0x0000013c2603b050 Exception <a 'java/lang/NoSuchMethodError'{0x00000000c46b33f8}: 'java.lang.Object java.lang.invoke.DirectMethodHandle$Holder.newInvokeSpecial(java.lang.Object, java.lang.Object, java.lang.Object, java.lang.Object, java.lang.Object, java.lang.Object, java.lang.Object, java.lang.Object, java.lang.Object, java.lang.Object, java.lang.Object, java.lang.Object)'> (0x00000000c46b33f8) 
thrown [s\src\hotspot\share\interpreter\linkResolver.cpp, line 773]
Event: 18.142 Thread 0x0000013c2603b050 Exception <a 'java/lang/NoSuchMethodError'{0x00000000c46b7cf0}: 'java.lang.Object java.lang.invoke.DirectMethodHandle$Holder.invokeSpecial(java.lang.Object, java.lang.Object, java.lang.Object, java.lang.Object, java.lang.Object, java.lang.Object, java.lang.Object, java.lang.Object, java.lang.Object, java.lang.Object, java.lang.Object, java.lang.Object, java.lang.Object)'> (0x00000000c46b7cf0) 
thrown [s\src\hotspot\share\interpreter\linkResolver.cpp, line 773]
Event: 18.142 Thread 0x0000013c2603b050 Exception <a 'java/lang/NoSuchMethodError'{0x00000000c46bc1e8}: 'java.lang.Object java.lang.invoke.Invokers$Holder.linkToTargetMethod(java.lang.Object, java.lang.Object, java.lang.Object, java.lang.Object, java.lang.Object, java.lang.Object, java.lang.Object, java.lang.Object, java.lang.Object, java.lang.Object, java.lang.Object, java.lang.Object)'> (0x00000000c46bc1e8) 
thrown [s\src\hotspot\share\interpreter\linkResolver.cpp, line 773]
Event: 18.155 Thread 0x0000013c2603b050 Exception <a 'java/lang/IncompatibleClassChangeError'{0x00000000c457fbb8}: Found class java.lang.Object, but interface was expected> (0x00000000c457fbb8) 
thrown [s\src\hotspot\share\interpreter\linkResolver.cpp, line 840]
Event: 18.195 Thread 0x0000013c2603b050 Exception <a 'java/lang/IncompatibleClassChangeError'{0x00000000c43f1c38}: Found class java.lang.Object, but interface was expected> (0x00000000c43f1c38) 
thrown [s\src\hotspot\share\interpreter\linkResolver.cpp, line 840]
Event: 18.206 Thread 0x0000013c2603b050 Exception <a 'java/lang/NoSuchMethodError'{0x00000000c429dc80}: 'java.lang.Object java.lang.invoke.DirectMethodHandle$Holder.newInvokeSpecial(java.lang.Object, java.lang.Object, int, java.lang.Object, int, java.lang.Object, java.lang.Object)'> (0x00000000c429dc80) 
thrown [s\src\hotspot\share\interpreter\linkResolver.cpp, line 773]
Event: 19.162 Thread 0x0000013c2603b050 Exception <a 'java/lang/NoSuchMethodError'{0x00000000c5272e10}: 'void java.lang.invoke.DirectMethodHandle$Holder.invokeStatic(java.lang.Object, java.lang.Object, java.lang.Object, java.lang.Object, java.lang.Object, java.lang.Object, java.lang.Object)'> (0x00000000c5272e10) 
thrown [s\src\hotspot\share\interpreter\linkResolver.cpp, line 773]
Event: 19.198 Thread 0x0000013c2603b050 Exception <a 'java/lang/NoSuchMethodError'{0x00000000c4fcbb10}: 'void java.lang.invoke.Invokers$Holder.invokeExact_MT(java.lang.Object, java.lang.Object, java.lang.Object, java.lang.Object)'> (0x00000000c4fcbb10) 
thrown [s\src\hotspot\share\interpreter\linkResolver.cpp, line 773]
Event: 19.264 Thread 0x0000013c2603b050 Exception <a 'java/lang/IncompatibleClassChangeError'{0x00000000c4bed4c8}: Found class java.lang.Object, but interface was expected> (0x00000000c4bed4c8) 
thrown [s\src\hotspot\share\interpreter\linkResolver.cpp, line 840]
Event: 19.311 Thread 0x0000013c2603b050 Exception <a 'java/lang/IncompatibleClassChangeError'{0x00000000c482a988}: Found class java.lang.Object, but interface was expected> (0x00000000c482a988) 
thrown [s\src\hotspot\share\interpreter\linkResolver.cpp, line 840]
Event: 19.522 Thread 0x0000013c2603b050 Exception <a 'java/lang/IncompatibleClassChangeError'{0x00000000c5ad24e0}: Found class java.lang.Object, but interface was expected> (0x00000000c5ad24e0) 
thrown [s\src\hotspot\share\interpreter\linkResolver.cpp, line 840]

ZGC Phase Switch (0 events):
No events

VM Operations (20 events):
Event: 19.403 Executing non-safepoint VM operation: HandshakeAllThreads (Deoptimize) done
Event: 19.404 Executing non-safepoint VM operation: HandshakeAllThreads (Deoptimize)
Event: 19.404 Executing non-safepoint VM operation: HandshakeAllThreads (Deoptimize) done
Event: 19.447 Executing safepoint VM operation: G1CollectForAllocation (G1 Evacuation Pause)
Event: 19.453 Executing safepoint VM operation: G1CollectForAllocation (G1 Evacuation Pause) done
Event: 19.670 Executing non-safepoint VM operation: HandshakeAllThreads (Deoptimize)
Event: 19.670 Executing non-safepoint VM operation: HandshakeAllThreads (Deoptimize) done
Event: 19.751 Executing safepoint VM operation: G1CollectForAllocation (G1 Evacuation Pause)
Event: 19.761 Executing safepoint VM operation: G1CollectForAllocation (G1 Evacuation Pause) done
Event: 19.788 Executing safepoint VM operation: G1PauseRemark
Event: 19.792 Executing safepoint VM operation: G1PauseRemark done
Event: 19.810 Executing safepoint VM operation: G1PauseCleanup
Event: 19.810 Executing safepoint VM operation: G1PauseCleanup done
Event: 19.819 Executing safepoint VM operation: G1CollectForAllocation (G1 Evacuation Pause)
Event: 19.826 Executing safepoint VM operation: G1CollectForAllocation (G1 Evacuation Pause) done
Event: 19.856 Executing non-safepoint VM operation: HandshakeAllThreads (Deoptimize)
Event: 19.856 Executing non-safepoint VM operation: HandshakeAllThreads (Deoptimize) done
Event: 19.886 Executing safepoint VM operation: G1CollectForAllocation (G1 Evacuation Pause)
Event: 19.890 Executing safepoint VM operation: G1CollectForAllocation (G1 Evacuation Pause) done
Event: 20.046 Executing safepoint VM operation: G1CollectForAllocation (G1 Evacuation Pause)

Memory protections (0 events):
No events

Nmethod flushes (20 events):
Event: 19.791 Thread 0x0000013c26012c80 flushing  nmethod 0x0000013c1f979310
Event: 19.791 Thread 0x0000013c26012c80 flushing  nmethod 0x0000013c1f979790
Event: 19.791 Thread 0x0000013c26012c80 flushing  nmethod 0x0000013c1f97a390
Event: 19.791 Thread 0x0000013c26012c80 flushing  nmethod 0x0000013c1f97ab90
Event: 19.791 Thread 0x0000013c26012c80 flushing  nmethod 0x0000013c1f97b290
Event: 19.791 Thread 0x0000013c26012c80 flushing  nmethod 0x0000013c1f97bf10
Event: 19.791 Thread 0x0000013c26012c80 flushing  nmethod 0x0000013c1f97c290
Event: 19.791 Thread 0x0000013c26012c80 flushing  nmethod 0x0000013c1f97ca90
Event: 19.791 Thread 0x0000013c26012c80 flushing  nmethod 0x0000013c1f97d310
Event: 19.791 Thread 0x0000013c26012c80 flushing  nmethod 0x0000013c1f97dd10
Event: 19.791 Thread 0x0000013c26012c80 flushing  nmethod 0x0000013c1f999190
Event: 19.791 Thread 0x0000013c26012c80 flushing  nmethod 0x0000013c1f999710
Event: 19.791 Thread 0x0000013c26012c80 flushing  nmethod 0x0000013c1f99ba90
Event: 19.791 Thread 0x0000013c26012c80 flushing  nmethod 0x0000013c1f99ef10
Event: 19.791 Thread 0x0000013c26012c80 flushing  nmethod 0x0000013c1f9be310
Event: 19.791 Thread 0x0000013c26012c80 flushing  nmethod 0x0000013c1f9beb10
Event: 19.791 Thread 0x0000013c26012c80 flushing  nmethod 0x0000013c1f9ef890
Event: 19.791 Thread 0x0000013c26012c80 flushing  nmethod 0x0000013c1f9f1a90
Event: 19.791 Thread 0x0000013c26012c80 flushing  nmethod 0x0000013c1fa29990
Event: 19.791 Thread 0x0000013c26012c80 flushing  nmethod 0x0000013c1fcf1c90

Events (20 events):
Event: 0.814 Thread 0x0000013c2604cd30 Thread added: 0x0000013c26af34f0
Event: 1.047 Thread 0x0000013c14750f10 Thread added: 0x0000013c2603a9c0
Event: 1.052 Thread 0x0000013c2603a9c0 Thread added: 0x0000013c2603b050
Event: 1.452 Thread 0x0000013c2603b050 Thread added: 0x0000013c2603b6e0
Event: 2.111 Thread 0x0000013c2603b050 Thread added: 0x0000013c2603bd70
Event: 2.154 Thread 0x0000013c2603bd70 Thread exited: 0x0000013c2603bd70
Event: 2.843 Thread 0x0000013c2603b6e0 Thread exited: 0x0000013c2603b6e0
Event: 5.980 Thread 0x0000013c26af34f0 Thread exited: 0x0000013c26af34f0
Event: 6.455 Thread 0x0000013c2603b050 Thread added: 0x0000013c2603b6e0
Event: 6.458 Thread 0x0000013c2603b6e0 Thread added: 0x0000013c2603bd70
Event: 6.464 Thread 0x0000013c2603b050 Thread added: 0x0000013c6d420eb0
Event: 10.017 Thread 0x0000013c2604cd30 Thread added: 0x0000013c6da67930
Event: 10.927 Thread 0x0000013c2603b050 Thread added: 0x0000013c6d41e750
Event: 11.221 Thread 0x0000013c2603b050 Thread added: 0x0000013c6d41ede0
Event: 11.333 Thread 0x0000013c6d41ede0 Thread added: 0x0000013c6d41f470
Event: 11.585 Thread 0x0000013c6da67930 Thread exited: 0x0000013c6da67930
Event: 14.535 Thread 0x0000013c2604cd30 Thread added: 0x0000013c6de19c10
Event: 14.536 Thread 0x0000013c2604cd30 Thread added: 0x0000013c6ddcdc60
Event: 14.536 Thread 0x0000013c2604cd30 Thread added: 0x0000013c6ddfafb0
Event: 17.338 Thread 0x0000013c6d41f470 Thread exited: 0x0000013c6d41f470


Dynamic libraries:
0x00007ff72d640000 - 0x00007ff72d64e000 	C:\Program Files\Eclipse Adoptium\jdk-21.0.12.8-hotspot\bin\java.exe
0x00007ffb0d380000 - 0x00007ffb0d5e6000 	C:\WINDOWS\SYSTEM32\ntdll.dll
0x00007ffb0c3f0000 - 0x00007ffb0c4b9000 	C:\WINDOWS\System32\KERNEL32.DLL
0x00007ffb0a630000 - 0x00007ffb0aa2e000 	C:\WINDOWS\System32\KERNELBASE.dll
0x00007ffb0ad10000 - 0x00007ffb0ae5c000 	C:\WINDOWS\System32\ucrtbase.dll
0x00007ffaf8ae0000 - 0x00007ffaf8af8000 	C:\Program Files\Eclipse Adoptium\jdk-21.0.12.8-hotspot\bin\jli.dll
0x00007ffaf8eb0000 - 0x00007ffaf8ece000 	C:\Program Files\Eclipse Adoptium\jdk-21.0.12.8-hotspot\bin\VCRUNTIME140.dll
0x00007ffb0ceb0000 - 0x00007ffb0d077000 	C:\WINDOWS\System32\USER32.dll
0x00007ffb0ac30000 - 0x00007ffb0ac57000 	C:\WINDOWS\System32\win32u.dll
0x00007ffaebfa0000 - 0x00007ffaec232000 	C:\WINDOWS\WinSxS\amd64_microsoft.windows.common-controls_6595b64144ccf1df_6.0.26100.8875_none_3e0d5d42e32fe9dd\COMCTL32.dll
0x00007ffb0ba30000 - 0x00007ffb0ba5b000 	C:\WINDOWS\System32\GDI32.dll
0x00007ffb0c0a0000 - 0x00007ffb0c149000 	C:\WINDOWS\System32\msvcrt.dll
0x00007ffb0ab00000 - 0x00007ffb0ac2a000 	C:\WINDOWS\System32\gdi32full.dll
0x00007ffb0ac60000 - 0x00007ffb0ad03000 	C:\WINDOWS\System32\msvcp_win.dll
0x00007ffb0c4f0000 - 0x00007ffb0c522000 	C:\WINDOWS\System32\IMM32.DLL
0x00007ffaf9890000 - 0x00007ffaf989c000 	C:\Program Files\Eclipse Adoptium\jdk-21.0.12.8-hotspot\bin\vcruntime140_1.dll
0x00007ffad4b80000 - 0x00007ffad4c0d000 	C:\Program Files\Eclipse Adoptium\jdk-21.0.12.8-hotspot\bin\msvcp140.dll
0x00007ffa66290000 - 0x00007ffa67032000 	C:\Program Files\Eclipse Adoptium\jdk-21.0.12.8-hotspot\bin\server\jvm.dll
0x00007ffb0b900000 - 0x00007ffb0b9b7000 	C:\WINDOWS\System32\ADVAPI32.dll
0x00007ffb0c8c0000 - 0x00007ffb0c96a000 	C:\WINDOWS\System32\sechost.dll
0x00007ffb0c150000 - 0x00007ffb0c268000 	C:\WINDOWS\System32\RPCRT4.dll
0x00007ffb0bf50000 - 0x00007ffb0bfd0000 	C:\WINDOWS\System32\WS2_32.dll
0x00007ffb0a400000 - 0x00007ffb0a45e000 	C:\WINDOWS\SYSTEM32\POWRPROF.dll
0x00007ffaf2f20000 - 0x00007ffaf2f56000 	C:\WINDOWS\SYSTEM32\WINMM.dll
0x00007ffb02f80000 - 0x00007ffb02f8b000 	C:\WINDOWS\SYSTEM32\VERSION.dll
0x00007ffb0a3e0000 - 0x00007ffb0a3f4000 	C:\WINDOWS\SYSTEM32\UMPDC.dll
0x00007ffb09280000 - 0x00007ffb0929b000 	C:\WINDOWS\SYSTEM32\kernel.appcore.dll
0x00007ffaf8e80000 - 0x00007ffaf8e8a000 	C:\Program Files\Eclipse Adoptium\jdk-21.0.12.8-hotspot\bin\jimage.dll
0x00007ffb07d40000 - 0x00007ffb07f82000 	C:\WINDOWS\SYSTEM32\DBGHELP.DLL
0x00007ffb0c530000 - 0x00007ffb0c8b3000 	C:\WINDOWS\System32\combase.dll
0x00007ffb0c310000 - 0x00007ffb0c3e9000 	C:\WINDOWS\System32\OLEAUT32.dll
0x00007ffaf1b50000 - 0x00007ffaf1b8b000 	C:\WINDOWS\SYSTEM32\dbgcore.DLL
0x00007ffb0ae70000 - 0x00007ffb0af1c000 	C:\WINDOWS\System32\bcryptPrimitives.dll
0x00007ffaf8ac0000 - 0x00007ffaf8ae0000 	C:\Program Files\Eclipse Adoptium\jdk-21.0.12.8-hotspot\bin\java.dll
0x00007ffb0b140000 - 0x00007ffb0b8d2000 	C:\WINDOWS\System32\SHELL32.dll
0x00007ffb08080000 - 0x00007ffb08912000 	C:\WINDOWS\SYSTEM32\windows.storage.dll
0x00007ffb0d240000 - 0x00007ffb0d337000 	C:\WINDOWS\System32\SHCORE.dll
0x00007ffb0b9c0000 - 0x00007ffb0ba27000 	C:\WINDOWS\System32\shlwapi.dll
0x00007ffb0a4c0000 - 0x00007ffb0a4e9000 	C:\WINDOWS\SYSTEM32\profapi.dll
0x00007ffaf8980000 - 0x00007ffaf8990000 	C:\Program Files\Eclipse Adoptium\jdk-21.0.12.8-hotspot\bin\net.dll
0x00007ffb00840000 - 0x00007ffb00967000 	C:\WINDOWS\SYSTEM32\WINHTTP.dll
0x00007ffb09830000 - 0x00007ffb0989c000 	C:\WINDOWS\system32\mswsock.dll
0x00007ffaf2570000 - 0x00007ffaf2586000 	C:\Program Files\Eclipse Adoptium\jdk-21.0.12.8-hotspot\bin\nio.dll
0x00007ffaf16d0000 - 0x00007ffaf16e8000 	C:\Program Files\Eclipse Adoptium\jdk-21.0.12.8-hotspot\bin\zip.dll
0x00007ffaf6370000 - 0x00007ffaf637a000 	C:\Program Files\Eclipse Adoptium\jdk-21.0.12.8-hotspot\bin\management.dll
0x00007ffaf5350000 - 0x00007ffaf535c000 	C:\Program Files\Eclipse Adoptium\jdk-21.0.12.8-hotspot\bin\management_ext.dll
0x00007ffb0cb10000 - 0x00007ffb0cb18000 	C:\WINDOWS\System32\PSAPI.DLL
0x00007ffaf0ab0000 - 0x00007ffaf0abe000 	C:\Program Files\Eclipse Adoptium\jdk-21.0.12.8-hotspot\bin\sunmscapi.dll
0x00007ffb0af30000 - 0x00007ffb0b0a8000 	C:\WINDOWS\System32\CRYPT32.dll
0x00007ffb09d70000 - 0x00007ffb09da0000 	C:\WINDOWS\SYSTEM32\ncrypt.dll
0x00007ffb09d20000 - 0x00007ffb09d5f000 	C:\WINDOWS\SYSTEM32\NTASN1.dll
0x00007ffb09b30000 - 0x00007ffb09b4b000 	C:\WINDOWS\SYSTEM32\CRYPTSP.dll
0x00007ffb091e0000 - 0x00007ffb09219000 	C:\WINDOWS\system32\rsaenh.dll
0x00007ffb098f0000 - 0x00007ffb09922000 	C:\WINDOWS\SYSTEM32\USERENV.dll
0x00007ffb0a490000 - 0x00007ffb0a4ba000 	C:\WINDOWS\SYSTEM32\bcrypt.dll
0x00007ffb09b50000 - 0x00007ffb09b5c000 	C:\WINDOWS\SYSTEM32\CRYPTBASE.dll
0x00007ffb08c50000 - 0x00007ffb08c83000 	C:\WINDOWS\SYSTEM32\IPHLPAPI.DLL
0x00007ffb0cda0000 - 0x00007ffb0cdaa000 	C:\WINDOWS\System32\NSI.dll
0x00007ffb08ce0000 - 0x00007ffb08e36000 	C:\WINDOWS\SYSTEM32\DNSAPI.dll
0x00007ffb09610000 - 0x00007ffb0961d000 	C:\WINDOWS\SYSTEM32\DSPARSE.dll
0x00007ffaf4eb0000 - 0x00007ffaf4ebb000 	C:\Windows\System32\rasadhlp.dll
0x00007ffafb830000 - 0x00007ffafb8b6000 	C:\WINDOWS\System32\fwpuclnt.dll
0x00007ffaf16c0000 - 0x00007ffaf16c9000 	C:\Program Files\Eclipse Adoptium\jdk-21.0.12.8-hotspot\bin\extnet.dll

JVMTI agents: none

dbghelp: loaded successfully - version: 4.0.5 - missing functions: none
symbol engine: initialized successfully - sym options: 0x614 - pdb path: .;C:\Program Files\Eclipse Adoptium\jdk-21.0.12.8-hotspot\bin;C:\WINDOWS\SYSTEM32;C:\WINDOWS\WinSxS\amd64_microsoft.windows.common-controls_6595b64144ccf1df_6.0.26100.8875_none_3e0d5d42e32fe9dd;C:\Program Files\Eclipse Adoptium\jdk-21.0.12.8-hotspot\bin\server

VM Arguments:
jvm_args: -XX:TieredStopAtLevel=1 -Dfile.encoding=UTF-8 -Duser.country=TW -Duser.language=zh -Duser.variant 
java_command: com.example.ssds.SsdsApplication
java_class_path (initial): C:\dong\ai-products-selection\backend\ai-products-selection-backend\ssds-api\build\classes\java\main;C:\dong\ai-products-selection\backend\ai-products-selection-backend\ssds-api\build\resources\main;C:\Users\YUSHAN\.gradle\caches\modules-2\files-2.1\org.springframework.boot\spring-boot-devtools\4.1.0\b1d5779b74060006b173e3d2b8b3e93d8768a95e\spring-boot-devtools-4.1.0.jar;C:\dong\ai-products-selection\backend\ai-products-selection-backend\ssds-infra\build\libs\ssds-infra-0.0.1-SNAPSHOT.jar;C:\dong\ai-products-selection\backend\ai-products-selection-backend\ssds-ai\build\libs\ssds-ai-0.0.1-SNAPSHOT.jar;C:\dong\ai-products-selection\backend\ai-products-selection-backend\ssds-ingest\build\libs\ssds-ingest-0.0.1-SNAPSHOT.jar;C:\dong\ai-products-selection\backend\ai-products-selection-backend\ssds-calibration\build\libs\ssds-calibration-0.0.1-SNAPSHOT.jar;C:\dong\ai-products-selection\backend\ai-products-selection-backend\ssds-core\build\libs\ssds-core-0.0.1-SNAPSHOT.jar;C:\Users\YUSHAN\.gradle\caches\modules-2\files-2.1\org.springdoc\springdoc-openapi-starter-webmvc-ui\3.1.0\2c0f10ae1f33e4125f42b3fb777b962690b86f67\springdoc-openapi-starter-webmvc-ui-3.1.0.jar;C:\Users\YUSHAN\.gradle\caches\modules-2\files-2.1\io.jsonwebtoken\jjwt-impl\0.13.0\9e7c70dd7014909556755fb01c465dd184b4b1d9\jjwt-impl-0.13.0.jar;C:\Users\YUSHAN\.gradle\caches\modules-2\files-2.1\io.jsonwebtoken\jjwt-jackson\0.13.0\cfe37531887657716ec20b5ef22f22b32e8bf4a8\jjwt-jackson-0.13.0.jar;C:\Users\YUSHAN\.gradle\caches\modules-2\files-2.1\io.jsonwebtoken\jjwt-api\0.13.0\ce631a0342b08953355f333b488d2b03445b9f3e\jjwt-api-0.13.0.jar;C:\Users\YUSHAN\.gradle\caches\modules-2\files-2.1\org.postgresql\postgresql\42.7.11\4c21cdd1b3938f400703716d37c4e8ca4d332808\postgresql-42.7.11.jar;C:\Users\YUSHAN\.gradle\caches\modules-2\files-2.1\org.springdoc\springdoc-openapi-starter-webmvc-api\3.1.0\7d8f1418900b44b7ce0d4a04fa9945f728f6e660\springdoc-openapi-starter-webmvc-api-3.1.0.jar;C:\Users\YUSHAN\.gradle\caches\modules-2\files-2.1\org.springdoc\springdoc-openapi-starter-common\3.1.0\47a9cf5e6c2623214b9676c49f9e774b9849dd63\springdoc-openapi-starter-common-3.1.0.jar;C:\Users\YUSHAN\.gradle\caches\modules-2\files-2.1\org.springframework.boot\spring-boot-autoconfigure\4.1.0\a921df4e39389e43dacac5615a1185708ee8a960\spring-boot-autoconfigure-4.1.0.jar;C:\Users\YUSHAN\.gradle\caches\modules-2\files-2.1\org.springframework.boot\spring-boot-webmvc\4.1.0\2cb542ef7d4fa572d3031616544db20b6f7de4c7\spring-boot-webmvc-4.1.0.jar;C:\Users\YUSHAN\.gradle\caches\modules-2\files-2.1\org.springframework.boot\spring-boot-http-converter\4.1.0\c3b90921e920dfa7dcb78a5045f18ca0e4bc0b44\spring-boot-http-converter-4.1.0.jar;C:\Users\YUSHAN\.gradle\caches\modules-2\files-2.1\org.springframework.boot\spring-boot-security\4.1.0\1fe5f10c43305d43d8ac22ae5b721010f4394449\spring-boot-security-4.1.0.jar;C:\Users\YUSHAN\.gradle\caches\modules-2\files-2.1\org.springframework.boot\spring-boot-validation\4.1.0\fcd0b07c0c7e29f42e495f91710154dbc81d2c8c\spring-boot-validation-4.1.0.jar;C:\Users\YUSHAN\.gradle\caches\modules-2\files-2.1\org.springframework.boot\spring-boot-flyway\4.1.0\a1420738bee6834c52cb9bf7ce66935c6ac98a75\spring-boot-flyway-4.1.0.jar;C:\Users\YUSHAN\.gradle\caches\modules-2\files-2.1\org.springframework.boot\spring-boot-data-jpa\4.1.0\d29dbdc6734afe2f4d5c56cf3112c491c3582642\spring-boot-data-jpa-4.1.0.jar;C:\Users\YUSHAN\.gradle\caches\modules-2\files-2.1\org.springframework.boot\spring-boot-hibernate\4.1.0\af702315125871004a8a7df290f55ac5e5617d91\spring-boot-hibernate-4.1.0.jar;C:\Users\YUSHAN\.gradle\caches\modules-2\files-2.1\org.springframework.boot\spring-boot-jpa\4.1.0\bf645cdf194c71f829225793a5d6545d9dfe96ae\spring-boot-jpa-4.1.0.jar;C:\Users\YUSHAN\.gradle\caches\modules-2\files-2.1\org.springframework.boot\spring-boot-jdbc\4.1.0\71f00c6af0ae910530d9fce8f5ae6e54c595f690\spring-boot-jdbc-4.1.0.jar;C:\Users\YUSHAN\.gradle\caches\modules-2\files-2.1\org.springframework.boot\spring-boot-cache\4.1.0\ed94c2d47058204b56f7ba43aed55331fb898bba\spring-boot-cache-4.1.0.jar;C:\Users\YUSHAN\.gradle\caches\modules-2\files-2.1\org.springframework.boot\spring-boot-jackson\4.1.0\bada14f54b1961279f9942c54b5039c90cd6a252\spring-boot-jackson-4.1.0.jar;C:\Users\YUSHAN\.gradle\caches\modules-2\files-2.1\org.springframework.boot\spring-boot-servlet\4.1.0\a067e9b4b7c255a8587852b6eb842413cc458e70\spring-boot-servlet-4.1.0.jar;C:\Users\YUSHAN\.gradle\caches\modules-2\files-2.1\org.springframework.boot\spring-boot-tomcat\4.1.0\502aeed70cb11c3754c365324acd9f3ee746354\spring-boot-tomcat-4.1.0.jar;C:\Users\YUSHAN\.gradle\caches\modules-2\files-2.1\org.springframework.boot\spring-boot-web-server\4.1.0\e67513b382c2cef7b8bc364e8e85cd7f0940e331\spring-boot-web-server-4.1.0.jar;C:\Users\YUSHAN\.gradle\caches\modules-2\files-2.1\org.springframework.boot\spring-boot-data-commons\4.1.0\3d587cffcde8c18fa784e0486a2c0a8a4728f262\spring-boot-data-commons-4.1.0.jar;C:\Users\YUSHAN\.gradle\caches\modules-2\files-2.1\org.springframework.boot\spring-boot-sql\4.1.0\7a5ef86020d10e926b2e98e1d7b4b79258fb2f38\spring-boot-sql-4.1.0.jar;C:\Users\YUSHAN\.gradle\caches\modules-2\files-2.1\org.springframework.boot\spring-boot-transaction\4.1.0\93b102fb7c2eb6558b8e52fb24f1152c837db3f6\spring-boot-transaction-4.1.0.jar;C:\Users\YUSHAN\.gradle\caches\modules-2\files-2.1\org.springframework.boot\spring-boot-persistence\4.1.0\12b6d5aa8a97c458a5c8eba8e8cb0e38e326d9d8\spring-boot-persistence-4.1.0.jar;C:\Users\YUSHAN\.gradle\caches\modules-2\files-2.1\org.springframework.boot\spring-boot\4.1.0\bcf26d4c27ab080ef60c13220e96a37d687f9e26\spring-boot-4.1.0.jar;C:\Users\YUSHAN\.gradle\caches\modules-2\files-2.1\net.javacrumbs.shedlock\shedlock-spring\7.8.0\5832fd2b76a3d271c214ad1781fe72c2e1f575a\shedlock-spring-7.8.0.jar;C:\Users\YUSHAN\.gradle\caches\modules-2\files-2.1\org.springframework\spring-webmvc\7.0.8\d08172cf66f9625a42935d596ca4c83d21265996\spring-webmvc-7.0.8.jar;C:\Users\YUSHAN\.gradle\caches\modules-2\files-2.1\org.springframework.security\spring-security-config\7.1.0\ebc863ad43703c6f5517881e16d3d73de80cd193\spring-security-config-7.1.0.jar;C:\Users\YUSHAN\.gradle\caches\modules-2\files-2.1\org.springframework.security\spring-security-web\7.1.0\cec1635393d11a56da5ff111253c88056d5cc0eb\spring-security-web-7.1.0.jar;C:\Users\YUSHAN\.gradle\caches\modules-2\files-2.1\org.springframework.data\spring-data-jpa\4.1.0\6387c88a4a9637f129e0ebcad50ada478ad01c3f\spring-data-jpa-4.1.0.jar;C:\Users\YUSHAN\.gradle\caches\modules-2\files-2.1\org.springframework\spring-context-support\7.0.8\1c9bd9da34fca09f3423d86f8e33bd9c099232eb\spring-context-support-7.0.8.jar;C:\Users\YUSHAN\.gradle\caches\modules-2\files-2.1\org.springframework.security\spring-security-core\7.1.0\50064b46aed22d05aa181b2c95d47989c7c99160\spring-security-core-7.1.0.jar;C:\Users\YUSHAN\.gradle\caches\modules-2\files-2.1\org.springframework\spring-context\7.0.8\6c58b590fd8d71afc36797cf6555e82500f1eb64\spring-context-7.0.8.jar;C:\Users\YUSHAN\.gradle\caches\modules-2\files-2.1\io.swagger.core.v3\swagger-core-jakarta\2.2.52\a0e9e1f3c23867c1db9a811722b927826419bc2f\swagger-core-jakarta-2.2.52.jar;C:\Users\YUSHAN\.gradle\caches\modules-2\files-2.1\com.fasterxml.jackson.dataformat\jackson-dataformat-yaml\2.21.4\d506a8a96ba24172110aca439e78fd6a38a11799\jackson-dataformat-yaml-2.21.4.jar;C:\Users\YUSHAN\.gradle\caches\modules-2\files-2.1\com.fasterxml.jackson.datatype\jackson-datatype-jsr310\2.21.4\51f9ede30826b05cdf8a70b47bc68bd6271dfaaa\jackson-datatype-jsr310-2.21.4.jar;C:\Users\YUSHAN\.gradle\caches\modules-2\files-2.1\com.fasterxml.jackson.core\jackson-core\2.21.4\56a503ba45016714394807ea89f95f5093760089\jackson-core-2.21.4.jar;C:\Users\YUSHAN\.gradle\caches\modules-2\files-2.1\com.fasterxml.jackson.core\jackson-databind\2.21.4\9e495680be707d466527d734368ebf36e464da2\jackson-databind-2.21.4.jar;C:\Users\YUSHAN\.gradle\caches\modules-2\files-2.1\net.javacrumbs.shedlock\shedlock-provider-jdbc-template\7.8.0\d8266f7d85dd61d6a2e82c11c851655cbb5c3865\shedlock-provider-jdbc-template-7.8.0.jar;C:\Users\YUSHAN\.gradle\caches\modules-2\files-2.1\org.flywaydb\flyway-database-postgresql\12.4.0\90fc8dc92bef70c143c4112ad6658f29eea437fd\flyway-database-postgresql-12.4.0.jar;C:\Users\YUSHAN\.gradle\caches\modules-2\files-2.1\org.springframework\spring-web\7.0.8\d7cddac31ee023d25d37f48e2ff0e168cf635c14\spring-web-7.0.8.jar;C:\Users\YUSHAN\.gradle\caches\modules-2\files-2.1\io.github.resilience4j\resilience4j-ratelimiter\2.4.0\4017079c1f73b0cc73fcc53a25306f3f8743e64c\resilience4j-ratelimiter-2.4.0.jar;C:\Users\YUSHAN\.gradle\caches\modules-2\files-2.1\com.github.ben-manes.caffeine\caffeine\3.2.4\c63b303adf59c733d2a96125ad6670e938a2c15d\caffeine-3.2.4.jar;C:\Users\YUSHAN\.gradle\caches\modules-2\files-2.1\org.apache.commons\commons-math3\3.6.1\e4ba98f1d4b3c80ec46392f25e094a6a2e58fcbf\commons-math3-3.6.1.jar;C:\Users\YUSHAN\.gradle\caches\modules-2\files-2.1\org.springframework\spring-aop\7.0.8\b73e58e9b7dbc4db6b4ebbe3336be0e901b0d261\spring-aop-7.0.8.jar;C:\Users\YUSHAN\.gradle\caches\modules-2\files-2.1\org.springframework\spring-aspects\7.0.8\daf535194ee6cd1e1e23c7368c58b5f02fe18f65\spring-aspects-7.0.8.jar;C:\Users\YUSHAN\.gradle\caches\modules-2\files-2.1\org.aspectj\aspectjweaver\1.9.25.1\a713c790da4d794c7dfb542b550d4e44898d5e23\aspectjweaver-1.9.25.1.jar;C:\Users\YUSHAN\.gradle\caches\modules-2\files-2.1\org.webjars\swagger-ui\5.32.11\87f61a7e69ca597db9d1825e6c3d03035d74ee26\swagger-ui-5.32.11.jar;C:\Users\YUSHAN\.gradle\caches\modules-2\files-2.1\org.webjars\webjars-locator-lite\1.1.3\217ce590453251b39b72c4a9af3986998f6fdbd9\webjars-locator-lite-1.1.3.jar;C:\Users\YUSHAN\.gradle\caches\modules-2\files-2.1\org.springframework\spring-orm\7.0.8\8c40fad8ecc72337353818da54ef2d104b3fa7a9\spring-orm-7.0.8.jar;C:\Users\YUSHAN\.gradle\caches\modules-2\files-2.1\org.springframework\spring-jdbc\7.0.8\f979da380cd01fd363510ca98a7f544d1959a914\spring-jdbc-7.0.8.jar;C:\Users\YUSHAN\.gradle\caches\modules-2\files-2.1\org.springframework\spring-tx\7.0.8\96c66acfb3920457421a9cb3648a32e62f42f815\spring-tx-7.0.8.jar;C:\Users\YUSHAN\.gradle\caches\modules-2\files-2.1\org.springframework.data\spring-data-commons\4.1.0\e8d1077d09c20e9ecf3574a72ce5cc90a29b902a\spring-data-commons-4.1.0.jar;C:\Users\YUSHAN\.gradle\caches\modules-2\files-2.1\org.springframework\spring-beans\7.0.8\829cdf4c82a9409e0e10922b9e57e2ef12d5f04d\spring-beans-7.0.8.jar;C:\Users\YUSHAN\.gradle\caches\modules-2\files-2.1\org.springframework\spring-expression\7.0.8\bb844eefd513820e356b575d7ea0f7084147af59\spring-expression-7.0.8.jar;C:\Users\YUSHAN\.gradle\caches\modules-2\files-2.1\org.springframework\spring-core\7.0.8\25f5ebd179f92d7d12779e3761c96da4b0109ad\spring-core-7.0.8.jar;C:\Users\YUSHAN\.gradle\caches\modules-2\files-2.1\io.micrometer\micrometer-observation\1.17.0\2037bdaeb5725bdddb2390cbf93be3c19f8b8b48\micrometer-observation-1.17.0.jar;C:\Users\YUSHAN\.gradle\caches\modules-2\files-2.1\org.flywaydb\flyway-core\12.4.0\8dfd90404bb9b6fd4727c67ccbe9a7dfa20c0e53\flyway-core-12.4.0.jar;C:\Users\YUSHAN\.gradle\caches\modules-2\files-2.1\tools.jackson.core\jackson-core\3.1.4\f9fd39204bd3d4922b42f6a54b81f46bd8ed575a\jackson-core-3.1.4.jar;C:\Users\YUSHAN\.gradle\caches\modules-2\files-2.1\tools.jackson.core\jackson-databind\3.1.4\c7be3c757289893a791b2a4967ec09d1a8b6c576\jackson-databind-3.1.4.jar;C:\Users\YUSHAN\.gradle\caches\modules-2\files-2.1\io.swagger.core.v3\swagger-models-jakarta\2.2.52\56506ea5ef31546ae741e06532e63c43ca937c56\swagger-models-jakarta-2.2.52.jar;C:\Users\YUSHAN\.gradle\caches\modules-2\files-2.1\com.fasterxml.jackson.core\jackson-annotations\2.21\b1bc1868bf02dc0bd6c7836257a036a331005309\jackson-annotations-2.21.jar;C:\Users\YUSHAN\.gradle\caches\modules-2\files-2.1\net.javacrumbs.shedlock\shedlock-sql-support\7.8.0\f1bfc2217fe1c7c5bfa59a5ee599065b61094cf5\shedlock-sql-support-7.8.0.jar;C:\Users\YUSHAN\.gradle\caches\modules-2\files-2.1\net.javacrumbs.shedlock\shedlock-core\7.8.0\92cdf24c440292f87330508e9d2bcfc61933a6c\shedlock-core-7.8.0.jar;C:\Users\YUSHAN\.gradle\caches\modules-2\files-2.1\io.github.resilience4j\resilience4j-core\2.4.0\917315545f2ae0221ef3d6c27337b9ba6cba2702\resilience4j-core-2.4.0.jar;C:\Users\YUSHAN\.gradle\caches\modules-2\files-2.1\org.hibernate.orm\hibernate-core\7.4.1.Final\b405096e4aa04ff9c99a3e6e632eb2b8d252e1f1\hibernate-core-7.4.1.Final.jar;C:\Users\YUSHAN\.gradle\caches\modules-2\files-2.1\com.zaxxer\HikariCP\7.0.2\c2b43c946b86a14a96342379e22b004c56c6166d\HikariCP-7.0.2.jar;C:\Users\YUSHAN\.gradle\caches\modules-2\files-2.1\ch.qos.logback\logback-classic\1.5.34\e598899bad5824511cd3019299254230468e1fa2\logback-classic-1.5.34.jar;C:\Users\YUSHAN\.gradle\caches\modules-2\files-2.1\org.apache.logging.log4j\log4j-to-slf4j\2.25.4\68df56640a5d245192e91bd2ac89e504b477cc10\log4j-to-slf4j-2.25.4.jar;C:\Users\YUSHAN\.gradle\caches\modules-2\files-2.1\org.slf4j\jul-to-slf4j\2.0.18\79739c98001d5c9d078d087d5a348ec9e474ec8f\jul-to-slf4j-2.0.18.jar;C:\Users\YUSHAN\.gradle\caches\modules-2\files-2.1\org.slf4j\slf4j-api\2.0.18\78a9e7a37cd6360e0b818e86341b24123d28d4df\slf4j-api-2.0.18.jar;C:\Users\YUSHAN\.gradle\caches\modules-2\files-2.1\io.micrometer\micrometer-commons\1.17.0\2edbb561cdd2b2777fbcd83aa9f2204ebabf592b\micrometer-commons-1.17.0.jar;C:\Users\YUSHAN\.gradle\caches\modules-2\files-2.1\org.jspecify\jspecify\1.0.0\7425a601c1c7ec76645a78d22b8c6a627edee507\jspecify-1.0.0.jar;C:\Users\YUSHAN\.gradle\caches\modules-2\files-2.1\com.google.errorprone\error_prone_annotations\2.49.0\8b42a2e3865f6e0576da3fad51dbb96732ff0f14\error_prone_annotations-2.49.0.jar;C:\Users\YUSHAN\.gradle\caches\modules-2\files-2.1\jakarta.annotation\jakarta.annotation-api\3.0.0\54f928fadec906a99d558536756d171917b9d936\jakarta.annotation-api-3.0.0.jar;C:\Users\YUSHAN\.gradle\caches\modules-2\files-2.1\org.yaml\snakeyaml\2.6\2bc14918a2f8d5414749ab12d0c590cd3198b8c1\snakeyaml-2.6.jar;C:\Users\YUSHAN\.gradle\caches\modules-2\files-2.1\org.apache.tomcat.embed\tomcat-embed-el\11.0.22\db92447e16c3561e9ca7bf9311b6b6389816699e\tomcat-embed-el-11.0.22.jar;C:\Users\YUSHAN\.gradle\caches\modules-2\files-2.1\org.hibernate.validator\hibernate-validator\9.1.0.Final\53505ad984428ab42b4a4f3456aab9ec343bf2f2\hibernate-validator-9.1.0.Final.jar;C:\Users\YUSHAN\.gradle\caches\modules-2\files-2.1\commons-logging\commons-logging\1.3.6\63e78ca6cd446c0ad166d14f03ed99e7efb3896d\commons-logging-1.3.6.jar;C:\Users\YUSHAN\.gradle\caches\modules-2\files-2.1\org.apache.tomcat.embed\tomcat-embed-websocket\11.0.22\5686ff1ad745491d981d771514027d8fc55aed4f\tomcat-embed-websocket-11.0.22.jar;C:\Users\YUSHAN\.gradle\caches\modules-2\files-2.1\org.apache.tomcat.embed\tomcat-embed-core\11.0.22\cc7307efaa60c0d31784bf053ec4aa48a404f44b\tomcat-embed-core-11.0.22.jar;C:\Users\YUSHAN\.gradle\caches\modules-2\files-2.1\jakarta.validation\jakarta.validation-api\3.1.1\ec8622148afc5564235d17af80ea80288d0e7f92\jakarta.validation-api-3.1.1.jar;C:\Users\YUSHAN\.gradle\caches\modules-2\files-2.1\org.hibernate.models\hibernate-models\1.1.1\c890a4cc781fd8720e0e2613b4a24b33cdaa80a1\hibernate-models-1.1.1.jar;C:\Users\YUSHAN\.gradle\caches\modules-2\files-2.1\org.jboss.logging\jboss-logging\3.6.3.Final\1cc9f976725720bb4a66f80af3e3aa6b9890d969\jboss-logging-3.6.3.Final.jar;C:\Users\YUSHAN\.gradle\caches\modules-2\files-2.1\com.fasterxml\classmate\1.7.3\f61c7e7b81e9249b0f6a05914eff9d54fb09f4a0\classmate-1.7.3.jar;C:\Users\YUSHAN\.gradle\caches\modules-2\files-2.1\org.antlr\antlr4-runtime\4.13.2\fc3db6d844df652a3d5db31c87fa12757f13691d\antlr4-runtime-4.13.2.jar;C:\Users\YUSHAN\.gradle\caches\modules-2\files-2.1\ch.qos.logback\logback-core\1.5.34\378692f76c337b3325c15bffb89e013dc1f897b4\logback-core-1.5.34.jar;C:\Users\YUSHAN\.gradle\caches\modules-2\files-2.1\org.apache.logging.log4j\log4j-api\2.25.4\89ff2217b193fb187b134aa6ebcbfa8a28b018a9\log4j-api-2.25.4.jar;C:\Users\YUSHAN\.gradle\caches\modules-2\files-2.1\org.springframework.security\spring-security-crypto\7.1.0\819461a33c5b10b92bb1a125db933a17fc0db792\spring-security-crypto-7.1.0.jar;C:\Users\YUSHAN\.gradle\caches\modules-2\files-2.1\org.apache.commons\commons-lang3\3.20.0\65897b3e5731220962e659e001904af3c3cbeba9\commons-lang3-3.20.0.jar;C:\Users\YUSHAN\.gradle\caches\modules-2\files-2.1\io.swagger.core.v3\swagger-annotations-jakarta\2.2.52\3806bb2a46610b20b5841c7f711b2d660ca5848\swagger-annotations-jakarta-2.2.52.jar;C:\Users\YUSHAN\.gradle\caches\modules-2\files-2.1\org.glassfish.jaxb\jaxb-runtime\4.0.9\500c199572538675d2819c938fbafe34935d8d6b\jaxb-runtime-4.0.9.jar;C:\Users\YUSHAN\.gradle\caches\modules-2\files-2.1\org.glassfish.jaxb\jaxb-core\4.0.9\3f32ec949d109d666fa30994223d1c25a47b105f\jaxb-core-4.0.9.jar;C:\Users\YUSHAN\.gradle\caches\modules-2\files-2.1\jakarta.xml.bind\jakarta.xml.bind-api\4.0.5\161811f36cad3c65991502e80317f2f6703361df\jakarta.xml.bind-api-4.0.5.jar;C:\Users\YUSHAN\.gradle\caches\modules-2\files-2.1\jakarta.persistence\jakarta.persistence-api\3.2.0\bb75a113f3fa191c2c7ee7b206d8e674251b3129\jakarta.persistence-api-3.2.0.jar;C:\Users\YUSHAN\.gradle\caches\modules-2\files-2.1\net.bytebuddy\byte-buddy\1.18.10\5b34812ced047973a6d42654d50c3b69124ce587\byte-buddy-1.18.10.jar;C:\Users\YUSHAN\.gradle\caches\modules-2\files-2.1\jakarta.inject\jakarta.inject-api\2.0.1\4c28afe1991a941d7702fe1362c365f0a8641d1e\jakarta.inject-api-2.0.1.jar;C:\Users\YUSHAN\.gradle\caches\modules-2\files-2.1\jakarta.transaction\jakarta.transaction-api\2.0.1\51a520e3fae406abb84e2e1148e6746ce3f80a1a\jakarta.transaction-api-2.0.1.jar;C:\Users\YUSHAN\.gradle\caches\modules-2\files-2.1\org.eclipse.angus\angus-activation\2.0.3\7f80607ea5014fef0b1779e6c33d63a88a45a563\angus-activation-2.0.3.jar;C:\Users\YUSHAN\.gradle\caches\modules-2\files-2.1\jakarta.activation\jakarta.activation-api\2.1.4\9e5c2a0d75dde71a0bedc4dbdbe47b78a5dc50f8\jakarta.activation-api-2.1.4.jar;C:\Users\YUSHAN\.gradle\caches\modules-2\files-2.1\org.glassfish.jaxb\txw2\4.0.9\70325ebdebca3e7aae1dfa395fd41fc25d8a6f4e\txw2-4.0.9.jar;C:\Users\YUSHAN\.gradle\caches\modules-2\files-2.1\com.sun.istack\istack-commons-runtime\4.1.2\18ec117c85f3ba0ac65409136afa8e42bc74e739\istack-commons-runtime-4.1.2.jar
Launcher Type: SUN_STANDARD

[Global flags]
     intx CICompilerCount                          = 4                                         {product} {ergonomic}
     uint ConcGCThreads                            = 2                                         {product} {ergonomic}
     uint G1ConcRefinementThreads                  = 8                                         {product} {ergonomic}
   size_t G1HeapRegionSize                         = 1048576                                   {product} {ergonomic}
    uintx GCDrainStackTargetSize                   = 64                                        {product} {ergonomic}
   size_t InitialHeapSize                          = 67108864                                  {product} {ergonomic}
   size_t MarkStackSize                            = 4194304                                   {product} {ergonomic}
   size_t MaxHeapSize                              = 1044381696                                {product} {ergonomic}
   size_t MaxNewSize                               = 625999872                                 {product} {ergonomic}
   size_t MinHeapDeltaBytes                        = 1048576                                   {product} {ergonomic}
   size_t MinHeapSize                              = 8388608                                   {product} {ergonomic}
    uintx NonNMethodCodeHeapSize                   = 4096                                   {pd product} {ergonomic}
    uintx NonProfiledCodeHeapSize                  = 0                                      {pd product} {ergonomic}
     bool ProfileInterpreter                       = false                                  {pd product} {command line}
    uintx ProfiledCodeHeapSize                     = 0                                      {pd product} {ergonomic}
   size_t SoftMaxHeapSize                          = 1044381696                             {manageable} {ergonomic}
     intx TieredStopAtLevel                        = 1                                         {product} {command line}
     bool UseCompressedOops                        = true                           {product lp64_product} {ergonomic}
     bool UseG1GC                                  = true                                      {product} {ergonomic}
     bool UseLargePagesIndividualAllocation        = false                                  {pd product} {ergonomic}

Logging:
Log output configuration:
 #0: stdout all=warning uptime,level,tags foldmultilines=false
 #1: stderr all=off uptime,level,tags foldmultilines=false

Release file:
IMPLEMENTOR="Eclipse Adoptium" 
IMPLEMENTOR_VERSION="Temurin-21.0.12+8" 
JAVA_RUNTIME_VERSION="21.0.12+8-LTS" 
JAVA_VERSION="21.0.12" 
JAVA_VERSION_DATE="2026-07-21" 
LIBC="default" 
MODULES="java.base java.compiler java.datatransfer java.xml java.prefs java.desktop java.instrument java.logging java.management java.security.sasl java.naming java.rmi java.management.rmi java.net.http java.scripting java.security.jgss java.transaction.xa java.sql java.sql.rowset java.xml.crypto java.se java.smartcardio jdk.accessibility jdk.internal.jvmstat jdk.attach jdk.charsets jdk.internal.opt jdk.zipfs jdk.compiler jdk.crypto.ec jdk.crypto.cryptoki jdk.crypto.mscapi jdk.dynalink jdk.internal.ed jdk.editpad jdk.hotspot.agent jdk.httpserver jdk.incubator.vector jdk.internal.le jdk.internal.vm.ci jdk.internal.vm.compiler jdk.internal.vm.compiler.management jdk.jartool jdk.javadoc jdk.jcmd jdk.management jdk.management.agent jdk.jconsole jdk.jdeps jdk.jdwp.agent jdk.jdi jdk.jfr jdk.jlink jdk.jpackage jdk.jshell jdk.jsobject jdk.jstatd jdk.localedata jdk.management.jfr jdk.naming.dns jdk.naming.rmi jdk.net jdk.nio.mapmode jdk.random jdk.sctp jdk.security.auth jdk.security.jgss jdk.unsupported jdk.unsupported.desktop jdk.xml.dom" 
OS_ARCH="x86_64" 
OS_NAME="Windows" 
SOURCE=".:git:04806bcb1d50" 
BUILD_SOURCE="git:e6ba7dec3d07654074559310376a3ae89da5f4ac"
BUILD_SOURCE_REPO="https://github.com/adoptium/temurin-build.git"
SOURCE_REPO="https://github.com/adoptium/jdk21u.git"
FULL_VERSION="21.0.12+8-LTS"
SEMANTIC_VERSION="21.0.12+8"
BUILD_INFO="OS: Windows Server 2022 Version: 10.0"
JVM_VARIANT="Hotspot"
JVM_VERSION="21.0.12+8-LTS"
IMAGE_TYPE="JDK"

Environment Variables:
PATH=C:\Program Files\Eclipse Adoptium\jdk-21.0.12.8-hotspot\bin;C:\Program Files\OpenLogic\jdk-17.0.17.10-hotspot\bin;C:\Users\YUSHAN\Desktop\ªF\bin;;:\Program Files (x86)\Common Files\Oracle\Java\javapath;C:\windows\system32;C:\windows;C:\windows\System32\Wbem;C:\windows\System32\WindowsPowerShell\v1.0\;C:\windows\System32\OpenSSH\;C:\Program Files (x86)\NVIDIA Corporation\PhysX\Common;C:\Program Files\NVIDIA Corporation\NVIDIA NvDLISR;C:\WINDOWS\system32;C:\WINDOWS;C:\WINDOWS\System32\Wbem;C:\WINDOWS\System32\WindowsPowerShell\v1.0\;C:\WINDOWS\System32\OpenSSH\;C:\WINDOWS\system32;C:\WINDOWS;C:\WINDOWS\System32\Wbem;C:\WINDOWS\System32\WindowsPowerShell\v1.0\;C:\WINDOWS\System32\OpenSSH\;%NVM_HOME%;%NVM_SYMLINK%;C:\Users\YUSHAN\Desktop\dong\;C:\dong\Git\cmd;C:\Program Files\MySQL\MySQL Shell 8.0\bin\;C:\Users\YUSHAN\AppData\Local\Microsoft\WindowsApps;C:\Users\YUSHAN\Desktop\dong\nvm;C:\nvm4w\nodejs;C:\Users\YUSHAN\AppData\Roaming\npm;C:\Users\YUSHAN\AppData\Local\Programs\Microsoft VS Code\bin;C:\Users\YUSHAN\AppData\Local\GitHubDesktop\bin;c:\Users\YUSHAN\.vscode\extensions\vscjava.vscode-java-debug-0.59.0\bundled\scripts\noConfigScripts
USERNAME=YUSHAN
LANG=zh_TW.UTF-8
OS=Windows_NT
PROCESSOR_IDENTIFIER=Intel64 Family 6 Model 142 Stepping 12, GenuineIntel
TMP=C:\Users\YUSHAN\AppData\Local\Temp
TEMP=C:\Users\YUSHAN\AppData\Local\Temp




Periodic native trim disabled

---------------  S Y S T E M  ---------------

OS:
 Windows 11 , 64 bit Build 26100 (10.0.26100.8875)
OS uptime: 16 days 0:52 hours

CPU: total 8 (initial active 8) (4 cores per cpu, 2 threads per core) family 6 model 142 stepping 12 microcode 0xde, cx8, cmov, fxsr, ht, mmx, 3dnowpref, sse, sse2, sse3, ssse3, sse4.1, sse4.2, popcnt, lzcnt, tsc, tscinvbit, avx, avx2, aes, erms, clmul, bmi1, bmi2, adx, fma, vzeroupper, clflush, clflushopt, rdtscp, f16c
Processor Information for the first 8 processors :
  Max Mhz: 1800, Current Mhz: 1600, Mhz Limit: 1584

Memory: 4k page, system-wide physical 3982M (640M free)
TotalPageFile size 16270M (AvailPageFile size 22M)
current process WorkingSet (physical memory assigned to process): 236M, peak: 236M
current process commit charge ("private bytes"): 300M, peak: 379M

vm_info: OpenJDK 64-Bit Server VM (21.0.12+8-LTS) for windows-amd64 JRE (21.0.12+8-LTS), built on 2026-07-21T00:00:00Z by "admin" with MS VC++ 17.12 (VS2022)

END.
