#
# There is insufficient memory for the Java Runtime Environment to continue.
# Native memory allocation (malloc) failed to allocate 1047056 bytes. Error detail: Chunk::new
# Possible reasons:
#   The system is out of physical RAM or swap space
#   This process is running with CompressedOops enabled, and the Java Heap may be blocking the growth of the native heap
# Possible solutions:
#   Reduce memory load on the system
#   Increase physical memory or swap space
#   Check if swap backing store is full
#   Decrease Java heap size (-Xmx/-Xms)
#   Decrease number of Java threads
#   Decrease Java thread stack sizes (-Xss)
#   Set larger code cache with -XX:ReservedCodeCacheSize=
#   JVM is running with Unscaled Compressed Oops mode in which the Java heap is
#     placed in the first 4GB address space. The Java Heap base address is the
#     maximum limit for the native heap growth. Please use -XX:HeapBaseMinAddress
#     to set the Java Heap base and to place the Java Heap above 4GB virtual address.
# This output file may be truncated or incomplete.
#
#  Out of Memory Error (arena.cpp:168), pid=2152, tid=28664
#
# JRE version: OpenJDK Runtime Environment Temurin-21.0.12+8 (21.0.12+8) (build 21.0.12+8-LTS)
# Java VM: OpenJDK 64-Bit Server VM Temurin-21.0.12+8 (21.0.12+8-LTS, mixed mode, sharing, tiered, compressed oops, compressed class ptrs, g1 gc, windows-amd64)
# No core dump will be written. Minidumps are not enabled by default on client versions of Windows
#

---------------  S U M M A R Y ------------

Command Line: --add-opens=java.base/java.lang=ALL-UNNAMED --add-opens=java.base/java.lang.invoke=ALL-UNNAMED --add-opens=java.base/java.util=ALL-UNNAMED --add-opens=java.prefs/java.util.prefs=ALL-UNNAMED --add-exports=jdk.compiler/com.sun.tools.javac.api=ALL-UNNAMED --add-exports=jdk.compiler/com.sun.tools.javac.util=ALL-UNNAMED --add-opens=java.base/java.nio.charset=ALL-UNNAMED --add-opens=java.base/java.net=ALL-UNNAMED --add-opens=java.base/java.util.concurrent=ALL-UNNAMED --add-opens=java.base/java.util.concurrent.atomic=ALL-UNNAMED --add-opens=java.xml/javax.xml.namespace=ALL-UNNAMED --add-opens=java.base/java.time=ALL-UNNAMED -XX:MaxMetaspaceSize=384m -XX:+HeapDumpOnOutOfMemoryError -Xms256m -Xmx512m -Dfile.encoding=UTF-8 -Duser.country=TW -Duser.language=zh -Duser.variant -javaagent:C:\Users\YUSHAN\.gradle\wrapper\dists\gradle-9.5.1-bin\iq79hdu3mqx29lgffhp8bfmx\gradle-9.5.1\lib\agents\gradle-instrumentation-agent-9.5.1.jar org.gradle.launcher.daemon.bootstrap.GradleDaemon 9.5.1

Host: Intel(R) Core(TM) i5-8265U CPU @ 1.60GHz, 8 cores, 3G,  Windows 11 , 64 bit Build 26100 (10.0.26100.8875)
Time: Mon Sep  7 14:43:42 2026 elapsed time: 325.790673 seconds (0d 0h 5m 25s)

---------------  T H R E A D  ---------------

Current thread (0x00000262429881a0):  JavaThread "C2 CompilerThread0" daemon [_thread_in_native, id=28664, stack(0x000000c869b00000,0x000000c869c00000) (1024K)]


Current CompileTask:
C2:325791 16310   !   4       org.gradle.internal.service.DefaultServiceRegistry$FactoryService::bind (358 bytes)

Stack: [0x000000c869b00000,0x000000c869c00000]
Native frames: (J=compiled Java code, j=interpreted, Vv=VM code, C=native code)
V  [jvm.dll+0x6d83e9]
V  [jvm.dll+0x8b5736]
V  [jvm.dll+0x8b7cee]
V  [jvm.dll+0x8b83d3]
V  [jvm.dll+0x284596]
V  [jvm.dll+0xc685d]
V  [jvm.dll+0xc6da1]
V  [jvm.dll+0x3bf151]
V  [jvm.dll+0x38b6d2]
V  [jvm.dll+0x38ab1a]
V  [jvm.dll+0x24c700]
V  [jvm.dll+0x24bce0]
V  [jvm.dll+0x1cb4ae]
V  [jvm.dll+0x25baad]
V  [jvm.dll+0x25a03a]
V  [jvm.dll+0x3f8aae]
V  [jvm.dll+0x8600cd]
V  [jvm.dll+0x6d6c1d]
C  [ucrtbase.dll+0x2cd30]
C  [KERNEL32.DLL+0x2e957]
C  [ntdll.dll+0xaad6c]


---------------  P R O C E S S  ---------------

Threads class SMR info:
_java_thread_list=0x0000026261a1d480, length=42, elements={
0x0000026227a80be0, 0x0000026242964eb0, 0x00000262429694a0, 0x0000026242971510,
0x0000026242971f70, 0x00000262429729d0, 0x0000026242986770, 0x00000262429881a0,
0x000002624298b7c0, 0x0000026242b588e0, 0x0000026242c11f10, 0x000002625cedb9b0,
0x000002625cf3d1f0, 0x000002625d0d2d40, 0x000002625cf87a60, 0x000002625cf88e10,
0x000002625cf8a1c0, 0x000002625cffc010, 0x000002625cff98b0, 0x000002625cff9f40,
0x000002625cffc6a0, 0x000002625cffb980, 0x000002625cffcd30, 0x000002625cffe770,
0x000002625cffb2f0, 0x000002625cffe0e0, 0x000002625cffee00, 0x000002625cfffb20,
0x000002625c9522c0, 0x000002625c94f4d0, 0x000002625c952fe0, 0x000002625c954a20,
0x000002625c1606b0, 0x000002625c1613d0, 0x000002625c161a60, 0x000002625c15f300,
0x000002625c160d40, 0x000002625c15e5e0, 0x000002625c160020, 0x000002625c1620f0,
0x000002625c15ec70, 0x000002625c165c00
}

Java Threads: ( => current thread )
  0x0000026227a80be0 JavaThread "main"                              [_thread_blocked, id=12096, stack(0x000000c868d00000,0x000000c868e00000) (1024K)]
  0x0000026242964eb0 JavaThread "Reference Handler"          daemon [_thread_blocked, id=20224, stack(0x000000c869500000,0x000000c869600000) (1024K)]
  0x00000262429694a0 JavaThread "Finalizer"                  daemon [_thread_blocked, id=26968, stack(0x000000c869600000,0x000000c869700000) (1024K)]
  0x0000026242971510 JavaThread "Signal Dispatcher"          daemon [_thread_blocked, id=5028, stack(0x000000c869700000,0x000000c869800000) (1024K)]
  0x0000026242971f70 JavaThread "Attach Listener"            daemon [_thread_blocked, id=25176, stack(0x000000c869800000,0x000000c869900000) (1024K)]
  0x00000262429729d0 JavaThread "Service Thread"             daemon [_thread_blocked, id=26852, stack(0x000000c869900000,0x000000c869a00000) (1024K)]
  0x0000026242986770 JavaThread "Monitor Deflation Thread"   daemon [_thread_blocked, id=10616, stack(0x000000c869a00000,0x000000c869b00000) (1024K)]
=>0x00000262429881a0 JavaThread "C2 CompilerThread0"         daemon [_thread_in_native, id=28664, stack(0x000000c869b00000,0x000000c869c00000) (1024K)]
  0x000002624298b7c0 JavaThread "C1 CompilerThread0"         daemon [_thread_blocked, id=20592, stack(0x000000c869c00000,0x000000c869d00000) (1024K)]
  0x0000026242b588e0 JavaThread "Common-Cleaner"             daemon [_thread_blocked, id=15532, stack(0x000000c869d00000,0x000000c869e00000) (1024K)]
  0x0000026242c11f10 JavaThread "Notification Thread"        daemon [_thread_blocked, id=25972, stack(0x000000c869e00000,0x000000c869f00000) (1024K)]
  0x000002625cedb9b0 JavaThread "Daemon health stats"               [_thread_blocked, id=12636, stack(0x000000c86a600000,0x000000c86a700000) (1024K)]
  0x000002625cf3d1f0 JavaThread "Incoming local TCP Connector on port 52960"        [_thread_in_native, id=19264, stack(0x000000c86a700000,0x000000c86a800000) (1024K)]
  0x000002625d0d2d40 JavaThread "Daemon periodic checks"            [_thread_blocked, id=6944, stack(0x000000c86a800000,0x000000c86a900000) (1024K)]
  0x000002625cf87a60 JavaThread "Cache worker for journal cache (C:\Users\YUSHAN\.gradle\caches\journal-1)"        [_thread_blocked, id=10480, stack(0x000000c86b000000,0x000000c86b100000) (1024K)]
  0x000002625cf88e10 JavaThread "File lock request listener"        [_thread_in_native, id=6696, stack(0x000000c86b100000,0x000000c86b200000) (1024K)]
  0x000002625cf8a1c0 JavaThread "Cache worker for file hash cache (C:\Users\YUSHAN\.gradle\caches\9.5.1\fileHashes)"        [_thread_blocked, id=1784, stack(0x000000c86b200000,0x000000c86b300000) (1024K)]
  0x000002625cffc010 JavaThread "File watcher server"        daemon [_thread_in_native, id=22948, stack(0x000000c86b600000,0x000000c86b700000) (1024K)]
  0x000002625cff98b0 JavaThread "File watcher consumer"      daemon [_thread_blocked, id=1712, stack(0x000000c86b700000,0x000000c86b800000) (1024K)]
  0x000002625cff9f40 JavaThread "jar transforms"                    [_thread_blocked, id=24208, stack(0x000000c86b800000,0x000000c86b900000) (1024K)]
  0x000002625cffc6a0 JavaThread "jar transforms Thread 2"           [_thread_blocked, id=20184, stack(0x000000c86b900000,0x000000c86ba00000) (1024K)]
  0x000002625cffb980 JavaThread "jar transforms Thread 3"           [_thread_blocked, id=25604, stack(0x000000c86ba00000,0x000000c86bb00000) (1024K)]
  0x000002625cffcd30 JavaThread "Cache worker for file content cache (C:\Users\YUSHAN\.gradle\caches\9.5.1\fileContent)"        [_thread_blocked, id=23740, stack(0x000000c86bb00000,0x000000c86bc00000) (1024K)]
  0x000002625cffe770 JavaThread "jar transforms Thread 4"           [_thread_blocked, id=25088, stack(0x000000c86c000000,0x000000c86c100000) (1024K)]
  0x000002625cffb2f0 JavaThread "jar transforms Thread 5"           [_thread_blocked, id=18012, stack(0x000000c86c100000,0x000000c86c200000) (1024K)]
  0x000002625cffe0e0 JavaThread "jar transforms Thread 6"           [_thread_blocked, id=1904, stack(0x000000c86c200000,0x000000c86c300000) (1024K)]
  0x000002625cffee00 JavaThread "jar transforms Thread 7"           [_thread_blocked, id=25516, stack(0x000000c86bf00000,0x000000c86c000000) (1024K)]
  0x000002625cfffb20 JavaThread "jar transforms Thread 8"           [_thread_blocked, id=14036, stack(0x000000c86c300000,0x000000c86c400000) (1024K)]
  0x000002625c9522c0 JavaThread "Memory manager"                    [_thread_blocked, id=6076, stack(0x000000c86cc00000,0x000000c86cd00000) (1024K)]
  0x000002625c94f4d0 JavaThread "ForkJoinPool.commonPool-worker-2" daemon [_thread_blocked, id=17684, stack(0x000000c86d000000,0x000000c86d100000) (1024K)]
  0x000002625c952fe0 JavaThread "ForkJoinPool.commonPool-worker-4" daemon [_thread_blocked, id=25652, stack(0x000000c86d200000,0x000000c86d300000) (1024K)]
  0x000002625c954a20 JavaThread "ForkJoinPool.commonPool-worker-7" daemon [_thread_blocked, id=21400, stack(0x000000c86d500000,0x000000c86d600000) (1024K)]
  0x000002625c1606b0 JavaThread "File lock release action executor Thread 2"        [_thread_blocked, id=22064, stack(0x000000c86a900000,0x000000c86aa00000) (1024K)]
  0x000002625c1613d0 JavaThread "Daemon Thread 2"                   [_thread_blocked, id=17696, stack(0x000000c86aa00000,0x000000c86ab00000) (1024K)]
  0x000002625c161a60 JavaThread "Handler for socket connection from /127.0.0.1:52960 to /127.0.0.1:53071"        [_thread_in_native, id=2584, stack(0x000000c86ab00000,0x000000c86ac00000) (1024K)]
  0x000002625c15f300 JavaThread "Cancel handler"                    [_thread_blocked, id=24432, stack(0x000000c86ac00000,0x000000c86ad00000) (1024K)]
  0x000002625c160d40 JavaThread "Daemon worker Thread 2"            [_thread_in_Java, id=8472, stack(0x000000c86ad00000,0x000000c86ae00000) (1024K)]
  0x000002625c15e5e0 JavaThread "Asynchronous log dispatcher for DefaultDaemonConnection: socket connection from /127.0.0.1:52960 to /127.0.0.1:53071"        [_thread_blocked, id=20540, stack(0x000000c86ae00000,0x000000c86af00000) (1024K)]
  0x000002625c160020 JavaThread "Stdin handler"                     [_thread_blocked, id=4116, stack(0x000000c86af00000,0x000000c86b000000) (1024K)]
  0x000002625c1620f0 JavaThread "Daemon client event forwarder"        [_thread_blocked, id=18404, stack(0x000000c86b400000,0x000000c86b500000) (1024K)]
  0x000002625c15ec70 JavaThread "Cache worker for file hash cache (C:\dong\ai-products-selection\backend\ai-products-selection-backend\.gradle\9.5.1\fileHashes)"        [_thread_blocked, id=21808, stack(0x000000c86b500000,0x000000c86b600000) (1024K)]
  0x000002625c165c00 JavaThread "Cache worker for Build Output Cleanup Cache (C:\dong\ai-products-selection\backend\ai-products-selection-backend\.gradle\buildOutputCleanup)"        [_thread_blocked, id=25108, stack(0x000000c86bc00000,0x000000c86bd00000) (1024K)]
Total: 42

Other Threads:
  0x0000026242946520 VMThread "VM Thread"                           [id=9912, stack(0x000000c869400000,0x000000c869500000) (1024K)]
  0x00000262429373c0 WatcherThread "VM Periodic Task Thread"        [id=15016, stack(0x000000c869300000,0x000000c869400000) (1024K)]
  0x0000026227aac750 WorkerThread "GC Thread#0"                     [id=16296, stack(0x000000c868e00000,0x000000c868f00000) (1024K)]
  0x000002625c6d6450 WorkerThread "GC Thread#1"                     [id=3040, stack(0x000000c869f00000,0x000000c86a000000) (1024K)]
  0x000002625c6d6800 WorkerThread "GC Thread#2"                     [id=6968, stack(0x000000c86a000000,0x000000c86a100000) (1024K)]
  0x000002625c6d6bb0 WorkerThread "GC Thread#3"                     [id=22724, stack(0x000000c86a100000,0x000000c86a200000) (1024K)]
  0x000002625c6d6f60 WorkerThread "GC Thread#4"                     [id=13696, stack(0x000000c86a200000,0x000000c86a300000) (1024K)]
  0x000002625c6d7310 WorkerThread "GC Thread#5"                     [id=20160, stack(0x000000c86a300000,0x000000c86a400000) (1024K)]
  0x000002625db30070 WorkerThread "GC Thread#6"                     [id=12728, stack(0x000000c86a400000,0x000000c86a500000) (1024K)]
  0x000002625dd0ea50 WorkerThread "GC Thread#7"                     [id=3044, stack(0x000000c86a500000,0x000000c86a600000) (1024K)]
  0x0000026227ab2d60 ConcurrentGCThread "G1 Main Marker"            [id=12336, stack(0x000000c868f00000,0x000000c869000000) (1024K)]
  0x0000026227ab3870 WorkerThread "G1 Conc#0"                       [id=17628, stack(0x000000c869000000,0x000000c869100000) (1024K)]
  0x000002625d183c20 WorkerThread "G1 Conc#1"                       [id=19256, stack(0x000000c86b300000,0x000000c86b400000) (1024K)]
  0x00000262428031f0 ConcurrentGCThread "G1 Refine#0"               [id=3824, stack(0x000000c869100000,0x000000c869200000) (1024K)]
  0x0000026242804c20 ConcurrentGCThread "G1 Service"                [id=3956, stack(0x000000c869200000,0x000000c869300000) (1024K)]
Total: 15

Threads with active compile tasks:
C2 CompilerThread0  325916 16310   !   4       org.gradle.internal.service.DefaultServiceRegistry$FactoryService::bind (358 bytes)
Total: 1

VM state: not at safepoint (normal execution)

VM Mutex/Monitor currently owned by a thread: None

Heap address: 0x00000000e0000000, size: 512 MB, Compressed Oops mode: 32-bit

CDS archive(s) mapped at: [0x0000026243000000-0x0000026243c80000-0x0000026243c80000), size 13107200, SharedBaseAddress: 0x0000026243000000, ArchiveRelocationMode: 1.
Compressed class space mapped at: 0x0000026244000000-0x0000026258000000, reserved size: 335544320
Narrow klass base: 0x0000026243000000, Narrow klass shift: 0, Narrow klass range: 0x100000000

GC Precious Log:
 CardTable entry size: 512
 Card Set container configuration: InlinePtr #cards 5 size 8 Array Of Cards #cards 12 size 40 Howl #buckets 4 coarsen threshold 1843 Howl Bitmap #cards 512 size 80 coarsen threshold 460 Card regions per heap region 1 cards per card region 2048
 CPUs: 8 total, 8 available
 Memory: 3982M
 Large Page Support: Disabled
 NUMA Support: Disabled
 Compressed Oops: Enabled (32-bit)
 Heap Region Size: 1M
 Heap Min Capacity: 256M
 Heap Initial Capacity: 256M
 Heap Max Capacity: 512M
 Pre-touch: Disabled
 Parallel Workers: 8
 Concurrent Workers: 2
 Concurrent Refinement Workers: 8
 Periodic GC: Disabled

Heap:
 garbage-first heap   total 262144K, used 117760K [0x00000000e0000000, 0x0000000100000000)
  region size 1024K, 30 young (30720K), 3 survivors (3072K)
 Metaspace       used 72521K, committed 75200K, reserved 393216K
  class space    used 10297K, committed 11648K, reserved 327680K

Heap Regions: E=young(eden), S=young(survivor), O=old, HS=humongous(starts), HC=humongous(continues), CS=collection set, F=free, TAMS=top-at-mark-start, PB=parsable bottom
|   0|0x00000000e0000000, 0x00000000e0100000, 0x00000000e0100000|100%|HS|  |TAMS 0x00000000e0000000| PB 0x00000000e0000000| Complete 
|   1|0x00000000e0100000, 0x00000000e0200000, 0x00000000e0200000|100%|HC|  |TAMS 0x00000000e0100000| PB 0x00000000e0100000| Complete 
|   2|0x00000000e0200000, 0x00000000e0300000, 0x00000000e0300000|100%|HC|  |TAMS 0x00000000e0200000| PB 0x00000000e0200000| Complete 
|   3|0x00000000e0300000, 0x00000000e0400000, 0x00000000e0400000|100%|HC|  |TAMS 0x00000000e0300000| PB 0x00000000e0300000| Complete 
|   4|0x00000000e0400000, 0x00000000e0500000, 0x00000000e0500000|100%| O|  |TAMS 0x00000000e0400000| PB 0x00000000e0400000| Untracked 
|   5|0x00000000e0500000, 0x00000000e0600000, 0x00000000e0600000|100%| O|  |TAMS 0x00000000e0500000| PB 0x00000000e0500000| Untracked 
|   6|0x00000000e0600000, 0x00000000e0700000, 0x00000000e0700000|100%| O|  |TAMS 0x00000000e0600000| PB 0x00000000e0600000| Untracked 
|   7|0x00000000e0700000, 0x00000000e0800000, 0x00000000e0800000|100%| O|  |TAMS 0x00000000e0700000| PB 0x00000000e0700000| Untracked 
|   8|0x00000000e0800000, 0x00000000e0900000, 0x00000000e0900000|100%| O|  |TAMS 0x00000000e0800000| PB 0x00000000e0800000| Untracked 
|   9|0x00000000e0900000, 0x00000000e0a00000, 0x00000000e0a00000|100%| O|  |TAMS 0x00000000e0900000| PB 0x00000000e0900000| Untracked 
|  10|0x00000000e0a00000, 0x00000000e0b00000, 0x00000000e0b00000|100%| O|  |TAMS 0x00000000e0a00000| PB 0x00000000e0a00000| Untracked 
|  11|0x00000000e0b00000, 0x00000000e0c00000, 0x00000000e0c00000|100%| O|  |TAMS 0x00000000e0b00000| PB 0x00000000e0b00000| Untracked 
|  12|0x00000000e0c00000, 0x00000000e0d00000, 0x00000000e0d00000|100%|HS|  |TAMS 0x00000000e0c00000| PB 0x00000000e0c00000| Complete 
|  13|0x00000000e0d00000, 0x00000000e0e00000, 0x00000000e0e00000|100%| O|  |TAMS 0x00000000e0d00000| PB 0x00000000e0d00000| Untracked 
|  14|0x00000000e0e00000, 0x00000000e0f00000, 0x00000000e0f00000|100%| O|  |TAMS 0x00000000e0e00000| PB 0x00000000e0e00000| Untracked 
|  15|0x00000000e0f00000, 0x00000000e1000000, 0x00000000e1000000|100%| O|  |TAMS 0x00000000e0f00000| PB 0x00000000e0f00000| Untracked 
|  16|0x00000000e1000000, 0x00000000e1100000, 0x00000000e1100000|100%| O|  |TAMS 0x00000000e1000000| PB 0x00000000e1000000| Untracked 
|  17|0x00000000e1100000, 0x00000000e1200000, 0x00000000e1200000|100%| O|  |TAMS 0x00000000e1100000| PB 0x00000000e1100000| Untracked 
|  18|0x00000000e1200000, 0x00000000e1300000, 0x00000000e1300000|100%| O|  |TAMS 0x00000000e1200000| PB 0x00000000e1200000| Untracked 
|  19|0x00000000e1300000, 0x00000000e1400000, 0x00000000e1400000|100%| O|  |TAMS 0x00000000e1300000| PB 0x00000000e1300000| Untracked 
|  20|0x00000000e1400000, 0x00000000e1500000, 0x00000000e1500000|100%| O|  |TAMS 0x00000000e1400000| PB 0x00000000e1400000| Untracked 
|  21|0x00000000e1500000, 0x00000000e1600000, 0x00000000e1600000|100%| O|  |TAMS 0x00000000e1500000| PB 0x00000000e1500000| Untracked 
|  22|0x00000000e1600000, 0x00000000e1700000, 0x00000000e1700000|100%| O|  |TAMS 0x00000000e1600000| PB 0x00000000e1600000| Untracked 
|  23|0x00000000e1700000, 0x00000000e1800000, 0x00000000e1800000|100%| O|  |TAMS 0x00000000e1700000| PB 0x00000000e1700000| Untracked 
|  24|0x00000000e1800000, 0x00000000e1900000, 0x00000000e1900000|100%| O|  |TAMS 0x00000000e1800000| PB 0x00000000e1800000| Untracked 
|  25|0x00000000e1900000, 0x00000000e1a00000, 0x00000000e1a00000|100%| O|  |TAMS 0x00000000e1900000| PB 0x00000000e1900000| Untracked 
|  26|0x00000000e1a00000, 0x00000000e1b00000, 0x00000000e1b00000|100%| O|  |TAMS 0x00000000e1a00000| PB 0x00000000e1a00000| Untracked 
|  27|0x00000000e1b00000, 0x00000000e1c00000, 0x00000000e1c00000|100%| O|  |TAMS 0x00000000e1b00000| PB 0x00000000e1b00000| Untracked 
|  28|0x00000000e1c00000, 0x00000000e1d00000, 0x00000000e1d00000|100%| O|  |TAMS 0x00000000e1c00000| PB 0x00000000e1c00000| Untracked 
|  29|0x00000000e1d00000, 0x00000000e1e00000, 0x00000000e1e00000|100%| O|  |TAMS 0x00000000e1d00000| PB 0x00000000e1d00000| Untracked 
|  30|0x00000000e1e00000, 0x00000000e1f00000, 0x00000000e1f00000|100%| O|  |TAMS 0x00000000e1e00000| PB 0x00000000e1e00000| Untracked 
|  31|0x00000000e1f00000, 0x00000000e2000000, 0x00000000e2000000|100%| O|  |TAMS 0x00000000e1f00000| PB 0x00000000e1f00000| Untracked 
|  32|0x00000000e2000000, 0x00000000e2100000, 0x00000000e2100000|100%| O|  |TAMS 0x00000000e2000000| PB 0x00000000e2000000| Untracked 
|  33|0x00000000e2100000, 0x00000000e2200000, 0x00000000e2200000|100%| O|  |TAMS 0x00000000e2100000| PB 0x00000000e2100000| Untracked 
|  34|0x00000000e2200000, 0x00000000e2300000, 0x00000000e2300000|100%| O|  |TAMS 0x00000000e2200000| PB 0x00000000e2200000| Untracked 
|  35|0x00000000e2300000, 0x00000000e2400000, 0x00000000e2400000|100%| O|  |TAMS 0x00000000e2300000| PB 0x00000000e2300000| Untracked 
|  36|0x00000000e2400000, 0x00000000e2500000, 0x00000000e2500000|100%| O|  |TAMS 0x00000000e2400000| PB 0x00000000e2400000| Untracked 
|  37|0x00000000e2500000, 0x00000000e2600000, 0x00000000e2600000|100%| O|  |TAMS 0x00000000e2500000| PB 0x00000000e2500000| Untracked 
|  38|0x00000000e2600000, 0x00000000e2700000, 0x00000000e2700000|100%| O|  |TAMS 0x00000000e2600000| PB 0x00000000e2600000| Untracked 
|  39|0x00000000e2700000, 0x00000000e2800000, 0x00000000e2800000|100%| O|  |TAMS 0x00000000e2700000| PB 0x00000000e2700000| Untracked 
|  40|0x00000000e2800000, 0x00000000e2900000, 0x00000000e2900000|100%| O|  |TAMS 0x00000000e2800000| PB 0x00000000e2800000| Untracked 
|  41|0x00000000e2900000, 0x00000000e2a00000, 0x00000000e2a00000|100%| O|  |TAMS 0x00000000e2900000| PB 0x00000000e2900000| Untracked 
|  42|0x00000000e2a00000, 0x00000000e2b00000, 0x00000000e2b00000|100%| O|  |TAMS 0x00000000e2a00000| PB 0x00000000e2a00000| Untracked 
|  43|0x00000000e2b00000, 0x00000000e2c00000, 0x00000000e2c00000|100%| O|  |TAMS 0x00000000e2b00000| PB 0x00000000e2b00000| Untracked 
|  44|0x00000000e2c00000, 0x00000000e2d00000, 0x00000000e2d00000|100%| O|  |TAMS 0x00000000e2c00000| PB 0x00000000e2c00000| Untracked 
|  45|0x00000000e2d00000, 0x00000000e2e00000, 0x00000000e2e00000|100%| O|  |TAMS 0x00000000e2d00000| PB 0x00000000e2d00000| Untracked 
|  46|0x00000000e2e00000, 0x00000000e2f00000, 0x00000000e2f00000|100%| O|  |TAMS 0x00000000e2e00000| PB 0x00000000e2e00000| Untracked 
|  47|0x00000000e2f00000, 0x00000000e3000000, 0x00000000e3000000|100%| O|  |TAMS 0x00000000e2f00000| PB 0x00000000e2f00000| Untracked 
|  48|0x00000000e3000000, 0x00000000e3100000, 0x00000000e3100000|100%| O|  |TAMS 0x00000000e3000000| PB 0x00000000e3000000| Untracked 
|  49|0x00000000e3100000, 0x00000000e3200000, 0x00000000e3200000|100%| O|  |TAMS 0x00000000e3100000| PB 0x00000000e3100000| Untracked 
|  50|0x00000000e3200000, 0x00000000e3300000, 0x00000000e3300000|100%| O|  |TAMS 0x00000000e3200000| PB 0x00000000e3200000| Untracked 
|  51|0x00000000e3300000, 0x00000000e3400000, 0x00000000e3400000|100%| O|  |TAMS 0x00000000e3300000| PB 0x00000000e3300000| Untracked 
|  52|0x00000000e3400000, 0x00000000e3500000, 0x00000000e3500000|100%| O|  |TAMS 0x00000000e3400000| PB 0x00000000e3400000| Untracked 
|  53|0x00000000e3500000, 0x00000000e3600000, 0x00000000e3600000|100%| O|  |TAMS 0x00000000e3500000| PB 0x00000000e3500000| Untracked 
|  54|0x00000000e3600000, 0x00000000e3700000, 0x00000000e3700000|100%| O|  |TAMS 0x00000000e3600000| PB 0x00000000e3600000| Untracked 
|  55|0x00000000e3700000, 0x00000000e3800000, 0x00000000e3800000|100%| O|  |TAMS 0x00000000e3700000| PB 0x00000000e3700000| Untracked 
|  56|0x00000000e3800000, 0x00000000e3900000, 0x00000000e3900000|100%| O|  |TAMS 0x00000000e3800000| PB 0x00000000e3800000| Untracked 
|  57|0x00000000e3900000, 0x00000000e3a00000, 0x00000000e3a00000|100%| O|  |TAMS 0x00000000e3900000| PB 0x00000000e3900000| Untracked 
|  58|0x00000000e3a00000, 0x00000000e3b00000, 0x00000000e3b00000|100%| O|  |TAMS 0x00000000e3a00000| PB 0x00000000e3a00000| Untracked 
|  59|0x00000000e3b00000, 0x00000000e3c00000, 0x00000000e3c00000|100%| O|  |TAMS 0x00000000e3b00000| PB 0x00000000e3b00000| Untracked 
|  60|0x00000000e3c00000, 0x00000000e3d00000, 0x00000000e3d00000|100%| O|  |TAMS 0x00000000e3c00000| PB 0x00000000e3c00000| Untracked 
|  61|0x00000000e3d00000, 0x00000000e3e00000, 0x00000000e3e00000|100%| O|  |TAMS 0x00000000e3d00000| PB 0x00000000e3d00000| Untracked 
|  62|0x00000000e3e00000, 0x00000000e3f00000, 0x00000000e3f00000|100%| O|  |TAMS 0x00000000e3e00000| PB 0x00000000e3e00000| Untracked 
|  63|0x00000000e3f00000, 0x00000000e4000000, 0x00000000e4000000|100%| O|  |TAMS 0x00000000e3f00000| PB 0x00000000e3f00000| Untracked 
|  64|0x00000000e4000000, 0x00000000e4100000, 0x00000000e4100000|100%| O|  |TAMS 0x00000000e4000000| PB 0x00000000e4000000| Untracked 
|  65|0x00000000e4100000, 0x00000000e4200000, 0x00000000e4200000|100%| O|  |TAMS 0x00000000e4100000| PB 0x00000000e4100000| Untracked 
|  66|0x00000000e4200000, 0x00000000e4300000, 0x00000000e4300000|100%| O|Cm|TAMS 0x00000000e4200000| PB 0x00000000e4200000| Complete 
|  67|0x00000000e4300000, 0x00000000e4400000, 0x00000000e4400000|100%| O|  |TAMS 0x00000000e4300000| PB 0x00000000e4300000| Untracked 
|  68|0x00000000e4400000, 0x00000000e4500000, 0x00000000e4500000|100%| O|  |TAMS 0x00000000e4400000| PB 0x00000000e4400000| Untracked 
|  69|0x00000000e4500000, 0x00000000e4600000, 0x00000000e4600000|100%| O|  |TAMS 0x00000000e4500000| PB 0x00000000e4500000| Untracked 
|  70|0x00000000e4600000, 0x00000000e4700000, 0x00000000e4700000|100%| O|  |TAMS 0x00000000e4600000| PB 0x00000000e4600000| Untracked 
|  71|0x00000000e4700000, 0x00000000e4800000, 0x00000000e4800000|100%| O|  |TAMS 0x00000000e4700000| PB 0x00000000e4700000| Untracked 
|  72|0x00000000e4800000, 0x00000000e4900000, 0x00000000e4900000|100%| O|  |TAMS 0x00000000e4800000| PB 0x00000000e4800000| Untracked 
|  73|0x00000000e4900000, 0x00000000e4a00000, 0x00000000e4a00000|100%| O|  |TAMS 0x00000000e4900000| PB 0x00000000e4900000| Untracked 
|  74|0x00000000e4a00000, 0x00000000e4b00000, 0x00000000e4b00000|100%| O|  |TAMS 0x00000000e4a00000| PB 0x00000000e4a00000| Untracked 
|  75|0x00000000e4b00000, 0x00000000e4c00000, 0x00000000e4c00000|100%| O|  |TAMS 0x00000000e4b00000| PB 0x00000000e4b00000| Untracked 
|  76|0x00000000e4c00000, 0x00000000e4d00000, 0x00000000e4d00000|100%| O|  |TAMS 0x00000000e4c00000| PB 0x00000000e4c00000| Untracked 
|  77|0x00000000e4d00000, 0x00000000e4e00000, 0x00000000e4e00000|100%| O|  |TAMS 0x00000000e4d00000| PB 0x00000000e4d00000| Untracked 
|  78|0x00000000e4e00000, 0x00000000e4f00000, 0x00000000e4f00000|100%| O|  |TAMS 0x00000000e4e00000| PB 0x00000000e4e00000| Untracked 
|  79|0x00000000e4f00000, 0x00000000e5000000, 0x00000000e5000000|100%| O|  |TAMS 0x00000000e4f00000| PB 0x00000000e4f00000| Untracked 
|  80|0x00000000e5000000, 0x00000000e5100000, 0x00000000e5100000|100%| O|  |TAMS 0x00000000e5000000| PB 0x00000000e5000000| Untracked 
|  81|0x00000000e5100000, 0x00000000e5200000, 0x00000000e5200000|100%| O|  |TAMS 0x00000000e5100000| PB 0x00000000e5100000| Untracked 
|  82|0x00000000e5200000, 0x00000000e5300000, 0x00000000e5300000|100%| O|  |TAMS 0x00000000e5200000| PB 0x00000000e5200000| Untracked 
|  83|0x00000000e5300000, 0x00000000e5400000, 0x00000000e5400000|100%| O|  |TAMS 0x00000000e5300000| PB 0x00000000e5300000| Untracked 
|  84|0x00000000e5400000, 0x00000000e5400000, 0x00000000e5500000|  0%| F|  |TAMS 0x00000000e5400000| PB 0x00000000e5400000| Untracked 
|  85|0x00000000e5500000, 0x00000000e5500000, 0x00000000e5600000|  0%| F|  |TAMS 0x00000000e5500000| PB 0x00000000e5500000| Untracked 
|  86|0x00000000e5600000, 0x00000000e5600000, 0x00000000e5700000|  0%| F|  |TAMS 0x00000000e5600000| PB 0x00000000e5600000| Untracked 
|  87|0x00000000e5700000, 0x00000000e5700000, 0x00000000e5800000|  0%| F|  |TAMS 0x00000000e5700000| PB 0x00000000e5700000| Untracked 
|  88|0x00000000e5800000, 0x00000000e5800000, 0x00000000e5900000|  0%| F|  |TAMS 0x00000000e5800000| PB 0x00000000e5800000| Untracked 
|  89|0x00000000e5900000, 0x00000000e5a00000, 0x00000000e5a00000|100%| O|  |TAMS 0x00000000e5900000| PB 0x00000000e5900000| Untracked 
|  90|0x00000000e5a00000, 0x00000000e5b00000, 0x00000000e5b00000|100%| O|  |TAMS 0x00000000e5a00000| PB 0x00000000e5a00000| Untracked 
|  91|0x00000000e5b00000, 0x00000000e5c00000, 0x00000000e5c00000|100%| O|  |TAMS 0x00000000e5b00000| PB 0x00000000e5b00000| Untracked 
|  92|0x00000000e5c00000, 0x00000000e5c00000, 0x00000000e5d00000|  0%| F|  |TAMS 0x00000000e5c00000| PB 0x00000000e5c00000| Untracked 
|  93|0x00000000e5d00000, 0x00000000e5d00000, 0x00000000e5e00000|  0%| F|  |TAMS 0x00000000e5d00000| PB 0x00000000e5d00000| Untracked 
|  94|0x00000000e5e00000, 0x00000000e5e00000, 0x00000000e5f00000|  0%| F|  |TAMS 0x00000000e5e00000| PB 0x00000000e5e00000| Untracked 
|  95|0x00000000e5f00000, 0x00000000e5f00000, 0x00000000e6000000|  0%| F|  |TAMS 0x00000000e5f00000| PB 0x00000000e5f00000| Untracked 
|  96|0x00000000e6000000, 0x00000000e6000000, 0x00000000e6100000|  0%| F|  |TAMS 0x00000000e6000000| PB 0x00000000e6000000| Untracked 
|  97|0x00000000e6100000, 0x00000000e6100000, 0x00000000e6200000|  0%| F|  |TAMS 0x00000000e6100000| PB 0x00000000e6100000| Untracked 
|  98|0x00000000e6200000, 0x00000000e6200000, 0x00000000e6300000|  0%| F|  |TAMS 0x00000000e6200000| PB 0x00000000e6200000| Untracked 
|  99|0x00000000e6300000, 0x00000000e6300000, 0x00000000e6400000|  0%| F|  |TAMS 0x00000000e6300000| PB 0x00000000e6300000| Untracked 
| 100|0x00000000e6400000, 0x00000000e6400000, 0x00000000e6500000|  0%| F|  |TAMS 0x00000000e6400000| PB 0x00000000e6400000| Untracked 
| 101|0x00000000e6500000, 0x00000000e6500000, 0x00000000e6600000|  0%| F|  |TAMS 0x00000000e6500000| PB 0x00000000e6500000| Untracked 
| 102|0x00000000e6600000, 0x00000000e6600000, 0x00000000e6700000|  0%| F|  |TAMS 0x00000000e6600000| PB 0x00000000e6600000| Untracked 
| 103|0x00000000e6700000, 0x00000000e6700000, 0x00000000e6800000|  0%| F|  |TAMS 0x00000000e6700000| PB 0x00000000e6700000| Untracked 
| 104|0x00000000e6800000, 0x00000000e6800000, 0x00000000e6900000|  0%| F|  |TAMS 0x00000000e6800000| PB 0x00000000e6800000| Untracked 
| 105|0x00000000e6900000, 0x00000000e6900000, 0x00000000e6a00000|  0%| F|  |TAMS 0x00000000e6900000| PB 0x00000000e6900000| Untracked 
| 106|0x00000000e6a00000, 0x00000000e6a00000, 0x00000000e6b00000|  0%| F|  |TAMS 0x00000000e6a00000| PB 0x00000000e6a00000| Untracked 
| 107|0x00000000e6b00000, 0x00000000e6b00000, 0x00000000e6c00000|  0%| F|  |TAMS 0x00000000e6b00000| PB 0x00000000e6b00000| Untracked 
| 108|0x00000000e6c00000, 0x00000000e6c00000, 0x00000000e6d00000|  0%| F|  |TAMS 0x00000000e6c00000| PB 0x00000000e6c00000| Untracked 
| 109|0x00000000e6d00000, 0x00000000e6d00000, 0x00000000e6e00000|  0%| F|  |TAMS 0x00000000e6d00000| PB 0x00000000e6d00000| Untracked 
| 110|0x00000000e6e00000, 0x00000000e6e00000, 0x00000000e6f00000|  0%| F|  |TAMS 0x00000000e6e00000| PB 0x00000000e6e00000| Untracked 
| 111|0x00000000e6f00000, 0x00000000e6f00000, 0x00000000e7000000|  0%| F|  |TAMS 0x00000000e6f00000| PB 0x00000000e6f00000| Untracked 
| 112|0x00000000e7000000, 0x00000000e7000000, 0x00000000e7100000|  0%| F|  |TAMS 0x00000000e7000000| PB 0x00000000e7000000| Untracked 
| 113|0x00000000e7100000, 0x00000000e7100000, 0x00000000e7200000|  0%| F|  |TAMS 0x00000000e7100000| PB 0x00000000e7100000| Untracked 
| 114|0x00000000e7200000, 0x00000000e7200000, 0x00000000e7300000|  0%| F|  |TAMS 0x00000000e7200000| PB 0x00000000e7200000| Untracked 
| 115|0x00000000e7300000, 0x00000000e7300000, 0x00000000e7400000|  0%| F|  |TAMS 0x00000000e7300000| PB 0x00000000e7300000| Untracked 
| 116|0x00000000e7400000, 0x00000000e7400000, 0x00000000e7500000|  0%| F|  |TAMS 0x00000000e7400000| PB 0x00000000e7400000| Untracked 
| 117|0x00000000e7500000, 0x00000000e7500000, 0x00000000e7600000|  0%| F|  |TAMS 0x00000000e7500000| PB 0x00000000e7500000| Untracked 
| 118|0x00000000e7600000, 0x00000000e7600000, 0x00000000e7700000|  0%| F|  |TAMS 0x00000000e7600000| PB 0x00000000e7600000| Untracked 
| 119|0x00000000e7700000, 0x00000000e7700000, 0x00000000e7800000|  0%| F|  |TAMS 0x00000000e7700000| PB 0x00000000e7700000| Untracked 
| 120|0x00000000e7800000, 0x00000000e7800000, 0x00000000e7900000|  0%| F|  |TAMS 0x00000000e7800000| PB 0x00000000e7800000| Untracked 
| 121|0x00000000e7900000, 0x00000000e7900000, 0x00000000e7a00000|  0%| F|  |TAMS 0x00000000e7900000| PB 0x00000000e7900000| Untracked 
| 122|0x00000000e7a00000, 0x00000000e7a00000, 0x00000000e7b00000|  0%| F|  |TAMS 0x00000000e7a00000| PB 0x00000000e7a00000| Untracked 
| 123|0x00000000e7b00000, 0x00000000e7b00000, 0x00000000e7c00000|  0%| F|  |TAMS 0x00000000e7b00000| PB 0x00000000e7b00000| Untracked 
| 124|0x00000000e7c00000, 0x00000000e7c00000, 0x00000000e7d00000|  0%| F|  |TAMS 0x00000000e7c00000| PB 0x00000000e7c00000| Untracked 
| 125|0x00000000e7d00000, 0x00000000e7d00000, 0x00000000e7e00000|  0%| F|  |TAMS 0x00000000e7d00000| PB 0x00000000e7d00000| Untracked 
| 126|0x00000000e7e00000, 0x00000000e7e00000, 0x00000000e7f00000|  0%| F|  |TAMS 0x00000000e7e00000| PB 0x00000000e7e00000| Untracked 
| 127|0x00000000e7f00000, 0x00000000e7f00000, 0x00000000e8000000|  0%| F|  |TAMS 0x00000000e7f00000| PB 0x00000000e7f00000| Untracked 
| 128|0x00000000e8000000, 0x00000000e8000000, 0x00000000e8100000|  0%| F|  |TAMS 0x00000000e8000000| PB 0x00000000e8000000| Untracked 
| 129|0x00000000e8100000, 0x00000000e8100000, 0x00000000e8200000|  0%| F|  |TAMS 0x00000000e8100000| PB 0x00000000e8100000| Untracked 
| 130|0x00000000e8200000, 0x00000000e8200000, 0x00000000e8300000|  0%| F|  |TAMS 0x00000000e8200000| PB 0x00000000e8200000| Untracked 
| 131|0x00000000e8300000, 0x00000000e8300000, 0x00000000e8400000|  0%| F|  |TAMS 0x00000000e8300000| PB 0x00000000e8300000| Untracked 
| 132|0x00000000e8400000, 0x00000000e8400000, 0x00000000e8500000|  0%| F|  |TAMS 0x00000000e8400000| PB 0x00000000e8400000| Untracked 
| 133|0x00000000e8500000, 0x00000000e8500000, 0x00000000e8600000|  0%| F|  |TAMS 0x00000000e8500000| PB 0x00000000e8500000| Untracked 
| 134|0x00000000e8600000, 0x00000000e8600000, 0x00000000e8700000|  0%| F|  |TAMS 0x00000000e8600000| PB 0x00000000e8600000| Untracked 
| 135|0x00000000e8700000, 0x00000000e8700000, 0x00000000e8800000|  0%| F|  |TAMS 0x00000000e8700000| PB 0x00000000e8700000| Untracked 
| 136|0x00000000e8800000, 0x00000000e8800000, 0x00000000e8900000|  0%| F|  |TAMS 0x00000000e8800000| PB 0x00000000e8800000| Untracked 
| 137|0x00000000e8900000, 0x00000000e8900000, 0x00000000e8a00000|  0%| F|  |TAMS 0x00000000e8900000| PB 0x00000000e8900000| Untracked 
| 138|0x00000000e8a00000, 0x00000000e8a00000, 0x00000000e8b00000|  0%| F|  |TAMS 0x00000000e8a00000| PB 0x00000000e8a00000| Untracked 
| 139|0x00000000e8b00000, 0x00000000e8b00000, 0x00000000e8c00000|  0%| F|  |TAMS 0x00000000e8b00000| PB 0x00000000e8b00000| Untracked 
| 140|0x00000000e8c00000, 0x00000000e8c00000, 0x00000000e8d00000|  0%| F|  |TAMS 0x00000000e8c00000| PB 0x00000000e8c00000| Untracked 
| 141|0x00000000e8d00000, 0x00000000e8d00000, 0x00000000e8e00000|  0%| F|  |TAMS 0x00000000e8d00000| PB 0x00000000e8d00000| Untracked 
| 142|0x00000000e8e00000, 0x00000000e8e00000, 0x00000000e8f00000|  0%| F|  |TAMS 0x00000000e8e00000| PB 0x00000000e8e00000| Untracked 
| 143|0x00000000e8f00000, 0x00000000e8f00000, 0x00000000e9000000|  0%| F|  |TAMS 0x00000000e8f00000| PB 0x00000000e8f00000| Untracked 
| 144|0x00000000e9000000, 0x00000000e9000000, 0x00000000e9100000|  0%| F|  |TAMS 0x00000000e9000000| PB 0x00000000e9000000| Untracked 
| 145|0x00000000e9100000, 0x00000000e9100000, 0x00000000e9200000|  0%| F|  |TAMS 0x00000000e9100000| PB 0x00000000e9100000| Untracked 
| 146|0x00000000e9200000, 0x00000000e9200000, 0x00000000e9300000|  0%| F|  |TAMS 0x00000000e9200000| PB 0x00000000e9200000| Untracked 
| 147|0x00000000e9300000, 0x00000000e9300000, 0x00000000e9400000|  0%| F|  |TAMS 0x00000000e9300000| PB 0x00000000e9300000| Untracked 
| 148|0x00000000e9400000, 0x00000000e9400000, 0x00000000e9500000|  0%| F|  |TAMS 0x00000000e9400000| PB 0x00000000e9400000| Untracked 
| 149|0x00000000e9500000, 0x00000000e9500000, 0x00000000e9600000|  0%| F|  |TAMS 0x00000000e9500000| PB 0x00000000e9500000| Untracked 
| 150|0x00000000e9600000, 0x00000000e9600000, 0x00000000e9700000|  0%| F|  |TAMS 0x00000000e9600000| PB 0x00000000e9600000| Untracked 
| 151|0x00000000e9700000, 0x00000000e9700000, 0x00000000e9800000|  0%| F|  |TAMS 0x00000000e9700000| PB 0x00000000e9700000| Untracked 
| 152|0x00000000e9800000, 0x00000000e9800000, 0x00000000e9900000|  0%| F|  |TAMS 0x00000000e9800000| PB 0x00000000e9800000| Untracked 
| 153|0x00000000e9900000, 0x00000000e9900000, 0x00000000e9a00000|  0%| F|  |TAMS 0x00000000e9900000| PB 0x00000000e9900000| Untracked 
| 154|0x00000000e9a00000, 0x00000000e9a00000, 0x00000000e9b00000|  0%| F|  |TAMS 0x00000000e9a00000| PB 0x00000000e9a00000| Untracked 
| 155|0x00000000e9b00000, 0x00000000e9b00000, 0x00000000e9c00000|  0%| F|  |TAMS 0x00000000e9b00000| PB 0x00000000e9b00000| Untracked 
| 156|0x00000000e9c00000, 0x00000000e9c00000, 0x00000000e9d00000|  0%| F|  |TAMS 0x00000000e9c00000| PB 0x00000000e9c00000| Untracked 
| 157|0x00000000e9d00000, 0x00000000e9d00000, 0x00000000e9e00000|  0%| F|  |TAMS 0x00000000e9d00000| PB 0x00000000e9d00000| Untracked 
| 158|0x00000000e9e00000, 0x00000000e9e00000, 0x00000000e9f00000|  0%| F|  |TAMS 0x00000000e9e00000| PB 0x00000000e9e00000| Untracked 
| 159|0x00000000e9f00000, 0x00000000e9f00000, 0x00000000ea000000|  0%| F|  |TAMS 0x00000000e9f00000| PB 0x00000000e9f00000| Untracked 
| 160|0x00000000ea000000, 0x00000000ea000000, 0x00000000ea100000|  0%| F|  |TAMS 0x00000000ea000000| PB 0x00000000ea000000| Untracked 
| 161|0x00000000ea100000, 0x00000000ea100000, 0x00000000ea200000|  0%| F|  |TAMS 0x00000000ea100000| PB 0x00000000ea100000| Untracked 
| 162|0x00000000ea200000, 0x00000000ea200000, 0x00000000ea300000|  0%| F|  |TAMS 0x00000000ea200000| PB 0x00000000ea200000| Untracked 
| 163|0x00000000ea300000, 0x00000000ea300000, 0x00000000ea400000|  0%| F|  |TAMS 0x00000000ea300000| PB 0x00000000ea300000| Untracked 
| 164|0x00000000ea400000, 0x00000000ea400000, 0x00000000ea500000|  0%| F|  |TAMS 0x00000000ea400000| PB 0x00000000ea400000| Untracked 
| 165|0x00000000ea500000, 0x00000000ea500000, 0x00000000ea600000|  0%| F|  |TAMS 0x00000000ea500000| PB 0x00000000ea500000| Untracked 
| 166|0x00000000ea600000, 0x00000000ea600000, 0x00000000ea700000|  0%| F|  |TAMS 0x00000000ea600000| PB 0x00000000ea600000| Untracked 
| 167|0x00000000ea700000, 0x00000000ea700000, 0x00000000ea800000|  0%| F|  |TAMS 0x00000000ea700000| PB 0x00000000ea700000| Untracked 
| 168|0x00000000ea800000, 0x00000000ea800000, 0x00000000ea900000|  0%| F|  |TAMS 0x00000000ea800000| PB 0x00000000ea800000| Untracked 
| 169|0x00000000ea900000, 0x00000000ea900000, 0x00000000eaa00000|  0%| F|  |TAMS 0x00000000ea900000| PB 0x00000000ea900000| Untracked 
| 170|0x00000000eaa00000, 0x00000000eaa00000, 0x00000000eab00000|  0%| F|  |TAMS 0x00000000eaa00000| PB 0x00000000eaa00000| Untracked 
| 171|0x00000000eab00000, 0x00000000eab00000, 0x00000000eac00000|  0%| F|  |TAMS 0x00000000eab00000| PB 0x00000000eab00000| Untracked 
| 172|0x00000000eac00000, 0x00000000eac00000, 0x00000000ead00000|  0%| F|  |TAMS 0x00000000eac00000| PB 0x00000000eac00000| Untracked 
| 173|0x00000000ead00000, 0x00000000ead00000, 0x00000000eae00000|  0%| F|  |TAMS 0x00000000ead00000| PB 0x00000000ead00000| Untracked 
| 174|0x00000000eae00000, 0x00000000eae00000, 0x00000000eaf00000|  0%| F|  |TAMS 0x00000000eae00000| PB 0x00000000eae00000| Untracked 
| 175|0x00000000eaf00000, 0x00000000eaf00000, 0x00000000eb000000|  0%| F|  |TAMS 0x00000000eaf00000| PB 0x00000000eaf00000| Untracked 
| 176|0x00000000eb000000, 0x00000000eb000000, 0x00000000eb100000|  0%| F|  |TAMS 0x00000000eb000000| PB 0x00000000eb000000| Untracked 
| 177|0x00000000eb100000, 0x00000000eb100000, 0x00000000eb200000|  0%| F|  |TAMS 0x00000000eb100000| PB 0x00000000eb100000| Untracked 
| 178|0x00000000eb200000, 0x00000000eb200000, 0x00000000eb300000|  0%| F|  |TAMS 0x00000000eb200000| PB 0x00000000eb200000| Untracked 
| 179|0x00000000eb300000, 0x00000000eb300000, 0x00000000eb400000|  0%| F|  |TAMS 0x00000000eb300000| PB 0x00000000eb300000| Untracked 
| 180|0x00000000eb400000, 0x00000000eb400000, 0x00000000eb500000|  0%| F|  |TAMS 0x00000000eb400000| PB 0x00000000eb400000| Untracked 
| 181|0x00000000eb500000, 0x00000000eb500000, 0x00000000eb600000|  0%| F|  |TAMS 0x00000000eb500000| PB 0x00000000eb500000| Untracked 
| 182|0x00000000eb600000, 0x00000000eb600000, 0x00000000eb700000|  0%| F|  |TAMS 0x00000000eb600000| PB 0x00000000eb600000| Untracked 
| 183|0x00000000eb700000, 0x00000000eb700000, 0x00000000eb800000|  0%| F|  |TAMS 0x00000000eb700000| PB 0x00000000eb700000| Untracked 
| 184|0x00000000eb800000, 0x00000000eb800000, 0x00000000eb900000|  0%| F|  |TAMS 0x00000000eb800000| PB 0x00000000eb800000| Untracked 
| 185|0x00000000eb900000, 0x00000000eb900000, 0x00000000eba00000|  0%| F|  |TAMS 0x00000000eb900000| PB 0x00000000eb900000| Untracked 
| 186|0x00000000eba00000, 0x00000000eba00000, 0x00000000ebb00000|  0%| F|  |TAMS 0x00000000eba00000| PB 0x00000000eba00000| Untracked 
| 187|0x00000000ebb00000, 0x00000000ebb00000, 0x00000000ebc00000|  0%| F|  |TAMS 0x00000000ebb00000| PB 0x00000000ebb00000| Untracked 
| 188|0x00000000ebc00000, 0x00000000ebc00000, 0x00000000ebd00000|  0%| F|  |TAMS 0x00000000ebc00000| PB 0x00000000ebc00000| Untracked 
| 189|0x00000000ebd00000, 0x00000000ebd00000, 0x00000000ebe00000|  0%| F|  |TAMS 0x00000000ebd00000| PB 0x00000000ebd00000| Untracked 
| 190|0x00000000ebe00000, 0x00000000ebe00000, 0x00000000ebf00000|  0%| F|  |TAMS 0x00000000ebe00000| PB 0x00000000ebe00000| Untracked 
| 191|0x00000000ebf00000, 0x00000000ebf00000, 0x00000000ec000000|  0%| F|  |TAMS 0x00000000ebf00000| PB 0x00000000ebf00000| Untracked 
| 192|0x00000000ec000000, 0x00000000ec000000, 0x00000000ec100000|  0%| F|  |TAMS 0x00000000ec000000| PB 0x00000000ec000000| Untracked 
| 193|0x00000000ec100000, 0x00000000ec100000, 0x00000000ec200000|  0%| F|  |TAMS 0x00000000ec100000| PB 0x00000000ec100000| Untracked 
| 194|0x00000000ec200000, 0x00000000ec200000, 0x00000000ec300000|  0%| F|  |TAMS 0x00000000ec200000| PB 0x00000000ec200000| Untracked 
| 195|0x00000000ec300000, 0x00000000ec300000, 0x00000000ec400000|  0%| F|  |TAMS 0x00000000ec300000| PB 0x00000000ec300000| Untracked 
| 196|0x00000000ec400000, 0x00000000ec400000, 0x00000000ec500000|  0%| F|  |TAMS 0x00000000ec400000| PB 0x00000000ec400000| Untracked 
| 197|0x00000000ec500000, 0x00000000ec500000, 0x00000000ec600000|  0%| F|  |TAMS 0x00000000ec500000| PB 0x00000000ec500000| Untracked 
| 198|0x00000000ec600000, 0x00000000ec600000, 0x00000000ec700000|  0%| F|  |TAMS 0x00000000ec600000| PB 0x00000000ec600000| Untracked 
| 199|0x00000000ec700000, 0x00000000ec700000, 0x00000000ec800000|  0%| F|  |TAMS 0x00000000ec700000| PB 0x00000000ec700000| Untracked 
| 200|0x00000000ec800000, 0x00000000ec800000, 0x00000000ec900000|  0%| F|  |TAMS 0x00000000ec800000| PB 0x00000000ec800000| Untracked 
| 201|0x00000000ec900000, 0x00000000ec900000, 0x00000000eca00000|  0%| F|  |TAMS 0x00000000ec900000| PB 0x00000000ec900000| Untracked 
| 202|0x00000000eca00000, 0x00000000eca00000, 0x00000000ecb00000|  0%| F|  |TAMS 0x00000000eca00000| PB 0x00000000eca00000| Untracked 
| 203|0x00000000ecb00000, 0x00000000ecb00000, 0x00000000ecc00000|  0%| F|  |TAMS 0x00000000ecb00000| PB 0x00000000ecb00000| Untracked 
| 204|0x00000000ecc00000, 0x00000000ecc00000, 0x00000000ecd00000|  0%| F|  |TAMS 0x00000000ecc00000| PB 0x00000000ecc00000| Untracked 
| 205|0x00000000ecd00000, 0x00000000ecd00000, 0x00000000ece00000|  0%| F|  |TAMS 0x00000000ecd00000| PB 0x00000000ecd00000| Untracked 
| 206|0x00000000ece00000, 0x00000000ece00000, 0x00000000ecf00000|  0%| F|  |TAMS 0x00000000ece00000| PB 0x00000000ece00000| Untracked 
| 207|0x00000000ecf00000, 0x00000000ecf00000, 0x00000000ed000000|  0%| F|  |TAMS 0x00000000ecf00000| PB 0x00000000ecf00000| Untracked 
| 208|0x00000000ed000000, 0x00000000ed000000, 0x00000000ed100000|  0%| F|  |TAMS 0x00000000ed000000| PB 0x00000000ed000000| Untracked 
| 209|0x00000000ed100000, 0x00000000ed100000, 0x00000000ed200000|  0%| F|  |TAMS 0x00000000ed100000| PB 0x00000000ed100000| Untracked 
| 210|0x00000000ed200000, 0x00000000ed200000, 0x00000000ed300000|  0%| F|  |TAMS 0x00000000ed200000| PB 0x00000000ed200000| Untracked 
| 211|0x00000000ed300000, 0x00000000ed300000, 0x00000000ed400000|  0%| F|  |TAMS 0x00000000ed300000| PB 0x00000000ed300000| Untracked 
| 212|0x00000000ed400000, 0x00000000ed400000, 0x00000000ed500000|  0%| F|  |TAMS 0x00000000ed400000| PB 0x00000000ed400000| Untracked 
| 213|0x00000000ed500000, 0x00000000ed500000, 0x00000000ed600000|  0%| F|  |TAMS 0x00000000ed500000| PB 0x00000000ed500000| Untracked 
| 214|0x00000000ed600000, 0x00000000ed600000, 0x00000000ed700000|  0%| F|  |TAMS 0x00000000ed600000| PB 0x00000000ed600000| Untracked 
| 215|0x00000000ed700000, 0x00000000ed700000, 0x00000000ed800000|  0%| F|  |TAMS 0x00000000ed700000| PB 0x00000000ed700000| Untracked 
| 216|0x00000000ed800000, 0x00000000ed800000, 0x00000000ed900000|  0%| F|  |TAMS 0x00000000ed800000| PB 0x00000000ed800000| Untracked 
| 217|0x00000000ed900000, 0x00000000ed900000, 0x00000000eda00000|  0%| F|  |TAMS 0x00000000ed900000| PB 0x00000000ed900000| Untracked 
| 218|0x00000000eda00000, 0x00000000eda00000, 0x00000000edb00000|  0%| F|  |TAMS 0x00000000eda00000| PB 0x00000000eda00000| Untracked 
| 219|0x00000000edb00000, 0x00000000edb00000, 0x00000000edc00000|  0%| F|  |TAMS 0x00000000edb00000| PB 0x00000000edb00000| Untracked 
| 220|0x00000000edc00000, 0x00000000edc00000, 0x00000000edd00000|  0%| F|  |TAMS 0x00000000edc00000| PB 0x00000000edc00000| Untracked 
| 221|0x00000000edd00000, 0x00000000edd00000, 0x00000000ede00000|  0%| F|  |TAMS 0x00000000edd00000| PB 0x00000000edd00000| Untracked 
| 222|0x00000000ede00000, 0x00000000ede00000, 0x00000000edf00000|  0%| F|  |TAMS 0x00000000ede00000| PB 0x00000000ede00000| Untracked 
| 223|0x00000000edf00000, 0x00000000edf00000, 0x00000000ee000000|  0%| F|  |TAMS 0x00000000edf00000| PB 0x00000000edf00000| Untracked 
| 224|0x00000000ee000000, 0x00000000ee000000, 0x00000000ee100000|  0%| F|  |TAMS 0x00000000ee000000| PB 0x00000000ee000000| Untracked 
| 225|0x00000000ee100000, 0x00000000ee100000, 0x00000000ee200000|  0%| F|  |TAMS 0x00000000ee100000| PB 0x00000000ee100000| Untracked 
| 226|0x00000000ee200000, 0x00000000ee2b8cd0, 0x00000000ee300000| 72%| E|  |TAMS 0x00000000ee200000| PB 0x00000000ee200000| Complete 
| 227|0x00000000ee300000, 0x00000000ee400000, 0x00000000ee400000|100%| E|CS|TAMS 0x00000000ee300000| PB 0x00000000ee300000| Complete 
| 228|0x00000000ee400000, 0x00000000ee500000, 0x00000000ee500000|100%| E|CS|TAMS 0x00000000ee400000| PB 0x00000000ee400000| Complete 
| 229|0x00000000ee500000, 0x00000000ee600000, 0x00000000ee600000|100%| E|CS|TAMS 0x00000000ee500000| PB 0x00000000ee500000| Complete 
| 230|0x00000000ee600000, 0x00000000ee700000, 0x00000000ee700000|100%| E|CS|TAMS 0x00000000ee600000| PB 0x00000000ee600000| Complete 
| 231|0x00000000ee700000, 0x00000000ee800000, 0x00000000ee800000|100%| E|CS|TAMS 0x00000000ee700000| PB 0x00000000ee700000| Complete 
| 232|0x00000000ee800000, 0x00000000ee900000, 0x00000000ee900000|100%| E|CS|TAMS 0x00000000ee800000| PB 0x00000000ee800000| Complete 
| 233|0x00000000ee900000, 0x00000000ee9fffe0, 0x00000000eea00000| 99%| E|  |TAMS 0x00000000ee900000| PB 0x00000000ee900000| Complete 
| 234|0x00000000eea00000, 0x00000000eeb00000, 0x00000000eeb00000|100%| E|CS|TAMS 0x00000000eea00000| PB 0x00000000eea00000| Complete 
| 235|0x00000000eeb00000, 0x00000000eec00000, 0x00000000eec00000|100%| E|CS|TAMS 0x00000000eeb00000| PB 0x00000000eeb00000| Complete 
| 236|0x00000000eec00000, 0x00000000eed00000, 0x00000000eed00000|100%| E|CS|TAMS 0x00000000eec00000| PB 0x00000000eec00000| Complete 
| 237|0x00000000eed00000, 0x00000000eee00000, 0x00000000eee00000|100%| E|CS|TAMS 0x00000000eed00000| PB 0x00000000eed00000| Complete 
| 238|0x00000000eee00000, 0x00000000eef00000, 0x00000000eef00000|100%| E|CS|TAMS 0x00000000eee00000| PB 0x00000000eee00000| Complete 
| 239|0x00000000eef00000, 0x00000000ef000000, 0x00000000ef000000|100%| E|CS|TAMS 0x00000000eef00000| PB 0x00000000eef00000| Complete 
| 240|0x00000000ef000000, 0x00000000ef100000, 0x00000000ef100000|100%| E|CS|TAMS 0x00000000ef000000| PB 0x00000000ef000000| Complete 
| 241|0x00000000ef100000, 0x00000000ef200000, 0x00000000ef200000|100%| E|CS|TAMS 0x00000000ef100000| PB 0x00000000ef100000| Complete 
| 242|0x00000000ef200000, 0x00000000ef300000, 0x00000000ef300000|100%| E|CS|TAMS 0x00000000ef200000| PB 0x00000000ef200000| Complete 
| 243|0x00000000ef300000, 0x00000000ef400000, 0x00000000ef400000|100%| E|CS|TAMS 0x00000000ef300000| PB 0x00000000ef300000| Complete 
| 244|0x00000000ef400000, 0x00000000ef500000, 0x00000000ef500000|100%| E|CS|TAMS 0x00000000ef400000| PB 0x00000000ef400000| Complete 
| 245|0x00000000ef500000, 0x00000000ef600000, 0x00000000ef600000|100%| E|CS|TAMS 0x00000000ef500000| PB 0x00000000ef500000| Complete 
| 246|0x00000000ef600000, 0x00000000ef700000, 0x00000000ef700000|100%| E|CS|TAMS 0x00000000ef600000| PB 0x00000000ef600000| Complete 
| 247|0x00000000ef700000, 0x00000000ef800000, 0x00000000ef800000|100%| E|CS|TAMS 0x00000000ef700000| PB 0x00000000ef700000| Complete 
| 248|0x00000000ef800000, 0x00000000ef900000, 0x00000000ef900000|100%| S|CS|TAMS 0x00000000ef800000| PB 0x00000000ef800000| Complete 
| 249|0x00000000ef900000, 0x00000000efa00000, 0x00000000efa00000|100%| S|CS|TAMS 0x00000000ef900000| PB 0x00000000ef900000| Complete 
| 250|0x00000000efa00000, 0x00000000efb00000, 0x00000000efb00000|100%| S|CS|TAMS 0x00000000efa00000| PB 0x00000000efa00000| Complete 
| 251|0x00000000efb00000, 0x00000000efc00000, 0x00000000efc00000|100%| E|CS|TAMS 0x00000000efb00000| PB 0x00000000efb00000| Complete 
| 252|0x00000000efc00000, 0x00000000efd00000, 0x00000000efd00000|100%| E|CS|TAMS 0x00000000efc00000| PB 0x00000000efc00000| Complete 
| 253|0x00000000efd00000, 0x00000000efe00000, 0x00000000efe00000|100%| E|CS|TAMS 0x00000000efd00000| PB 0x00000000efd00000| Complete 
| 254|0x00000000efe00000, 0x00000000eff00000, 0x00000000eff00000|100%| E|CS|TAMS 0x00000000efe00000| PB 0x00000000efe00000| Complete 
| 255|0x00000000eff00000, 0x00000000f0000000, 0x00000000f0000000|100%| E|CS|TAMS 0x00000000eff00000| PB 0x00000000eff00000| Complete 

Card table byte_map: [0x000002623f5c0000,0x000002623f6c0000] _byte_map_base: 0x000002623eec0000

Marking Bits: (CMBitMap*) 0x0000026227aace60
 Bits: [0x000002623f6c0000, 0x000002623fec0000)

Polling page: 0x00000262259f0000

Metaspace:

Usage:
  Non-class:     60.77 MB used.
      Class:     10.06 MB used.
       Both:     70.82 MB used.

Virtual space:
  Non-class space:       64.00 MB reserved,      62.06 MB ( 97%) committed,  1 nodes.
      Class space:      320.00 MB reserved,      11.38 MB (  4%) committed,  1 nodes.
             Both:      384.00 MB reserved,      73.44 MB ( 19%) committed. 

Chunk freelists:
   Non-Class:  1.30 MB
       Class:  4.55 MB
        Both:  5.84 MB

MaxMetaspaceSize: 384.00 MB
CompressedClassSpaceSize: 320.00 MB
Initial GC threshold: 21.00 MB
Current GC threshold: 122.12 MB
CDS: on
 - commit_granule_bytes: 65536.
 - commit_granule_words: 8192.
 - virtual_space_node_default_size: 8388608.
 - enlarge_chunks_in_place: 1.
 - use_allocation_guard: 0.


Internal statistics:

num_allocs_failed_limit: 9.
num_arena_births: 4912.
num_arena_deaths: 0.
num_vsnodes_births: 2.
num_vsnodes_deaths: 0.
num_space_committed: 1175.
num_space_uncommitted: 0.
num_chunks_returned_to_freelist: 9.
num_chunks_taken_from_freelist: 9086.
num_chunk_merges: 9.
num_chunk_splits: 5602.
num_chunks_enlarged: 3047.
num_inconsistent_stats: 0.

CodeHeap 'non-profiled nmethods': size=120000Kb used=10082Kb max_used=10418Kb free=109917Kb
 bounds [0x0000026237c60000, 0x0000026238690000, 0x000002623f190000]
CodeHeap 'profiled nmethods': size=120000Kb used=27657Kb max_used=30446Kb free=92342Kb
 bounds [0x0000026230190000, 0x0000026231f50000, 0x00000262376c0000]
CodeHeap 'non-nmethods': size=5760Kb used=1926Kb max_used=2009Kb free=3833Kb
 bounds [0x00000262376c0000, 0x0000026237930000, 0x0000026237c60000]
CodeCache: size=245760Kb, used=39665Kb, max_used=42873Kb, free=206092Kb
 total_blobs=14910, nmethods=14117, adapters=696, full_count=0
Compilation: enabled, stopped_count=0, restarted_count=0

Compilation events (20 events):
Event: 318.776 Thread 0x000002624298b7c0 16304       3       org.gradle.internal.nativeintegration.services.NativeServices$NativeServicesMode::values (10 bytes)
Event: 318.817 Thread 0x000002624298b7c0 nmethod 16304 0x0000026230704f10 code [0x00000262307050c0, 0x0000026230705368]
Event: 318.817 Thread 0x000002624298b7c0 16305       3       org.gradle.launcher.daemon.configuration.DaemonPriority::values (10 bytes)
Event: 318.822 Thread 0x000002624298b7c0 nmethod 16305 0x00000262307a8a10 code [0x00000262307a8bc0, 0x00000262307a8e68]
Event: 318.823 Thread 0x000002624298b7c0 16306       3       org.gradle.launcher.daemon.context.DefaultDaemonContext::<init> (68 bytes)
Event: 318.844 Thread 0x000002624298b7c0 nmethod 16306 0x00000262305e0290 code [0x00000262305e0460, 0x00000262305e0988]
Event: 319.048 Thread 0x000002624298b7c0 16307       3       jdk.internal.misc.Unsafe::loadFence (5 bytes)
Event: 319.073 Thread 0x000002624298b7c0 nmethod 16307 0x000002623058eb90 code [0x000002623058ed20, 0x000002623058ee40]
Event: 319.119 Thread 0x00000262429881a0 nmethod 16299 0x000002623802ab10 code [0x000002623802ae60, 0x000002623802c9d8]
Event: 319.120 Thread 0x00000262429881a0 16301   !   4       java.lang.Thread::sleep (82 bytes)
Event: 319.130 Thread 0x00000262429881a0 nmethod 16301 0x0000026238086090 code [0x0000026238086240, 0x00000262380863e0]
Event: 319.821 Thread 0x00000262429881a0 16308       4       org.gradle.internal.service.DefaultServiceRegistry$OwnServices::add (75 bytes)
Event: 320.402 Thread 0x00000262429881a0 nmethod 16308 0x0000026238137f10 code [0x00000262381381c0, 0x00000262381397b0]
Event: 320.402 Thread 0x00000262429881a0 16309       4       org.gradle.internal.service.DefaultServiceRegistry$OwnServices$$Lambda/0x0000026244035e80::apply (16 bytes)
Event: 320.415 Thread 0x00000262429881a0 nmethod 16309 0x000002623819dd10 code [0x000002623819df00, 0x000002623819e578]
Event: 323.774 Thread 0x00000262429881a0 16310   !   4       org.gradle.internal.service.DefaultServiceRegistry$FactoryService::bind (358 bytes)
Event: 324.056 Thread 0x000002624298b7c0 16311       1       org.gradle.cache.internal.DefaultFileLockManager::access$600 (5 bytes)
Event: 324.077 Thread 0x000002624298b7c0 nmethod 16311 0x000002623819da10 code [0x000002623819dba0, 0x000002623819dc50]
Event: 325.053 Thread 0x000002624298b7c0 16312       3       org.gradle.internal.execution.impl.FingerprinterRegistration::hashCode (15 bytes)
Event: 325.280 Thread 0x000002624298b7c0 nmethod 16312 0x0000026230c78990 code [0x0000026230c78b60, 0x0000026230c78f10]

GC Heap History (20 events):
Event: 43.149 GC heap before
{Heap before GC invocations=11 (full 0):
 garbage-first heap   total 262144K, used 181186K [0x00000000e0000000, 0x0000000100000000)
  region size 1024K, 153 young (156672K), 14 survivors (14336K)
 Metaspace       used 58077K, committed 60288K, reserved 393216K
  class space    used 8594K, committed 9664K, reserved 327680K
}
Event: 43.267 GC heap after
{Heap after GC invocations=12 (full 0):
 garbage-first heap   total 262144K, used 51141K [0x00000000e0000000, 0x0000000100000000)
  region size 1024K, 20 young (20480K), 20 survivors (20480K)
 Metaspace       used 58077K, committed 60288K, reserved 393216K
  class space    used 8594K, committed 9664K, reserved 327680K
}
Event: 43.870 GC heap before
{Heap before GC invocations=12 (full 0):
 garbage-first heap   total 262144K, used 61381K [0x00000000e0000000, 0x0000000100000000)
  region size 1024K, 31 young (31744K), 20 survivors (20480K)
 Metaspace       used 58322K, committed 60480K, reserved 393216K
  class space    used 8609K, committed 9664K, reserved 327680K
}
Event: 43.892 GC heap after
{Heap after GC invocations=13 (full 0):
 garbage-first heap   total 262144K, used 54516K [0x00000000e0000000, 0x0000000100000000)
  region size 1024K, 14 young (14336K), 14 survivors (14336K)
 Metaspace       used 58322K, committed 60480K, reserved 393216K
  class space    used 8609K, committed 9664K, reserved 327680K
}
Event: 59.957 GC heap before
{Heap before GC invocations=14 (full 0):
 garbage-first heap   total 262144K, used 195828K [0x00000000e0000000, 0x0000000100000000)
  region size 1024K, 153 young (156672K), 14 survivors (14336K)
 Metaspace       used 64048K, committed 66432K, reserved 393216K
  class space    used 9297K, committed 10496K, reserved 327680K
}
Event: 60.030 GC heap after
{Heap after GC invocations=15 (full 0):
 garbage-first heap   total 262144K, used 65959K [0x00000000e0000000, 0x0000000100000000)
  region size 1024K, 15 young (15360K), 15 survivors (15360K)
 Metaspace       used 64048K, committed 66432K, reserved 393216K
  class space    used 9297K, committed 10496K, reserved 327680K
}
Event: 63.838 GC heap before
{Heap before GC invocations=15 (full 0):
 garbage-first heap   total 262144K, used 207271K [0x00000000e0000000, 0x0000000100000000)
  region size 1024K, 153 young (156672K), 15 survivors (15360K)
 Metaspace       used 66022K, committed 68480K, reserved 393216K
  class space    used 9471K, committed 10688K, reserved 327680K
}
Event: 63.881 GC heap after
{Heap after GC invocations=16 (full 0):
 garbage-first heap   total 262144K, used 72119K [0x00000000e0000000, 0x0000000100000000)
  region size 1024K, 10 young (10240K), 10 survivors (10240K)
 Metaspace       used 66022K, committed 68480K, reserved 393216K
  class space    used 9471K, committed 10688K, reserved 327680K
}
Event: 66.833 GC heap before
{Heap before GC invocations=16 (full 0):
 garbage-first heap   total 262144K, used 218551K [0x00000000e0000000, 0x0000000100000000)
  region size 1024K, 153 young (156672K), 10 survivors (10240K)
 Metaspace       used 66745K, committed 69248K, reserved 393216K
  class space    used 9502K, committed 10752K, reserved 327680K
}
Event: 66.858 GC heap after
{Heap after GC invocations=17 (full 0):
 garbage-first heap   total 262144K, used 73396K [0x00000000e0000000, 0x0000000100000000)
  region size 1024K, 12 young (12288K), 12 survivors (12288K)
 Metaspace       used 66745K, committed 69248K, reserved 393216K
  class space    used 9502K, committed 10752K, reserved 327680K
}
Event: 68.853 GC heap before
{Heap before GC invocations=17 (full 0):
 garbage-first heap   total 262144K, used 217780K [0x00000000e0000000, 0x0000000100000000)
  region size 1024K, 153 young (156672K), 12 survivors (12288K)
 Metaspace       used 66998K, committed 69440K, reserved 393216K
  class space    used 9507K, committed 10752K, reserved 327680K
}
Event: 68.990 GC heap after
{Heap after GC invocations=18 (full 0):
 garbage-first heap   total 262144K, used 73943K [0x00000000e0000000, 0x0000000100000000)
  region size 1024K, 6 young (6144K), 6 survivors (6144K)
 Metaspace       used 66998K, committed 69440K, reserved 393216K
  class space    used 9507K, committed 10752K, reserved 327680K
}
Event: 71.060 GC heap before
{Heap before GC invocations=19 (full 0):
 garbage-first heap   total 262144K, used 224471K [0x00000000e0000000, 0x0000000100000000)
  region size 1024K, 153 young (156672K), 6 survivors (6144K)
 Metaspace       used 67219K, committed 69696K, reserved 393216K
  class space    used 9510K, committed 10752K, reserved 327680K
}
Event: 71.103 GC heap after
{Heap after GC invocations=20 (full 0):
 garbage-first heap   total 262144K, used 75690K [0x00000000e0000000, 0x0000000100000000)
  region size 1024K, 8 young (8192K), 8 survivors (8192K)
 Metaspace       used 67219K, committed 69696K, reserved 393216K
  class space    used 9510K, committed 10752K, reserved 327680K
}
Event: 87.473 GC heap before
{Heap before GC invocations=20 (full 0):
 garbage-first heap   total 262144K, used 224170K [0x00000000e0000000, 0x0000000100000000)
  region size 1024K, 153 young (156672K), 8 survivors (8192K)
 Metaspace       used 71833K, committed 74432K, reserved 393216K
  class space    used 10251K, committed 11520K, reserved 327680K
}
Event: 87.523 GC heap after
{Heap after GC invocations=21 (full 0):
 garbage-first heap   total 262144K, used 81722K [0x00000000e0000000, 0x0000000100000000)
  region size 1024K, 14 young (14336K), 14 survivors (14336K)
 Metaspace       used 71833K, committed 74432K, reserved 393216K
  class space    used 10251K, committed 11520K, reserved 327680K
}
Event: 111.116 GC heap before
{Heap before GC invocations=21 (full 0):
 garbage-first heap   total 262144K, used 224058K [0x00000000e0000000, 0x0000000100000000)
  region size 1024K, 153 young (156672K), 14 survivors (14336K)
 Metaspace       used 72371K, committed 75008K, reserved 393216K
  class space    used 10293K, committed 11584K, reserved 327680K
}
Event: 111.504 GC heap after
{Heap after GC invocations=22 (full 0):
 garbage-first heap   total 262144K, used 90321K [0x00000000e0000000, 0x0000000100000000)
  region size 1024K, 19 young (19456K), 19 survivors (19456K)
 Metaspace       used 72371K, committed 75008K, reserved 393216K
  class space    used 10293K, committed 11584K, reserved 327680K
}
Event: 112.300 GC heap before
{Heap before GC invocations=22 (full 0):
 garbage-first heap   total 262144K, used 95441K [0x00000000e0000000, 0x0000000100000000)
  region size 1024K, 24 young (24576K), 19 survivors (19456K)
 Metaspace       used 72376K, committed 75008K, reserved 393216K
  class space    used 10293K, committed 11584K, reserved 327680K
}
Event: 112.352 GC heap after
{Heap after GC invocations=23 (full 0):
 garbage-first heap   total 262144K, used 92160K [0x00000000e0000000, 0x0000000100000000)
  region size 1024K, 3 young (3072K), 3 survivors (3072K)
 Metaspace       used 72376K, committed 75008K, reserved 393216K
  class space    used 10293K, committed 11584K, reserved 327680K
}

Dll operation events (20 events):
Event: 0.531 Attempting to load shared library C:\Program Files\Eclipse Adoptium\jdk-21.0.12.8-hotspot\bin\nio.dll
Event: 0.534 Loaded shared library C:\Program Files\Eclipse Adoptium\jdk-21.0.12.8-hotspot\bin\nio.dll
Event: 0.539 Attempting to load shared library C:\Program Files\Eclipse Adoptium\jdk-21.0.12.8-hotspot\bin\zip.dll
Event: 0.539 Loaded shared library C:\Program Files\Eclipse Adoptium\jdk-21.0.12.8-hotspot\bin\zip.dll
Event: 1.339 Attempting to load shared library C:\Program Files\Eclipse Adoptium\jdk-21.0.12.8-hotspot\bin\jimage.dll
Event: 1.339 Loaded shared library C:\Program Files\Eclipse Adoptium\jdk-21.0.12.8-hotspot\bin\jimage.dll
Event: 2.356 Attempting to load shared library C:\Program Files\Eclipse Adoptium\jdk-21.0.12.8-hotspot\bin\verify.dll
Event: 2.360 Loaded shared library C:\Program Files\Eclipse Adoptium\jdk-21.0.12.8-hotspot\bin\verify.dll
Event: 2.463 Attempting to load shared library C:\Users\YUSHAN\.gradle\native\660c5614fbf4a5f2a75b1949f50a0caf5cd603558e7d8a26e50b933a0cfb79d1\windows-amd64\native-platform.dll
Event: 2.466 Loaded shared library C:\Users\YUSHAN\.gradle\native\660c5614fbf4a5f2a75b1949f50a0caf5cd603558e7d8a26e50b933a0cfb79d1\windows-amd64\native-platform.dll
Event: 2.505 Attempting to load shared library C:\Users\YUSHAN\.gradle\native\0.2.8\x86_64-windows-gnu\gradle-fileevents.dll
Event: 2.512 Loaded shared library C:\Users\YUSHAN\.gradle\native\0.2.8\x86_64-windows-gnu\gradle-fileevents.dll
Event: 6.617 Attempting to load shared library C:\Program Files\Eclipse Adoptium\jdk-21.0.12.8-hotspot\bin\management.dll
Event: 6.623 Loaded shared library C:\Program Files\Eclipse Adoptium\jdk-21.0.12.8-hotspot\bin\management.dll
Event: 6.632 Attempting to load shared library C:\Program Files\Eclipse Adoptium\jdk-21.0.12.8-hotspot\bin\management_ext.dll
Event: 6.639 Loaded shared library C:\Program Files\Eclipse Adoptium\jdk-21.0.12.8-hotspot\bin\management_ext.dll
Event: 7.316 Attempting to load shared library C:\Program Files\Eclipse Adoptium\jdk-21.0.12.8-hotspot\bin\extnet.dll
Event: 7.331 Loaded shared library C:\Program Files\Eclipse Adoptium\jdk-21.0.12.8-hotspot\bin\extnet.dll
Event: 8.726 Attempting to load shared library C:\Program Files\Eclipse Adoptium\jdk-21.0.12.8-hotspot\bin\sunmscapi.dll
Event: 8.755 Loaded shared library C:\Program Files\Eclipse Adoptium\jdk-21.0.12.8-hotspot\bin\sunmscapi.dll

Deoptimization events (20 events):
Event: 314.629 Thread 0x000002625c161a60 DEOPT PACKING pc=0x00000262385244a4 sp=0x000000c86abfe3f0
Event: 314.630 Thread 0x000002625c161a60 DEOPT UNPACKING pc=0x0000026237714422 sp=0x000000c86abfe320 mode 2
Event: 314.638 Thread 0x000002625c161a60 Uncommon trap: trap_request=0xffffffde fr.pc=0x00000262385244a4 relative=0x00000000000000e4
Event: 314.639 Thread 0x000002625c161a60 Uncommon trap: reason=class_check action=maybe_recompile pc=0x00000262385244a4 method=java.io.ObjectInputStream$PeekInputStream.read()I @ 23 c2
Event: 314.639 Thread 0x000002625c161a60 DEOPT PACKING pc=0x00000262385244a4 sp=0x000000c86abfe3f0
Event: 314.639 Thread 0x000002625c161a60 DEOPT UNPACKING pc=0x0000026237714422 sp=0x000000c86abfe320 mode 2
Event: 314.879 Thread 0x000002625c161a60 Uncommon trap: trap_request=0xffffffde fr.pc=0x00000262385244a4 relative=0x00000000000000e4
Event: 314.879 Thread 0x000002625c161a60 Uncommon trap: reason=class_check action=maybe_recompile pc=0x00000262385244a4 method=java.io.ObjectInputStream$PeekInputStream.read()I @ 23 c2
Event: 314.879 Thread 0x000002625c161a60 DEOPT PACKING pc=0x00000262385244a4 sp=0x000000c86abfdc10
Event: 314.879 Thread 0x000002625c161a60 DEOPT UNPACKING pc=0x0000026237714422 sp=0x000000c86abfdb40 mode 2
Event: 316.100 Thread 0x000002625c1613d0 DEOPT PACKING pc=0x0000026230620b0c sp=0x000000c86aafded0
Event: 316.100 Thread 0x000002625c1613d0 DEOPT UNPACKING pc=0x0000026237714bc2 sp=0x000000c86aafd428 mode 0
Event: 316.210 Thread 0x000002625c160d40 Uncommon trap: trap_request=0xffffffc6 fr.pc=0x000002623847447c relative=0x00000000000008fc
Event: 316.210 Thread 0x000002625c160d40 Uncommon trap: reason=bimorphic_or_optimized_type_check action=maybe_recompile pc=0x000002623847447c method=java.util.HashMap.removeNode(ILjava/lang/Object;Ljava/lang/Object;ZZ)Ljava/util/HashMap$Node; @ 283 c2
Event: 316.211 Thread 0x000002625c160d40 DEOPT PACKING pc=0x000002623847447c sp=0x000000c86adfecb0
Event: 316.212 Thread 0x000002625c160d40 DEOPT UNPACKING pc=0x0000026237714422 sp=0x000000c86adfec38 mode 2
Event: 316.561 Thread 0x000002625c160d40 Uncommon trap: trap_request=0xffffffde fr.pc=0x00000262382503fc relative=0x000000000000047c
Event: 316.561 Thread 0x000002625c160d40 Uncommon trap: reason=class_check action=maybe_recompile pc=0x00000262382503fc method=java.lang.AbstractStringBuilder.append(Ljava/lang/CharSequence;)Ljava/lang/AbstractStringBuilder; @ 10 c2
Event: 316.562 Thread 0x000002625c160d40 DEOPT PACKING pc=0x00000262382503fc sp=0x000000c86adfe9d0
Event: 316.562 Thread 0x000002625c160d40 DEOPT UNPACKING pc=0x0000026237714422 sp=0x000000c86adfe860 mode 2

Classes loaded (20 events):
Event: 93.583 Loading class java/util/HashSetCustomizer
Event: 93.584 Loading class java/util/HashSetCustomizer done
Event: 93.585 Loading class java/util/HashSetCustomizer
Event: 93.585 Loading class java/util/HashSetCustomizer done
Event: 93.637 Loading class java/util/LinkedListBeanInfo
Event: 93.641 Loading class java/util/LinkedListBeanInfo done
Event: 93.642 Loading class java/util/LinkedListBeanInfo
Event: 93.642 Loading class java/util/LinkedListBeanInfo done
Event: 93.642 Loading class java/util/AbstractSequentialListBeanInfo
Event: 93.647 Loading class java/util/AbstractSequentialListBeanInfo done
Event: 93.648 Loading class java/util/AbstractSequentialListBeanInfo
Event: 93.648 Loading class java/util/AbstractSequentialListBeanInfo done
Event: 93.648 Loading class java/util/AbstractSequentialListCustomizer
Event: 93.648 Loading class java/util/AbstractSequentialListCustomizer done
Event: 93.651 Loading class java/util/AbstractSequentialListCustomizer
Event: 93.651 Loading class java/util/AbstractSequentialListCustomizer done
Event: 93.653 Loading class java/util/LinkedListCustomizer
Event: 93.653 Loading class java/util/LinkedListCustomizer done
Event: 93.653 Loading class java/util/LinkedListCustomizer
Event: 93.653 Loading class java/util/LinkedListCustomizer done

Classes unloaded (0 events):
No events

Classes redefined (0 events):
No events

Internal exceptions (20 events):
Event: 93.449 Thread 0x000002625cf71570 Exception <a 'java/lang/ClassNotFoundException'{0x00000000ee85a810}: java/lang/BooleanCustomizer> (0x00000000ee85a810) 
thrown [s\src\hotspot\share\classfile\systemDictionary.cpp, line 313]
Event: 93.583 Thread 0x000002625cf71570 Exception <a 'java/lang/ClassNotFoundException'{0x00000000ee8b4c90}: java/util/HashSetBeanInfo> (0x00000000ee8b4c90) 
thrown [s\src\hotspot\share\classfile\systemDictionary.cpp, line 313]
Event: 93.585 Thread 0x000002625cf71570 Exception <a 'java/lang/ClassNotFoundException'{0x00000000ee8b9058}: java/util/HashSetCustomizer> (0x00000000ee8b9058) 
thrown [s\src\hotspot\share\classfile\systemDictionary.cpp, line 313]
Event: 93.642 Thread 0x000002625cf71570 Exception <a 'java/lang/ClassNotFoundException'{0x00000000ee71dc88}: java/util/LinkedListBeanInfo> (0x00000000ee71dc88) 
thrown [s\src\hotspot\share\classfile\systemDictionary.cpp, line 313]
Event: 93.648 Thread 0x000002625cf71570 Exception <a 'java/lang/ClassNotFoundException'{0x00000000ee722a80}: java/util/AbstractSequentialListBeanInfo> (0x00000000ee722a80) 
thrown [s\src\hotspot\share\classfile\systemDictionary.cpp, line 313]
Event: 93.652 Thread 0x000002625cf71570 Exception <a 'java/lang/ClassNotFoundException'{0x00000000ee727b28}: java/util/AbstractSequentialListCustomizer> (0x00000000ee727b28) 
thrown [s\src\hotspot\share\classfile\systemDictionary.cpp, line 313]
Event: 93.654 Thread 0x000002625cf71570 Exception <a 'java/lang/ClassNotFoundException'{0x00000000ee7370e8}: java/util/LinkedListCustomizer> (0x00000000ee7370e8) 
thrown [s\src\hotspot\share\classfile\systemDictionary.cpp, line 313]
Event: 93.950 Thread 0x000002625cf71570 Exception <a 'java/lang/ClassNotFoundException'{0x00000000ee6ca0e0}: org/gradle/api/internal/artifacts/configurations/DefaultLegacyConfiguration_DecoratedBeanInfo> (0x00000000ee6ca0e0) 
thrown [s\src\hotspot\share\classfile\systemDictionary.cpp, line 313]
Event: 93.960 Thread 0x000002625cf71570 Exception <a 'java/lang/ClassNotFoundException'{0x00000000ee6d6318}: org/gradle/api/internal/artifacts/configurations/DefaultLegacyConfigurationBeanInfo> (0x00000000ee6d6318) 
thrown [s\src\hotspot\share\classfile\systemDictionary.cpp, line 313]
Event: 93.963 Thread 0x000002625cf71570 Exception <a 'java/lang/ClassNotFoundException'{0x00000000ee6e2488}: org/gradle/api/internal/artifacts/configurations/DefaultConfigurationBeanInfo> (0x00000000ee6e2488) 
thrown [s\src\hotspot\share\classfile\systemDictionary.cpp, line 313]
Event: 93.970 Thread 0x000002625cf71570 Exception <a 'java/lang/ClassNotFoundException'{0x00000000ee6eb888}: org/gradle/api/internal/file/AbstractFileCollectionBeanInfo> (0x00000000ee6eb888) 
thrown [s\src\hotspot\share\classfile\systemDictionary.cpp, line 313]
Event: 93.971 Thread 0x000002625cf71570 Exception <a 'java/lang/ClassNotFoundException'{0x00000000ee6f4c58}: org/gradle/api/internal/file/AbstractFileCollectionCustomizer> (0x00000000ee6f4c58) 
thrown [s\src\hotspot\share\classfile\systemDictionary.cpp, line 313]
Event: 94.013 Thread 0x000002625cf71570 Exception <a 'java/lang/ClassNotFoundException'{0x00000000ee519d40}: org/gradle/api/internal/artifacts/configurations/DefaultConfigurationCustomizer> (0x00000000ee519d40) 
thrown [s\src\hotspot\share\classfile\systemDictionary.cpp, line 313]
Event: 94.045 Thread 0x000002625cf71570 Exception <a 'java/lang/ClassNotFoundException'{0x00000000ee59b368}: org/gradle/api/internal/artifacts/configurations/DefaultLegacyConfigurationCustomizer> (0x00000000ee59b368) 
thrown [s\src\hotspot\share\classfile\systemDictionary.cpp, line 313]
Event: 94.056 Thread 0x000002625cf71570 Exception <a 'java/lang/ClassNotFoundException'{0x00000000ee5c03c8}: org/gradle/api/internal/artifacts/configurations/DefaultLegacyConfiguration_DecoratedCustomizer> (0x00000000ee5c03c8) 
thrown [s\src\hotspot\share\classfile\systemDictionary.cpp, line 313]
Event: 111.553 Thread 0x000002625cf71570 Implicit null exception at 0x0000026238679a90 to 0x000002623867b448
Event: 111.555 Thread 0x000002625cf71570 Implicit null exception at 0x0000026238679a90 to 0x000002623867b448
Event: 111.916 Thread 0x000002625cf71570 Implicit null exception at 0x0000026238679a90 to 0x000002623867b448
Event: 111.952 Thread 0x000002625cf71570 Implicit null exception at 0x0000026238679a90 to 0x000002623867b448
Event: 113.998 Thread 0x000002625cf71570 Exception <a 'sun/nio/fs/WindowsException'{0x00000000eec66498}> (0x00000000eec66498) 
thrown [s\src\hotspot\share\prims\jni.cpp, line 520]

ZGC Phase Switch (0 events):
No events

VM Operations (20 events):
Event: 261.695 Executing safepoint VM operation: Cleanup
Event: 261.714 Executing safepoint VM operation: Cleanup done
Event: 312.144 Executing safepoint VM operation: Cleanup
Event: 312.205 Executing safepoint VM operation: Cleanup done
Event: 315.237 Executing safepoint VM operation: Cleanup
Event: 315.338 Executing safepoint VM operation: Cleanup done
Event: 316.353 Executing safepoint VM operation: Cleanup
Event: 316.386 Executing safepoint VM operation: Cleanup done
Event: 317.386 Executing safepoint VM operation: Cleanup
Event: 317.403 Executing safepoint VM operation: Cleanup done
Event: 318.411 Executing safepoint VM operation: Cleanup
Event: 318.598 Executing safepoint VM operation: Cleanup done
Event: 319.601 Executing safepoint VM operation: Cleanup
Event: 319.634 Executing safepoint VM operation: Cleanup done
Event: 320.644 Executing safepoint VM operation: Cleanup
Event: 320.660 Executing safepoint VM operation: Cleanup done
Event: 322.677 Executing safepoint VM operation: Cleanup
Event: 322.693 Executing safepoint VM operation: Cleanup done
Event: 324.710 Executing safepoint VM operation: Cleanup
Event: 324.712 Executing safepoint VM operation: Cleanup done

Memory protections (0 events):
No events

Nmethod flushes (20 events):
Event: 113.374 Thread 0x0000026242946520 flushing  nmethod 0x000002623135e590
Event: 113.374 Thread 0x0000026242946520 flushing  nmethod 0x000002623135eb90
Event: 113.374 Thread 0x0000026242946520 flushing  nmethod 0x000002623135f610
Event: 113.374 Thread 0x0000026242946520 flushing  nmethod 0x00000262313e6210
Event: 113.374 Thread 0x0000026242946520 flushing  nmethod 0x00000262313eb490
Event: 113.374 Thread 0x0000026242946520 flushing  nmethod 0x0000026231421690
Event: 113.375 Thread 0x0000026242946520 flushing  nmethod 0x0000026231422d90
Event: 113.375 Thread 0x0000026242946520 flushing  nmethod 0x0000026231424110
Event: 113.375 Thread 0x0000026242946520 flushing  nmethod 0x0000026231425190
Event: 113.375 Thread 0x0000026242946520 flushing  nmethod 0x0000026231426210
Event: 113.375 Thread 0x0000026242946520 flushing  nmethod 0x0000026231426e10
Event: 113.375 Thread 0x0000026242946520 flushing  nmethod 0x0000026231427a10
Event: 113.375 Thread 0x0000026242946520 flushing  nmethod 0x0000026231428a90
Event: 113.375 Thread 0x0000026242946520 flushing  nmethod 0x0000026231490110
Event: 113.375 Thread 0x0000026242946520 flushing  nmethod 0x0000026231495010
Event: 113.375 Thread 0x0000026242946520 flushing  nmethod 0x00000262314e2490
Event: 113.375 Thread 0x0000026242946520 flushing  nmethod 0x00000262315e9c90
Event: 113.376 Thread 0x0000026242946520 flushing  nmethod 0x000002623169a810
Event: 113.376 Thread 0x0000026242946520 flushing  nmethod 0x00000262316f0190
Event: 113.376 Thread 0x0000026242946520 flushing  nmethod 0x0000026231914610

Events (20 events):
Event: 117.721 Thread 0x00000262624e0390 Thread exited: 0x00000262624e0390
Event: 117.823 Thread 0x00000262624de2c0 Thread exited: 0x00000262624de2c0
Event: 176.718 Thread 0x000002625d19aca0 Thread exited: 0x000002625d19aca0
Event: 176.762 Thread 0x000002625cffa5d0 Thread exited: 0x000002625cffa5d0
Event: 176.764 Thread 0x000002625cf71570 Thread exited: 0x000002625cf71570
Event: 177.085 Thread 0x000002625c953670 Thread exited: 0x000002625c953670
Event: 202.549 Thread 0x000002625cf88e10 Thread added: 0x000002625c1606b0
Event: 237.562 Thread 0x000002625c953d00 Thread exited: 0x000002625c953d00
Event: 276.693 Thread 0x000002625c1606b0 Thread exited: 0x000002625c1606b0
Event: 298.784 Thread 0x000002625c954390 Thread exited: 0x000002625c954390
Event: 305.229 Thread 0x000002625cf88e10 Thread added: 0x000002625c1606b0
Event: 312.153 Thread 0x000002625cf3d1f0 Thread added: 0x000002625c1613d0
Event: 312.266 Thread 0x000002625c1613d0 Thread added: 0x000002625c161a60
Event: 315.583 Thread 0x000002625c1613d0 Thread added: 0x000002625c15f300
Event: 316.130 Thread 0x000002625c1613d0 Thread added: 0x000002625c160d40
Event: 316.280 Thread 0x000002625c160d40 Thread added: 0x000002625c15e5e0
Event: 316.583 Thread 0x000002625c160d40 Thread added: 0x000002625c160020
Event: 316.842 Thread 0x000002625c160d40 Thread added: 0x000002625c1620f0
Event: 324.018 Thread 0x000002625c160d40 Thread added: 0x000002625c15ec70
Event: 324.311 Thread 0x000002625c160d40 Thread added: 0x000002625c165c00


Dynamic libraries:
0x00007ff60e500000 - 0x00007ff60e50e000 	C:\Program Files\Eclipse Adoptium\jdk-21.0.12.8-hotspot\bin\java.exe
0x00007ffb0d380000 - 0x00007ffb0d5e6000 	C:\WINDOWS\SYSTEM32\ntdll.dll
0x00007ffb0c3f0000 - 0x00007ffb0c4b9000 	C:\WINDOWS\System32\KERNEL32.DLL
0x00007ffb0a630000 - 0x00007ffb0aa2e000 	C:\WINDOWS\System32\KERNELBASE.dll
0x00007ffb069b0000 - 0x00007ffb06a50000 	C:\WINDOWS\SYSTEM32\apphelp.dll
0x00007ffb0ad10000 - 0x00007ffb0ae5c000 	C:\WINDOWS\System32\ucrtbase.dll
0x00007ffb048f0000 - 0x00007ffb04908000 	C:\Program Files\Eclipse Adoptium\jdk-21.0.12.8-hotspot\bin\jli.dll
0x00007ffb0ceb0000 - 0x00007ffb0d077000 	C:\WINDOWS\System32\USER32.dll
0x00007ffaf08c0000 - 0x00007ffaf08de000 	C:\Program Files\Eclipse Adoptium\jdk-21.0.12.8-hotspot\bin\VCRUNTIME140.dll
0x00007ffb0ac30000 - 0x00007ffb0ac57000 	C:\WINDOWS\System32\win32u.dll
0x00007ffaebfa0000 - 0x00007ffaec232000 	C:\WINDOWS\WinSxS\amd64_microsoft.windows.common-controls_6595b64144ccf1df_6.0.26100.8875_none_3e0d5d42e32fe9dd\COMCTL32.dll
0x00007ffb0ba30000 - 0x00007ffb0ba5b000 	C:\WINDOWS\System32\GDI32.dll
0x00007ffb0ab00000 - 0x00007ffb0ac2a000 	C:\WINDOWS\System32\gdi32full.dll
0x00007ffb0ac60000 - 0x00007ffb0ad03000 	C:\WINDOWS\System32\msvcp_win.dll
0x00007ffb0c0a0000 - 0x00007ffb0c149000 	C:\WINDOWS\System32\msvcrt.dll
0x00007ffb0c4f0000 - 0x00007ffb0c522000 	C:\WINDOWS\System32\IMM32.DLL
0x00007ffaf99f0000 - 0x00007ffaf99fc000 	C:\Program Files\Eclipse Adoptium\jdk-21.0.12.8-hotspot\bin\vcruntime140_1.dll
0x00007ffad4810000 - 0x00007ffad489d000 	C:\Program Files\Eclipse Adoptium\jdk-21.0.12.8-hotspot\bin\msvcp140.dll
0x00007ffa78840000 - 0x00007ffa795e2000 	C:\Program Files\Eclipse Adoptium\jdk-21.0.12.8-hotspot\bin\server\jvm.dll
0x00007ffb0b900000 - 0x00007ffb0b9b7000 	C:\WINDOWS\System32\ADVAPI32.dll
0x00007ffb0c8c0000 - 0x00007ffb0c96a000 	C:\WINDOWS\System32\sechost.dll
0x00007ffb0c150000 - 0x00007ffb0c268000 	C:\WINDOWS\System32\RPCRT4.dll
0x00007ffb0bf50000 - 0x00007ffb0bfd0000 	C:\WINDOWS\System32\WS2_32.dll
0x00007ffb0a400000 - 0x00007ffb0a45e000 	C:\WINDOWS\SYSTEM32\POWRPROF.dll
0x00007ffb02f80000 - 0x00007ffb02f8b000 	C:\WINDOWS\SYSTEM32\VERSION.dll
0x00007ffaf2f20000 - 0x00007ffaf2f56000 	C:\WINDOWS\SYSTEM32\WINMM.dll
0x00007ffb0a3e0000 - 0x00007ffb0a3f4000 	C:\WINDOWS\SYSTEM32\UMPDC.dll
0x00007ffb09280000 - 0x00007ffb0929b000 	C:\WINDOWS\SYSTEM32\kernel.appcore.dll
0x00007ffaf8960000 - 0x00007ffaf896a000 	C:\Program Files\Eclipse Adoptium\jdk-21.0.12.8-hotspot\bin\jimage.dll
0x00007ffb07d40000 - 0x00007ffb07f82000 	C:\WINDOWS\SYSTEM32\DBGHELP.DLL
0x00007ffb0c530000 - 0x00007ffb0c8b3000 	C:\WINDOWS\System32\combase.dll
0x00007ffb0c310000 - 0x00007ffb0c3e9000 	C:\WINDOWS\System32\OLEAUT32.dll
0x00007ffaf1b50000 - 0x00007ffaf1b8b000 	C:\WINDOWS\SYSTEM32\dbgcore.DLL
0x00007ffb0ae70000 - 0x00007ffb0af1c000 	C:\WINDOWS\System32\bcryptPrimitives.dll
0x00007ffaf8790000 - 0x00007ffaf879f000 	C:\Program Files\Eclipse Adoptium\jdk-21.0.12.8-hotspot\bin\instrument.dll
0x00007ffae99e0000 - 0x00007ffae9a00000 	C:\Program Files\Eclipse Adoptium\jdk-21.0.12.8-hotspot\bin\java.dll
0x00007ffb0b140000 - 0x00007ffb0b8d2000 	C:\WINDOWS\System32\SHELL32.dll
0x00007ffb08080000 - 0x00007ffb08912000 	C:\WINDOWS\SYSTEM32\windows.storage.dll
0x00007ffb0d240000 - 0x00007ffb0d337000 	C:\WINDOWS\System32\SHCORE.dll
0x00007ffb0b9c0000 - 0x00007ffb0ba27000 	C:\WINDOWS\System32\shlwapi.dll
0x00007ffb0a4c0000 - 0x00007ffb0a4e9000 	C:\WINDOWS\SYSTEM32\profapi.dll
0x00007ffad4730000 - 0x00007ffad4807000 	C:\Program Files\Eclipse Adoptium\jdk-21.0.12.8-hotspot\bin\jsvml.dll
0x00007ffb02d30000 - 0x00007ffb02d48000 	C:\Program Files\Eclipse Adoptium\jdk-21.0.12.8-hotspot\bin\zip.dll
0x00007ffaf8060000 - 0x00007ffaf8070000 	C:\Program Files\Eclipse Adoptium\jdk-21.0.12.8-hotspot\bin\net.dll
0x00007ffb00840000 - 0x00007ffb00967000 	C:\WINDOWS\SYSTEM32\WINHTTP.dll
0x00007ffb09830000 - 0x00007ffb0989c000 	C:\WINDOWS\system32\mswsock.dll
0x00007ffae86a0000 - 0x00007ffae86b6000 	C:\Program Files\Eclipse Adoptium\jdk-21.0.12.8-hotspot\bin\nio.dll
0x00007ffaf7f90000 - 0x00007ffaf7fa0000 	C:\Program Files\Eclipse Adoptium\jdk-21.0.12.8-hotspot\bin\verify.dll
0x00007ffaeda70000 - 0x00007ffaeda97000 	C:\Users\YUSHAN\.gradle\native\660c5614fbf4a5f2a75b1949f50a0caf5cd603558e7d8a26e50b933a0cfb79d1\windows-amd64\native-platform.dll
0x00007ffaaade0000 - 0x00007ffaaae57000 	C:\Users\YUSHAN\.gradle\native\0.2.8\x86_64-windows-gnu\gradle-fileevents.dll
0x00007ffaf08b0000 - 0x00007ffaf08ba000 	C:\Program Files\Eclipse Adoptium\jdk-21.0.12.8-hotspot\bin\management.dll
0x00007ffaf07b0000 - 0x00007ffaf07bc000 	C:\Program Files\Eclipse Adoptium\jdk-21.0.12.8-hotspot\bin\management_ext.dll
0x00007ffb0cb10000 - 0x00007ffb0cb18000 	C:\WINDOWS\System32\PSAPI.DLL
0x00007ffb08c50000 - 0x00007ffb08c83000 	C:\WINDOWS\SYSTEM32\IPHLPAPI.DLL
0x00007ffb0cda0000 - 0x00007ffb0cdaa000 	C:\WINDOWS\System32\NSI.dll
0x00007ffaf05d0000 - 0x00007ffaf05d9000 	C:\Program Files\Eclipse Adoptium\jdk-21.0.12.8-hotspot\bin\extnet.dll
0x00007ffb09b30000 - 0x00007ffb09b4b000 	C:\WINDOWS\SYSTEM32\CRYPTSP.dll
0x00007ffb091e0000 - 0x00007ffb09219000 	C:\WINDOWS\system32\rsaenh.dll
0x00007ffb098f0000 - 0x00007ffb09922000 	C:\WINDOWS\SYSTEM32\USERENV.dll
0x00007ffb0a490000 - 0x00007ffb0a4ba000 	C:\WINDOWS\SYSTEM32\bcrypt.dll
0x00007ffb09b50000 - 0x00007ffb09b5c000 	C:\WINDOWS\SYSTEM32\CRYPTBASE.dll
0x00007ffaf0320000 - 0x00007ffaf032e000 	C:\Program Files\Eclipse Adoptium\jdk-21.0.12.8-hotspot\bin\sunmscapi.dll
0x00007ffb0af30000 - 0x00007ffb0b0a8000 	C:\WINDOWS\System32\CRYPT32.dll
0x00007ffb09d70000 - 0x00007ffb09da0000 	C:\WINDOWS\SYSTEM32\ncrypt.dll
0x00007ffb09d20000 - 0x00007ffb09d5f000 	C:\WINDOWS\SYSTEM32\NTASN1.dll
0x00007ffae22a0000 - 0x00007ffae22a8000 	C:\WINDOWS\system32\wshunix.dll
0x00007ffb093b0000 - 0x00007ffb093e6000 	C:\WINDOWS\SYSTEM32\ntmarta.dll

JVMTI agents:
C:\Users\YUSHAN\.gradle\wrapper\dists\gradle-9.5.1-bin\iq79hdu3mqx29lgffhp8bfmx\gradle-9.5.1\lib\agents\gradle-instrumentation-agent-9.5.1.jar path:C:\Program Files\Eclipse Adoptium\jdk-21.0.12.8-hotspot\bin\instrument.dll, loaded, initialized, instrumentlib options:none

dbghelp: loaded successfully - version: 4.0.5 - missing functions: none
symbol engine: initialized successfully - sym options: 0x614 - pdb path: .;C:\Program Files\Eclipse Adoptium\jdk-21.0.12.8-hotspot\bin;C:\WINDOWS\SYSTEM32;C:\WINDOWS\WinSxS\amd64_microsoft.windows.common-controls_6595b64144ccf1df_6.0.26100.8875_none_3e0d5d42e32fe9dd;C:\Program Files\Eclipse Adoptium\jdk-21.0.12.8-hotspot\bin\server;C:\Users\YUSHAN\.gradle\native\660c5614fbf4a5f2a75b1949f50a0caf5cd603558e7d8a26e50b933a0cfb79d1\windows-amd64;C:\Users\YUSHAN\.gradle\native\0.2.8\x86_64-windows-gnu

VM Arguments:
jvm_args: --add-opens=java.base/java.lang=ALL-UNNAMED --add-opens=java.base/java.lang.invoke=ALL-UNNAMED --add-opens=java.base/java.util=ALL-UNNAMED --add-opens=java.prefs/java.util.prefs=ALL-UNNAMED --add-exports=jdk.compiler/com.sun.tools.javac.api=ALL-UNNAMED --add-exports=jdk.compiler/com.sun.tools.javac.util=ALL-UNNAMED --add-opens=java.base/java.nio.charset=ALL-UNNAMED --add-opens=java.base/java.net=ALL-UNNAMED --add-opens=java.base/java.util.concurrent=ALL-UNNAMED --add-opens=java.base/java.util.concurrent.atomic=ALL-UNNAMED --add-opens=java.xml/javax.xml.namespace=ALL-UNNAMED --add-opens=java.base/java.time=ALL-UNNAMED -XX:MaxMetaspaceSize=384m -XX:+HeapDumpOnOutOfMemoryError -Xms256m -Xmx512m -Dfile.encoding=UTF-8 -Duser.country=TW -Duser.language=zh -Duser.variant -javaagent:C:\Users\YUSHAN\.gradle\wrapper\dists\gradle-9.5.1-bin\iq79hdu3mqx29lgffhp8bfmx\gradle-9.5.1\lib\agents\gradle-instrumentation-agent-9.5.1.jar 
java_command: org.gradle.launcher.daemon.bootstrap.GradleDaemon 9.5.1
java_class_path (initial): C:\Users\YUSHAN\.gradle\wrapper\dists\gradle-9.5.1-bin\iq79hdu3mqx29lgffhp8bfmx\gradle-9.5.1\lib\gradle-daemon-main-9.5.1.jar
Launcher Type: SUN_STANDARD

[Global flags]
     intx CICompilerCount                          = 4                                         {product} {ergonomic}
   size_t CompressedClassSpaceSize                 = 335544320                                 {product} {ergonomic}
     uint ConcGCThreads                            = 2                                         {product} {ergonomic}
     uint G1ConcRefinementThreads                  = 8                                         {product} {ergonomic}
   size_t G1HeapRegionSize                         = 1048576                                   {product} {ergonomic}
    uintx GCDrainStackTargetSize                   = 64                                        {product} {ergonomic}
     bool HeapDumpOnOutOfMemoryError               = true                                   {manageable} {command line}
   size_t InitialHeapSize                          = 268435456                                 {product} {command line}
   size_t MarkStackSize                            = 4194304                                   {product} {ergonomic}
   size_t MaxHeapSize                              = 536870912                                 {product} {command line}
   size_t MaxMetaspaceSize                         = 402653184                                 {product} {command line}
   size_t MaxNewSize                               = 321912832                                 {product} {ergonomic}
   size_t MinHeapDeltaBytes                        = 1048576                                   {product} {ergonomic}
   size_t MinHeapSize                              = 268435456                                 {product} {command line}
    uintx NonNMethodCodeHeapSize                   = 5839372                                {pd product} {ergonomic}
    uintx NonProfiledCodeHeapSize                  = 122909434                              {pd product} {ergonomic}
    uintx ProfiledCodeHeapSize                     = 122909434                              {pd product} {ergonomic}
    uintx ReservedCodeCacheSize                    = 251658240                              {pd product} {ergonomic}
     bool SegmentedCodeCache                       = true                                      {product} {ergonomic}
   size_t SoftMaxHeapSize                          = 536870912                              {manageable} {ergonomic}
     bool UseCompressedOops                        = true                           {product lp64_product} {ergonomic}
     bool UseG1GC                                  = true                                      {product} {ergonomic}
     bool UseLargePagesIndividualAllocation        = false                                  {pd product} {ergonomic}

Logging:
Log output configuration:
 #0: stdout all=warning uptime,level,tags foldmultilines=false
 #1: stderr all=off uptime,level,tags foldmultilines=false

Release file:
IMPLEMENTOR="Eclipse Adoptium" 
IMPLEMENTOR_VERSION="Temurin-21.0.12+8" 
JAVA_RUNTIME_VERSION="21.0.12+8-LTS" 
JAVA_VERSION="21.0.12" 
JAVA_VERSION_DATE="2026-07-21" 
LIBC="default" 
MODULES="java.base java.compiler java.datatransfer java.xml java.prefs java.desktop java.instrument java.logging java.management java.security.sasl java.naming java.rmi java.management.rmi java.net.http java.scripting java.security.jgss java.transaction.xa java.sql java.sql.rowset java.xml.crypto java.se java.smartcardio jdk.accessibility jdk.internal.jvmstat jdk.attach jdk.charsets jdk.internal.opt jdk.zipfs jdk.compiler jdk.crypto.ec jdk.crypto.cryptoki jdk.crypto.mscapi jdk.dynalink jdk.internal.ed jdk.editpad jdk.hotspot.agent jdk.httpserver jdk.incubator.vector jdk.internal.le jdk.internal.vm.ci jdk.internal.vm.compiler jdk.internal.vm.compiler.management jdk.jartool jdk.javadoc jdk.jcmd jdk.management jdk.management.agent jdk.jconsole jdk.jdeps jdk.jdwp.agent jdk.jdi jdk.jfr jdk.jlink jdk.jpackage jdk.jshell jdk.jsobject jdk.jstatd jdk.localedata jdk.management.jfr jdk.naming.dns jdk.naming.rmi jdk.net jdk.nio.mapmode jdk.random jdk.sctp jdk.security.auth jdk.security.jgss jdk.unsupported jdk.unsupported.desktop jdk.xml.dom" 
OS_ARCH="x86_64" 
OS_NAME="Windows" 
SOURCE=".:git:04806bcb1d50" 
BUILD_SOURCE="git:e6ba7dec3d07654074559310376a3ae89da5f4ac"
BUILD_SOURCE_REPO="https://github.com/adoptium/temurin-build.git"
SOURCE_REPO="https://github.com/adoptium/jdk21u.git"
FULL_VERSION="21.0.12+8-LTS"
SEMANTIC_VERSION="21.0.12+8"
BUILD_INFO="OS: Windows Server 2022 Version: 10.0"
JVM_VARIANT="Hotspot"
JVM_VERSION="21.0.12+8-LTS"
IMAGE_TYPE="JDK"

Environment Variables:
PATH=C:\Program Files\Eclipse Adoptium\jdk-21.0.12.8-hotspot\bin;C:\Program Files\OpenLogic\jdk-17.0.17.10-hotspot\bin;C:\Users\YUSHAN\Desktop\ªF\bin;;:\Program Files (x86)\Common Files\Oracle\Java\javapath;C:\windows\system32;C:\windows;C:\windows\System32\Wbem;C:\windows\System32\WindowsPowerShell\v1.0\;C:\windows\System32\OpenSSH\;C:\Program Files (x86)\NVIDIA Corporation\PhysX\Common;C:\Program Files\NVIDIA Corporation\NVIDIA NvDLISR;C:\WINDOWS\system32;C:\WINDOWS;C:\WINDOWS\System32\Wbem;C:\WINDOWS\System32\WindowsPowerShell\v1.0\;C:\WINDOWS\System32\OpenSSH\;C:\WINDOWS\system32;C:\WINDOWS;C:\WINDOWS\System32\Wbem;C:\WINDOWS\System32\WindowsPowerShell\v1.0\;C:\WINDOWS\System32\OpenSSH\;%NVM_HOME%;%NVM_SYMLINK%;C:\Users\YUSHAN\Desktop\dong\;C:\dong\Git\cmd;C:\Program Files\MySQL\MySQL Shell 8.0\bin\;C:\Users\YUSHAN\AppData\Local\Microsoft\WindowsApps;C:\Users\YUSHAN\Desktop\dong\nvm;C:\nvm4w\nodejs;C:\Users\YUSHAN\AppData\Roaming\npm;C:\Users\YUSHAN\AppData\Local\Programs\Microsoft VS Code\bin;C:\Users\YUSHAN\AppData\Local\GitHubDesktop\bin
USERNAME=YUSHAN
OS=Windows_NT
PROCESSOR_IDENTIFIER=Intel64 Family 6 Model 142 Stepping 12, GenuineIntel
TMP=C:\Users\YUSHAN\AppData\Local\Temp
TEMP=C:\Users\YUSHAN\AppData\Local\Temp




Periodic native trim disabled

---------------  S Y S T E M  ---------------

OS:
 Windows 11 , 64 bit Build 26100 (10.0.26100.8875)
OS uptime: 13 days 5:02 hours

CPU: total 8 (initial active 8) (4 cores per cpu, 2 threads per core) family 6 model 142 stepping 12 microcode 0xde, cx8, cmov, fxsr, ht, mmx, 3dnowpref, sse, sse2, sse3, ssse3, sse4.1, sse4.2, popcnt, lzcnt, tsc, tscinvbit, avx, avx2, aes, erms, clmul, bmi1, bmi2, adx, fma, vzeroupper, clflush, clflushopt, rdtscp, f16c
Processor Information for the first 8 processors :
  Max Mhz: 1800, Current Mhz: 1600, Mhz Limit: 1584

Memory: 4k page, system-wide physical 3982M (119M free)
TotalPageFile size 16270M (AvailPageFile size 0M)
current process WorkingSet (physical memory assigned to process): 50M, peak: 404M
current process commit charge ("private bytes"): 544M, peak: 555M

vm_info: OpenJDK 64-Bit Server VM (21.0.12+8-LTS) for windows-amd64 JRE (21.0.12+8-LTS), built on 2026-07-21T00:00:00Z by "admin" with MS VC++ 17.12 (VS2022)

END.
