#
# There is insufficient memory for the Java Runtime Environment to continue.
# Native memory allocation (malloc) failed to allocate 1048576 bytes. Error detail: AllocateHeap
# Possible reasons:
#   The system is out of physical RAM or swap space
#   This process is running with CompressedOops enabled, and the Java Heap may be blocking the growth of the native heap
# Possible solutions:
#   Reduce memory load on the system
#   Increase physical memory or swap space
#   Check if swap backing store is full
#   Decrease Java heap size (-Xmx/-Xms)
#   Decrease number of Java threads
#   Decrease Java thread stack sizes (-Xss)
#   Set larger code cache with -XX:ReservedCodeCacheSize=
#   JVM is running with Unscaled Compressed Oops mode in which the Java heap is
#     placed in the first 4GB address space. The Java Heap base address is the
#     maximum limit for the native heap growth. Please use -XX:HeapBaseMinAddress
#     to set the Java Heap base and to place the Java Heap above 4GB virtual address.
# This output file may be truncated or incomplete.
#
#  Out of Memory Error (allocation.cpp:44), pid=5680, tid=24892
#
# JRE version: OpenJDK Runtime Environment Temurin-21.0.12.1+1 (21.0.12.1+1) (build 21.0.12.1+1-LTS)
# Java VM: OpenJDK 64-Bit Server VM Temurin-21.0.12.1+1 (21.0.12.1+1-LTS, mixed mode, sharing, tiered, compressed oops, compressed class ptrs, parallel gc, windows-amd64)
# No core dump will be written. Minidumps are not enabled by default on client versions of Windows
#

---------------  S U M M A R Y ------------

Command Line: --add-modules=ALL-SYSTEM --add-opens=java.base/java.util=ALL-UNNAMED --add-opens=java.base/java.lang=ALL-UNNAMED --add-opens=java.base/sun.nio.fs=ALL-UNNAMED -Declipse.application=org.eclipse.jdt.ls.core.id1 -Dosgi.bundles.defaultStartLevel=4 -Declipse.product=org.eclipse.jdt.ls.core.product -Djava.import.generatesMetadataFilesAtProjectRoot=false -Dm2e.project.cache.size=50 -DDetectVMInstallationsJob.disabled=true -Dfile.encoding=utf8 -XX:+UseParallelGC -XX:GCTimeRatio=4 -XX:AdaptiveSizePolicyWeight=90 -Dsun.zip.disableMemoryMapping=true -Xmx2G -Xms100m -Xlog:disable -javaagent:c:\Users\YUSHAN\.vscode\extensions\redhat.java-1.56.0-win32-x64\lombok\lombok-1.18.39-4050.jar -XX:+HeapDumpOnOutOfMemoryError -XX:HeapDumpPath=c:\Users\YUSHAN\AppData\Roaming\Code\User\workspaceStorage\fa44f8be53a956b010306273356c24f5\redhat.java -Daether.dependencyCollector.impl=bf c:\Users\YUSHAN\.vscode\extensions\redhat.java-1.56.0-win32-x64\server\plugins\org.eclipse.equinox.launcher_1.8.0.v20260804-1928.jar -configuration c:\Users\YUSHAN\AppData\Roaming\Code\User\globalStorage\redhat.java\1.56.0\config_win -data c:\Users\YUSHAN\AppData\Roaming\Code\User\workspaceStorage\fa44f8be53a956b010306273356c24f5\redhat.java\jdt_ws --stdio

Host: Intel(R) Core(TM) i5-8265U CPU @ 1.60GHz, 8 cores, 3G,  Windows 11 , 64 bit Build 26100 (10.0.26100.8875)
Time: Mon Sep  7 12:48:02 2026 elapsed time: 3492.172022 seconds (0d 0h 58m 12s)

---------------  T H R E A D  ---------------

Current thread (0x00000291f2f02520):  JavaThread "Attach Listener" daemon [_thread_in_vm, id=24892, stack(0x000000b4a1100000,0x000000b4a1200000) (1024K)]

Stack: [0x000000b4a1100000,0x000000b4a1200000]
Native frames: (J=compiled Java code, j=interpreted, Vv=VM code, C=native code)
V  [jvm.dll+0x6d83e9]
V  [jvm.dll+0x8b5736]
V  [jvm.dll+0x8b7cee]
V  [jvm.dll+0x8b83d3]
V  [jvm.dll+0x284596]
V  [jvm.dll+0xc13c7]
V  [jvm.dll+0x6d8c99]
V  [jvm.dll+0x133616]
V  [jvm.dll+0x3f8aae]
V  [jvm.dll+0x8600cd]
V  [jvm.dll+0x6d6c1d]
C  [ucrtbase.dll+0x2cd30]
C  [KERNEL32.DLL+0x2e957]
C  [ntdll.dll+0xaad6c]


---------------  P R O C E S S  ---------------

Threads class SMR info:
_java_thread_list=0x00000291fcec6140, length=43, elements={
0x00000291f0cb3e30, 0x00000291f303e280, 0x00000291f2efd2a0, 0x00000291f2f01ac0,
0x00000291f2f02520, 0x00000291f2f05390, 0x00000291f2f05df0, 0x00000291f2f0b130,
0x00000291fc1c0240, 0x00000291fc390d00, 0x00000291fc4fb700, 0x00000291fc8dc9d0,
0x00000291fca46a60, 0x00000291fca470f0, 0x00000291fca44990, 0x00000291fca463d0,
0x00000291fca47780, 0x00000291fca44300, 0x00000291fca45d40, 0x00000291fcb8b4e0,
0x00000291fcb89410, 0x00000291fcb89aa0, 0x00000291fcb8d5b0, 0x00000291fcb8dc40,
0x00000291d4a0ae30, 0x00000291de7691d0, 0x00000291de768b40, 0x00000291de769860,
0x00000291de76b2a0, 0x00000291de767e20, 0x00000291d4a08040, 0x00000291d4a086d0,
0x00000291d4a0c870, 0x00000291d4a0e940, 0x00000291d4a0c1e0, 0x00000291d4a0bb50,
0x00000291fcb8cf20, 0x00000291fcb8a130, 0x00000291fcb8a7c0, 0x00000291fcb8bb70,
0x00000291d4a0f660, 0x00000291e044fdf0, 0x00000291e044f0d0
}

Java Threads: ( => current thread )
  0x00000291f0cb3e30 JavaThread "main"                              [_thread_blocked, id=9416, stack(0x000000b4a0a00000,0x000000b4a0b00000) (1024K)]
  0x00000291f303e280 JavaThread "Reference Handler"          daemon [_thread_blocked, id=15632, stack(0x000000b4a0e00000,0x000000b4a0f00000) (1024K)]
  0x00000291f2efd2a0 JavaThread "Finalizer"                  daemon [_thread_blocked, id=9156, stack(0x000000b4a0f00000,0x000000b4a1000000) (1024K)]
  0x00000291f2f01ac0 JavaThread "Signal Dispatcher"          daemon [_thread_blocked, id=5372, stack(0x000000b4a1000000,0x000000b4a1100000) (1024K)]
=>0x00000291f2f02520 JavaThread "Attach Listener"            daemon [_thread_in_vm, id=24892, stack(0x000000b4a1100000,0x000000b4a1200000) (1024K)]
  0x00000291f2f05390 JavaThread "Service Thread"             daemon [_thread_blocked, id=13460, stack(0x000000b4a1200000,0x000000b4a1300000) (1024K)]
  0x00000291f2f05df0 JavaThread "Monitor Deflation Thread"   daemon [_thread_blocked, id=27284, stack(0x000000b4a1300000,0x000000b4a1400000) (1024K)]
  0x00000291f2f0b130 JavaThread "C2 CompilerThread0"         daemon [_thread_blocked, id=1744, stack(0x000000b4a1400000,0x000000b4a1500000) (1024K)]
  0x00000291fc1c0240 JavaThread "C1 CompilerThread0"         daemon [_thread_blocked, id=8832, stack(0x000000b4a1500000,0x000000b4a1600000) (1024K)]
  0x00000291fc390d00 JavaThread "Common-Cleaner"             daemon [_thread_blocked, id=18220, stack(0x000000b4a1600000,0x000000b4a1700000) (1024K)]
  0x00000291fc4fb700 JavaThread "Notification Thread"        daemon [_thread_blocked, id=14620, stack(0x000000b4a1700000,0x000000b4a1800000) (1024K)]
  0x00000291fc8dc9d0 JavaThread "Active Thread: Equinox Container: 2bb540c4-4541-49b3-a184-c37a77ba47e0"        [_thread_blocked, id=21600, stack(0x000000b4a2400000,0x000000b4a2500000) (1024K)]
  0x00000291fca46a60 JavaThread "Framework Event Dispatcher: Equinox Container: 2bb540c4-4541-49b3-a184-c37a77ba47e0" daemon [_thread_blocked, id=3788, stack(0x000000b4a2600000,0x000000b4a2700000) (1024K)]
  0x00000291fca470f0 JavaThread "Start Level: Equinox Container: 2bb540c4-4541-49b3-a184-c37a77ba47e0" daemon [_thread_blocked, id=17680, stack(0x000000b4a2700000,0x000000b4a2800000) (1024K)]
  0x00000291fca44990 JavaThread "Bundle File Closer"         daemon [_thread_blocked, id=12188, stack(0x000000b4a2800000,0x000000b4a2900000) (1024K)]
  0x00000291fca463d0 JavaThread "Refresh Thread: Equinox Container: 2bb540c4-4541-49b3-a184-c37a77ba47e0" daemon [_thread_blocked, id=25388, stack(0x000000b4a2900000,0x000000b4a2a00000) (1024K)]
  0x00000291fca47780 JavaThread "SCR Component Actor"        daemon [_thread_blocked, id=25416, stack(0x000000b4a2c00000,0x000000b4a2d00000) (1024K)]
  0x00000291fca44300 JavaThread "Worker-JM"                         [_thread_blocked, id=24800, stack(0x000000b4a2d00000,0x000000b4a2e00000) (1024K)]
  0x00000291fca45d40 JavaThread "JNA Cleaner"                daemon [_thread_blocked, id=23332, stack(0x000000b4a2e00000,0x000000b4a2f00000) (1024K)]
  0x00000291fcb8b4e0 JavaThread "Java indexing"              daemon [_thread_blocked, id=13168, stack(0x000000b4a3300000,0x000000b4a3400000) (1024K)]
  0x00000291fcb89410 JavaThread "Worker-4"                          [_thread_blocked, id=1660, stack(0x000000b4a3600000,0x000000b4a3700000) (1024K)]
  0x00000291fcb89aa0 JavaThread "pool-2-thread-1"                   [_thread_blocked, id=1456, stack(0x000000b4a3800000,0x000000b4a3900000) (1024K)]
  0x00000291fcb8d5b0 JavaThread "WorkspaceEventsHandler"            [_thread_blocked, id=26756, stack(0x000000b4a3900000,0x000000b4a3a00000) (1024K)]
  0x00000291fcb8dc40 JavaThread "pool-1-thread-1"                   [_thread_in_native, id=20672, stack(0x000000b4a3a00000,0x000000b4a3b00000) (1024K)]
  0x00000291d4a0ae30 JavaThread "Timer-0"                           [_thread_blocked, id=24632, stack(0x000000b4a3c00000,0x000000b4a3d00000) (1024K)]
  0x00000291de7691d0 JavaThread "Cleaner-0"                  daemon [_thread_blocked, id=4704, stack(0x000000b4a4400000,0x000000b4a4500000) (1024K)]
  0x00000291de768b40 JavaThread "ForkJoinPool.commonPool-worker-8" daemon [_thread_blocked, id=10196, stack(0x000000b4a0700000,0x000000b4a0800000) (1024K)]
  0x00000291de769860 JavaThread "PatternSearchJob-worker-8"  daemon [_thread_blocked, id=27016, stack(0x000000b4a0800000,0x000000b4a0900000) (1024K)]
  0x00000291de76b2a0 JavaThread "PatternSearchJob-worker-9"  daemon [_thread_blocked, id=10436, stack(0x000000b4a0900000,0x000000b4a0a00000) (1024K)]
  0x00000291de767e20 JavaThread "PatternSearchJob-worker-10" daemon [_thread_blocked, id=26460, stack(0x000000b4a1e00000,0x000000b4a1f00000) (1024K)]
  0x00000291d4a08040 JavaThread "ForkJoinPool.commonPool-worker-9" daemon [_thread_blocked, id=13872, stack(0x000000b4a1f00000,0x000000b4a2000000) (1024K)]
  0x00000291d4a086d0 JavaThread "PatternSearchJob-worker-11" daemon [_thread_blocked, id=12408, stack(0x000000b4a2000000,0x000000b4a2100000) (1024K)]
  0x00000291d4a0c870 JavaThread "ForkJoinPool.commonPool-worker-10" daemon [_thread_blocked, id=11040, stack(0x000000b4a2100000,0x000000b4a2200000) (1024K)]
  0x00000291d4a0e940 JavaThread "ForkJoinPool.commonPool-worker-11" daemon [_thread_blocked, id=2260, stack(0x000000b4a2200000,0x000000b4a2300000) (1024K)]
  0x00000291d4a0c1e0 JavaThread "ForkJoinPool.commonPool-worker-12" daemon [_thread_blocked, id=14236, stack(0x000000b4a2300000,0x000000b4a2400000) (1024K)]
  0x00000291d4a0bb50 JavaThread "ForkJoinPool.commonPool-worker-14" daemon [_thread_blocked, id=26856, stack(0x000000b4a2b00000,0x000000b4a2c00000) (1024K)]
  0x00000291fcb8cf20 JavaThread "PatternSearchJob-worker-12" daemon [_thread_blocked, id=23520, stack(0x000000b4a3200000,0x000000b4a3300000) (1024K)]
  0x00000291fcb8a130 JavaThread "PatternSearchJob-worker-13" daemon [_thread_blocked, id=26860, stack(0x000000b4a3400000,0x000000b4a3500000) (1024K)]
  0x00000291fcb8a7c0 JavaThread "PatternSearchJob-worker-14" daemon [_thread_blocked, id=23028, stack(0x000000b4a3500000,0x000000b4a3600000) (1024K)]
  0x00000291fcb8bb70 JavaThread "Compiler Source File Reader" daemon [_thread_blocked, id=4116, stack(0x000000b4a3100000,0x000000b4a3200000) (1024K)]
  0x00000291d4a0f660 JavaThread "Compiler Source File Reader" daemon [_thread_blocked, id=13824, stack(0x000000b4a3b00000,0x000000b4a3c00000) (1024K)]
  0x00000291e044fdf0 JavaThread "Worker-9"                          [_thread_blocked, id=22980, stack(0x000000b4a3d00000,0x000000b4a3e00000) (1024K)]
  0x00000291e044f0d0 JavaThread "ForkJoinPool.commonPool-worker-15" daemon [_thread_blocked, id=9208, stack(0x000000b4a2a00000,0x000000b4a2b00000) (1024K)]
Total: 43

Other Threads:
  0x00000291f2ef3130 VMThread "VM Thread"                           [id=19972, stack(0x000000b4a0d00000,0x000000b4a0e00000) (1024K)]
  0x00000291f2e0ca00 WatcherThread "VM Periodic Task Thread"        [id=7672, stack(0x000000b4a0c00000,0x000000b4a0d00000) (1024K)]
  0x00000291f2fa6480 WorkerThread "GC Thread#0"                     [id=25536, stack(0x000000b4a0b00000,0x000000b4a0c00000) (1024K)]
  0x00000291fc988db0 WorkerThread "GC Thread#1"                     [id=13328, stack(0x000000b4a1800000,0x000000b4a1900000) (1024K)]
  0x00000291fc891b40 WorkerThread "GC Thread#2"                     [id=5040, stack(0x000000b4a1900000,0x000000b4a1a00000) (1024K)]
  0x00000291fc983dc0 WorkerThread "GC Thread#3"                     [id=13124, stack(0x000000b4a1a00000,0x000000b4a1b00000) (1024K)]
  0x00000291fc984170 WorkerThread "GC Thread#4"                     [id=20196, stack(0x000000b4a1b00000,0x000000b4a1c00000) (1024K)]
  0x00000291fc89fa30 WorkerThread "GC Thread#5"                     [id=14316, stack(0x000000b4a1c00000,0x000000b4a1d00000) (1024K)]
  0x00000291fc89fde0 WorkerThread "GC Thread#6"                     [id=6340, stack(0x000000b4a1d00000,0x000000b4a1e00000) (1024K)]
  0x00000291fc5476e0 WorkerThread "GC Thread#7"                     [id=27572, stack(0x000000b4a2500000,0x000000b4a2600000) (1024K)]
Total: 10

Threads with active compile tasks:
Total: 0

VM state: not at safepoint (normal execution)

VM Mutex/Monitor currently owned by a thread: None

OutOfMemory and StackOverflow Exception counts:
OutOfMemoryError java_heap_errors=1
LinkageErrors=165

Heap address: 0x0000000080000000, size: 2048 MB, Compressed Oops mode: 32-bit

CDS archive(s) mapped at: [0x000002918f000000-0x000002918fba0000-0x000002918fba0000), size 12189696, SharedBaseAddress: 0x000002918f000000, ArchiveRelocationMode: 1.
Compressed class space mapped at: 0x0000029190000000-0x00000291d0000000, reserved size: 1073741824
Narrow klass base: 0x000002918f000000, Narrow klass shift: 0, Narrow klass range: 0x100000000

GC Precious Log:
 CardTable entry size: 512
 CPUs: 8 total, 8 available
 Memory: 3982M
 Large Page Support: Disabled
 NUMA Support: Disabled
 Compressed Oops: Enabled (32-bit)
 Alignments: Space 512K, Generation 512K, Heap 2M
 Heap Min Capacity: 100M
 Heap Initial Capacity: 100M
 Heap Max Capacity: 2G
 Pre-touch: Disabled
 Parallel Workers: 8

Heap:
 PSYoungGen      total 10752K, used 9052K [0x00000000d5580000, 0x00000000d6400000, 0x0000000100000000)
  eden space 9216K, 84% used [0x00000000d5580000,0x00000000d5d20768,0x00000000d5e80000)
  from space 1536K, 80% used [0x00000000d6280000,0x00000000d63b6900,0x00000000d6400000)
  to   space 2048K, 0% used [0x00000000d6000000,0x00000000d6000000,0x00000000d6200000)
 ParOldGen       total 1398272K, used 920620K [0x0000000080000000, 0x00000000d5580000, 0x00000000d5580000)
  object space 1398272K, 65% used [0x0000000080000000,0x00000000b830b130,0x00000000d5580000)
 Metaspace       used 92780K, committed 94400K, reserved 1179648K
  class space    used 10134K, committed 10880K, reserved 1048576K

Card table byte_map: [0x00000291f2920000,0x00000291f2d30000] _byte_map_base: 0x00000291f2520000

Marking Bits: (ParMarkBitMap*) 0x00007ffa795044a0
 Begin Bits: [0x00000291f6430000, 0x00000291f8430000)
 End Bits:   [0x00000291f8430000, 0x00000291fa430000)

Polling page: 0x00000291f0f00000

Metaspace:

Usage:
  Non-class:     80.71 MB used.
      Class:      9.90 MB used.
       Both:     90.61 MB used.

Virtual space:
  Non-class space:      128.00 MB reserved,      81.56 MB ( 64%) committed,  2 nodes.
      Class space:        1.00 GB reserved,      10.62 MB (  1%) committed,  1 nodes.
             Both:        1.12 GB reserved,      92.19 MB (  8%) committed. 

Chunk freelists:
   Non-Class:  13.99 MB
       Class:  5.28 MB
        Both:  19.26 MB

MaxMetaspaceSize: unlimited
CompressedClassSpaceSize: 1.00 GB
Initial GC threshold: 21.00 MB
Current GC threshold: 153.12 MB
CDS: on
 - commit_granule_bytes: 65536.
 - commit_granule_words: 8192.
 - virtual_space_node_default_size: 8388608.
 - enlarge_chunks_in_place: 1.
 - use_allocation_guard: 0.


Internal statistics:

num_allocs_failed_limit: 9.
num_arena_births: 1798.
num_arena_deaths: 652.
num_vsnodes_births: 3.
num_vsnodes_deaths: 0.
num_space_committed: 1475.
num_space_uncommitted: 0.
num_chunks_returned_to_freelist: 760.
num_chunks_taken_from_freelist: 6336.
num_chunk_merges: 190.
num_chunk_splits: 3611.
num_chunks_enlarged: 2049.
num_inconsistent_stats: 0.

CodeHeap 'non-profiled nmethods': size=120000Kb used=4764Kb max_used=12738Kb free=115235Kb
 bounds [0x0000029187ad0000, 0x0000029188750000, 0x000002918f000000]
CodeHeap 'profiled nmethods': size=120000Kb used=8219Kb max_used=38479Kb free=111780Kb
 bounds [0x0000029180000000, 0x00000291825a0000, 0x0000029187530000]
CodeHeap 'non-nmethods': size=5760Kb used=1538Kb max_used=1636Kb free=4221Kb
 bounds [0x0000029187530000, 0x00000291877a0000, 0x0000029187ad0000]
CodeCache: size=245760Kb, used=14521Kb, max_used=52853Kb, free=231236Kb
 total_blobs=5143, nmethods=4280, adapters=766, full_count=0
Compilation: enabled, stopped_count=0, restarted_count=0

Compilation events (20 events):
Event: 3483.136 Thread 0x00000291fc1c0240 19610       1       org.eclipse.core.internal.events.InternalBuilder::getLastBuiltTree (5 bytes)
Event: 3483.136 Thread 0x00000291fc1c0240 nmethod 19610 0x0000029187d0d390 code [0x0000029187d0d520, 0x0000029187d0d5e8]
Event: 3483.136 Thread 0x00000291fc1c0240 19611       3       org.eclipse.core.internal.events.BuildCommand::getArguments (33 bytes)
Event: 3483.138 Thread 0x00000291fc1c0240 nmethod 19611 0x0000029181bba410 code [0x0000029181bba5e0, 0x0000029181bba998]
Event: 3483.138 Thread 0x00000291fc1c0240 19612       3       org.eclipse.core.internal.watson.ElementTree::getParent (22 bytes)
Event: 3483.139 Thread 0x00000291fc1c0240 nmethod 19612 0x00000291809e0f90 code [0x00000291809e1160, 0x00000291809e14e8]
Event: 3483.139 Thread 0x00000291fc1c0240 19613       3       org.eclipse.core.internal.events.ResourceComparator::getBuildComparator (4 bytes)
Event: 3483.139 Thread 0x00000291fc1c0240 nmethod 19613 0x0000029181364c10 code [0x0000029181364da0, 0x0000029181364e98]
Event: 3483.140 Thread 0x00000291f2f0b130 19614       4       org.eclipse.core.internal.dtree.AbstractDataTreeNode::compareWith (364 bytes)
Event: 3483.156 Thread 0x00000291fc1c0240 19616       3       org.eclipse.core.internal.dtree.DeltaDataTree::isEmptyDelta (15 bytes)
Event: 3483.157 Thread 0x00000291fc1c0240 nmethod 19616 0x000002918160d690 code [0x000002918160d840, 0x000002918160da58]
Event: 3483.157 Thread 0x00000291fc1c0240 19617       3       org.eclipse.core.internal.dtree.AbstractDataTree::<init> (5 bytes)
Event: 3483.157 Thread 0x00000291fc1c0240 nmethod 19617 0x000002918160d290 code [0x000002918160d440, 0x000002918160d5a8]
Event: 3483.162 Thread 0x00000291fc1c0240 19619       3       sun.security.provider.SHA2::implDigest (98 bytes)
Event: 3483.164 Thread 0x00000291f2f0b130 nmethod 19614 0x0000029187c1e410 code [0x0000029187c1e620, 0x0000029187c1f178]
Event: 3483.165 Thread 0x00000291f2f0b130 19615       4       org.eclipse.core.internal.dtree.DataTreeNode::compareWith (74 bytes)
Event: 3483.167 Thread 0x00000291fc1c0240 nmethod 19619 0x000002918202bc10 code [0x000002918202bf20, 0x000002918202d060]
Event: 3483.172 Thread 0x00000291f2f0b130 nmethod 19615 0x0000029187d0ca90 code [0x0000029187d0cc60, 0x0000029187d0cff0]
Event: 3483.172 Thread 0x00000291f2f0b130 19618       4       org.eclipse.core.internal.resources.Project::isOpen (17 bytes)
Event: 3483.174 Thread 0x00000291f2f0b130 nmethod 19618 0x00000291880a1390 code [0x00000291880a1520, 0x00000291880a15f0]

GC Heap History (20 events):
Event: 3299.628 GC heap before
{Heap before GC invocations=227 (full 7):
 PSYoungGen      total 12288K, used 0K [0x00000000d5580000, 0x00000000d6200000, 0x0000000100000000)
  eden space 11776K, 0% used [0x00000000d5580000,0x00000000d5580000,0x00000000d6100000)
  from space 512K, 0% used [0x00000000d6180000,0x00000000d6180000,0x00000000d6200000)
  to   space 512K, 0% used [0x00000000d6100000,0x00000000d6100000,0x00000000d6180000)
 ParOldGen       total 188416K, used 88507K [0x0000000080000000, 0x000000008b800000, 0x00000000d5580000)
  object space 188416K, 46% used [0x0000000080000000,0x000000008566ed60,0x000000008b800000)
 Metaspace       used 92374K, committed 94144K, reserved 1179648K
  class space    used 10082K, committed 10880K, reserved 1048576K
}
Event: 3299.640 GC heap after
{Heap after GC invocations=227 (full 7):
 PSYoungGen      total 12288K, used 0K [0x00000000d5580000, 0x00000000d6300000, 0x0000000100000000)
  eden space 11776K, 0% used [0x00000000d5580000,0x00000000d5580000,0x00000000d6100000)
  from space 512K, 0% used [0x00000000d6100000,0x00000000d6100000,0x00000000d6180000)
  to   space 512K, 0% used [0x00000000d6280000,0x00000000d6280000,0x00000000d6300000)
 ParOldGen       total 188416K, used 88507K [0x0000000080000000, 0x000000008b800000, 0x00000000d5580000)
  object space 188416K, 46% used [0x0000000080000000,0x000000008566ed60,0x000000008b800000)
 Metaspace       used 92374K, committed 94144K, reserved 1179648K
  class space    used 10082K, committed 10880K, reserved 1048576K
}
Event: 3299.640 GC heap before
{Heap before GC invocations=228 (full 8):
 PSYoungGen      total 12288K, used 0K [0x00000000d5580000, 0x00000000d6300000, 0x0000000100000000)
  eden space 11776K, 0% used [0x00000000d5580000,0x00000000d5580000,0x00000000d6100000)
  from space 512K, 0% used [0x00000000d6100000,0x00000000d6100000,0x00000000d6180000)
  to   space 512K, 0% used [0x00000000d6280000,0x00000000d6280000,0x00000000d6300000)
 ParOldGen       total 188416K, used 88507K [0x0000000080000000, 0x000000008b800000, 0x00000000d5580000)
  object space 188416K, 46% used [0x0000000080000000,0x000000008566ed60,0x000000008b800000)
 Metaspace       used 92374K, committed 94144K, reserved 1179648K
  class space    used 10082K, committed 10880K, reserved 1048576K
}
Event: 3324.856 GC heap after
{Heap after GC invocations=228 (full 8):
 PSYoungGen      total 13312K, used 0K [0x00000000d5580000, 0x00000000d6300000, 0x0000000100000000)
  eden space 12800K, 0% used [0x00000000d5580000,0x00000000d5580000,0x00000000d6200000)
  from space 512K, 0% used [0x00000000d6280000,0x00000000d6280000,0x00000000d6300000)
  to   space 512K, 0% used [0x00000000d6200000,0x00000000d6200000,0x00000000d6280000)
 ParOldGen       total 231424K, used 87717K [0x0000000080000000, 0x000000008e200000, 0x00000000d5580000)
  object space 231424K, 37% used [0x0000000080000000,0x00000000855a9670,0x000000008e200000)
 Metaspace       used 92369K, committed 94144K, reserved 1179648K
  class space    used 10080K, committed 10880K, reserved 1048576K
}
Event: 3331.028 GC heap before
{Heap before GC invocations=229 (full 8):
 PSYoungGen      total 13312K, used 3451K [0x00000000d5580000, 0x00000000d6300000, 0x0000000100000000)
  eden space 12800K, 26% used [0x00000000d5580000,0x00000000d58ded38,0x00000000d6200000)
  from space 512K, 0% used [0x00000000d6280000,0x00000000d6280000,0x00000000d6300000)
  to   space 512K, 0% used [0x00000000d6200000,0x00000000d6200000,0x00000000d6280000)
 ParOldGen       total 1058304K, used 914365K [0x0000000080000000, 0x00000000c0980000, 0x00000000d5580000)
  object space 1058304K, 86% used [0x0000000080000000,0x00000000b7cef5c0,0x00000000c0980000)
 Metaspace       used 92372K, committed 94144K, reserved 1179648K
  class space    used 10080K, committed 10880K, reserved 1048576K
}
Event: 3331.053 GC heap after
{Heap after GC invocations=229 (full 8):
 PSYoungGen      total 13312K, used 512K [0x00000000d5580000, 0x00000000d6600000, 0x0000000100000000)
  eden space 12800K, 0% used [0x00000000d5580000,0x00000000d5580000,0x00000000d6200000)
  from space 512K, 100% used [0x00000000d6200000,0x00000000d6280000,0x00000000d6280000)
  to   space 1536K, 0% used [0x00000000d6480000,0x00000000d6480000,0x00000000d6600000)
 ParOldGen       total 1058304K, used 914798K [0x0000000080000000, 0x00000000c0980000, 0x00000000d5580000)
  object space 1058304K, 86% used [0x0000000080000000,0x00000000b7d5ba80,0x00000000c0980000)
 Metaspace       used 92372K, committed 94144K, reserved 1179648K
  class space    used 10080K, committed 10880K, reserved 1048576K
}
Event: 3331.053 GC heap before
{Heap before GC invocations=230 (full 8):
 PSYoungGen      total 13312K, used 512K [0x00000000d5580000, 0x00000000d6600000, 0x0000000100000000)
  eden space 12800K, 0% used [0x00000000d5580000,0x00000000d5580000,0x00000000d6200000)
  from space 512K, 100% used [0x00000000d6200000,0x00000000d6280000,0x00000000d6280000)
  to   space 1536K, 0% used [0x00000000d6480000,0x00000000d6480000,0x00000000d6600000)
 ParOldGen       total 1058304K, used 914798K [0x0000000080000000, 0x00000000c0980000, 0x00000000d5580000)
  object space 1058304K, 86% used [0x0000000080000000,0x00000000b7d5ba80,0x00000000c0980000)
 Metaspace       used 92372K, committed 94144K, reserved 1179648K
  class space    used 10080K, committed 10880K, reserved 1048576K
}
Event: 3331.057 GC heap after
{Heap after GC invocations=230 (full 8):
 PSYoungGen      total 14848K, used 608K [0x00000000d5580000, 0x00000000d6580000, 0x0000000100000000)
  eden space 13824K, 0% used [0x00000000d5580000,0x00000000d5580000,0x00000000d6300000)
  from space 1024K, 59% used [0x00000000d6480000,0x00000000d6518000,0x00000000d6580000)
  to   space 1024K, 0% used [0x00000000d6380000,0x00000000d6380000,0x00000000d6480000)
 ParOldGen       total 1058304K, used 914798K [0x0000000080000000, 0x00000000c0980000, 0x00000000d5580000)
  object space 1058304K, 86% used [0x0000000080000000,0x00000000b7d5ba80,0x00000000c0980000)
 Metaspace       used 92372K, committed 94144K, reserved 1179648K
  class space    used 10080K, committed 10880K, reserved 1048576K
}
Event: 3331.058 GC heap before
{Heap before GC invocations=231 (full 9):
 PSYoungGen      total 14848K, used 608K [0x00000000d5580000, 0x00000000d6580000, 0x0000000100000000)
  eden space 13824K, 0% used [0x00000000d5580000,0x00000000d5580000,0x00000000d6300000)
  from space 1024K, 59% used [0x00000000d6480000,0x00000000d6518000,0x00000000d6580000)
  to   space 1024K, 0% used [0x00000000d6380000,0x00000000d6380000,0x00000000d6480000)
 ParOldGen       total 1058304K, used 914798K [0x0000000080000000, 0x00000000c0980000, 0x00000000d5580000)
  object space 1058304K, 86% used [0x0000000080000000,0x00000000b7d5ba80,0x00000000c0980000)
 Metaspace       used 92372K, committed 94144K, reserved 1179648K
  class space    used 10080K, committed 10880K, reserved 1048576K
}
Event: 3336.309 GC heap after
{Heap after GC invocations=231 (full 9):
 PSYoungGen      total 15360K, used 0K [0x00000000d5580000, 0x00000000d6680000, 0x0000000100000000)
  eden space 14336K, 0% used [0x00000000d5580000,0x00000000d5580000,0x00000000d6380000)
  from space 1024K, 0% used [0x00000000d6380000,0x00000000d6380000,0x00000000d6480000)
  to   space 1024K, 0% used [0x00000000d6580000,0x00000000d6580000,0x00000000d6680000)
 ParOldGen       total 1092608K, used 914171K [0x0000000080000000, 0x00000000c2b00000, 0x00000000d5580000)
  object space 1092608K, 83% used [0x0000000080000000,0x00000000b7cbefe8,0x00000000c2b00000)
 Metaspace       used 92372K, committed 94144K, reserved 1179648K
  class space    used 10080K, committed 10880K, reserved 1048576K
}
Event: 3338.329 GC heap before
{Heap before GC invocations=232 (full 9):
 PSYoungGen      total 15360K, used 0K [0x00000000d5580000, 0x00000000d6680000, 0x0000000100000000)
  eden space 14336K, 0% used [0x00000000d5580000,0x00000000d5580000,0x00000000d6380000)
  from space 1024K, 0% used [0x00000000d6380000,0x00000000d6380000,0x00000000d6480000)
  to   space 1024K, 0% used [0x00000000d6580000,0x00000000d6580000,0x00000000d6680000)
 ParOldGen       total 1092608K, used 914171K [0x0000000080000000, 0x00000000c2b00000, 0x00000000d5580000)
  object space 1092608K, 83% used [0x0000000080000000,0x00000000b7cbefe8,0x00000000c2b00000)
 Metaspace       used 92372K, committed 94144K, reserved 1179648K
  class space    used 10080K, committed 10880K, reserved 1048576K
}
Event: 3338.389 GC heap after
{Heap after GC invocations=232 (full 9):
 PSYoungGen      total 15872K, used 0K [0x00000000d5580000, 0x00000000d6600000, 0x0000000100000000)
  eden space 15360K, 0% used [0x00000000d5580000,0x00000000d5580000,0x00000000d6480000)
  from space 512K, 0% used [0x00000000d6580000,0x00000000d6580000,0x00000000d6600000)
  to   space 512K, 0% used [0x00000000d6500000,0x00000000d6500000,0x00000000d6580000)
 ParOldGen       total 1092608K, used 914171K [0x0000000080000000, 0x00000000c2b00000, 0x00000000d5580000)
  object space 1092608K, 83% used [0x0000000080000000,0x00000000b7cbefe8,0x00000000c2b00000)
 Metaspace       used 92372K, committed 94144K, reserved 1179648K
  class space    used 10080K, committed 10880K, reserved 1048576K
}
Event: 3338.389 GC heap before
{Heap before GC invocations=233 (full 10):
 PSYoungGen      total 15872K, used 0K [0x00000000d5580000, 0x00000000d6600000, 0x0000000100000000)
  eden space 15360K, 0% used [0x00000000d5580000,0x00000000d5580000,0x00000000d6480000)
  from space 512K, 0% used [0x00000000d6580000,0x00000000d6580000,0x00000000d6600000)
  to   space 512K, 0% used [0x00000000d6500000,0x00000000d6500000,0x00000000d6580000)
 ParOldGen       total 1092608K, used 914171K [0x0000000080000000, 0x00000000c2b00000, 0x00000000d5580000)
  object space 1092608K, 83% used [0x0000000080000000,0x00000000b7cbefe8,0x00000000c2b00000)
 Metaspace       used 92372K, committed 94144K, reserved 1179648K
  class space    used 10080K, committed 10880K, reserved 1048576K
}
Event: 3347.805 GC heap after
{Heap after GC invocations=233 (full 10):
 PSYoungGen      total 16384K, used 0K [0x00000000d5580000, 0x00000000d6680000, 0x0000000100000000)
  eden space 15872K, 0% used [0x00000000d5580000,0x00000000d5580000,0x00000000d6500000)
  from space 512K, 0% used [0x00000000d6500000,0x00000000d6500000,0x00000000d6580000)
  to   space 512K, 0% used [0x00000000d6600000,0x00000000d6600000,0x00000000d6680000)
 ParOldGen       total 1142784K, used 914145K [0x0000000080000000, 0x00000000c5c00000, 0x00000000d5580000)
  object space 1142784K, 79% used [0x0000000080000000,0x00000000b7cb8780,0x00000000c5c00000)
 Metaspace       used 92372K, committed 94144K, reserved 1179648K
  class space    used 10080K, committed 10880K, reserved 1048576K
}
Event: 3372.794 GC heap before
{Heap before GC invocations=234 (full 10):
 PSYoungGen      total 16384K, used 15872K [0x00000000d5580000, 0x00000000d6680000, 0x0000000100000000)
  eden space 15872K, 100% used [0x00000000d5580000,0x00000000d6500000,0x00000000d6500000)
  from space 512K, 0% used [0x00000000d6500000,0x00000000d6500000,0x00000000d6580000)
  to   space 512K, 0% used [0x00000000d6600000,0x00000000d6600000,0x00000000d6680000)
 ParOldGen       total 1398272K, used 914145K [0x0000000080000000, 0x00000000d5580000, 0x00000000d5580000)
  object space 1398272K, 65% used [0x0000000080000000,0x00000000b7cb8780,0x00000000d5580000)
 Metaspace       used 92506K, committed 94144K, reserved 1179648K
  class space    used 10104K, committed 10880K, reserved 1048576K
}
Event: 3372.925 GC heap after
{Heap after GC invocations=234 (full 10):
 PSYoungGen      total 9216K, used 490K [0x00000000d5580000, 0x00000000d7600000, 0x0000000100000000)
  eden space 8704K, 0% used [0x00000000d5580000,0x00000000d5580000,0x00000000d5e00000)
  from space 512K, 95% used [0x00000000d6600000,0x00000000d667abd0,0x00000000d6680000)
  to   space 8192K, 0% used [0x00000000d5e00000,0x00000000d5e00000,0x00000000d6600000)
 ParOldGen       total 1398272K, used 920620K [0x0000000080000000, 0x00000000d5580000, 0x00000000d5580000)
  object space 1398272K, 65% used [0x0000000080000000,0x00000000b830b130,0x00000000d5580000)
 Metaspace       used 92506K, committed 94144K, reserved 1179648K
  class space    used 10104K, committed 10880K, reserved 1048576K
}
Event: 3374.160 GC heap before
{Heap before GC invocations=235 (full 10):
 PSYoungGen      total 9216K, used 9194K [0x00000000d5580000, 0x00000000d7600000, 0x0000000100000000)
  eden space 8704K, 99% used [0x00000000d5580000,0x00000000d5dffff0,0x00000000d5e00000)
  from space 512K, 95% used [0x00000000d6600000,0x00000000d667abd0,0x00000000d6680000)
  to   space 8192K, 0% used [0x00000000d5e00000,0x00000000d5e00000,0x00000000d6600000)
 ParOldGen       total 1398272K, used 920620K [0x0000000080000000, 0x00000000d5580000, 0x00000000d5580000)
  object space 1398272K, 65% used [0x0000000080000000,0x00000000b830b130,0x00000000d5580000)
 Metaspace       used 92509K, committed 94144K, reserved 1179648K
  class space    used 10104K, committed 10880K, reserved 1048576K
}
Event: 3374.165 GC heap after
{Heap after GC invocations=235 (full 10):
 PSYoungGen      total 11264K, used 2296K [0x00000000d5580000, 0x00000000d6680000, 0x0000000100000000)
  eden space 8704K, 0% used [0x00000000d5580000,0x00000000d5580000,0x00000000d5e00000)
  from space 2560K, 89% used [0x00000000d5e00000,0x00000000d603e218,0x00000000d6080000)
  to   space 4096K, 0% used [0x00000000d6280000,0x00000000d6280000,0x00000000d6680000)
 ParOldGen       total 1398272K, used 920620K [0x0000000080000000, 0x00000000d5580000, 0x00000000d5580000)
  object space 1398272K, 65% used [0x0000000080000000,0x00000000b830b130,0x00000000d5580000)
 Metaspace       used 92509K, committed 94144K, reserved 1179648K
  class space    used 10104K, committed 10880K, reserved 1048576K
}
Event: 3374.600 GC heap before
{Heap before GC invocations=236 (full 10):
 PSYoungGen      total 11264K, used 11000K [0x00000000d5580000, 0x00000000d6680000, 0x0000000100000000)
  eden space 8704K, 100% used [0x00000000d5580000,0x00000000d5e00000,0x00000000d5e00000)
  from space 2560K, 89% used [0x00000000d5e00000,0x00000000d603e218,0x00000000d6080000)
  to   space 4096K, 0% used [0x00000000d6280000,0x00000000d6280000,0x00000000d6680000)
 ParOldGen       total 1398272K, used 920620K [0x0000000080000000, 0x00000000d5580000, 0x00000000d5580000)
  object space 1398272K, 65% used [0x0000000080000000,0x00000000b830b130,0x00000000d5580000)
 Metaspace       used 92518K, committed 94144K, reserved 1179648K
  class space    used 10105K, committed 10880K, reserved 1048576K
}
Event: 3374.622 GC heap after
{Heap after GC invocations=236 (full 10):
 PSYoungGen      total 10752K, used 1242K [0x00000000d5580000, 0x00000000d6400000, 0x0000000100000000)
  eden space 9216K, 0% used [0x00000000d5580000,0x00000000d5580000,0x00000000d5e80000)
  from space 1536K, 80% used [0x00000000d6280000,0x00000000d63b6900,0x00000000d6400000)
  to   space 2048K, 0% used [0x00000000d6000000,0x00000000d6000000,0x00000000d6200000)
 ParOldGen       total 1398272K, used 920620K [0x0000000080000000, 0x00000000d5580000, 0x00000000d5580000)
  object space 1398272K, 65% used [0x0000000080000000,0x00000000b830b130,0x00000000d5580000)
 Metaspace       used 92518K, committed 94144K, reserved 1179648K
  class space    used 10105K, committed 10880K, reserved 1048576K
}

Dll operation events (20 events):
Event: 0.290 Attempting to load shared library C:\Users\YUSHAN\.vscode\extensions\redhat.java-1.56.0-win32-x64\jre\21.0.12.1-win32-x86_64\bin\zip.dll
Event: 0.290 Loaded shared library C:\Users\YUSHAN\.vscode\extensions\redhat.java-1.56.0-win32-x64\jre\21.0.12.1-win32-x86_64\bin\zip.dll
Event: 0.325 Attempting to load shared library C:\Users\YUSHAN\.vscode\extensions\redhat.java-1.56.0-win32-x64\jre\21.0.12.1-win32-x86_64\bin\jimage.dll
Event: 0.325 Loaded shared library C:\Users\YUSHAN\.vscode\extensions\redhat.java-1.56.0-win32-x64\jre\21.0.12.1-win32-x86_64\bin\jimage.dll
Event: 0.482 Attempting to load shared library c:\Users\YUSHAN\.vscode\extensions\redhat.java-1.56.0-win32-x64\jre\21.0.12.1-win32-x86_64\bin\verify.dll
Event: 0.484 Loaded shared library c:\Users\YUSHAN\.vscode\extensions\redhat.java-1.56.0-win32-x64\jre\21.0.12.1-win32-x86_64\bin\verify.dll
Event: 3.287 Attempting to load shared library C:\Users\YUSHAN\AppData\Roaming\Code\User\globalStorage\redhat.java\1.56.0\config_win\org.eclipse.equinox.launcher\org.eclipse.equinox.launcher.win32.win32.x86_64_1.3.100.v20260804-1928\eclipse_11924.dll
Event: 3.293 Loaded shared library C:\Users\YUSHAN\AppData\Roaming\Code\User\globalStorage\redhat.java\1.56.0\config_win\org.eclipse.equinox.launcher\org.eclipse.equinox.launcher.win32.win32.x86_64_1.3.100.v20260804-1928\eclipse_11924.dll
Event: 6.093 Attempting to load shared library C:\Users\YUSHAN\AppData\Local\Temp\jna--1665929634\jna16738222589405317512.dll
Event: 6.278 Loaded shared library C:\Users\YUSHAN\AppData\Local\Temp\jna--1665929634\jna16738222589405317512.dll
Event: 25.987 Attempting to load shared library C:\Users\YUSHAN\.gradle\native\660c5614fbf4a5f2a75b1949f50a0caf5cd603558e7d8a26e50b933a0cfb79d1\windows-amd64\native-platform.dll
Event: 25.989 Loaded shared library C:\Users\YUSHAN\.gradle\native\660c5614fbf4a5f2a75b1949f50a0caf5cd603558e7d8a26e50b933a0cfb79d1\windows-amd64\native-platform.dll
Event: 27.163 Attempting to load shared library C:\Users\YUSHAN\.vscode\extensions\redhat.java-1.56.0-win32-x64\jre\21.0.12.1-win32-x86_64\bin\management.dll
Event: 27.164 Loaded shared library C:\Users\YUSHAN\.vscode\extensions\redhat.java-1.56.0-win32-x64\jre\21.0.12.1-win32-x86_64\bin\management.dll
Event: 27.205 Attempting to load shared library C:\Users\YUSHAN\.vscode\extensions\redhat.java-1.56.0-win32-x64\jre\21.0.12.1-win32-x86_64\bin\management_ext.dll
Event: 27.207 Loaded shared library C:\Users\YUSHAN\.vscode\extensions\redhat.java-1.56.0-win32-x64\jre\21.0.12.1-win32-x86_64\bin\management_ext.dll
Event: 28.142 Attempting to load shared library C:\Users\YUSHAN\.vscode\extensions\redhat.java-1.56.0-win32-x64\jre\21.0.12.1-win32-x86_64\bin\sunmscapi.dll
Event: 29.257 Loaded shared library C:\Users\YUSHAN\.vscode\extensions\redhat.java-1.56.0-win32-x64\jre\21.0.12.1-win32-x86_64\bin\sunmscapi.dll
Event: 30.599 Attempting to load shared library C:\Users\YUSHAN\.vscode\extensions\redhat.java-1.56.0-win32-x64\jre\21.0.12.1-win32-x86_64\bin\extnet.dll
Event: 30.605 Loaded shared library C:\Users\YUSHAN\.vscode\extensions\redhat.java-1.56.0-win32-x64\jre\21.0.12.1-win32-x86_64\bin\extnet.dll

Deoptimization events (20 events):
Event: 3480.837 Thread 0x00000291e044fdf0 Uncommon trap: trap_request=0xffffffc6 fr.pc=0x0000029187bdb83c relative=0x0000000000000afc
Event: 3480.837 Thread 0x00000291e044fdf0 Uncommon trap: reason=bimorphic_or_optimized_type_check action=maybe_recompile pc=0x0000029187bdb83c method=java.io.DataOutputStream.write([BII)V @ 7 c2
Event: 3480.837 Thread 0x00000291e044fdf0 DEOPT PACKING pc=0x0000029187bdb83c sp=0x000000b4a3dfea80
Event: 3480.837 Thread 0x00000291e044fdf0 DEOPT UNPACKING pc=0x0000029187583aa2 sp=0x000000b4a3dfea48 mode 2
Event: 3480.840 Thread 0x00000291e044fdf0 Uncommon trap: trap_request=0xffffffc6 fr.pc=0x0000029187c8a59c relative=0x00000000000008fc
Event: 3480.840 Thread 0x00000291e044fdf0 Uncommon trap: reason=bimorphic_or_optimized_type_check action=maybe_recompile pc=0x0000029187c8a59c method=java.io.DataOutputStream.writeInt(I)V @ 19 c2
Event: 3480.840 Thread 0x00000291e044fdf0 DEOPT PACKING pc=0x0000029187c8a59c sp=0x000000b4a3dfe530
Event: 3480.840 Thread 0x00000291e044fdf0 DEOPT UNPACKING pc=0x0000029187583aa2 sp=0x000000b4a3dfe508 mode 2
Event: 3480.840 Thread 0x00000291e044fdf0 Uncommon trap: trap_request=0xffffffc6 fr.pc=0x0000029187c8a59c relative=0x00000000000008fc
Event: 3480.840 Thread 0x00000291e044fdf0 Uncommon trap: reason=bimorphic_or_optimized_type_check action=maybe_recompile pc=0x0000029187c8a59c method=java.io.DataOutputStream.writeInt(I)V @ 19 c2
Event: 3480.840 Thread 0x00000291e044fdf0 DEOPT PACKING pc=0x0000029187c8a59c sp=0x000000b4a3dfe4d0
Event: 3480.840 Thread 0x00000291e044fdf0 DEOPT UNPACKING pc=0x0000029187583aa2 sp=0x000000b4a3dfe4a8 mode 2
Event: 3482.265 Thread 0x00000291e044fdf0 Uncommon trap: trap_request=0xffffffde fr.pc=0x0000029187bf7db0 relative=0x0000000000000a30
Event: 3482.265 Thread 0x00000291e044fdf0 Uncommon trap: reason=class_check action=maybe_recompile pc=0x0000029187bf7db0 method=org.eclipse.core.internal.dtree.DeltaDataTree.getData(Lorg/eclipse/core/runtime/IPath;)Ljava/lang/Object; @ 49 c2
Event: 3482.265 Thread 0x00000291e044fdf0 DEOPT PACKING pc=0x0000029187bf7db0 sp=0x000000b4a3dfe1a0
Event: 3482.265 Thread 0x00000291e044fdf0 DEOPT UNPACKING pc=0x0000029187583aa2 sp=0x000000b4a3dfe150 mode 2
Event: 3482.265 Thread 0x00000291e044fdf0 Uncommon trap: trap_request=0xffffffde fr.pc=0x0000029187bf7db0 relative=0x0000000000000a30
Event: 3482.265 Thread 0x00000291e044fdf0 Uncommon trap: reason=class_check action=maybe_recompile pc=0x0000029187bf7db0 method=org.eclipse.core.internal.dtree.DeltaDataTree.getData(Lorg/eclipse/core/runtime/IPath;)Ljava/lang/Object; @ 49 c2
Event: 3482.265 Thread 0x00000291e044fdf0 DEOPT PACKING pc=0x0000029187bf7db0 sp=0x000000b4a3dfe2c0
Event: 3482.265 Thread 0x00000291e044fdf0 DEOPT UNPACKING pc=0x0000029187583aa2 sp=0x000000b4a3dfe270 mode 2

Classes loaded (20 events):
Event: 3290.468 Loading class java/util/TreeMap$NavigableSubMap$SubMapIterator done
Event: 3290.468 Loading class java/util/TreeMap$NavigableSubMap$SubMapKeyIterator done
Event: 3474.805 Loading class java/util/stream/Nodes$CollectorTask$OfRef
Event: 3474.947 Loading class java/util/stream/Nodes$CollectorTask
Event: 3475.275 Loading class java/util/stream/Nodes$CollectorTask done
Event: 3475.275 Loading class java/util/stream/Nodes$CollectorTask$OfRef done
Event: 3475.397 Loading class java/util/stream/Nodes$ConcNode
Event: 3475.455 Loading class java/util/stream/Nodes$AbstractConcNode
Event: 3475.553 Loading class java/util/stream/Nodes$AbstractConcNode done
Event: 3475.553 Loading class java/util/stream/Nodes$ConcNode done
Event: 3479.247 Loading class java/util/stream/Nodes$ToArrayTask$OfRef
Event: 3479.268 Loading class java/util/stream/Nodes$ToArrayTask
Event: 3479.328 Loading class java/util/stream/Nodes$ToArrayTask done
Event: 3479.328 Loading class java/util/stream/Nodes$ToArrayTask$OfRef done
Event: 3479.588 Loading class java/io/ObjectOutputStream$BlockDataOutputStream
Event: 3479.614 Loading class java/io/ObjectOutputStream$BlockDataOutputStream done
Event: 3479.615 Loading class java/io/ObjectOutputStream$HandleTable
Event: 3479.625 Loading class java/io/ObjectOutputStream$HandleTable done
Event: 3479.628 Loading class java/io/ObjectOutputStream$ReplaceTable
Event: 3479.634 Loading class java/io/ObjectOutputStream$ReplaceTable done

Classes unloaded (20 events):
Event: 3276.201 Thread 0x00000291f2ef3130 Unloading class 0x0000029190179800 'java/lang/invoke/LambdaForm$MH+0x0000029190179800'
Event: 3276.202 Thread 0x00000291f2ef3130 Unloading class 0x0000029190118400 'java/lang/invoke/LambdaForm$MH+0x0000029190118400'
Event: 3276.203 Thread 0x00000291f2ef3130 Unloading class 0x0000029190082400 'java/lang/invoke/LambdaForm$MH+0x0000029190082400'
Event: 3276.203 Thread 0x00000291f2ef3130 Unloading class 0x0000029190081c00 'java/lang/invoke/LambdaForm$MH+0x0000029190081c00'
Event: 3276.203 Thread 0x00000291f2ef3130 Unloading class 0x0000029190081800 'java/lang/invoke/LambdaForm$MH+0x0000029190081800'
Event: 3276.203 Thread 0x00000291f2ef3130 Unloading class 0x0000029190081400 'java/lang/invoke/LambdaForm$MH+0x0000029190081400'
Event: 3276.203 Thread 0x00000291f2ef3130 Unloading class 0x0000029190081000 'java/lang/invoke/LambdaForm$MH+0x0000029190081000'
Event: 3276.203 Thread 0x00000291f2ef3130 Unloading class 0x0000029190080800 'java/lang/invoke/LambdaForm$MH+0x0000029190080800'
Event: 3276.204 Thread 0x00000291f2ef3130 Unloading class 0x0000029190080400 'java/lang/invoke/LambdaForm$MH+0x0000029190080400'
Event: 3276.204 Thread 0x00000291f2ef3130 Unloading class 0x0000029190080000 'java/lang/invoke/LambdaForm$MH+0x0000029190080000'
Event: 3276.205 Thread 0x00000291f2ef3130 Unloading class 0x000002919001f800 'java/lang/invoke/LambdaForm$MH+0x000002919001f800'
Event: 3276.205 Thread 0x00000291f2ef3130 Unloading class 0x000002919001e800 'java/lang/invoke/LambdaForm$MH+0x000002919001e800'
Event: 3276.205 Thread 0x00000291f2ef3130 Unloading class 0x000002919001e400 'java/lang/invoke/LambdaForm$MH+0x000002919001e400'
Event: 3276.205 Thread 0x00000291f2ef3130 Unloading class 0x000002919001dc00 'java/lang/invoke/LambdaForm$MH+0x000002919001dc00'
Event: 3276.205 Thread 0x00000291f2ef3130 Unloading class 0x000002919001d400 'java/lang/invoke/LambdaForm$MH+0x000002919001d400'
Event: 3276.206 Thread 0x00000291f2ef3130 Unloading class 0x0000029190014800 'java/lang/invoke/LambdaForm$MH+0x0000029190014800'
Event: 3276.206 Thread 0x00000291f2ef3130 Unloading class 0x0000029190000400 'java/lang/invoke/LambdaForm$MH+0x0000029190000400'
Event: 3299.678 Thread 0x00000291f2ef3130 Unloading class 0x00000291902b9000 'java/lang/invoke/LambdaForm$MH+0x00000291902b9000'
Event: 3299.678 Thread 0x00000291f2ef3130 Unloading class 0x00000291901b0400 'java/lang/invoke/LambdaForm$BMH+0x00000291901b0400'
Event: 3299.678 Thread 0x00000291f2ef3130 Unloading class 0x0000029190262c00 'java/lang/invoke/LambdaForm$MH+0x0000029190262c00'

Classes redefined (0 events):
No events

Internal exceptions (20 events):
Event: 3373.859 Thread 0x00000291e044fdf0 Exception <a 'java/lang/NullPointerException'{0x00000000d5a28690}> (0x00000000d5a28690) 
thrown [s\src\hotspot\share\runtime\sharedRuntime.cpp, line 625]
Event: 3374.224 Thread 0x00000291e044fdf0 Implicit null exception at 0x00000291822a191b to 0x00000291822a1ed5
Event: 3374.224 Thread 0x00000291e044fdf0 Exception <a 'java/lang/NullPointerException'{0x00000000d5776390}> (0x00000000d5776390) 
thrown [s\src\hotspot\share\runtime\sharedRuntime.cpp, line 625]
Event: 3374.240 Thread 0x00000291e044fdf0 Implicit null exception at 0x00000291822a191b to 0x00000291822a1ed5
Event: 3374.240 Thread 0x00000291e044fdf0 Exception <a 'java/lang/NullPointerException'{0x00000000d58a3d88}> (0x00000000d58a3d88) 
thrown [s\src\hotspot\share\runtime\sharedRuntime.cpp, line 625]
Event: 3374.240 Thread 0x00000291e044fdf0 Implicit null exception at 0x00000291822a191b to 0x00000291822a1ed5
Event: 3374.240 Thread 0x00000291e044fdf0 Exception <a 'java/lang/NullPointerException'{0x00000000d58a4290}> (0x00000000d58a4290) 
thrown [s\src\hotspot\share\runtime\sharedRuntime.cpp, line 625]
Event: 3374.402 Thread 0x00000291fcb8b4e0 Exception <a 'java/io/FileNotFoundException'{0x00000000d5b32720}> (0x00000000d5b32720) 
thrown [s\src\hotspot\share\prims\jni.cpp, line 520]
Event: 3478.780 Thread 0x00000291e044fdf0 Exception <a 'sun/nio/fs/WindowsException'{0x00000000d5b49430}> (0x00000000d5b49430) 
thrown [s\src\hotspot\share\prims\jni.cpp, line 520]
Event: 3478.788 Thread 0x00000291e044fdf0 Exception <a 'sun/nio/fs/WindowsException'{0x00000000d5b49e18}> (0x00000000d5b49e18) 
thrown [s\src\hotspot\share\prims\jni.cpp, line 520]
Event: 3478.891 Thread 0x00000291e044fdf0 Exception <a 'sun/nio/fs/WindowsException'{0x00000000d5b5a680}> (0x00000000d5b5a680) 
thrown [s\src\hotspot\share\prims\jni.cpp, line 520]
Event: 3478.896 Thread 0x00000291e044fdf0 Exception <a 'sun/nio/fs/WindowsException'{0x00000000d5b5b048}> (0x00000000d5b5b048) 
thrown [s\src\hotspot\share\prims\jni.cpp, line 520]
Event: 3478.908 Thread 0x00000291e044fdf0 Exception <a 'sun/nio/fs/WindowsException'{0x00000000d5b5dd90}> (0x00000000d5b5dd90) 
thrown [s\src\hotspot\share\prims\jni.cpp, line 520]
Event: 3478.908 Thread 0x00000291e044fdf0 Exception <a 'sun/nio/fs/WindowsException'{0x00000000d5b5e758}> (0x00000000d5b5e758) 
thrown [s\src\hotspot\share\prims\jni.cpp, line 520]
Event: 3478.913 Thread 0x00000291e044fdf0 Exception <a 'sun/nio/fs/WindowsException'{0x00000000d5b60000}> (0x00000000d5b60000) 
thrown [s\src\hotspot\share\prims\jni.cpp, line 520]
Event: 3478.913 Thread 0x00000291e044fdf0 Exception <a 'sun/nio/fs/WindowsException'{0x00000000d5b609c8}> (0x00000000d5b609c8) 
thrown [s\src\hotspot\share\prims\jni.cpp, line 520]
Event: 3478.946 Thread 0x00000291e044fdf0 Exception <a 'sun/nio/fs/WindowsException'{0x00000000d5b66660}> (0x00000000d5b66660) 
thrown [s\src\hotspot\share\prims\jni.cpp, line 520]
Event: 3478.947 Thread 0x00000291e044fdf0 Exception <a 'sun/nio/fs/WindowsException'{0x00000000d5b67028}> (0x00000000d5b67028) 
thrown [s\src\hotspot\share\prims\jni.cpp, line 520]
Event: 3478.968 Thread 0x00000291e044fdf0 Exception <a 'sun/nio/fs/WindowsException'{0x00000000d5b688d0}> (0x00000000d5b688d0) 
thrown [s\src\hotspot\share\prims\jni.cpp, line 520]
Event: 3478.969 Thread 0x00000291e044fdf0 Exception <a 'sun/nio/fs/WindowsException'{0x00000000d5b69298}> (0x00000000d5b69298) 
thrown [s\src\hotspot\share\prims\jni.cpp, line 520]

ZGC Phase Switch (0 events):
No events

VM Operations (20 events):
Event: 3470.578 Executing safepoint VM operation: Cleanup
Event: 3470.589 Executing safepoint VM operation: Cleanup done
Event: 3471.589 Executing safepoint VM operation: Cleanup
Event: 3471.702 Executing safepoint VM operation: Cleanup done
Event: 3472.717 Executing safepoint VM operation: Cleanup
Event: 3472.736 Executing safepoint VM operation: Cleanup done
Event: 3475.738 Executing safepoint VM operation: Cleanup
Event: 3475.739 Executing safepoint VM operation: Cleanup done
Event: 3478.756 Executing safepoint VM operation: Cleanup
Event: 3478.762 Executing safepoint VM operation: Cleanup done
Event: 3479.762 Executing safepoint VM operation: Cleanup
Event: 3479.765 Executing safepoint VM operation: Cleanup done
Event: 3480.766 Executing safepoint VM operation: Cleanup
Event: 3480.767 Executing safepoint VM operation: Cleanup done
Event: 3481.768 Executing safepoint VM operation: Cleanup
Event: 3481.834 Executing safepoint VM operation: Cleanup done
Event: 3482.212 Executing non-safepoint VM operation: HandshakeAllThreads (Deoptimize)
Event: 3482.265 Executing non-safepoint VM operation: HandshakeAllThreads (Deoptimize) done
Event: 3483.265 Executing safepoint VM operation: Cleanup
Event: 3483.266 Executing safepoint VM operation: Cleanup done

Memory protections (0 events):
No events

Nmethod flushes (20 events):
Event: 3344.479 Thread 0x00000291f2ef3130 flushing  nmethod 0x00000291824fb890
Event: 3344.479 Thread 0x00000291f2ef3130 flushing  nmethod 0x000002918250b710
Event: 3344.479 Thread 0x00000291f2ef3130 flushing  nmethod 0x000002918251ad10
Event: 3344.479 Thread 0x00000291f2ef3130 flushing  nmethod 0x000002918251b210
Event: 3344.479 Thread 0x00000291f2ef3130 flushing  nmethod 0x000002918252da90
Event: 3344.479 Thread 0x00000291f2ef3130 flushing  nmethod 0x000002918252df90
Event: 3344.479 Thread 0x00000291f2ef3130 flushing  nmethod 0x000002918252ef10
Event: 3344.479 Thread 0x00000291f2ef3130 flushing  nmethod 0x000002918253ae90
Event: 3344.479 Thread 0x00000291f2ef3130 flushing  nmethod 0x0000029182557e10
Event: 3344.479 Thread 0x00000291f2ef3130 flushing  nmethod 0x0000029182559090
Event: 3344.480 Thread 0x00000291f2ef3130 flushing  nmethod 0x0000029182559e90
Event: 3344.480 Thread 0x00000291f2ef3130 flushing  nmethod 0x000002918256bc90
Event: 3344.480 Thread 0x00000291f2ef3130 flushing  nmethod 0x000002918256ca10
Event: 3344.481 Thread 0x00000291f2ef3130 flushing  nmethod 0x000002918256f890
Event: 3344.481 Thread 0x00000291f2ef3130 flushing  nmethod 0x0000029182570710
Event: 3344.482 Thread 0x00000291f2ef3130 flushing  nmethod 0x0000029182574010
Event: 3344.482 Thread 0x00000291f2ef3130 flushing  nmethod 0x0000029182584f90
Event: 3344.482 Thread 0x00000291f2ef3130 flushing  nmethod 0x0000029182587710
Event: 3344.482 Thread 0x00000291f2ef3130 flushing  nmethod 0x0000029182587b10
Event: 3344.482 Thread 0x00000291f2ef3130 flushing  nmethod 0x0000029182587e90

Events (20 events):
Event: 3240.610 Thread 0x00000291d4a0b4c0 Thread added: 0x00000291fcb903a0
Event: 3248.376 Thread 0x00000291d4a0b4c0 Thread added: 0x00000291d4a0f660
Event: 3249.783 Thread 0x00000291fcb89410 Thread added: 0x00000291e044fdf0
Event: 3324.931 Thread 0x00000291fcb903a0 Thread exited: 0x00000291fcb903a0
Event: 3324.931 Thread 0x00000291d4a0e2b0 Thread exited: 0x00000291d4a0e2b0
Event: 3371.408 Thread 0x00000291d4a08040 Thread added: 0x00000291e044f0d0
Event: 3374.086 Thread 0x00000291d4a0b4c0 Thread exited: 0x00000291d4a0b4c0
Event: 3435.979 Thread 0x00000291d4a0d590 Thread exited: 0x00000291d4a0d590
Event: 3474.343 Thread 0x00000291e044fdf0 Thread added: 0x00000291e0450480
Event: 3475.652 Thread 0x00000291e0450480 Thread exited: 0x00000291e0450480
Event: 3479.112 Thread 0x00000291e044fdf0 Thread added: 0x00000291e044f760
Event: 3479.235 Thread 0x00000291e044f760 Thread added: 0x00000291e0450480
Event: 3479.246 Thread 0x00000291e044f760 Thread added: 0x00000291e0451830
Event: 3479.333 Thread 0x00000291e044f760 Thread added: 0x00000291e044e3b0
Event: 3479.345 Thread 0x00000291e044f760 Thread added: 0x00000291e0451ec0
Event: 3479.363 Thread 0x00000291e044f760 Thread exited: 0x00000291e044f760
Event: 3479.365 Thread 0x00000291e0451ec0 Thread exited: 0x00000291e0451ec0
Event: 3479.365 Thread 0x00000291e0451830 Thread exited: 0x00000291e0451830
Event: 3479.365 Thread 0x00000291e044e3b0 Thread exited: 0x00000291e044e3b0
Event: 3479.365 Thread 0x00000291e0450480 Thread exited: 0x00000291e0450480


Dynamic libraries:
0x00007ff6a2e00000 - 0x00007ff6a2e0e000 	c:\Users\YUSHAN\.vscode\extensions\redhat.java-1.56.0-win32-x64\jre\21.0.12.1-win32-x86_64\bin\java.exe
0x00007ffb0d380000 - 0x00007ffb0d5e6000 	C:\WINDOWS\SYSTEM32\ntdll.dll
0x00007ffb0c3f0000 - 0x00007ffb0c4b9000 	C:\WINDOWS\System32\KERNEL32.DLL
0x00007ffb0a630000 - 0x00007ffb0aa2e000 	C:\WINDOWS\System32\KERNELBASE.dll
0x00007ffb069b0000 - 0x00007ffb06a50000 	C:\WINDOWS\SYSTEM32\apphelp.dll
0x00007ffb0ad10000 - 0x00007ffb0ae5c000 	C:\WINDOWS\System32\ucrtbase.dll
0x00007ffaeda60000 - 0x00007ffaeda78000 	c:\Users\YUSHAN\.vscode\extensions\redhat.java-1.56.0-win32-x64\jre\21.0.12.1-win32-x86_64\bin\jli.dll
0x00007ffaeda80000 - 0x00007ffaeda9e000 	c:\Users\YUSHAN\.vscode\extensions\redhat.java-1.56.0-win32-x64\jre\21.0.12.1-win32-x86_64\bin\VCRUNTIME140.dll
0x00007ffb0ceb0000 - 0x00007ffb0d077000 	C:\WINDOWS\System32\USER32.dll
0x00007ffb0ac30000 - 0x00007ffb0ac57000 	C:\WINDOWS\System32\win32u.dll
0x00007ffb0ba30000 - 0x00007ffb0ba5b000 	C:\WINDOWS\System32\GDI32.dll
0x00007ffb0ab00000 - 0x00007ffb0ac2a000 	C:\WINDOWS\System32\gdi32full.dll
0x00007ffb0ac60000 - 0x00007ffb0ad03000 	C:\WINDOWS\System32\msvcp_win.dll
0x00007ffaebfa0000 - 0x00007ffaec232000 	C:\WINDOWS\WinSxS\amd64_microsoft.windows.common-controls_6595b64144ccf1df_6.0.26100.8875_none_3e0d5d42e32fe9dd\COMCTL32.dll
0x00007ffb0c0a0000 - 0x00007ffb0c149000 	C:\WINDOWS\System32\msvcrt.dll
0x00007ffb0c4f0000 - 0x00007ffb0c522000 	C:\WINDOWS\System32\IMM32.DLL
0x00007ffb03560000 - 0x00007ffb0356c000 	c:\Users\YUSHAN\.vscode\extensions\redhat.java-1.56.0-win32-x64\jre\21.0.12.1-win32-x86_64\bin\vcruntime140_1.dll
0x00007ffaa04b0000 - 0x00007ffaa053d000 	c:\Users\YUSHAN\.vscode\extensions\redhat.java-1.56.0-win32-x64\jre\21.0.12.1-win32-x86_64\bin\msvcp140.dll
0x00007ffa78840000 - 0x00007ffa795e2000 	c:\Users\YUSHAN\.vscode\extensions\redhat.java-1.56.0-win32-x64\jre\21.0.12.1-win32-x86_64\bin\server\jvm.dll
0x00007ffb0b900000 - 0x00007ffb0b9b7000 	C:\WINDOWS\System32\ADVAPI32.dll
0x00007ffb0c8c0000 - 0x00007ffb0c96a000 	C:\WINDOWS\System32\sechost.dll
0x00007ffb0c150000 - 0x00007ffb0c268000 	C:\WINDOWS\System32\RPCRT4.dll
0x00007ffb0bf50000 - 0x00007ffb0bfd0000 	C:\WINDOWS\System32\WS2_32.dll
0x00007ffb0a400000 - 0x00007ffb0a45e000 	C:\WINDOWS\SYSTEM32\POWRPROF.dll
0x00007ffb02f80000 - 0x00007ffb02f8b000 	C:\WINDOWS\SYSTEM32\VERSION.dll
0x00007ffaf2f20000 - 0x00007ffaf2f56000 	C:\WINDOWS\SYSTEM32\WINMM.dll
0x00007ffb0a3e0000 - 0x00007ffb0a3f4000 	C:\WINDOWS\SYSTEM32\UMPDC.dll
0x00007ffb09280000 - 0x00007ffb0929b000 	C:\WINDOWS\SYSTEM32\kernel.appcore.dll
0x00007ffb02d50000 - 0x00007ffb02d5a000 	c:\Users\YUSHAN\.vscode\extensions\redhat.java-1.56.0-win32-x64\jre\21.0.12.1-win32-x86_64\bin\jimage.dll
0x00007ffb07d40000 - 0x00007ffb07f82000 	C:\WINDOWS\SYSTEM32\DBGHELP.DLL
0x00007ffb0c530000 - 0x00007ffb0c8b3000 	C:\WINDOWS\System32\combase.dll
0x00007ffb0c310000 - 0x00007ffb0c3e9000 	C:\WINDOWS\System32\OLEAUT32.dll
0x00007ffaf1b50000 - 0x00007ffaf1b8b000 	C:\WINDOWS\SYSTEM32\dbgcore.DLL
0x00007ffb0ae70000 - 0x00007ffb0af1c000 	C:\WINDOWS\System32\bcryptPrimitives.dll
0x00007ffb02d20000 - 0x00007ffb02d2f000 	c:\Users\YUSHAN\.vscode\extensions\redhat.java-1.56.0-win32-x64\jre\21.0.12.1-win32-x86_64\bin\instrument.dll
0x00007ffaed9c0000 - 0x00007ffaed9e0000 	c:\Users\YUSHAN\.vscode\extensions\redhat.java-1.56.0-win32-x64\jre\21.0.12.1-win32-x86_64\bin\java.dll
0x00007ffb0b140000 - 0x00007ffb0b8d2000 	C:\WINDOWS\System32\SHELL32.dll
0x00007ffb08080000 - 0x00007ffb08912000 	C:\WINDOWS\SYSTEM32\windows.storage.dll
0x00007ffb0d240000 - 0x00007ffb0d337000 	C:\WINDOWS\System32\SHCORE.dll
0x00007ffb0b9c0000 - 0x00007ffb0ba27000 	C:\WINDOWS\System32\shlwapi.dll
0x00007ffb0a4c0000 - 0x00007ffb0a4e9000 	C:\WINDOWS\SYSTEM32\profapi.dll
0x00007ffae99e0000 - 0x00007ffae99f8000 	c:\Users\YUSHAN\.vscode\extensions\redhat.java-1.56.0-win32-x64\jre\21.0.12.1-win32-x86_64\bin\zip.dll
0x00007ffaf0320000 - 0x00007ffaf0330000 	C:\Users\YUSHAN\.vscode\extensions\redhat.java-1.56.0-win32-x64\jre\21.0.12.1-win32-x86_64\bin\net.dll
0x00007ffb00840000 - 0x00007ffb00967000 	C:\WINDOWS\SYSTEM32\WINHTTP.dll
0x00007ffb09830000 - 0x00007ffb0989c000 	C:\WINDOWS\system32\mswsock.dll
0x00007ffae86a0000 - 0x00007ffae86b6000 	C:\Users\YUSHAN\.vscode\extensions\redhat.java-1.56.0-win32-x64\jre\21.0.12.1-win32-x86_64\bin\nio.dll
0x00007ffae7340000 - 0x00007ffae7350000 	c:\Users\YUSHAN\.vscode\extensions\redhat.java-1.56.0-win32-x64\jre\21.0.12.1-win32-x86_64\bin\verify.dll
0x00007ffacb180000 - 0x00007ffacb1c5000 	C:\Users\YUSHAN\AppData\Roaming\Code\User\globalStorage\redhat.java\1.56.0\config_win\org.eclipse.equinox.launcher\org.eclipse.equinox.launcher.win32.win32.x86_64_1.3.100.v20260804-1928\eclipse_11924.dll
0x00007ffb0c970000 - 0x00007ffb0cb09000 	C:\WINDOWS\System32\ole32.dll
0x00007ffb09b30000 - 0x00007ffb09b4b000 	C:\WINDOWS\SYSTEM32\CRYPTSP.dll
0x00007ffb091e0000 - 0x00007ffb09219000 	C:\WINDOWS\system32\rsaenh.dll
0x00007ffb098f0000 - 0x00007ffb09922000 	C:\WINDOWS\SYSTEM32\USERENV.dll
0x00007ffb0a490000 - 0x00007ffb0a4ba000 	C:\WINDOWS\SYSTEM32\bcrypt.dll
0x00007ffb09b50000 - 0x00007ffb09b5c000 	C:\WINDOWS\SYSTEM32\CRYPTBASE.dll
0x00007ffb08c50000 - 0x00007ffb08c83000 	C:\WINDOWS\SYSTEM32\IPHLPAPI.DLL
0x00007ffb0cda0000 - 0x00007ffb0cdaa000 	C:\WINDOWS\System32\NSI.dll
0x00007ffaa85c0000 - 0x00007ffaa8609000 	C:\Users\YUSHAN\AppData\Local\Temp\jna--1665929634\jna16738222589405317512.dll
0x00007ffb0cb10000 - 0x00007ffb0cb18000 	C:\WINDOWS\System32\PSAPI.DLL
0x00007ffb019a0000 - 0x00007ffb019bd000 	C:\WINDOWS\SYSTEM32\dhcpcsvc6.DLL
0x00007ffb01970000 - 0x00007ffb01995000 	C:\WINDOWS\SYSTEM32\dhcpcsvc.DLL
0x00007ffacc2f0000 - 0x00007ffacc317000 	C:\Users\YUSHAN\.gradle\native\660c5614fbf4a5f2a75b1949f50a0caf5cd603558e7d8a26e50b933a0cfb79d1\windows-amd64\native-platform.dll
0x00007ffb03500000 - 0x00007ffb0350a000 	C:\Users\YUSHAN\.vscode\extensions\redhat.java-1.56.0-win32-x64\jre\21.0.12.1-win32-x86_64\bin\management.dll
0x00007ffb034f0000 - 0x00007ffb034fc000 	C:\Users\YUSHAN\.vscode\extensions\redhat.java-1.56.0-win32-x64\jre\21.0.12.1-win32-x86_64\bin\management_ext.dll
0x00007ffafa550000 - 0x00007ffafa55e000 	C:\Users\YUSHAN\.vscode\extensions\redhat.java-1.56.0-win32-x64\jre\21.0.12.1-win32-x86_64\bin\sunmscapi.dll
0x00007ffb0af30000 - 0x00007ffb0b0a8000 	C:\WINDOWS\System32\CRYPT32.dll
0x00007ffb09d70000 - 0x00007ffb09da0000 	C:\WINDOWS\SYSTEM32\ncrypt.dll
0x00007ffb09d20000 - 0x00007ffb09d5f000 	C:\WINDOWS\SYSTEM32\NTASN1.dll
0x00007ffb08ce0000 - 0x00007ffb08e36000 	C:\WINDOWS\SYSTEM32\DNSAPI.dll
0x00007ffb09610000 - 0x00007ffb0961d000 	C:\WINDOWS\SYSTEM32\DSPARSE.dll
0x00007ffaf4eb0000 - 0x00007ffaf4ebb000 	C:\Windows\System32\rasadhlp.dll
0x00007ffafb830000 - 0x00007ffafb8b6000 	C:\WINDOWS\System32\fwpuclnt.dll
0x00007ffafa560000 - 0x00007ffafa569000 	C:\Users\YUSHAN\.vscode\extensions\redhat.java-1.56.0-win32-x64\jre\21.0.12.1-win32-x86_64\bin\extnet.dll
0x00007ffae22a0000 - 0x00007ffae22a8000 	C:\WINDOWS\system32\wshunix.dll

JVMTI agents:
c:\Users\YUSHAN\.vscode\extensions\redhat.java-1.56.0-win32-x64\lombok\lombok-1.18.39-4050.jar path:c:\Users\YUSHAN\.vscode\extensions\redhat.java-1.56.0-win32-x64\jre\21.0.12.1-win32-x86_64\bin\instrument.dll, loaded, initialized, instrumentlib options:none

dbghelp: loaded successfully - version: 4.0.5 - missing functions: none
symbol engine: initialized successfully - sym options: 0x614 - pdb path: .;c:\Users\YUSHAN\.vscode\extensions\redhat.java-1.56.0-win32-x64\jre\21.0.12.1-win32-x86_64\bin;C:\WINDOWS\SYSTEM32;C:\WINDOWS\WinSxS\amd64_microsoft.windows.common-controls_6595b64144ccf1df_6.0.26100.8875_none_3e0d5d42e32fe9dd;c:\Users\YUSHAN\.vscode\extensions\redhat.java-1.56.0-win32-x64\jre\21.0.12.1-win32-x86_64\bin\server;C:\Users\YUSHAN\AppData\Roaming\Code\User\globalStorage\redhat.java\1.56.0\config_win\org.eclipse.equinox.launcher\org.eclipse.equinox.launcher.win32.win32.x86_64_1.3.100.v20260804-1928;C:\Users\YUSHAN\AppData\Local\Temp\jna--1665929634;C:\Users\YUSHAN\.gradle\native\660c5614fbf4a5f2a75b1949f50a0caf5cd603558e7d8a26e50b933a0cfb79d1\windows-amd64

VM Arguments:
jvm_args: --add-modules=ALL-SYSTEM --add-opens=java.base/java.util=ALL-UNNAMED --add-opens=java.base/java.lang=ALL-UNNAMED --add-opens=java.base/sun.nio.fs=ALL-UNNAMED -Declipse.application=org.eclipse.jdt.ls.core.id1 -Dosgi.bundles.defaultStartLevel=4 -Declipse.product=org.eclipse.jdt.ls.core.product -Djava.import.generatesMetadataFilesAtProjectRoot=false -Dm2e.project.cache.size=50 -DDetectVMInstallationsJob.disabled=true -Dfile.encoding=utf8 -XX:+UseParallelGC -XX:GCTimeRatio=4 -XX:AdaptiveSizePolicyWeight=90 -Dsun.zip.disableMemoryMapping=true -Xmx2G -Xms100m -Xlog:disable -javaagent:c:\Users\YUSHAN\.vscode\extensions\redhat.java-1.56.0-win32-x64\lombok\lombok-1.18.39-4050.jar -XX:+HeapDumpOnOutOfMemoryError -XX:HeapDumpPath=c:\Users\YUSHAN\AppData\Roaming\Code\User\workspaceStorage\fa44f8be53a956b010306273356c24f5\redhat.java -Daether.dependencyCollector.impl=bf 
java_command: c:\Users\YUSHAN\.vscode\extensions\redhat.java-1.56.0-win32-x64\server\plugins\org.eclipse.equinox.launcher_1.8.0.v20260804-1928.jar -configuration c:\Users\YUSHAN\AppData\Roaming\Code\User\globalStorage\redhat.java\1.56.0\config_win -data c:\Users\YUSHAN\AppData\Roaming\Code\User\workspaceStorage\fa44f8be53a956b010306273356c24f5\redhat.java\jdt_ws --stdio
java_class_path (initial): c:\Users\YUSHAN\.vscode\extensions\redhat.java-1.56.0-win32-x64\server\plugins\org.eclipse.equinox.launcher_1.8.0.v20260804-1928.jar
Launcher Type: SUN_STANDARD

[Global flags]
    uintx AdaptiveSizePolicyWeight                 = 90                                        {product} {command line}
     intx CICompilerCount                          = 4                                         {product} {ergonomic}
    uintx GCTimeRatio                              = 4                                         {product} {command line}
     bool HeapDumpOnOutOfMemoryError               = true                                   {manageable} {command line}
    ccstr HeapDumpPath                             = c:\Users\YUSHAN\AppData\Roaming\Code\User\workspaceStorage\fa44f8be53a956b010306273356c24f5\redhat.java         {manageable} {command line}
   size_t InitialHeapSize                          = 104857600                                 {product} {command line}
   size_t MaxHeapSize                              = 2147483648                                {product} {command line}
   size_t MaxNewSize                               = 715653120                                 {product} {ergonomic}
   size_t MinHeapDeltaBytes                        = 524288                                    {product} {ergonomic}
   size_t MinHeapSize                              = 104857600                                 {product} {command line}
   size_t NewSize                                  = 34603008                                  {product} {ergonomic}
    uintx NonNMethodCodeHeapSize                   = 5839372                                {pd product} {ergonomic}
    uintx NonProfiledCodeHeapSize                  = 122909434                              {pd product} {ergonomic}
   size_t OldSize                                  = 70254592                                  {product} {ergonomic}
    uintx ProfiledCodeHeapSize                     = 122909434                              {pd product} {ergonomic}
    uintx ReservedCodeCacheSize                    = 251658240                              {pd product} {ergonomic}
     bool SegmentedCodeCache                       = true                                      {product} {ergonomic}
   size_t SoftMaxHeapSize                          = 2147483648                             {manageable} {ergonomic}
     bool UseCompressedOops                        = true                           {product lp64_product} {ergonomic}
     bool UseLargePagesIndividualAllocation        = false                                  {pd product} {ergonomic}
     bool UseParallelGC                            = true                                      {product} {command line}

Logging:
Log output configuration:
 #0: stdout all=off uptime,level,tags foldmultilines=false
 #1: stderr all=off uptime,level,tags foldmultilines=false

Release file:
JAVA_VERSION="21.0.12.1" 
MODULES="java.base java.compiler java.datatransfer java.xml java.prefs java.desktop java.instrument java.logging java.management java.security.sasl java.naming java.rmi java.management.rmi java.net.http java.scripting java.security.jgss java.transaction.xa java.sql java.sql.rowset java.xml.crypto java.se java.smartcardio jdk.accessibility jdk.internal.jvmstat jdk.attach jdk.charsets jdk.internal.opt jdk.zipfs jdk.compiler jdk.crypto.ec jdk.crypto.cryptoki jdk.crypto.mscapi jdk.dynalink jdk.internal.ed jdk.editpad jdk.hotspot.agent jdk.httpserver jdk.internal.le jdk.internal.vm.ci jdk.internal.vm.compiler jdk.internal.vm.compiler.management jdk.jartool jdk.javadoc jdk.jcmd jdk.management jdk.management.agent jdk.jconsole jdk.jdeps jdk.jdwp.agent jdk.jdi jdk.jfr jdk.jshell jdk.jsobject jdk.jstatd jdk.localedata jdk.management.jfr jdk.naming.dns jdk.naming.rmi jdk.net jdk.nio.mapmode jdk.random jdk.sctp jdk.security.auth jdk.security.jgss jdk.unsupported jdk.unsupported.desktop jdk.xml.dom" 

Environment Variables:
PATH=C:\Program Files\Eclipse Adoptium\jdk-21.0.12.8-hotspot\bin;C:\Program Files\OpenLogic\jdk-17.0.17.10-hotspot\bin;C:\Users\YUSHAN\Desktop\ªF\bin;;:\Program Files (x86)\Common Files\Oracle\Java\javapath;C:\windows\system32;C:\windows;C:\windows\System32\Wbem;C:\windows\System32\WindowsPowerShell\v1.0\;C:\windows\System32\OpenSSH\;C:\Program Files (x86)\NVIDIA Corporation\PhysX\Common;C:\Program Files\NVIDIA Corporation\NVIDIA NvDLISR;C:\WINDOWS\system32;C:\WINDOWS;C:\WINDOWS\System32\Wbem;C:\WINDOWS\System32\WindowsPowerShell\v1.0\;C:\WINDOWS\System32\OpenSSH\;C:\WINDOWS\system32;C:\WINDOWS;C:\WINDOWS\System32\Wbem;C:\WINDOWS\System32\WindowsPowerShell\v1.0\;C:\WINDOWS\System32\OpenSSH\;%NVM_HOME%;%NVM_SYMLINK%;C:\Users\YUSHAN\Desktop\dong\;C:\dong\Git\cmd;C:\Program Files\MySQL\MySQL Shell 8.0\bin\;C:\Users\YUSHAN\AppData\Local\Microsoft\WindowsApps;C:\Users\YUSHAN\Desktop\dong\nvm;C:\nvm4w\nodejs;C:\Users\YUSHAN\AppData\Roaming\npm;C:\Users\YUSHAN\AppData\Local\Programs\Microsoft VS Code\bin;C:\Users\YUSHAN\AppData\Local\GitHubDesktop\bin
USERNAME=YUSHAN
OS=Windows_NT
PROCESSOR_IDENTIFIER=Intel64 Family 6 Model 142 Stepping 12, GenuineIntel
TMP=C:\Users\YUSHAN\AppData\Local\Temp
TEMP=C:\Users\YUSHAN\AppData\Local\Temp




Periodic native trim disabled

---------------  S Y S T E M  ---------------

OS:
 Windows 11 , 64 bit Build 26100 (10.0.26100.8875)
OS uptime: 13 days 3:06 hours

CPU: total 8 (initial active 8) (4 cores per cpu, 2 threads per core) family 6 model 142 stepping 12 microcode 0xde, cx8, cmov, fxsr, ht, mmx, 3dnowpref, sse, sse2, sse3, ssse3, sse4.1, sse4.2, popcnt, lzcnt, tsc, tscinvbit, avx, avx2, aes, erms, clmul, bmi1, bmi2, adx, fma, vzeroupper, clflush, clflushopt, rdtscp, f16c
Processor Information for the first 8 processors :
  Max Mhz: 1800, Current Mhz: 1600, Mhz Limit: 1584

Memory: 4k page, system-wide physical 3982M (205M free)
TotalPageFile size 16270M (AvailPageFile size 1M)
current process WorkingSet (physical memory assigned to process): 10M, peak: 699M
current process commit charge ("private bytes"): 1740M, peak: 1757M

vm_info: OpenJDK 64-Bit Server VM (21.0.12.1+1-LTS) for windows-amd64 JRE (21.0.12.1+1-LTS), built on 2026-08-18T00:00:00Z by "admin" with MS VC++ 17.12 (VS2022)

END.
