#
# There is insufficient memory for the Java Runtime Environment to continue.
# Native memory allocation (malloc) failed to allocate 268736 bytes. Error detail: Chunk::new
# Possible reasons:
#   The system is out of physical RAM or swap space
#   This process is running with CompressedOops enabled, and the Java Heap may be blocking the growth of the native heap
# Possible solutions:
#   Reduce memory load on the system
#   Increase physical memory or swap space
#   Check if swap backing store is full
#   Decrease Java heap size (-Xmx/-Xms)
#   Decrease number of Java threads
#   Decrease Java thread stack sizes (-Xss)
#   Set larger code cache with -XX:ReservedCodeCacheSize=
#   JVM is running with Unscaled Compressed Oops mode in which the Java heap is
#     placed in the first 4GB address space. The Java Heap base address is the
#     maximum limit for the native heap growth. Please use -XX:HeapBaseMinAddress
#     to set the Java Heap base and to place the Java Heap above 4GB virtual address.
# This output file may be truncated or incomplete.
#
#  Out of Memory Error (arena.cpp:168), pid=1400, tid=24336
#
# JRE version: OpenJDK Runtime Environment Temurin-21.0.12+8 (21.0.12+8) (build 21.0.12+8-LTS)
# Java VM: OpenJDK 64-Bit Server VM Temurin-21.0.12+8 (21.0.12+8-LTS, mixed mode, sharing, tiered, compressed oops, compressed class ptrs, g1 gc, windows-amd64)
# No core dump will be written. Minidumps are not enabled by default on client versions of Windows
#

---------------  S U M M A R Y ------------

Command Line: -Xmx64m -Xms64m -Dorg.gradle.appname=gradlew C:\dong\ai-products-selection\backend\ai-products-selection-backend\\gradle\wrapper\gradle-wrapper.jar bootRun

Host: Intel(R) Core(TM) i5-8265U CPU @ 1.60GHz, 8 cores, 3G,  Windows 11 , 64 bit Build 26100 (10.0.26100.8875)
Time: Fri Aug 28 12:17:30 2026 elapsed time: 183.038799 seconds (0d 0h 3m 3s)

---------------  T H R E A D  ---------------

Current thread (0x000001a9b8a4f3a0):  JavaThread "C2 CompilerThread0" daemon [_thread_in_native, id=24336, stack(0x00000016ccc00000,0x00000016ccd00000) (1024K)]


Current CompileTask:
C2:183039 2341       4       org.gradle.internal.logging.console.DefaultRedrawableLabel::redraw (163 bytes)

Stack: [0x00000016ccc00000,0x00000016ccd00000]
Native frames: (J=compiled Java code, j=interpreted, Vv=VM code, C=native code)
V  [jvm.dll+0x6d83e9]
V  [jvm.dll+0x8b5736]
V  [jvm.dll+0x8b7cee]
V  [jvm.dll+0x8b83d3]
V  [jvm.dll+0x284596]
V  [jvm.dll+0xc685d]
V  [jvm.dll+0xc6da1]
V  [jvm.dll+0x2fb5ae]
V  [jvm.dll+0x5fee94]
V  [jvm.dll+0x255d67]
V  [jvm.dll+0x24e2ca]
V  [jvm.dll+0x24bbe6]
V  [jvm.dll+0x1cb4ae]
V  [jvm.dll+0x25baad]
V  [jvm.dll+0x25a03a]
V  [jvm.dll+0x3f8aae]
V  [jvm.dll+0x8600cd]
V  [jvm.dll+0x6d6c1d]
C  [ucrtbase.dll+0x2cd30]
C  [KERNEL32.DLL+0x2e957]
C  [ntdll.dll+0xaad6c]


---------------  P R O C E S S  ---------------

Threads class SMR info:
_java_thread_list=0x000001a9fedccf70, length=12, elements={
0x000001a99c1d3db0, 0x000001a9b8a2c120, 0x000001a9b8a2eb90, 0x000001a9b8a362c0,
0x000001a9b8a36f80, 0x000001a9b8a3ab30, 0x000001a9b8a4a450, 0x000001a9b8a4f3a0,
0x000001a9b8a52f50, 0x000001a9b8a48380, 0x000001a9b8a48a10, 0x000001a9b8a490a0
}

Java Threads: ( => current thread )
  0x000001a99c1d3db0 JavaThread "main"                              [_thread_in_native, id=20264, stack(0x00000016cbe00000,0x00000016cbf00000) (1024K)]
  0x000001a9b8a2c120 JavaThread "Reference Handler"          daemon [_thread_blocked, id=1356, stack(0x00000016cc600000,0x00000016cc700000) (1024K)]
  0x000001a9b8a2eb90 JavaThread "Finalizer"                  daemon [_thread_blocked, id=22892, stack(0x00000016cc700000,0x00000016cc800000) (1024K)]
  0x000001a9b8a362c0 JavaThread "Signal Dispatcher"          daemon [_thread_blocked, id=15868, stack(0x00000016cc800000,0x00000016cc900000) (1024K)]
  0x000001a9b8a36f80 JavaThread "Attach Listener"            daemon [_thread_blocked, id=18088, stack(0x00000016cc900000,0x00000016cca00000) (1024K)]
  0x000001a9b8a3ab30 JavaThread "Service Thread"             daemon [_thread_blocked, id=21536, stack(0x00000016cca00000,0x00000016ccb00000) (1024K)]
  0x000001a9b8a4a450 JavaThread "Monitor Deflation Thread"   daemon [_thread_blocked, id=25168, stack(0x00000016ccb00000,0x00000016ccc00000) (1024K)]
=>0x000001a9b8a4f3a0 JavaThread "C2 CompilerThread0"         daemon [_thread_in_native, id=24336, stack(0x00000016ccc00000,0x00000016ccd00000) (1024K)]
  0x000001a9b8a52f50 JavaThread "C1 CompilerThread0"         daemon [_thread_blocked, id=13168, stack(0x00000016ccd00000,0x00000016cce00000) (1024K)]
  0x000001a9b8a48380 JavaThread "Notification Thread"        daemon [_thread_blocked, id=20640, stack(0x00000016cce00000,0x00000016ccf00000) (1024K)]
  0x000001a9b8a48a10 JavaThread "Common-Cleaner"             daemon [_thread_blocked, id=21860, stack(0x00000016ccf00000,0x00000016cd000000) (1024K)]
  0x000001a9b8a490a0 JavaThread "pool-1-thread-1"                   [_thread_blocked, id=10484, stack(0x00000016cd600000,0x00000016cd700000) (1024K)]
Total: 12

Other Threads:
  0x000001a99e5ce5c0 VMThread "VM Thread"                           [id=6696, stack(0x00000016cc500000,0x00000016cc600000) (1024K)]
  0x000001a9b8a1ca10 WatcherThread "VM Periodic Task Thread"        [id=7672, stack(0x00000016cc400000,0x00000016cc500000) (1024K)]
  0x000001a99e5364b0 WorkerThread "GC Thread#0"                     [id=3504, stack(0x00000016cbf00000,0x00000016cc000000) (1024K)]
  0x000001a9fe6902c0 WorkerThread "GC Thread#1"                     [id=22380, stack(0x00000016cd100000,0x00000016cd200000) (1024K)]
  0x000001a9fe77f620 WorkerThread "GC Thread#2"                     [id=19108, stack(0x00000016cd200000,0x00000016cd300000) (1024K)]
  0x000001a9fe77f9d0 WorkerThread "GC Thread#3"                     [id=7248, stack(0x00000016cd300000,0x00000016cd400000) (1024K)]
  0x000001a9fe77fd80 WorkerThread "GC Thread#4"                     [id=18840, stack(0x00000016cd400000,0x00000016cd500000) (1024K)]
  0x000001a9fe788140 WorkerThread "GC Thread#5"                     [id=12084, stack(0x00000016cd500000,0x00000016cd600000) (1024K)]
  0x000001a9b8e87520 WorkerThread "GC Thread#6"                     [id=19300, stack(0x00000016cd700000,0x00000016cd800000) (1024K)]
  0x000001a9feac1360 WorkerThread "GC Thread#7"                     [id=9184, stack(0x00000016cd800000,0x00000016cd900000) (1024K)]
  0x000001a99e537bb0 ConcurrentGCThread "G1 Main Marker"            [id=15936, stack(0x00000016cc000000,0x00000016cc100000) (1024K)]
  0x000001a99e5385d0 WorkerThread "G1 Conc#0"                       [id=9100, stack(0x00000016cc100000,0x00000016cc200000) (1024K)]
  0x000001a99e5ad140 ConcurrentGCThread "G1 Refine#0"               [id=14040, stack(0x00000016cc200000,0x00000016cc300000) (1024K)]
  0x000001a99e5aea80 ConcurrentGCThread "G1 Service"                [id=1860, stack(0x00000016cc300000,0x00000016cc400000) (1024K)]
Total: 14

Threads with active compile tasks:
C2 CompilerThread0  183141 2341       4       org.gradle.internal.logging.console.DefaultRedrawableLabel::redraw (163 bytes)
Total: 1

VM state: not at safepoint (normal execution)

VM Mutex/Monitor currently owned by a thread: None

Heap address: 0x00000000fc000000, size: 64 MB, Compressed Oops mode: 32-bit

CDS archive(s) mapped at: [0x000001a9b9000000-0x000001a9b9c80000-0x000001a9b9c80000), size 13107200, SharedBaseAddress: 0x000001a9b9000000, ArchiveRelocationMode: 1.
Compressed class space mapped at: 0x000001a9ba000000-0x000001a9fa000000, reserved size: 1073741824
Narrow klass base: 0x000001a9b9000000, Narrow klass shift: 0, Narrow klass range: 0x100000000

GC Precious Log:
 CardTable entry size: 512
 Card Set container configuration: InlinePtr #cards 5 size 8 Array Of Cards #cards 12 size 40 Howl #buckets 4 coarsen threshold 1843 Howl Bitmap #cards 512 size 80 coarsen threshold 460 Card regions per heap region 1 cards per card region 2048
 CPUs: 8 total, 8 available
 Memory: 3982M
 Large Page Support: Disabled
 NUMA Support: Disabled
 Compressed Oops: Enabled (32-bit)
 Heap Region Size: 1M
 Heap Min Capacity: 64M
 Heap Initial Capacity: 64M
 Heap Max Capacity: 64M
 Pre-touch: Disabled
 Parallel Workers: 8
 Concurrent Workers: 2
 Concurrent Refinement Workers: 8
 Periodic GC: Disabled

Heap:
 garbage-first heap   total 65536K, used 17561K [0x00000000fc000000, 0x0000000100000000)
  region size 1024K, 8 young (8192K), 4 survivors (4096K)
 Metaspace       used 11477K, committed 11840K, reserved 1114112K
  class space    used 1449K, committed 1600K, reserved 1048576K

Heap Regions: E=young(eden), S=young(survivor), O=old, HS=humongous(starts), HC=humongous(continues), CS=collection set, F=free, TAMS=top-at-mark-start, PB=parsable bottom
|   0|0x00000000fc000000, 0x00000000fc100000, 0x00000000fc100000|100%| O|  |TAMS 0x00000000fc000000| PB 0x00000000fc000000| Untracked 
|   1|0x00000000fc100000, 0x00000000fc200000, 0x00000000fc200000|100%| O|  |TAMS 0x00000000fc100000| PB 0x00000000fc100000| Untracked 
|   2|0x00000000fc200000, 0x00000000fc300000, 0x00000000fc300000|100%| O|  |TAMS 0x00000000fc200000| PB 0x00000000fc200000| Untracked 
|   3|0x00000000fc300000, 0x00000000fc400000, 0x00000000fc400000|100%|HS|  |TAMS 0x00000000fc300000| PB 0x00000000fc300000| Complete 
|   4|0x00000000fc400000, 0x00000000fc500000, 0x00000000fc500000|100%|HC|  |TAMS 0x00000000fc400000| PB 0x00000000fc400000| Complete 
|   5|0x00000000fc500000, 0x00000000fc600000, 0x00000000fc600000|100%|HC|  |TAMS 0x00000000fc500000| PB 0x00000000fc500000| Complete 
|   6|0x00000000fc600000, 0x00000000fc700000, 0x00000000fc700000|100%|HC|  |TAMS 0x00000000fc600000| PB 0x00000000fc600000| Complete 
|   7|0x00000000fc700000, 0x00000000fc800000, 0x00000000fc800000|100%| O|  |TAMS 0x00000000fc700000| PB 0x00000000fc700000| Untracked 
|   8|0x00000000fc800000, 0x00000000fc900000, 0x00000000fc900000|100%| O|  |TAMS 0x00000000fc800000| PB 0x00000000fc800000| Untracked 
|   9|0x00000000fc900000, 0x00000000fca00000, 0x00000000fca00000|100%| O|  |TAMS 0x00000000fc900000| PB 0x00000000fc900000| Untracked 
|  10|0x00000000fca00000, 0x00000000fca26538, 0x00000000fcb00000| 14%| O|  |TAMS 0x00000000fca00000| PB 0x00000000fca00000| Untracked 
|  11|0x00000000fcb00000, 0x00000000fcb00000, 0x00000000fcc00000|  0%| F|  |TAMS 0x00000000fcb00000| PB 0x00000000fcb00000| Untracked 
|  12|0x00000000fcc00000, 0x00000000fcc00000, 0x00000000fcd00000|  0%| F|  |TAMS 0x00000000fcc00000| PB 0x00000000fcc00000| Untracked 
|  13|0x00000000fcd00000, 0x00000000fcd00000, 0x00000000fce00000|  0%| F|  |TAMS 0x00000000fcd00000| PB 0x00000000fcd00000| Untracked 
|  14|0x00000000fce00000, 0x00000000fce00000, 0x00000000fcf00000|  0%| F|  |TAMS 0x00000000fce00000| PB 0x00000000fce00000| Untracked 
|  15|0x00000000fcf00000, 0x00000000fcf00000, 0x00000000fd000000|  0%| F|  |TAMS 0x00000000fcf00000| PB 0x00000000fcf00000| Untracked 
|  16|0x00000000fd000000, 0x00000000fd000000, 0x00000000fd100000|  0%| F|  |TAMS 0x00000000fd000000| PB 0x00000000fd000000| Untracked 
|  17|0x00000000fd100000, 0x00000000fd100000, 0x00000000fd200000|  0%| F|  |TAMS 0x00000000fd100000| PB 0x00000000fd100000| Untracked 
|  18|0x00000000fd200000, 0x00000000fd200000, 0x00000000fd300000|  0%| F|  |TAMS 0x00000000fd200000| PB 0x00000000fd200000| Untracked 
|  19|0x00000000fd300000, 0x00000000fd300000, 0x00000000fd400000|  0%| F|  |TAMS 0x00000000fd300000| PB 0x00000000fd300000| Untracked 
|  20|0x00000000fd400000, 0x00000000fd400000, 0x00000000fd500000|  0%| F|  |TAMS 0x00000000fd400000| PB 0x00000000fd400000| Untracked 
|  21|0x00000000fd500000, 0x00000000fd500000, 0x00000000fd600000|  0%| F|  |TAMS 0x00000000fd500000| PB 0x00000000fd500000| Untracked 
|  22|0x00000000fd600000, 0x00000000fd600000, 0x00000000fd700000|  0%| F|  |TAMS 0x00000000fd600000| PB 0x00000000fd600000| Untracked 
|  23|0x00000000fd700000, 0x00000000fd700000, 0x00000000fd800000|  0%| F|  |TAMS 0x00000000fd700000| PB 0x00000000fd700000| Untracked 
|  24|0x00000000fd800000, 0x00000000fd800000, 0x00000000fd900000|  0%| F|  |TAMS 0x00000000fd800000| PB 0x00000000fd800000| Untracked 
|  25|0x00000000fd900000, 0x00000000fd900000, 0x00000000fda00000|  0%| F|  |TAMS 0x00000000fd900000| PB 0x00000000fd900000| Untracked 
|  26|0x00000000fda00000, 0x00000000fda00000, 0x00000000fdb00000|  0%| F|  |TAMS 0x00000000fda00000| PB 0x00000000fda00000| Untracked 
|  27|0x00000000fdb00000, 0x00000000fdb00000, 0x00000000fdc00000|  0%| F|  |TAMS 0x00000000fdb00000| PB 0x00000000fdb00000| Untracked 
|  28|0x00000000fdc00000, 0x00000000fdc00000, 0x00000000fdd00000|  0%| F|  |TAMS 0x00000000fdc00000| PB 0x00000000fdc00000| Untracked 
|  29|0x00000000fdd00000, 0x00000000fde00000, 0x00000000fde00000|100%| S|CS|TAMS 0x00000000fdd00000| PB 0x00000000fdd00000| Complete 
|  30|0x00000000fde00000, 0x00000000fdf00000, 0x00000000fdf00000|100%| S|CS|TAMS 0x00000000fde00000| PB 0x00000000fde00000| Complete 
|  31|0x00000000fdf00000, 0x00000000fe000000, 0x00000000fe000000|100%| S|CS|TAMS 0x00000000fdf00000| PB 0x00000000fdf00000| Complete 
|  32|0x00000000fe000000, 0x00000000fe100000, 0x00000000fe100000|100%| S|CS|TAMS 0x00000000fe000000| PB 0x00000000fe000000| Complete 
|  33|0x00000000fe100000, 0x00000000fe100000, 0x00000000fe200000|  0%| F|  |TAMS 0x00000000fe100000| PB 0x00000000fe100000| Untracked 
|  34|0x00000000fe200000, 0x00000000fe200000, 0x00000000fe300000|  0%| F|  |TAMS 0x00000000fe200000| PB 0x00000000fe200000| Untracked 
|  35|0x00000000fe300000, 0x00000000fe300000, 0x00000000fe400000|  0%| F|  |TAMS 0x00000000fe300000| PB 0x00000000fe300000| Untracked 
|  36|0x00000000fe400000, 0x00000000fe400000, 0x00000000fe500000|  0%| F|  |TAMS 0x00000000fe400000| PB 0x00000000fe400000| Untracked 
|  37|0x00000000fe500000, 0x00000000fe500000, 0x00000000fe600000|  0%| F|  |TAMS 0x00000000fe500000| PB 0x00000000fe500000| Untracked 
|  38|0x00000000fe600000, 0x00000000fe600000, 0x00000000fe700000|  0%| F|  |TAMS 0x00000000fe600000| PB 0x00000000fe600000| Untracked 
|  39|0x00000000fe700000, 0x00000000fe700000, 0x00000000fe800000|  0%| F|  |TAMS 0x00000000fe700000| PB 0x00000000fe700000| Untracked 
|  40|0x00000000fe800000, 0x00000000fe800000, 0x00000000fe900000|  0%| F|  |TAMS 0x00000000fe800000| PB 0x00000000fe800000| Untracked 
|  41|0x00000000fe900000, 0x00000000fe900000, 0x00000000fea00000|  0%| F|  |TAMS 0x00000000fe900000| PB 0x00000000fe900000| Untracked 
|  42|0x00000000fea00000, 0x00000000fea00000, 0x00000000feb00000|  0%| F|  |TAMS 0x00000000fea00000| PB 0x00000000fea00000| Untracked 
|  43|0x00000000feb00000, 0x00000000feb00000, 0x00000000fec00000|  0%| F|  |TAMS 0x00000000feb00000| PB 0x00000000feb00000| Untracked 
|  44|0x00000000fec00000, 0x00000000fec00000, 0x00000000fed00000|  0%| F|  |TAMS 0x00000000fec00000| PB 0x00000000fec00000| Untracked 
|  45|0x00000000fed00000, 0x00000000fed00000, 0x00000000fee00000|  0%| F|  |TAMS 0x00000000fed00000| PB 0x00000000fed00000| Untracked 
|  46|0x00000000fee00000, 0x00000000fee00000, 0x00000000fef00000|  0%| F|  |TAMS 0x00000000fee00000| PB 0x00000000fee00000| Untracked 
|  47|0x00000000fef00000, 0x00000000fef00000, 0x00000000ff000000|  0%| F|  |TAMS 0x00000000fef00000| PB 0x00000000fef00000| Untracked 
|  48|0x00000000ff000000, 0x00000000ff000000, 0x00000000ff100000|  0%| F|  |TAMS 0x00000000ff000000| PB 0x00000000ff000000| Untracked 
|  49|0x00000000ff100000, 0x00000000ff100000, 0x00000000ff200000|  0%| F|  |TAMS 0x00000000ff100000| PB 0x00000000ff100000| Untracked 
|  50|0x00000000ff200000, 0x00000000ff200000, 0x00000000ff300000|  0%| F|  |TAMS 0x00000000ff200000| PB 0x00000000ff200000| Untracked 
|  51|0x00000000ff300000, 0x00000000ff300000, 0x00000000ff400000|  0%| F|  |TAMS 0x00000000ff300000| PB 0x00000000ff300000| Untracked 
|  52|0x00000000ff400000, 0x00000000ff400000, 0x00000000ff500000|  0%| F|  |TAMS 0x00000000ff400000| PB 0x00000000ff400000| Untracked 
|  53|0x00000000ff500000, 0x00000000ff500000, 0x00000000ff600000|  0%| F|  |TAMS 0x00000000ff500000| PB 0x00000000ff500000| Untracked 
|  54|0x00000000ff600000, 0x00000000ff600000, 0x00000000ff700000|  0%| F|  |TAMS 0x00000000ff600000| PB 0x00000000ff600000| Untracked 
|  55|0x00000000ff700000, 0x00000000ff700000, 0x00000000ff800000|  0%| F|  |TAMS 0x00000000ff700000| PB 0x00000000ff700000| Untracked 
|  56|0x00000000ff800000, 0x00000000ff800000, 0x00000000ff900000|  0%| F|  |TAMS 0x00000000ff800000| PB 0x00000000ff800000| Untracked 
|  57|0x00000000ff900000, 0x00000000ff900000, 0x00000000ffa00000|  0%| F|  |TAMS 0x00000000ff900000| PB 0x00000000ff900000| Untracked 
|  58|0x00000000ffa00000, 0x00000000ffa00000, 0x00000000ffb00000|  0%| F|  |TAMS 0x00000000ffa00000| PB 0x00000000ffa00000| Untracked 
|  59|0x00000000ffb00000, 0x00000000ffb00000, 0x00000000ffc00000|  0%| F|  |TAMS 0x00000000ffb00000| PB 0x00000000ffb00000| Untracked 
|  60|0x00000000ffc00000, 0x00000000ffc93378, 0x00000000ffd00000| 57%| E|  |TAMS 0x00000000ffc00000| PB 0x00000000ffc00000| Complete 
|  61|0x00000000ffd00000, 0x00000000ffe00000, 0x00000000ffe00000|100%| E|CS|TAMS 0x00000000ffd00000| PB 0x00000000ffd00000| Complete 
|  62|0x00000000ffe00000, 0x00000000fff00000, 0x00000000fff00000|100%| E|CS|TAMS 0x00000000ffe00000| PB 0x00000000ffe00000| Complete 
|  63|0x00000000fff00000, 0x0000000100000000, 0x0000000100000000|100%| E|CS|TAMS 0x00000000fff00000| PB 0x00000000fff00000| Complete 

Card table byte_map: [0x000001a99c820000,0x000001a99c840000] _byte_map_base: 0x000001a99c040000

Marking Bits: (CMBitMap*) 0x000001a99e536ad0
 Bits: [0x000001a9b5f70000, 0x000001a9b6070000)

Polling page: 0x000001a99c420000

Metaspace:

Usage:
  Non-class:      9.79 MB used.
      Class:      1.42 MB used.
       Both:     11.21 MB used.

Virtual space:
  Non-class space:       64.00 MB reserved,      10.00 MB ( 16%) committed,  1 nodes.
      Class space:        1.00 GB reserved,       1.56 MB ( <1%) committed,  1 nodes.
             Both:        1.06 GB reserved,      11.56 MB (  1%) committed. 

Chunk freelists:
   Non-Class:  6.05 MB
       Class:  14.50 MB
        Both:  20.55 MB

MaxMetaspaceSize: unlimited
CompressedClassSpaceSize: 1.00 GB
Initial GC threshold: 21.00 MB
Current GC threshold: 21.00 MB
CDS: on
 - commit_granule_bytes: 65536.
 - commit_granule_words: 8192.
 - virtual_space_node_default_size: 8388608.
 - enlarge_chunks_in_place: 1.
 - use_allocation_guard: 0.


Internal statistics:

num_allocs_failed_limit: 0.
num_arena_births: 262.
num_arena_deaths: 0.
num_vsnodes_births: 2.
num_vsnodes_deaths: 0.
num_space_committed: 185.
num_space_uncommitted: 0.
num_chunks_returned_to_freelist: 0.
num_chunks_taken_from_freelist: 596.
num_chunk_merges: 0.
num_chunk_splits: 396.
num_chunks_enlarged: 283.
num_inconsistent_stats: 0.

CodeHeap 'non-profiled nmethods': size=120000Kb used=876Kb max_used=876Kb free=119123Kb
 bounds [0x000001a9ae710000, 0x000001a9ae980000, 0x000001a9b5c40000]
CodeHeap 'profiled nmethods': size=120000Kb used=4325Kb max_used=4325Kb free=115674Kb
 bounds [0x000001a9a6c40000, 0x000001a9a7080000, 0x000001a9ae170000]
CodeHeap 'non-nmethods': size=5760Kb used=1357Kb max_used=1401Kb free=4402Kb
 bounds [0x000001a9ae170000, 0x000001a9ae3e0000, 0x000001a9ae710000]
CodeCache: size=245760Kb, used=6558Kb, max_used=6602Kb, free=239199Kb
 total_blobs=2848, nmethods=2327, adapters=426, full_count=0
Compilation: enabled, stopped_count=0, restarted_count=0

Compilation events (20 events):
Event: 160.385 Thread 0x000001a9b8a52f50 nmethod 2330 0x000001a9a7075010 code [0x000001a9a7075200, 0x000001a9a7075648]
Event: 163.367 Thread 0x000001a9b8a52f50 2331       3       com.google.common.collect.ImmutableList::<init> (5 bytes)
Event: 163.369 Thread 0x000001a9b8a52f50 nmethod 2331 0x000001a9a7075810 code [0x000001a9a70759c0, 0x000001a9a7075be8]
Event: 163.369 Thread 0x000001a9b8a52f50 2332       3       com.google.common.collect.ImmutableCollection::<init> (5 bytes)
Event: 163.369 Thread 0x000001a9b8a52f50 nmethod 2332 0x000001a9a7075d10 code [0x000001a9a7075ec0, 0x000001a9a7076088]
Event: 165.363 Thread 0x000001a9b8a52f50 2333       3       com.google.common.collect.ImmutableList::asImmutableList (69 bytes)
Event: 165.370 Thread 0x000001a9b8a52f50 nmethod 2333 0x000001a9a7076190 code [0x000001a9a7076420, 0x000001a9a7076f98]
Event: 177.405 Thread 0x000001a9b8a52f50 2334       3       org.fusesource.jansi.Ansi::fg (17 bytes)
Event: 177.960 Thread 0x000001a9b8a52f50 nmethod 2334 0x000001a9a7077390 code [0x000001a9a70775a0, 0x000001a9a7077d28]
Event: 179.373 Thread 0x000001a9b8a52f50 2336       3       com.google.common.collect.Iterators$ArrayItr::<init> (13 bytes)
Event: 179.377 Thread 0x000001a9b8a52f50 nmethod 2336 0x000001a9a7078090 code [0x000001a9a7078260, 0x000001a9a7078618]
Event: 179.377 Thread 0x000001a9b8a52f50 2337       3       com.google.common.collect.AbstractIndexedListIterator::<init> (21 bytes)
Event: 179.378 Thread 0x000001a9b8a52f50 nmethod 2337 0x000001a9a7078810 code [0x000001a9a70789e0, 0x000001a9a7078cc0]
Event: 180.375 Thread 0x000001a9b8a52f50 2338       3       com.google.common.collect.ImmutableList::iterator (5 bytes)
Event: 180.379 Thread 0x000001a9b8a52f50 nmethod 2338 0x000001a9a7078e10 code [0x000001a9a7078fc0, 0x000001a9a7079188]
Event: 180.379 Thread 0x000001a9b8a52f50 2339       3       com.google.common.collect.ImmutableList::iterator (5 bytes)
Event: 180.383 Thread 0x000001a9b8a52f50 nmethod 2339 0x000001a9a7079210 code [0x000001a9a70793c0, 0x000001a9a7079670]
Event: 180.763 Thread 0x000001a9b8a4f3a0 2340       4       java.util.concurrent.ScheduledThreadPoolExecutor::canRunInCurrentRunState (61 bytes)
Event: 180.773 Thread 0x000001a9b8a4f3a0 nmethod 2340 0x000001a9ae7eaf10 code [0x000001a9ae7eb0a0, 0x000001a9ae7eb170]
Event: 180.970 Thread 0x000001a9b8a4f3a0 2341       4       org.gradle.internal.logging.console.DefaultRedrawableLabel::redraw (163 bytes)

GC Heap History (4 events):
Event: 1.322 GC heap before
{Heap before GC invocations=0 (full 0):
 garbage-first heap   total 65536K, used 22528K [0x00000000fc000000, 0x0000000100000000)
  region size 1024K, 23 young (23552K), 0 survivors (0K)
 Metaspace       used 3619K, committed 3776K, reserved 1114112K
  class space    used 447K, committed 512K, reserved 1048576K
}
Event: 1.330 GC heap after
{Heap after GC invocations=1 (full 0):
 garbage-first heap   total 65536K, used 5520K [0x00000000fc000000, 0x0000000100000000)
  region size 1024K, 3 young (3072K), 3 survivors (3072K)
 Metaspace       used 3619K, committed 3776K, reserved 1114112K
  class space    used 447K, committed 512K, reserved 1048576K
}
Event: 25.190 GC heap before
{Heap before GC invocations=1 (full 0):
 garbage-first heap   total 65536K, used 37264K [0x00000000fc000000, 0x0000000100000000)
  region size 1024K, 31 young (31744K), 3 survivors (3072K)
 Metaspace       used 11312K, committed 11648K, reserved 1114112K
  class space    used 1447K, committed 1600K, reserved 1048576K
}
Event: 25.228 GC heap after
{Heap after GC invocations=2 (full 0):
 garbage-first heap   total 65536K, used 14489K [0x00000000fc000000, 0x0000000100000000)
  region size 1024K, 4 young (4096K), 4 survivors (4096K)
 Metaspace       used 11312K, committed 11648K, reserved 1114112K
  class space    used 1447K, committed 1600K, reserved 1048576K
}

Dll operation events (20 events):
Event: 0.060 Attempting to load shared library C:\Program Files\Eclipse Adoptium\jdk-21.0.12.8-hotspot\bin\nio.dll
Event: 0.061 Loaded shared library C:\Program Files\Eclipse Adoptium\jdk-21.0.12.8-hotspot\bin\nio.dll
Event: 0.064 Attempting to load shared library C:\Program Files\Eclipse Adoptium\jdk-21.0.12.8-hotspot\bin\zip.dll
Event: 0.065 Loaded shared library C:\Program Files\Eclipse Adoptium\jdk-21.0.12.8-hotspot\bin\zip.dll
Event: 1.017 Attempting to load shared library C:\Program Files\Eclipse Adoptium\jdk-21.0.12.8-hotspot\bin\jimage.dll
Event: 1.017 Loaded shared library C:\Program Files\Eclipse Adoptium\jdk-21.0.12.8-hotspot\bin\jimage.dll
Event: 1.455 Attempting to load shared library C:\Program Files\Eclipse Adoptium\jdk-21.0.12.8-hotspot\bin\management.dll
Event: 1.456 Loaded shared library C:\Program Files\Eclipse Adoptium\jdk-21.0.12.8-hotspot\bin\management.dll
Event: 1.460 Attempting to load shared library C:\Program Files\Eclipse Adoptium\jdk-21.0.12.8-hotspot\bin\management_ext.dll
Event: 1.461 Loaded shared library C:\Program Files\Eclipse Adoptium\jdk-21.0.12.8-hotspot\bin\management_ext.dll
Event: 1.507 Attempting to load shared library C:\Users\YUSHAN\.gradle\native\660c5614fbf4a5f2a75b1949f50a0caf5cd603558e7d8a26e50b933a0cfb79d1\windows-amd64\native-platform.dll
Event: 1.509 Loaded shared library C:\Users\YUSHAN\.gradle\native\660c5614fbf4a5f2a75b1949f50a0caf5cd603558e7d8a26e50b933a0cfb79d1\windows-amd64\native-platform.dll
Event: 1.535 Attempting to load shared library C:\Users\YUSHAN\.gradle\native\jansi\2.4.2\Windows\x86_64\jansi.dll
Event: 1.536 Loaded shared library C:\Users\YUSHAN\.gradle\native\jansi\2.4.2\Windows\x86_64\jansi.dll
Event: 1.586 Attempting to load shared library C:\Program Files\Eclipse Adoptium\jdk-21.0.12.8-hotspot\bin\verify.dll
Event: 1.587 Loaded shared library C:\Program Files\Eclipse Adoptium\jdk-21.0.12.8-hotspot\bin\verify.dll
Event: 1.684 Attempting to load shared library C:\Program Files\Eclipse Adoptium\jdk-21.0.12.8-hotspot\bin\extnet.dll
Event: 1.685 Loaded shared library C:\Program Files\Eclipse Adoptium\jdk-21.0.12.8-hotspot\bin\extnet.dll
Event: 4.386 Attempting to load shared library C:\Program Files\Eclipse Adoptium\jdk-21.0.12.8-hotspot\bin\sunmscapi.dll
Event: 4.390 Loaded shared library C:\Program Files\Eclipse Adoptium\jdk-21.0.12.8-hotspot\bin\sunmscapi.dll

Deoptimization events (20 events):
Event: 4.409 Thread 0x000001a99c1d3db0 DEOPT PACKING pc=0x000001a9ae739418 sp=0x00000016cbefb5b0
Event: 4.409 Thread 0x000001a99c1d3db0 DEOPT UNPACKING pc=0x000001a9ae1c4422 sp=0x00000016cbefb4d8 mode 2
Event: 4.410 Thread 0x000001a99c1d3db0 Uncommon trap: trap_request=0xffffffc6 fr.pc=0x000001a9ae794628 relative=0x0000000000000348
Event: 4.410 Thread 0x000001a99c1d3db0 Uncommon trap: reason=bimorphic_or_optimized_type_check action=maybe_recompile pc=0x000001a9ae794628 method=java.util.HashMap.getNode(Ljava/lang/Object;)Ljava/util/HashMap$Node; @ 128 c2
Event: 4.410 Thread 0x000001a99c1d3db0 DEOPT PACKING pc=0x000001a9ae794628 sp=0x00000016cbefb5d0
Event: 4.410 Thread 0x000001a99c1d3db0 DEOPT UNPACKING pc=0x000001a9ae1c4422 sp=0x00000016cbefb538 mode 2
Event: 4.445 Thread 0x000001a99c1d3db0 Uncommon trap: trap_request=0xffffff45 fr.pc=0x000001a9ae7b4308 relative=0x0000000000000a08
Event: 4.445 Thread 0x000001a99c1d3db0 Uncommon trap: reason=unstable_if action=reinterpret pc=0x000001a9ae7b4308 method=java.lang.Integer.stringSize(I)I @ 19 c2
Event: 4.445 Thread 0x000001a99c1d3db0 DEOPT PACKING pc=0x000001a9ae7b4308 sp=0x00000016cbefd570
Event: 4.445 Thread 0x000001a99c1d3db0 DEOPT UNPACKING pc=0x000001a9ae1c4422 sp=0x00000016cbefd4c8 mode 2
Event: 23.278 Thread 0x000001a99c1d3db0 DEOPT PACKING pc=0x000001a9a6fa585d sp=0x00000016cbefd6e0
Event: 23.278 Thread 0x000001a99c1d3db0 DEOPT UNPACKING pc=0x000001a9ae1c4bc2 sp=0x00000016cbefcb78 mode 0
Event: 25.776 Thread 0x000001a99c1d3db0 Uncommon trap: trap_request=0xffffff45 fr.pc=0x000001a9ae7ce008 relative=0x0000000000000308
Event: 25.776 Thread 0x000001a99c1d3db0 Uncommon trap: reason=unstable_if action=reinterpret pc=0x000001a9ae7ce008 method=com.esotericsoftware.kryo.io.Input.readVarInt(Z)I @ 81 c2
Event: 25.776 Thread 0x000001a99c1d3db0 DEOPT PACKING pc=0x000001a9ae7ce008 sp=0x00000016cbefd8d0
Event: 25.776 Thread 0x000001a99c1d3db0 DEOPT UNPACKING pc=0x000001a9ae1c4422 sp=0x00000016cbefd7b8 mode 2
Event: 26.069 Thread 0x000001a9b8a490a0 Uncommon trap: trap_request=0xffffff45 fr.pc=0x000001a9ae7cf2e4 relative=0x00000000000000c4
Event: 26.069 Thread 0x000001a9b8a490a0 Uncommon trap: reason=unstable_if action=reinterpret pc=0x000001a9ae7cf2e4 method=org.gradle.internal.operations.OperationIdentifier.equals(Ljava/lang/Object;)Z @ 8 c2
Event: 26.069 Thread 0x000001a9b8a490a0 DEOPT PACKING pc=0x000001a9ae7cf2e4 sp=0x00000016cd6feef0
Event: 26.069 Thread 0x000001a9b8a490a0 DEOPT UNPACKING pc=0x000001a9ae1c4422 sp=0x00000016cd6fee88 mode 2

Classes loaded (20 events):
Event: 4.452 Loading class sun/nio/ch/SinkChannelImpl
Event: 4.452 Loading class java/nio/channels/Pipe$SinkChannel
Event: 4.452 Loading class java/nio/channels/Pipe$SinkChannel done
Event: 4.452 Loading class sun/nio/ch/SinkChannelImpl done
Event: 4.454 Loading class sun/nio/ch/SelectionKeyImpl
Event: 4.455 Loading class java/nio/channels/spi/AbstractSelectionKey
Event: 4.455 Loading class java/nio/channels/SelectionKey
Event: 4.455 Loading class java/nio/channels/SelectionKey done
Event: 4.455 Loading class java/nio/channels/spi/AbstractSelectionKey done
Event: 4.455 Loading class sun/nio/ch/SelectionKeyImpl done
Event: 4.455 Loading class java/lang/invoke/ConstantBootstraps
Event: 4.456 Loading class java/lang/invoke/ConstantBootstraps done
Event: 4.467 Loading class java/nio/channels/spi/AbstractSelector$1
Event: 4.467 Loading class java/nio/channels/spi/AbstractSelector$1 done
Event: 4.505 Loading class java/util/concurrent/Executors$AutoShutdownDelegatedExecutorService
Event: 4.505 Loading class java/util/concurrent/Executors$AutoShutdownDelegatedExecutorService done
Event: 17.377 Loading class java/util/ArrayList$ListItr
Event: 17.377 Loading class java/util/ArrayList$ListItr done
Event: 19.231 Loading class java/lang/invoke/MethodHandle$1
Event: 19.232 Loading class java/lang/invoke/MethodHandle$1 done

Classes unloaded (0 events):
No events

Classes redefined (0 events):
No events

Internal exceptions (20 events):
Event: 1.613 Thread 0x000001a99c1d3db0 Exception <a 'java/lang/NoSuchMethodError'{0x00000000ff6d4318}: 'java.lang.Object java.lang.invoke.DirectMethodHandle$Holder.invokeVirtual(java.lang.Object, java.lang.Object, java.lang.Object, java.lang.Object, java.lang.Object, java.lang.Object)'> (0x00000000ff6d4318) 
thrown [s\src\hotspot\share\interpreter\linkResolver.cpp, line 773]
Event: 1.617 Thread 0x000001a99c1d3db0 Exception <a 'java/lang/NoSuchMethodError'{0x00000000ff503d50}: 'java.lang.Object java.lang.invoke.DirectMethodHandle$Holder.invokeVirtual(java.lang.Object, java.lang.Object, java.lang.Object, java.lang.Object)'> (0x00000000ff503d50) 
thrown [s\src\hotspot\share\interpreter\linkResolver.cpp, line 773]
Event: 1.620 Thread 0x000001a99c1d3db0 Exception <a 'java/lang/NoSuchMethodError'{0x00000000ff51aa00}: 'java.lang.Object java.lang.invoke.DirectMethodHandle$Holder.invokeVirtual(java.lang.Object, java.lang.Object, java.lang.Object, java.lang.Object, java.lang.Object, java.lang.Object, java.lang.Object)'> (0x00000000ff51aa00) 
thrown [s\src\hotspot\share\interpreter\linkResolver.cpp, line 773]
Event: 1.688 Thread 0x000001a99c1d3db0 Exception <a 'java/lang/NoSuchMethodError'{0x00000000ff388768}: 'void java.lang.invoke.DirectMethodHandle$Holder.invokeStatic(java.lang.Object, java.lang.Object, java.lang.Object)'> (0x00000000ff388768) 
thrown [s\src\hotspot\share\interpreter\linkResolver.cpp, line 773]
Event: 1.706 Thread 0x000001a99c1d3db0 Exception <a 'java/lang/NoSuchMethodError'{0x00000000ff2ed520}: 'java.lang.Object java.lang.invoke.DirectMethodHandle$Holder.invokeVirtual(java.lang.Object, java.lang.Object, java.lang.Object, java.lang.Object, java.lang.Object)'> (0x00000000ff2ed520) 
thrown [s\src\hotspot\share\interpreter\linkResolver.cpp, line 773]
Event: 1.708 Thread 0x000001a99c1d3db0 Exception <a 'java/lang/NoSuchMethodError'{0x00000000ff1005c8}: 'java.lang.Object java.lang.invoke.Invokers$Holder.invokeExact_MT(java.lang.Object, java.lang.Object, java.lang.Object, java.lang.Object, java.lang.Object, java.lang.Object)'> (0x00000000ff1005c8) 
thrown [s\src\hotspot\share\interpreter\linkResolver.cpp, line 773]
Event: 1.726 Thread 0x000001a99c1d3db0 Exception <a 'java/lang/NoSuchMethodError'{0x00000000ff1fe180}: 'java.lang.Object java.lang.invoke.DirectMethodHandle$Holder.newInvokeSpecial(java.lang.Object, java.lang.Object, java.lang.Object, java.lang.Object, java.lang.Object, java.lang.Object, java.lang.Object, java.lang.Object)'> (0x00000000ff1fe180) 
thrown [s\src\hotspot\share\interpreter\linkResolver.cpp, line 773]
Event: 1.745 Thread 0x000001a99c1d3db0 Exception <a 'java/lang/NoSuchMethodError'{0x00000000fef3eac8}: 'java.lang.Object java.lang.invoke.DirectMethodHandle$Holder.invokeVirtual(java.lang.Object, java.lang.Object, java.lang.Object, java.lang.Object, java.lang.Object, java.lang.Object, java.lang.Object, java.lang.Object, java.lang.Object)'> (0x00000000fef3eac8) 
thrown [s\src\hotspot\share\interpreter\linkResolver.cpp, line 773]
Event: 1.782 Thread 0x000001a99c1d3db0 Exception <a 'java/lang/NoSuchMethodError'{0x00000000fed66ab0}: 'java.lang.Object java.lang.invoke.DirectMethodHandle$Holder.invokeVirtual(java.lang.Object, java.lang.Object, java.lang.Object, java.lang.Object, java.lang.Object, java.lang.Object, java.lang.Object, java.lang.Object)'> (0x00000000fed66ab0) 
thrown [s\src\hotspot\share\interpreter\linkResolver.cpp, line 773]
Event: 1.794 Thread 0x000001a99c1d3db0 Exception <a 'java/lang/NoSuchMethodError'{0x00000000fedef028}: 'java.lang.Object java.lang.invoke.DirectMethodHandle$Holder.invokeStaticInit(java.lang.Object, int, int, int, int)'> (0x00000000fedef028) 
thrown [s\src\hotspot\share\interpreter\linkResolver.cpp, line 773]
Event: 1.830 Thread 0x000001a99c1d3db0 Exception <a 'java/lang/NoSuchMethodError'{0x00000000fec67270}: 'java.lang.Object java.lang.invoke.DirectMethodHandle$Holder.invokeStaticInit(java.lang.Object, java.lang.Object, int, int, int, int)'> (0x00000000fec67270) 
thrown [s\src\hotspot\share\interpreter\linkResolver.cpp, line 773]
Event: 1.850 Thread 0x000001a99c1d3db0 Implicit null exception at 0x000001a9ae750c24 to 0x000001a9ae7512c4
Event: 1.853 Thread 0x000001a99c1d3db0 Implicit null exception at 0x000001a9ae75f620 to 0x000001a9ae75fcbc
Event: 1.903 Thread 0x000001a99c1d3db0 Exception <a 'java/lang/NoSuchMethodError'{0x00000000feae5b48}: 'java.lang.Object java.lang.invoke.DirectMethodHandle$Holder.invokeStaticInit(java.lang.Object, int)'> (0x00000000feae5b48) 
thrown [s\src\hotspot\share\interpreter\linkResolver.cpp, line 773]
Event: 1.910 Thread 0x000001a99c1d3db0 Exception <a 'java/lang/NoSuchMethodError'{0x00000000fe931410}: 'void java.lang.invoke.DirectMethodHandle$Holder.invokeInterface(java.lang.Object, java.lang.Object, java.lang.Object)'> (0x00000000fe931410) 
thrown [s\src\hotspot\share\interpreter\linkResolver.cpp, line 773]
Event: 1.956 Thread 0x000001a9b8a4aae0 Exception <a 'java/lang/NoSuchMethodError'{0x00000000fe5df7d8}: 'void java.lang.invoke.DirectMethodHandle$Holder.invokeStatic(java.lang.Object, long)'> (0x00000000fe5df7d8) 
thrown [s\src\hotspot\share\interpreter\linkResolver.cpp, line 773]
Event: 1.957 Thread 0x000001a9b8a4aae0 Exception <a 'java/lang/NoSuchMethodError'{0x00000000fe5e4878}: 'java.lang.Object java.lang.invoke.DirectMethodHandle$Holder.newInvokeSpecial(java.lang.Object, long)'> (0x00000000fe5e4878) 
thrown [s\src\hotspot\share\interpreter\linkResolver.cpp, line 773]
Event: 1.959 Thread 0x000001a9b8a4aae0 Exception <a 'java/lang/NoSuchMethodError'{0x00000000fe5eb570}: 'java.lang.Object java.lang.invoke.DirectMethodHandle$Holder.invokeStatic(java.lang.Object, long, java.lang.Object)'> (0x00000000fe5eb570) 
thrown [s\src\hotspot\share\interpreter\linkResolver.cpp, line 773]
Event: 1.959 Thread 0x000001a9b8a4aae0 Exception <a 'java/lang/NoSuchMethodError'{0x00000000fe5eec08}: 'java.lang.Object java.lang.invoke.DirectMethodHandle$Holder.invokeStaticInit(java.lang.Object, long, java.lang.Object)'> (0x00000000fe5eec08) 
thrown [s\src\hotspot\share\interpreter\linkResolver.cpp, line 773]
Event: 26.069 Thread 0x000001a9b8a490a0 Implicit null exception at 0x000001a9ae7cf260 to 0x000001a9ae7cf2d4

ZGC Phase Switch (0 events):
No events

VM Operations (20 events):
Event: 111.442 Executing safepoint VM operation: Cleanup
Event: 111.442 Executing safepoint VM operation: Cleanup done
Event: 119.485 Executing safepoint VM operation: Cleanup
Event: 119.485 Executing safepoint VM operation: Cleanup done
Event: 141.680 Executing safepoint VM operation: Cleanup
Event: 141.684 Executing safepoint VM operation: Cleanup done
Event: 142.696 Executing safepoint VM operation: Cleanup
Event: 142.696 Executing safepoint VM operation: Cleanup done
Event: 143.697 Executing safepoint VM operation: Cleanup
Event: 143.697 Executing safepoint VM operation: Cleanup done
Event: 153.788 Executing safepoint VM operation: Cleanup
Event: 153.871 Executing safepoint VM operation: Cleanup done
Event: 154.885 Executing safepoint VM operation: Cleanup
Event: 154.934 Executing safepoint VM operation: Cleanup done
Event: 159.966 Executing safepoint VM operation: Cleanup
Event: 159.966 Executing safepoint VM operation: Cleanup done
Event: 161.996 Executing safepoint VM operation: Cleanup
Event: 161.997 Executing safepoint VM operation: Cleanup done
Event: 182.151 Executing safepoint VM operation: Cleanup
Event: 182.151 Executing safepoint VM operation: Cleanup done

Memory protections (0 events):
No events

Nmethod flushes (0 events):
No events

Events (20 events):
Event: 0.038 Thread 0x000001a99c1d3db0 Thread added: 0x000001a9b8a2eb90
Event: 0.038 Thread 0x000001a99c1d3db0 Thread added: 0x000001a9b8a362c0
Event: 0.038 Thread 0x000001a99c1d3db0 Thread added: 0x000001a9b8a36f80
Event: 0.039 Thread 0x000001a99c1d3db0 Thread added: 0x000001a9b8a3ab30
Event: 0.039 Thread 0x000001a99c1d3db0 Thread added: 0x000001a9b8a4a450
Event: 0.039 Thread 0x000001a99c1d3db0 Thread added: 0x000001a9b8a4f3a0
Event: 0.039 Thread 0x000001a99c1d3db0 Thread added: 0x000001a9b8a52f50
Event: 0.050 Thread 0x000001a99c1d3db0 Thread added: 0x000001a9b8a48380
Event: 0.051 Thread 0x000001a99c1d3db0 Thread added: 0x000001a9b8a48a10
Event: 1.007 Thread 0x000001a9b8a52f50 Thread added: 0x000001a9b8e06a20
Event: 1.532 Thread 0x000001a99c1d3db0 Thread added: 0x000001a9b8a47cf0
Event: 1.536 Thread 0x000001a9b8a47cf0 Thread exited: 0x000001a9b8a47cf0
Event: 1.560 Thread 0x000001a99c1d3db0 Thread added: 0x000001a9b8a490a0
Event: 1.939 Thread 0x000001a99c1d3db0 Thread added: 0x000001a9b8a4aae0
Event: 1.965 Thread 0x000001a9b8a4aae0 Thread added: 0x000001a9b8a49dc0
Event: 1.965 Thread 0x000001a9b8a49dc0 Thread exited: 0x000001a9b8a49dc0
Event: 1.966 Thread 0x000001a9b8a4aae0 Thread added: 0x000001a9b8a49730
Event: 2.174 Thread 0x000001a9b8e06a20 Thread exited: 0x000001a9b8e06a20
Event: 4.357 Thread 0x000001a9b8a4aae0 Thread exited: 0x000001a9b8a4aae0
Event: 4.357 Thread 0x000001a9b8a49730 Thread exited: 0x000001a9b8a49730


Dynamic libraries:
0x00007ff61d710000 - 0x00007ff61d71e000 	C:\Program Files\Eclipse Adoptium\jdk-21.0.12.8-hotspot\bin\java.exe
0x00007ffb0d380000 - 0x00007ffb0d5e6000 	C:\WINDOWS\SYSTEM32\ntdll.dll
0x00007ffb0c3f0000 - 0x00007ffb0c4b9000 	C:\WINDOWS\System32\KERNEL32.DLL
0x00007ffb0a630000 - 0x00007ffb0aa2e000 	C:\WINDOWS\System32\KERNELBASE.dll
0x00007ffb0ad10000 - 0x00007ffb0ae5c000 	C:\WINDOWS\System32\ucrtbase.dll
0x00007ffb03690000 - 0x00007ffb036a8000 	C:\Program Files\Eclipse Adoptium\jdk-21.0.12.8-hotspot\bin\jli.dll
0x00007ffb02b50000 - 0x00007ffb02b6e000 	C:\Program Files\Eclipse Adoptium\jdk-21.0.12.8-hotspot\bin\VCRUNTIME140.dll
0x00007ffb0ceb0000 - 0x00007ffb0d077000 	C:\WINDOWS\System32\USER32.dll
0x00007ffaebfa0000 - 0x00007ffaec232000 	C:\WINDOWS\WinSxS\amd64_microsoft.windows.common-controls_6595b64144ccf1df_6.0.26100.8875_none_3e0d5d42e32fe9dd\COMCTL32.dll
0x00007ffb0ac30000 - 0x00007ffb0ac57000 	C:\WINDOWS\System32\win32u.dll
0x00007ffb0c0a0000 - 0x00007ffb0c149000 	C:\WINDOWS\System32\msvcrt.dll
0x00007ffb0ba30000 - 0x00007ffb0ba5b000 	C:\WINDOWS\System32\GDI32.dll
0x00007ffb0ab00000 - 0x00007ffb0ac2a000 	C:\WINDOWS\System32\gdi32full.dll
0x00007ffb0ac60000 - 0x00007ffb0ad03000 	C:\WINDOWS\System32\msvcp_win.dll
0x00007ffb0c4f0000 - 0x00007ffb0c522000 	C:\WINDOWS\System32\IMM32.DLL
0x00007ffb03950000 - 0x00007ffb0395c000 	C:\Program Files\Eclipse Adoptium\jdk-21.0.12.8-hotspot\bin\vcruntime140_1.dll
0x00007ffa9a050000 - 0x00007ffa9a0dd000 	C:\Program Files\Eclipse Adoptium\jdk-21.0.12.8-hotspot\bin\msvcp140.dll
0x00007ffa5c3d0000 - 0x00007ffa5d172000 	C:\Program Files\Eclipse Adoptium\jdk-21.0.12.8-hotspot\bin\server\jvm.dll
0x00007ffb0b900000 - 0x00007ffb0b9b7000 	C:\WINDOWS\System32\ADVAPI32.dll
0x00007ffb0c8c0000 - 0x00007ffb0c96a000 	C:\WINDOWS\System32\sechost.dll
0x00007ffb0c150000 - 0x00007ffb0c268000 	C:\WINDOWS\System32\RPCRT4.dll
0x00007ffb0bf50000 - 0x00007ffb0bfd0000 	C:\WINDOWS\System32\WS2_32.dll
0x00007ffb0a400000 - 0x00007ffb0a45e000 	C:\WINDOWS\SYSTEM32\POWRPROF.dll
0x00007ffaf2f20000 - 0x00007ffaf2f56000 	C:\WINDOWS\SYSTEM32\WINMM.dll
0x00007ffb02f80000 - 0x00007ffb02f8b000 	C:\WINDOWS\SYSTEM32\VERSION.dll
0x00007ffb0a3e0000 - 0x00007ffb0a3f4000 	C:\WINDOWS\SYSTEM32\UMPDC.dll
0x00007ffb09280000 - 0x00007ffb0929b000 	C:\WINDOWS\SYSTEM32\kernel.appcore.dll
0x00007ffb038d0000 - 0x00007ffb038da000 	C:\Program Files\Eclipse Adoptium\jdk-21.0.12.8-hotspot\bin\jimage.dll
0x00007ffb07d40000 - 0x00007ffb07f82000 	C:\WINDOWS\SYSTEM32\DBGHELP.DLL
0x00007ffb0c530000 - 0x00007ffb0c8b3000 	C:\WINDOWS\System32\combase.dll
0x00007ffb0c310000 - 0x00007ffb0c3e9000 	C:\WINDOWS\System32\OLEAUT32.dll
0x00007ffaf1b50000 - 0x00007ffaf1b8b000 	C:\WINDOWS\SYSTEM32\dbgcore.DLL
0x00007ffb0ae70000 - 0x00007ffb0af1c000 	C:\WINDOWS\System32\bcryptPrimitives.dll
0x00007ffaf8b00000 - 0x00007ffaf8b20000 	C:\Program Files\Eclipse Adoptium\jdk-21.0.12.8-hotspot\bin\java.dll
0x00007ffb0b140000 - 0x00007ffb0b8d2000 	C:\WINDOWS\System32\SHELL32.dll
0x00007ffb08080000 - 0x00007ffb08912000 	C:\WINDOWS\SYSTEM32\windows.storage.dll
0x00007ffb0d240000 - 0x00007ffb0d337000 	C:\WINDOWS\System32\SHCORE.dll
0x00007ffb0b9c0000 - 0x00007ffb0ba27000 	C:\WINDOWS\System32\shlwapi.dll
0x00007ffb0a4c0000 - 0x00007ffb0a4e9000 	C:\WINDOWS\SYSTEM32\profapi.dll
0x00007ffa99f70000 - 0x00007ffa9a047000 	C:\Program Files\Eclipse Adoptium\jdk-21.0.12.8-hotspot\bin\jsvml.dll
0x00007ffb03660000 - 0x00007ffb03670000 	C:\Program Files\Eclipse Adoptium\jdk-21.0.12.8-hotspot\bin\net.dll
0x00007ffb00840000 - 0x00007ffb00967000 	C:\WINDOWS\SYSTEM32\WINHTTP.dll
0x00007ffb09830000 - 0x00007ffb0989c000 	C:\WINDOWS\system32\mswsock.dll
0x00007ffaf8ae0000 - 0x00007ffaf8af6000 	C:\Program Files\Eclipse Adoptium\jdk-21.0.12.8-hotspot\bin\nio.dll
0x00007ffaf89d0000 - 0x00007ffaf89e8000 	C:\Program Files\Eclipse Adoptium\jdk-21.0.12.8-hotspot\bin\zip.dll
0x00007ffb01e00000 - 0x00007ffb01e0a000 	C:\Program Files\Eclipse Adoptium\jdk-21.0.12.8-hotspot\bin\management.dll
0x00007ffb01db0000 - 0x00007ffb01dbc000 	C:\Program Files\Eclipse Adoptium\jdk-21.0.12.8-hotspot\bin\management_ext.dll
0x00007ffb0cb10000 - 0x00007ffb0cb18000 	C:\WINDOWS\System32\PSAPI.DLL
0x00007ffaf23a0000 - 0x00007ffaf23c7000 	C:\Users\YUSHAN\.gradle\native\660c5614fbf4a5f2a75b1949f50a0caf5cd603558e7d8a26e50b933a0cfb79d1\windows-amd64\native-platform.dll
0x00007ffaf8920000 - 0x00007ffaf8944000 	C:\Users\YUSHAN\.gradle\native\jansi\2.4.2\Windows\x86_64\jansi.dll
0x00007ffaf89c0000 - 0x00007ffaf89d0000 	C:\Program Files\Eclipse Adoptium\jdk-21.0.12.8-hotspot\bin\verify.dll
0x00007ffb08c50000 - 0x00007ffb08c83000 	C:\WINDOWS\SYSTEM32\IPHLPAPI.DLL
0x00007ffb0cda0000 - 0x00007ffb0cdaa000 	C:\WINDOWS\System32\NSI.dll
0x00007ffaf89b0000 - 0x00007ffaf89b9000 	C:\Program Files\Eclipse Adoptium\jdk-21.0.12.8-hotspot\bin\extnet.dll
0x00007ffb09b30000 - 0x00007ffb09b4b000 	C:\WINDOWS\SYSTEM32\CRYPTSP.dll
0x00007ffb091e0000 - 0x00007ffb09219000 	C:\WINDOWS\system32\rsaenh.dll
0x00007ffb098f0000 - 0x00007ffb09922000 	C:\WINDOWS\SYSTEM32\USERENV.dll
0x00007ffb0a490000 - 0x00007ffb0a4ba000 	C:\WINDOWS\SYSTEM32\bcrypt.dll
0x00007ffb09b50000 - 0x00007ffb09b5c000 	C:\WINDOWS\SYSTEM32\CRYPTBASE.dll
0x00007ffaf2270000 - 0x00007ffaf227e000 	C:\Program Files\Eclipse Adoptium\jdk-21.0.12.8-hotspot\bin\sunmscapi.dll
0x00007ffb0af30000 - 0x00007ffb0b0a8000 	C:\WINDOWS\System32\CRYPT32.dll
0x00007ffb09d70000 - 0x00007ffb09da0000 	C:\WINDOWS\SYSTEM32\ncrypt.dll
0x00007ffb09d20000 - 0x00007ffb09d5f000 	C:\WINDOWS\SYSTEM32\NTASN1.dll
0x00007ffad7720000 - 0x00007ffad7728000 	C:\WINDOWS\system32\wshunix.dll

JVMTI agents: none

dbghelp: loaded successfully - version: 4.0.5 - missing functions: none
symbol engine: initialized successfully - sym options: 0x614 - pdb path: .;C:\Program Files\Eclipse Adoptium\jdk-21.0.12.8-hotspot\bin;C:\WINDOWS\SYSTEM32;C:\WINDOWS\WinSxS\amd64_microsoft.windows.common-controls_6595b64144ccf1df_6.0.26100.8875_none_3e0d5d42e32fe9dd;C:\Program Files\Eclipse Adoptium\jdk-21.0.12.8-hotspot\bin\server;C:\Users\YUSHAN\.gradle\native\660c5614fbf4a5f2a75b1949f50a0caf5cd603558e7d8a26e50b933a0cfb79d1\windows-amd64;C:\Users\YUSHAN\.gradle\native\jansi\2.4.2\Windows\x86_64

VM Arguments:
jvm_args: -Xmx64m -Xms64m -Dorg.gradle.appname=gradlew 
java_command: C:\dong\ai-products-selection\backend\ai-products-selection-backend\\gradle\wrapper\gradle-wrapper.jar bootRun
java_class_path (initial): C:\dong\ai-products-selection\backend\ai-products-selection-backend\\gradle\wrapper\gradle-wrapper.jar
Launcher Type: SUN_STANDARD

[Global flags]
     intx CICompilerCount                          = 4                                         {product} {ergonomic}
     uint ConcGCThreads                            = 2                                         {product} {ergonomic}
     uint G1ConcRefinementThreads                  = 8                                         {product} {ergonomic}
   size_t G1HeapRegionSize                         = 1048576                                   {product} {ergonomic}
    uintx GCDrainStackTargetSize                   = 64                                        {product} {ergonomic}
   size_t InitialHeapSize                          = 67108864                                  {product} {command line}
   size_t MarkStackSize                            = 4194304                                   {product} {ergonomic}
   size_t MaxHeapSize                              = 67108864                                  {product} {command line}
   size_t MaxNewSize                               = 39845888                                  {product} {ergonomic}
   size_t MinHeapDeltaBytes                        = 1048576                                   {product} {ergonomic}
   size_t MinHeapSize                              = 67108864                                  {product} {command line}
    uintx NonNMethodCodeHeapSize                   = 5839372                                {pd product} {ergonomic}
    uintx NonProfiledCodeHeapSize                  = 122909434                              {pd product} {ergonomic}
    uintx ProfiledCodeHeapSize                     = 122909434                              {pd product} {ergonomic}
    uintx ReservedCodeCacheSize                    = 251658240                              {pd product} {ergonomic}
     bool SegmentedCodeCache                       = true                                      {product} {ergonomic}
   size_t SoftMaxHeapSize                          = 67108864                               {manageable} {ergonomic}
     bool UseCompressedOops                        = true                           {product lp64_product} {ergonomic}
     bool UseG1GC                                  = true                                      {product} {ergonomic}
     bool UseLargePagesIndividualAllocation        = false                                  {pd product} {ergonomic}

Logging:
Log output configuration:
 #0: stdout all=warning uptime,level,tags foldmultilines=false
 #1: stderr all=off uptime,level,tags foldmultilines=false

Release file:
IMPLEMENTOR="Eclipse Adoptium" 
IMPLEMENTOR_VERSION="Temurin-21.0.12+8" 
JAVA_RUNTIME_VERSION="21.0.12+8-LTS" 
JAVA_VERSION="21.0.12" 
JAVA_VERSION_DATE="2026-07-21" 
LIBC="default" 
MODULES="java.base java.compiler java.datatransfer java.xml java.prefs java.desktop java.instrument java.logging java.management java.security.sasl java.naming java.rmi java.management.rmi java.net.http java.scripting java.security.jgss java.transaction.xa java.sql java.sql.rowset java.xml.crypto java.se java.smartcardio jdk.accessibility jdk.internal.jvmstat jdk.attach jdk.charsets jdk.internal.opt jdk.zipfs jdk.compiler jdk.crypto.ec jdk.crypto.cryptoki jdk.crypto.mscapi jdk.dynalink jdk.internal.ed jdk.editpad jdk.hotspot.agent jdk.httpserver jdk.incubator.vector jdk.internal.le jdk.internal.vm.ci jdk.internal.vm.compiler jdk.internal.vm.compiler.management jdk.jartool jdk.javadoc jdk.jcmd jdk.management jdk.management.agent jdk.jconsole jdk.jdeps jdk.jdwp.agent jdk.jdi jdk.jfr jdk.jlink jdk.jpackage jdk.jshell jdk.jsobject jdk.jstatd jdk.localedata jdk.management.jfr jdk.naming.dns jdk.naming.rmi jdk.net jdk.nio.mapmode jdk.random jdk.sctp jdk.security.auth jdk.security.jgss jdk.unsupported jdk.unsupported.desktop jdk.xml.dom" 
OS_ARCH="x86_64" 
OS_NAME="Windows" 
SOURCE=".:git:04806bcb1d50" 
BUILD_SOURCE="git:e6ba7dec3d07654074559310376a3ae89da5f4ac"
BUILD_SOURCE_REPO="https://github.com/adoptium/temurin-build.git"
SOURCE_REPO="https://github.com/adoptium/jdk21u.git"
FULL_VERSION="21.0.12+8-LTS"
SEMANTIC_VERSION="21.0.12+8"
BUILD_INFO="OS: Windows Server 2022 Version: 10.0"
JVM_VARIANT="Hotspot"
JVM_VERSION="21.0.12+8-LTS"
IMAGE_TYPE="JDK"

Environment Variables:
PATH=C:\Program Files\Eclipse Adoptium\jdk-21.0.12.8-hotspot\bin;C:\Program Files\OpenLogic\jdk-17.0.17.10-hotspot\bin;C:\Users\YUSHAN\Desktop\ªF\bin;;:\Program Files (x86)\Common Files\Oracle\Java\javapath;C:\windows\system32;C:\windows;C:\windows\System32\Wbem;C:\windows\System32\WindowsPowerShell\v1.0\;C:\windows\System32\OpenSSH\;C:\Program Files (x86)\NVIDIA Corporation\PhysX\Common;C:\Program Files\NVIDIA Corporation\NVIDIA NvDLISR;C:\WINDOWS\system32;C:\WINDOWS;C:\WINDOWS\System32\Wbem;C:\WINDOWS\System32\WindowsPowerShell\v1.0\;C:\WINDOWS\System32\OpenSSH\;C:\WINDOWS\system32;C:\WINDOWS;C:\WINDOWS\System32\Wbem;C:\WINDOWS\System32\WindowsPowerShell\v1.0\;C:\WINDOWS\System32\OpenSSH\;%NVM_HOME%;%NVM_SYMLINK%;C:\Users\YUSHAN\Desktop\dong\;C:\dong\Git\cmd;C:\Program Files\MySQL\MySQL Shell 8.0\bin\;C:\Users\YUSHAN\AppData\Local\Microsoft\WindowsApps;C:\Users\YUSHAN\Desktop\dong\nvm;C:\nvm4w\nodejs;C:\Users\YUSHAN\AppData\Roaming\npm;C:\Users\YUSHAN\AppData\Local\Programs\Microsoft VS Code\bin;C:\Users\YUSHAN\AppData\Local\GitHubDesktop\bin;c:\Users\YUSHAN\.vscode\extensions\vscjava.vscode-java-debug-0.59.0\bundled\scripts\noConfigScripts
USERNAME=YUSHAN
LANG=zh_TW.UTF-8
OS=Windows_NT
PROCESSOR_IDENTIFIER=Intel64 Family 6 Model 142 Stepping 12, GenuineIntel
TMP=C:\Users\YUSHAN\AppData\Local\Temp
TEMP=C:\Users\YUSHAN\AppData\Local\Temp




Periodic native trim disabled

---------------  S Y S T E M  ---------------

OS:
 Windows 11 , 64 bit Build 26100 (10.0.26100.8875)
OS uptime: 3 days 2:35 hours

CPU: total 8 (initial active 8) (4 cores per cpu, 2 threads per core) family 6 model 142 stepping 12 microcode 0xde, cx8, cmov, fxsr, ht, mmx, 3dnowpref, sse, sse2, sse3, ssse3, sse4.1, sse4.2, popcnt, lzcnt, tsc, tscinvbit, avx, avx2, aes, erms, clmul, bmi1, bmi2, adx, fma, vzeroupper, clflush, clflushopt, rdtscp, f16c
Processor Information for the first 8 processors :
  Max Mhz: 1800, Current Mhz: 1600, Mhz Limit: 1584

Memory: 4k page, system-wide physical 3982M (385M free)
TotalPageFile size 16270M (AvailPageFile size 0M)
current process WorkingSet (physical memory assigned to process): 15M, peak: 104M
current process commit charge ("private bytes"): 171M, peak: 179M

vm_info: OpenJDK 64-Bit Server VM (21.0.12+8-LTS) for windows-amd64 JRE (21.0.12+8-LTS), built on 2026-07-21T00:00:00Z by "admin" with MS VC++ 17.12 (VS2022)

END.
